2026-04-13 17:07:34 [INFO] __main__: Run folder : D:/Uni Material/Code_Odyssey/Code/DQN/260407/results/benchmark_2522_2023-01-13_20260413_163421/pomo_ffcg\20260413_170734_2522_2023-01-13_pomo_ffcg
2026-04-13 17:07:34 [INFO] __main__: Config     : D:\Uni Material\Code_Odyssey\Code\DQN\260407\results\benchmark_2522_2023-01-13_20260413_163421\config_pomo_ffcg.yaml
2026-04-13 17:07:35 [INFO] __main__: Geometry file detected: D:\Uni Material\Code_Odyssey\Code\DQN\260407\data\distmatrix_2522\geometry_2522.json
2026-04-13 17:07:35 [INFO] __main__: Problem loaded: 32 customers, 6 vehicle types
2026-04-13 17:07:35 [INFO] __main__: Greedy warm-start: 20 initial routes.
2026-04-13 17:07:35 [INFO] __main__: Loaded pretrained model from D:\Uni Material\Code_Odyssey\Code\DQN\260407\results\benchmark_2522_2023-01-13_20260413_163421\pomo_model_epoch_120_state_dict.pt
2026-04-13 17:07:35 [INFO] src.branch_and_bound: 
=== B&B node 0  depth=0  LB=-inf  UB=inf ===
2026-04-13 17:07:35 [INFO] src.master_problem: RMP LP solved — obj=1384.3154, active_cols=4
2026-04-13 17:07:35 [INFO] src.branch_and_bound: CG iter 0: obj=1384.3154  cols=20
2026-04-13 17:07:35 [INFO] src.branch_and_bound:   +3 new columns
2026-04-13 17:07:35 [INFO] src.master_problem: RMP LP solved — obj=1384.3154, active_cols=4
2026-04-13 17:07:35 [INFO] src.branch_and_bound: CG iter 1: obj=1384.3154  cols=23
2026-04-13 17:07:36 [INFO] src.branch_and_bound:   +4 new columns
2026-04-13 17:07:36 [INFO] src.master_problem: RMP LP solved — obj=1384.3154, active_cols=4
2026-04-13 17:07:36 [INFO] src.branch_and_bound: CG iter 2: obj=1384.3154  cols=27
2026-04-13 17:07:37 [INFO] src.branch_and_bound:   +3 new columns
2026-04-13 17:07:37 [INFO] src.master_problem: RMP LP solved — obj=1384.3154, active_cols=4
2026-04-13 17:07:37 [INFO] src.branch_and_bound: CG iter 3: obj=1384.3154  cols=30
2026-04-13 17:07:37 [INFO] src.branch_and_bound:   +4 new columns
2026-04-13 17:07:37 [INFO] src.master_problem: RMP LP solved — obj=1384.3154, active_cols=4
2026-04-13 17:07:37 [INFO] src.branch_and_bound: CG iter 4: obj=1384.3154  cols=34
2026-04-13 17:07:38 [INFO] src.branch_and_bound:   +3 new columns
2026-04-13 17:07:38 [INFO] src.master_problem: RMP LP solved — obj=1384.3154, active_cols=4
2026-04-13 17:07:38 [INFO] src.branch_and_bound: CG iter 5: obj=1384.3154  cols=37
2026-04-13 17:07:39 [INFO] src.branch_and_bound:   +4 new columns
2026-04-13 17:07:39 [INFO] src.master_problem: RMP LP solved — obj=1384.3154, active_cols=4
2026-04-13 17:07:39 [INFO] src.branch_and_bound: CG iter 6: obj=1384.3154  cols=41
2026-04-13 17:07:39 [INFO] src.branch_and_bound:   +2 new columns
2026-04-13 17:07:39 [INFO] src.master_problem: RMP LP solved — obj=1384.3154, active_cols=4
2026-04-13 17:07:39 [INFO] src.branch_and_bound: CG iter 7: obj=1384.3154  cols=43
2026-04-13 17:07:40 [INFO] src.branch_and_bound:   +5 new columns
2026-04-13 17:07:40 [INFO] src.master_problem: RMP LP solved — obj=1384.3154, active_cols=4
2026-04-13 17:07:40 [INFO] src.branch_and_bound: CG iter 8: obj=1384.3154  cols=48
2026-04-13 17:07:41 [INFO] src.branch_and_bound:   +3 new columns
2026-04-13 17:07:41 [INFO] src.master_problem: RMP LP solved — obj=1384.3154, active_cols=4
2026-04-13 17:07:41 [INFO] src.branch_and_bound: CG iter 9: obj=1384.3154  cols=51
2026-04-13 17:07:41 [INFO] src.branch_and_bound:   +4 new columns
2026-04-13 17:07:41 [INFO] src.master_problem: RMP LP solved — obj=1384.3154, active_cols=4
2026-04-13 17:07:41 [INFO] src.branch_and_bound: CG iter 10: obj=1384.3154  cols=55
2026-04-13 17:07:42 [INFO] src.branch_and_bound:   +5 new columns
2026-04-13 17:07:42 [INFO] src.master_problem: RMP LP solved — obj=1384.3154, active_cols=4
2026-04-13 17:07:42 [INFO] src.branch_and_bound: CG iter 11: obj=1384.3154  cols=60
2026-04-13 17:07:43 [INFO] src.branch_and_bound:   +4 new columns
2026-04-13 17:07:43 [INFO] src.master_problem: RMP LP solved — obj=1384.3154, active_cols=4
2026-04-13 17:07:43 [INFO] src.branch_and_bound: CG iter 12: obj=1384.3154  cols=64
2026-04-13 17:07:43 [INFO] src.branch_and_bound:   +5 new columns
2026-04-13 17:07:43 [INFO] src.master_problem: RMP LP solved — obj=1384.3154, active_cols=4
2026-04-13 17:07:43 [INFO] src.branch_and_bound: CG iter 13: obj=1384.3154  cols=69
2026-04-13 17:07:44 [INFO] src.branch_and_bound:   +5 new columns
2026-04-13 17:07:44 [INFO] src.master_problem: RMP LP solved — obj=1384.3154, active_cols=4
2026-04-13 17:07:44 [INFO] src.branch_and_bound: CG iter 14: obj=1384.3154  cols=74
2026-04-13 17:07:45 [INFO] src.branch_and_bound:   +3 new columns
2026-04-13 17:07:45 [INFO] src.master_problem: RMP LP solved — obj=1384.3154, active_cols=4
2026-04-13 17:07:45 [INFO] src.branch_and_bound: CG iter 15: obj=1384.3154  cols=77
2026-04-13 17:07:45 [INFO] src.branch_and_bound:   +4 new columns
2026-04-13 17:07:45 [INFO] src.master_problem: RMP LP solved — obj=1384.3154, active_cols=4
2026-04-13 17:07:45 [INFO] src.branch_and_bound: CG iter 16: obj=1384.3154  cols=81
2026-04-13 17:07:46 [INFO] src.branch_and_bound:   +4 new columns
2026-04-13 17:07:46 [INFO] src.master_problem: RMP LP solved — obj=1384.3154, active_cols=4
2026-04-13 17:07:46 [INFO] src.branch_and_bound: CG iter 17: obj=1384.3154  cols=85
2026-04-13 17:07:47 [INFO] src.branch_and_bound:   +2 new columns
2026-04-13 17:07:47 [INFO] src.master_problem: RMP LP solved — obj=1384.3154, active_cols=4
2026-04-13 17:07:47 [INFO] src.branch_and_bound: CG iter 18: obj=1384.3154  cols=87
2026-04-13 17:07:47 [INFO] src.branch_and_bound:   +3 new columns
2026-04-13 17:07:47 [INFO] src.master_problem: RMP LP solved — obj=1384.3154, active_cols=4
2026-04-13 17:07:47 [INFO] src.branch_and_bound: CG iter 19: obj=1384.3154  cols=90
2026-04-13 17:07:48 [INFO] src.branch_and_bound:   +5 new columns
2026-04-13 17:07:48 [INFO] src.master_problem: RMP LP solved — obj=1384.3154, active_cols=4
2026-04-13 17:07:48 [INFO] src.branch_and_bound: CG iter 20: obj=1384.3154  cols=95
2026-04-13 17:07:49 [INFO] src.branch_and_bound:   +4 new columns
2026-04-13 17:07:49 [INFO] src.master_problem: RMP LP solved — obj=1384.3154, active_cols=4
2026-04-13 17:07:49 [INFO] src.branch_and_bound: CG iter 21: obj=1384.3154  cols=99
2026-04-13 17:07:49 [INFO] src.branch_and_bound:   +4 new columns
2026-04-13 17:07:50 [INFO] src.master_problem: RMP LP solved — obj=1384.3154, active_cols=4
2026-04-13 17:07:50 [INFO] src.branch_and_bound: CG iter 22: obj=1384.3154  cols=103
2026-04-13 17:07:50 [INFO] src.branch_and_bound:   +4 new columns
2026-04-13 17:07:50 [INFO] src.master_problem: RMP LP solved — obj=1384.3154, active_cols=4
2026-04-13 17:07:50 [INFO] src.branch_and_bound: CG iter 23: obj=1384.3154  cols=107
2026-04-13 17:07:51 [INFO] src.branch_and_bound:   +3 new columns
2026-04-13 17:07:51 [INFO] src.master_problem: RMP LP solved — obj=1384.3154, active_cols=4
2026-04-13 17:07:51 [INFO] src.branch_and_bound: CG iter 24: obj=1384.3154  cols=110
2026-04-13 17:07:52 [INFO] src.branch_and_bound:   +5 new columns
2026-04-13 17:07:52 [INFO] src.master_problem: RMP LP solved — obj=1384.3154, active_cols=4
2026-04-13 17:07:52 [INFO] src.branch_and_bound: CG iter 25: obj=1384.3154  cols=115
2026-04-13 17:07:52 [INFO] src.branch_and_bound:   +5 new columns
2026-04-13 17:07:52 [INFO] src.master_problem: RMP LP solved — obj=1384.3154, active_cols=4
2026-04-13 17:07:52 [INFO] src.branch_and_bound: CG iter 26: obj=1384.3154  cols=120
2026-04-13 17:07:53 [INFO] src.branch_and_bound:   +5 new columns
2026-04-13 17:07:53 [INFO] src.master_problem: RMP LP solved — obj=1384.3154, active_cols=4
2026-04-13 17:07:53 [INFO] src.branch_and_bound: CG iter 27: obj=1384.3154  cols=125
2026-04-13 17:07:54 [INFO] src.branch_and_bound:   +3 new columns
2026-04-13 17:07:54 [INFO] src.master_problem: RMP LP solved — obj=1384.3154, active_cols=4
2026-04-13 17:07:54 [INFO] src.branch_and_bound: CG iter 28: obj=1384.3154  cols=128
2026-04-13 17:07:54 [INFO] src.branch_and_bound:   +4 new columns
2026-04-13 17:07:54 [INFO] src.master_problem: RMP LP solved — obj=1384.3154, active_cols=4
2026-04-13 17:07:55 [INFO] src.branch_and_bound: CG iter 29: obj=1384.3154  cols=132
2026-04-13 17:07:55 [INFO] src.branch_and_bound:   +5 new columns
2026-04-13 17:07:55 [INFO] src.master_problem: RMP LP solved — obj=1384.3154, active_cols=4
2026-04-13 17:07:55 [INFO] src.branch_and_bound: CG iter 30: obj=1384.3154  cols=137
2026-04-13 17:07:56 [INFO] src.branch_and_bound:   +3 new columns
2026-04-13 17:07:56 [INFO] src.master_problem: RMP LP solved — obj=1384.3154, active_cols=4
2026-04-13 17:07:56 [INFO] src.branch_and_bound: CG iter 31: obj=1384.3154  cols=140
2026-04-13 17:07:56 [INFO] src.branch_and_bound:   +5 new columns
2026-04-13 17:07:56 [INFO] src.master_problem: RMP LP solved — obj=1384.3154, active_cols=4
2026-04-13 17:07:57 [INFO] src.branch_and_bound: CG iter 32: obj=1384.3154  cols=145
2026-04-13 17:07:57 [INFO] src.branch_and_bound:   +3 new columns
2026-04-13 17:07:57 [INFO] src.master_problem: RMP LP solved — obj=1384.3154, active_cols=4
2026-04-13 17:07:57 [INFO] src.branch_and_bound: CG iter 33: obj=1384.3154  cols=148
2026-04-13 17:07:58 [INFO] src.branch_and_bound:   +2 new columns
2026-04-13 17:07:58 [INFO] src.master_problem: RMP LP solved — obj=1384.3154, active_cols=4
2026-04-13 17:07:58 [INFO] src.branch_and_bound: CG iter 34: obj=1384.3154  cols=150
2026-04-13 17:07:59 [INFO] src.branch_and_bound:   +5 new columns
2026-04-13 17:07:59 [INFO] src.master_problem: RMP LP solved — obj=1384.3154, active_cols=4
2026-04-13 17:07:59 [INFO] src.branch_and_bound: CG iter 35: obj=1384.3154  cols=155
2026-04-13 17:07:59 [INFO] src.branch_and_bound:   +5 new columns
2026-04-13 17:07:59 [INFO] src.master_problem: RMP LP solved — obj=1384.3154, active_cols=4
2026-04-13 17:07:59 [INFO] src.branch_and_bound: CG iter 36: obj=1384.3154  cols=160
2026-04-13 17:08:00 [INFO] src.branch_and_bound:   +5 new columns
2026-04-13 17:08:00 [INFO] src.master_problem: RMP LP solved — obj=1384.3154, active_cols=4
2026-04-13 17:08:00 [INFO] src.branch_and_bound: CG iter 37: obj=1384.3154  cols=165
2026-04-13 17:08:01 [INFO] src.branch_and_bound:   +5 new columns
2026-04-13 17:08:01 [INFO] src.master_problem: RMP LP solved — obj=1384.3154, active_cols=4
2026-04-13 17:08:01 [INFO] src.branch_and_bound: CG iter 38: obj=1384.3154  cols=170
2026-04-13 17:08:02 [INFO] src.branch_and_bound:   +3 new columns
2026-04-13 17:08:02 [INFO] src.master_problem: RMP LP solved — obj=1384.3154, active_cols=4
2026-04-13 17:08:02 [INFO] src.branch_and_bound: CG iter 39: obj=1384.3154  cols=173
2026-04-13 17:08:02 [INFO] src.branch_and_bound:   +5 new columns
2026-04-13 17:08:02 [INFO] src.master_problem: RMP LP solved — obj=1384.3154, active_cols=4
2026-04-13 17:08:02 [INFO] src.branch_and_bound: CG iter 40: obj=1384.3154  cols=178
2026-04-13 17:08:03 [INFO] src.branch_and_bound:   +3 new columns
2026-04-13 17:08:03 [INFO] src.master_problem: RMP LP solved — obj=1384.3154, active_cols=4
2026-04-13 17:08:03 [INFO] src.branch_and_bound: CG iter 41: obj=1384.3154  cols=181
2026-04-13 17:08:04 [INFO] src.branch_and_bound:   +5 new columns
2026-04-13 17:08:04 [INFO] src.master_problem: RMP LP solved — obj=1384.3154, active_cols=4
2026-04-13 17:08:04 [INFO] src.branch_and_bound: CG iter 42: obj=1384.3154  cols=186
2026-04-13 17:08:04 [INFO] src.branch_and_bound:   +5 new columns
2026-04-13 17:08:04 [INFO] src.master_problem: RMP LP solved — obj=1384.3154, active_cols=4
2026-04-13 17:08:05 [INFO] src.branch_and_bound: CG iter 43: obj=1384.3154  cols=191
2026-04-13 17:08:05 [INFO] src.branch_and_bound:   +5 new columns
2026-04-13 17:08:05 [INFO] src.master_problem: RMP LP solved — obj=1384.3154, active_cols=4
2026-04-13 17:08:05 [INFO] src.branch_and_bound: CG iter 44: obj=1384.3154  cols=196
2026-04-13 17:08:06 [INFO] src.branch_and_bound:   +5 new columns
2026-04-13 17:08:06 [INFO] src.master_problem: RMP LP solved — obj=1384.3154, active_cols=4
2026-04-13 17:08:06 [INFO] src.branch_and_bound: CG iter 45: obj=1384.3154  cols=201
2026-04-13 17:08:07 [INFO] src.branch_and_bound:   +5 new columns
2026-04-13 17:08:07 [INFO] src.master_problem: RMP LP solved — obj=1384.3154, active_cols=4
2026-04-13 17:08:07 [INFO] src.branch_and_bound: CG iter 46: obj=1384.3154  cols=206
2026-04-13 17:08:07 [INFO] src.branch_and_bound:   +5 new columns
2026-04-13 17:08:07 [INFO] src.master_problem: RMP LP solved — obj=1384.3154, active_cols=4
2026-04-13 17:08:07 [INFO] src.branch_and_bound: CG iter 47: obj=1384.3154  cols=211
2026-04-13 17:08:08 [INFO] src.branch_and_bound:   +5 new columns
2026-04-13 17:08:08 [INFO] src.master_problem: RMP LP solved — obj=1384.3154, active_cols=4
2026-04-13 17:08:08 [INFO] src.branch_and_bound: CG iter 48: obj=1384.3154  cols=216
2026-04-13 17:08:09 [INFO] src.branch_and_bound:   +3 new columns
2026-04-13 17:08:09 [INFO] src.master_problem: RMP LP solved — obj=1384.3154, active_cols=4
2026-04-13 17:08:09 [INFO] src.branch_and_bound: CG iter 49: obj=1384.3154  cols=219
2026-04-13 17:08:09 [INFO] src.branch_and_bound:   +4 new columns
2026-04-13 17:08:09 [INFO] src.master_problem: RMP LP solved — obj=1384.3154, active_cols=4
2026-04-13 17:08:09 [INFO] src.branch_and_bound: CG iter 50: obj=1384.3154  cols=223
2026-04-13 17:08:10 [INFO] src.branch_and_bound:   +4 new columns
2026-04-13 17:08:10 [INFO] src.master_problem: RMP LP solved — obj=1384.3154, active_cols=4
2026-04-13 17:08:10 [INFO] src.branch_and_bound: CG iter 51: obj=1384.3154  cols=227
2026-04-13 17:08:11 [INFO] src.branch_and_bound:   +4 new columns
2026-04-13 17:08:11 [INFO] src.master_problem: RMP LP solved — obj=1384.3154, active_cols=4
2026-04-13 17:08:11 [INFO] src.branch_and_bound: CG iter 52: obj=1384.3154  cols=231
2026-04-13 17:08:11 [INFO] src.branch_and_bound:   +5 new columns
2026-04-13 17:08:11 [INFO] src.master_problem: RMP LP solved — obj=1384.3154, active_cols=4
2026-04-13 17:08:12 [INFO] src.branch_and_bound: CG iter 53: obj=1384.3154  cols=236
2026-04-13 17:08:12 [INFO] src.branch_and_bound:   +5 new columns
2026-04-13 17:08:12 [INFO] src.master_problem: RMP LP solved — obj=1384.3154, active_cols=4
2026-04-13 17:08:12 [INFO] src.branch_and_bound: CG iter 54: obj=1384.3154  cols=241
2026-04-13 17:08:13 [INFO] src.branch_and_bound:   +4 new columns
2026-04-13 17:08:13 [INFO] src.master_problem: RMP LP solved — obj=1384.3154, active_cols=4
2026-04-13 17:08:13 [INFO] src.branch_and_bound: CG iter 55: obj=1384.3154  cols=245
2026-04-13 17:08:14 [INFO] src.branch_and_bound:   +4 new columns
2026-04-13 17:08:14 [INFO] src.master_problem: RMP LP solved — obj=1384.3154, active_cols=4
2026-04-13 17:08:14 [INFO] src.branch_and_bound: CG iter 56: obj=1384.3154  cols=249
2026-04-13 17:08:14 [INFO] src.branch_and_bound:   +5 new columns
2026-04-13 17:08:14 [INFO] src.master_problem: RMP LP solved — obj=1384.3154, active_cols=4
2026-04-13 17:08:14 [INFO] src.branch_and_bound: CG iter 57: obj=1384.3154  cols=254
2026-04-13 17:08:15 [INFO] src.branch_and_bound:   +4 new columns
2026-04-13 17:08:15 [INFO] src.master_problem: RMP LP solved — obj=1384.3154, active_cols=4
2026-04-13 17:08:15 [INFO] src.branch_and_bound: CG iter 58: obj=1384.3154  cols=258
2026-04-13 17:08:16 [INFO] src.branch_and_bound:   +2 new columns
2026-04-13 17:08:16 [INFO] src.master_problem: RMP LP solved — obj=1384.3154, active_cols=4
2026-04-13 17:08:16 [INFO] src.branch_and_bound: CG iter 59: obj=1384.3154  cols=260
2026-04-13 17:08:16 [INFO] src.branch_and_bound:   +5 new columns
2026-04-13 17:08:16 [INFO] src.master_problem: RMP LP solved — obj=1384.3154, active_cols=4
2026-04-13 17:08:16 [INFO] src.branch_and_bound: CG iter 60: obj=1384.3154  cols=265
2026-04-13 17:08:17 [INFO] src.branch_and_bound:   +4 new columns
2026-04-13 17:08:17 [INFO] src.master_problem: RMP LP solved — obj=1384.3154, active_cols=4
2026-04-13 17:08:17 [INFO] src.branch_and_bound: CG iter 61: obj=1384.3154  cols=269
2026-04-13 17:08:18 [INFO] src.branch_and_bound:   +3 new columns
2026-04-13 17:08:18 [INFO] src.master_problem: RMP LP solved — obj=1384.3154, active_cols=4
2026-04-13 17:08:18 [INFO] src.branch_and_bound: CG iter 62: obj=1384.3154  cols=272
2026-04-13 17:08:18 [INFO] src.branch_and_bound:   +3 new columns
2026-04-13 17:08:18 [INFO] src.master_problem: RMP LP solved — obj=1384.3154, active_cols=4
2026-04-13 17:08:19 [INFO] src.branch_and_bound: CG iter 63: obj=1384.3154  cols=275
2026-04-13 17:08:19 [INFO] src.branch_and_bound:   +4 new columns
2026-04-13 17:08:19 [INFO] src.master_problem: RMP LP solved — obj=1384.3154, active_cols=4
2026-04-13 17:08:19 [INFO] src.branch_and_bound: CG iter 64: obj=1384.3154  cols=279
2026-04-13 17:08:20 [INFO] src.branch_and_bound:   +4 new columns
2026-04-13 17:08:20 [INFO] src.master_problem: RMP LP solved — obj=1384.3154, active_cols=4
2026-04-13 17:08:20 [INFO] src.branch_and_bound: CG iter 65: obj=1384.3154  cols=283
2026-04-13 17:08:21 [INFO] src.branch_and_bound:   +4 new columns
2026-04-13 17:08:21 [INFO] src.master_problem: RMP LP solved — obj=1384.3154, active_cols=4
2026-04-13 17:08:21 [INFO] src.branch_and_bound: CG iter 66: obj=1384.3154  cols=287
2026-04-13 17:08:21 [INFO] src.branch_and_bound:   +4 new columns
2026-04-13 17:08:21 [INFO] src.master_problem: RMP LP solved — obj=1384.3154, active_cols=4
2026-04-13 17:08:21 [INFO] src.branch_and_bound: CG iter 67: obj=1384.3154  cols=291
2026-04-13 17:08:22 [INFO] src.branch_and_bound:   +2 new columns
2026-04-13 17:08:22 [INFO] src.master_problem: RMP LP solved — obj=1384.3154, active_cols=4
2026-04-13 17:08:22 [INFO] src.branch_and_bound: CG iter 68: obj=1384.3154  cols=293
2026-04-13 17:08:23 [INFO] src.branch_and_bound:   +4 new columns
2026-04-13 17:08:23 [INFO] src.master_problem: RMP LP solved — obj=1384.3154, active_cols=4
2026-04-13 17:08:23 [INFO] src.branch_and_bound: CG iter 69: obj=1384.3154  cols=297
2026-04-13 17:08:23 [INFO] src.branch_and_bound:   +5 new columns
2026-04-13 17:08:23 [INFO] src.master_problem: RMP LP solved — obj=1384.3154, active_cols=4
2026-04-13 17:08:23 [INFO] src.branch_and_bound: CG iter 70: obj=1384.3154  cols=302
2026-04-13 17:08:24 [INFO] src.branch_and_bound:   +4 new columns
2026-04-13 17:08:24 [INFO] src.master_problem: RMP LP solved — obj=1384.3154, active_cols=4
2026-04-13 17:08:24 [INFO] src.branch_and_bound: CG iter 71: obj=1384.3154  cols=306
2026-04-13 17:08:25 [INFO] src.branch_and_bound:   +5 new columns
2026-04-13 17:08:25 [INFO] src.master_problem: RMP LP solved — obj=1384.3154, active_cols=4
2026-04-13 17:08:25 [INFO] src.branch_and_bound: CG iter 72: obj=1384.3154  cols=311
2026-04-13 17:08:26 [INFO] src.branch_and_bound:   +4 new columns
2026-04-13 17:08:26 [INFO] src.master_problem: RMP LP solved — obj=1384.3154, active_cols=4
2026-04-13 17:08:26 [INFO] src.branch_and_bound: CG iter 73: obj=1384.3154  cols=315
2026-04-13 17:08:26 [INFO] src.branch_and_bound:   +5 new columns
2026-04-13 17:08:26 [INFO] src.master_problem: RMP LP solved — obj=1384.3154, active_cols=4
2026-04-13 17:08:26 [INFO] src.branch_and_bound: CG iter 74: obj=1384.3154  cols=320
2026-04-13 17:08:27 [INFO] src.branch_and_bound:   +5 new columns
2026-04-13 17:08:27 [INFO] src.master_problem: RMP LP solved — obj=1384.3154, active_cols=4
2026-04-13 17:08:27 [INFO] src.branch_and_bound: CG iter 75: obj=1384.3154  cols=325
2026-04-13 17:08:28 [INFO] src.branch_and_bound:   +5 new columns
2026-04-13 17:08:28 [INFO] src.master_problem: RMP LP solved — obj=1384.3154, active_cols=4
2026-04-13 17:08:28 [INFO] src.branch_and_bound: CG iter 76: obj=1384.3154  cols=330
2026-04-13 17:08:28 [INFO] src.branch_and_bound:   +1 new columns
2026-04-13 17:08:29 [INFO] src.master_problem: RMP LP solved — obj=1384.3154, active_cols=4
2026-04-13 17:08:29 [INFO] src.branch_and_bound: CG iter 77: obj=1384.3154  cols=331
2026-04-13 17:08:30 [WARNING] src.pricing_orchestrator: POMO failed 3 strikes → DP fallback (call 1 / 78).
2026-04-13 17:08:35 [WARNING] src.dp_solver: DP solver hit label limit (100000) for AUV.
2026-04-13 17:08:41 [WARNING] src.dp_solver: DP solver hit label limit (100000) for 4w.
2026-04-13 17:08:46 [WARNING] src.dp_solver: DP solver hit label limit (100000) for 6w.
2026-04-13 17:08:51 [WARNING] src.dp_solver: DP solver hit label limit (100000) for 10w.
2026-04-13 17:08:56 [WARNING] src.dp_solver: DP solver hit label limit (100000) for 40ft.
2026-04-13 17:08:56 [INFO] src.branch_and_bound:   +2 new columns
2026-04-13 17:08:56 [INFO] src.master_problem: RMP LP solved — obj=1384.3154, active_cols=4
2026-04-13 17:08:56 [INFO] src.branch_and_bound: CG iter 78: obj=1384.3154  cols=333
2026-04-13 17:08:57 [INFO] src.branch_and_bound:   +4 new columns
2026-04-13 17:08:57 [INFO] src.master_problem: RMP LP solved — obj=1384.3154, active_cols=4
2026-04-13 17:08:57 [INFO] src.branch_and_bound: CG iter 79: obj=1384.3154  cols=337
2026-04-13 17:08:57 [INFO] src.branch_and_bound:   +4 new columns
2026-04-13 17:08:57 [INFO] src.master_problem: RMP LP solved — obj=1384.3154, active_cols=4
2026-04-13 17:08:57 [INFO] src.branch_and_bound: CG iter 80: obj=1384.3154  cols=341
2026-04-13 17:08:58 [INFO] src.branch_and_bound:   +3 new columns
2026-04-13 17:08:58 [INFO] src.master_problem: RMP LP solved — obj=1384.3154, active_cols=4
2026-04-13 17:08:58 [INFO] src.branch_and_bound: CG iter 81: obj=1384.3154  cols=344
2026-04-13 17:08:59 [INFO] src.branch_and_bound:   +4 new columns
2026-04-13 17:08:59 [INFO] src.master_problem: RMP LP solved — obj=1384.3154, active_cols=4
2026-04-13 17:08:59 [INFO] src.branch_and_bound: CG iter 82: obj=1384.3154  cols=348
2026-04-13 17:09:00 [INFO] src.branch_and_bound:   +2 new columns
2026-04-13 17:09:00 [INFO] src.master_problem: RMP LP solved — obj=1384.3154, active_cols=4
2026-04-13 17:09:00 [INFO] src.branch_and_bound: CG iter 83: obj=1384.3154  cols=350
2026-04-13 17:09:00 [INFO] src.branch_and_bound:   +2 new columns
2026-04-13 17:09:00 [INFO] src.master_problem: RMP LP solved — obj=1384.3154, active_cols=4
2026-04-13 17:09:00 [INFO] src.branch_and_bound: CG iter 84: obj=1384.3154  cols=352
2026-04-13 17:09:02 [INFO] src.branch_and_bound:   +2 new columns
2026-04-13 17:09:02 [INFO] src.master_problem: RMP LP solved — obj=1384.3154, active_cols=4
2026-04-13 17:09:02 [INFO] src.branch_and_bound: CG iter 85: obj=1384.3154  cols=354
2026-04-13 17:09:02 [INFO] src.branch_and_bound:   +5 new columns
2026-04-13 17:09:02 [INFO] src.master_problem: RMP LP solved — obj=1384.3154, active_cols=4
2026-04-13 17:09:02 [INFO] src.branch_and_bound: CG iter 86: obj=1384.3154  cols=359
2026-04-13 17:09:03 [INFO] src.branch_and_bound:   +5 new columns
2026-04-13 17:09:03 [INFO] src.master_problem: RMP LP solved — obj=1384.3154, active_cols=4
2026-04-13 17:09:03 [INFO] src.branch_and_bound: CG iter 87: obj=1384.3154  cols=364
2026-04-13 17:09:04 [INFO] src.branch_and_bound:   +4 new columns
2026-04-13 17:09:04 [INFO] src.master_problem: RMP LP solved — obj=1384.3154, active_cols=4
2026-04-13 17:09:04 [INFO] src.branch_and_bound: CG iter 88: obj=1384.3154  cols=368
2026-04-13 17:09:05 [INFO] src.branch_and_bound:   +5 new columns
2026-04-13 17:09:05 [INFO] src.master_problem: RMP LP solved — obj=1384.3154, active_cols=4
2026-04-13 17:09:05 [INFO] src.branch_and_bound: CG iter 89: obj=1384.3154  cols=373
2026-04-13 17:09:07 [INFO] src.branch_and_bound:   +5 new columns
2026-04-13 17:09:07 [INFO] src.master_problem: RMP LP solved — obj=1384.3154, active_cols=4
2026-04-13 17:09:07 [INFO] src.branch_and_bound: CG iter 90: obj=1384.3154  cols=378
2026-04-13 17:09:08 [INFO] src.branch_and_bound:   +5 new columns
2026-04-13 17:09:08 [INFO] src.master_problem: RMP LP solved — obj=1384.3154, active_cols=4
2026-04-13 17:09:08 [INFO] src.branch_and_bound: CG iter 91: obj=1384.3154  cols=383
2026-04-13 17:09:08 [INFO] src.branch_and_bound:   +5 new columns
2026-04-13 17:09:08 [INFO] src.master_problem: RMP LP solved — obj=1384.3154, active_cols=4
2026-04-13 17:09:08 [INFO] src.branch_and_bound: CG iter 92: obj=1384.3154  cols=388
2026-04-13 17:09:09 [INFO] src.branch_and_bound:   +3 new columns
2026-04-13 17:09:09 [INFO] src.master_problem: RMP LP solved — obj=1384.3154, active_cols=4
2026-04-13 17:09:09 [INFO] src.branch_and_bound: CG iter 93: obj=1384.3154  cols=391
2026-04-13 17:09:10 [INFO] src.branch_and_bound:   +2 new columns
2026-04-13 17:09:10 [INFO] src.master_problem: RMP LP solved — obj=1384.3154, active_cols=4
2026-04-13 17:09:10 [INFO] src.branch_and_bound: CG iter 94: obj=1384.3154  cols=393
2026-04-13 17:09:11 [INFO] src.branch_and_bound:   +3 new columns
2026-04-13 17:09:11 [INFO] src.master_problem: RMP LP solved — obj=1384.3154, active_cols=4
2026-04-13 17:09:11 [INFO] src.branch_and_bound: CG iter 95: obj=1384.3154  cols=396
2026-04-13 17:09:11 [INFO] src.branch_and_bound:   +5 new columns
2026-04-13 17:09:11 [INFO] src.master_problem: RMP LP solved — obj=1384.3154, active_cols=4
2026-04-13 17:09:11 [INFO] src.branch_and_bound: CG iter 96: obj=1384.3154  cols=401
2026-04-13 17:09:12 [INFO] src.branch_and_bound:   +5 new columns
2026-04-13 17:09:12 [INFO] src.master_problem: RMP LP solved — obj=1384.3154, active_cols=4
2026-04-13 17:09:12 [INFO] src.branch_and_bound: CG iter 97: obj=1384.3154  cols=406
2026-04-13 17:09:13 [INFO] src.branch_and_bound:   +3 new columns
2026-04-13 17:09:13 [INFO] src.master_problem: RMP LP solved — obj=1384.3154, active_cols=4
2026-04-13 17:09:13 [INFO] src.branch_and_bound: CG iter 98: obj=1384.3154  cols=409
2026-04-13 17:09:14 [INFO] src.branch_and_bound:   +5 new columns
2026-04-13 17:09:14 [INFO] src.master_problem: RMP LP solved — obj=1384.3154, active_cols=4
2026-04-13 17:09:14 [INFO] src.branch_and_bound: CG iter 99: obj=1384.3154  cols=414
2026-04-13 17:09:14 [INFO] src.branch_and_bound:   +5 new columns
2026-04-13 17:09:14 [INFO] src.branch_and_bound:   ★ new incumbent: cost=1384.3154
2026-04-13 17:09:14 [INFO] __main__: 
============================================================
2026-04-13 17:09:14 [INFO] __main__: SOLUTION SUMMARY
2026-04-13 17:09:14 [INFO] __main__: ============================================================
2026-04-13 17:09:14 [INFO] __main__: Total cost          : 1384.3154
2026-04-13 17:09:14 [INFO] __main__: Number of routes    : 4
2026-04-13 17:09:14 [INFO] __main__: B&B nodes explored  : 1
2026-04-13 17:09:14 [INFO] __main__: Total columns       : 419
2026-04-13 17:09:14 [INFO] __main__: Wall-clock time (s) : 99.87
2026-04-13 17:09:14 [INFO] __main__:   Route 0 [AUV] : ['70034004', '70244565', '70133553', '70031292', '70081032', '70428043', '70155196', '70521405', '70351598']  cost=455.21
2026-04-13 17:09:14 [INFO] __main__:   Route 1 [AUV] : ['70408061', '70019392', '70435202', '70401488', '70043420', '70019391', '70556250', '70398370', '70535019']  cost=319.28
2026-04-13 17:09:14 [INFO] __main__:   Route 2 [AUV] : ['70494786', '70390788', '70494785', '70019549', '70398392', '70031293', '70019384', '70494791', '70130675']  cost=337.19
2026-04-13 17:09:14 [INFO] __main__:   Route 3 [AUV] : ['70019315', '70373907', '70490240', '70408280', '70464520']  cost=272.63
2026-04-13 17:09:14 [INFO] __main__: Results saved to D:/Uni Material/Code_Odyssey/Code/DQN/260407/results/benchmark_2522_2023-01-13_20260413_163421/pomo_ffcg\20260413_170734_2522_2023-01-13_pomo_ffcg
