2026-04-13 16:51:57 [INFO] __main__: Run folder : D:/Uni Material/Code_Odyssey/Code/DQN/260407/results/benchmark_2522_2023-05-22_20260413_163358/pomo_ffcg\20260413_165157_2522_2023-05-22_pomo_ffcg
2026-04-13 16:51:57 [INFO] __main__: Config     : D:\Uni Material\Code_Odyssey\Code\DQN\260407\results\benchmark_2522_2023-05-22_20260413_163358\config_pomo_ffcg.yaml
2026-04-13 16:51:57 [INFO] __main__: Geometry file detected: D:\Uni Material\Code_Odyssey\Code\DQN\260407\data\distmatrix_2522\geometry_2522.json
2026-04-13 16:51:57 [INFO] __main__: Problem loaded: 16 customers, 6 vehicle types
2026-04-13 16:51:57 [INFO] __main__: Greedy warm-start: 13 initial routes.
2026-04-13 16:51:57 [INFO] __main__: Loaded pretrained model from D:\Uni Material\Code_Odyssey\Code\DQN\260407\results\benchmark_2522_2023-05-22_20260413_163358\pomo_model_epoch_120_state_dict.pt
2026-04-13 16:51:57 [INFO] src.branch_and_bound: 
=== B&B node 0  depth=0  LB=-inf  UB=inf ===
2026-04-13 16:51:57 [INFO] src.master_problem: RMP LP solved — obj=2687.2922, active_cols=3
2026-04-13 16:51:57 [INFO] src.branch_and_bound: CG iter 0: obj=2687.2922  cols=13
2026-04-13 16:51:58 [INFO] src.branch_and_bound:   +2 new columns
2026-04-13 16:51:58 [INFO] src.master_problem: RMP LP solved — obj=2687.2922, active_cols=3
2026-04-13 16:51:58 [INFO] src.branch_and_bound: CG iter 1: obj=2687.2922  cols=15
2026-04-13 16:51:58 [INFO] src.branch_and_bound:   +4 new columns
2026-04-13 16:51:58 [INFO] src.master_problem: RMP LP solved — obj=2687.2922, active_cols=3
2026-04-13 16:51:58 [INFO] src.branch_and_bound: CG iter 2: obj=2687.2922  cols=19
2026-04-13 16:51:58 [INFO] src.branch_and_bound:   +5 new columns
2026-04-13 16:51:58 [INFO] src.master_problem: RMP LP solved — obj=2687.2922, active_cols=3
2026-04-13 16:51:59 [INFO] src.branch_and_bound: CG iter 3: obj=2687.2922  cols=24
2026-04-13 16:51:59 [INFO] src.branch_and_bound:   +5 new columns
2026-04-13 16:51:59 [INFO] src.master_problem: RMP LP solved — obj=2687.2922, active_cols=3
2026-04-13 16:51:59 [INFO] src.branch_and_bound: CG iter 4: obj=2687.2922  cols=29
2026-04-13 16:51:59 [INFO] src.branch_and_bound:   +5 new columns
2026-04-13 16:51:59 [INFO] src.master_problem: RMP LP solved — obj=2687.2922, active_cols=3
2026-04-13 16:51:59 [INFO] src.branch_and_bound: CG iter 5: obj=2687.2922  cols=34
2026-04-13 16:51:59 [INFO] src.branch_and_bound:   +2 new columns
2026-04-13 16:51:59 [INFO] src.master_problem: RMP LP solved — obj=2687.2922, active_cols=3
2026-04-13 16:52:00 [INFO] src.branch_and_bound: CG iter 6: obj=2687.2922  cols=36
2026-04-13 16:52:00 [INFO] src.branch_and_bound:   +1 new columns
2026-04-13 16:52:00 [INFO] src.master_problem: RMP LP solved — obj=2687.2922, active_cols=3
2026-04-13 16:52:00 [INFO] src.branch_and_bound: CG iter 7: obj=2687.2922  cols=37
2026-04-13 16:52:01 [INFO] src.branch_and_bound:   +1 new columns
2026-04-13 16:52:01 [INFO] src.master_problem: RMP LP solved — obj=2687.2922, active_cols=3
2026-04-13 16:52:01 [INFO] src.branch_and_bound: CG iter 8: obj=2687.2922  cols=38
2026-04-13 16:52:01 [INFO] src.branch_and_bound:   +1 new columns
2026-04-13 16:52:01 [INFO] src.master_problem: RMP LP solved — obj=2687.2922, active_cols=3
2026-04-13 16:52:01 [INFO] src.branch_and_bound: CG iter 9: obj=2687.2922  cols=39
2026-04-13 16:52:02 [INFO] src.branch_and_bound:   +1 new columns
2026-04-13 16:52:02 [INFO] src.master_problem: RMP LP solved — obj=2687.2922, active_cols=3
2026-04-13 16:52:02 [INFO] src.branch_and_bound: CG iter 10: obj=2687.2922  cols=40
2026-04-13 16:52:02 [INFO] src.branch_and_bound:   +2 new columns
2026-04-13 16:52:02 [INFO] src.master_problem: RMP LP solved — obj=2687.2922, active_cols=3
2026-04-13 16:52:02 [INFO] src.branch_and_bound: CG iter 11: obj=2687.2922  cols=42
2026-04-13 16:52:03 [INFO] src.branch_and_bound:   +1 new columns
2026-04-13 16:52:03 [INFO] src.master_problem: RMP LP solved — obj=2687.2922, active_cols=3
2026-04-13 16:52:03 [INFO] src.branch_and_bound: CG iter 12: obj=2687.2922  cols=43
2026-04-13 16:52:03 [INFO] src.branch_and_bound:   +1 new columns
2026-04-13 16:52:03 [INFO] src.master_problem: RMP LP solved — obj=2687.2922, active_cols=3
2026-04-13 16:52:03 [INFO] src.branch_and_bound: CG iter 13: obj=2687.2922  cols=44
2026-04-13 16:52:04 [INFO] src.branch_and_bound:   +1 new columns
2026-04-13 16:52:04 [INFO] src.master_problem: RMP LP solved — obj=2687.2922, active_cols=3
2026-04-13 16:52:04 [INFO] src.branch_and_bound: CG iter 14: obj=2687.2922  cols=45
2026-04-13 16:52:04 [INFO] src.branch_and_bound:   +1 new columns
2026-04-13 16:52:04 [INFO] src.master_problem: RMP LP solved — obj=2687.2922, active_cols=3
2026-04-13 16:52:04 [INFO] src.branch_and_bound: CG iter 15: obj=2687.2922  cols=46
2026-04-13 16:52:05 [INFO] src.branch_and_bound:   +2 new columns
2026-04-13 16:52:05 [INFO] src.master_problem: RMP LP solved — obj=2687.2922, active_cols=3
2026-04-13 16:52:05 [INFO] src.branch_and_bound: CG iter 16: obj=2687.2922  cols=48
2026-04-13 16:52:06 [INFO] src.branch_and_bound:   +1 new columns
2026-04-13 16:52:06 [INFO] src.master_problem: RMP LP solved — obj=2687.2922, active_cols=3
2026-04-13 16:52:06 [INFO] src.branch_and_bound: CG iter 17: obj=2687.2922  cols=49
2026-04-13 16:52:06 [INFO] src.branch_and_bound:   +1 new columns
2026-04-13 16:52:06 [INFO] src.master_problem: RMP LP solved — obj=2687.2922, active_cols=3
2026-04-13 16:52:06 [INFO] src.branch_and_bound: CG iter 18: obj=2687.2922  cols=50
2026-04-13 16:52:07 [INFO] src.branch_and_bound:   +2 new columns
2026-04-13 16:52:07 [INFO] src.master_problem: RMP LP solved — obj=2687.2922, active_cols=3
2026-04-13 16:52:07 [INFO] src.branch_and_bound: CG iter 19: obj=2687.2922  cols=52
2026-04-13 16:52:07 [INFO] src.branch_and_bound:   +1 new columns
2026-04-13 16:52:07 [INFO] src.master_problem: RMP LP solved — obj=2687.2922, active_cols=3
2026-04-13 16:52:07 [INFO] src.branch_and_bound: CG iter 20: obj=2687.2922  cols=53
2026-04-13 16:52:07 [INFO] src.branch_and_bound:   +2 new columns
2026-04-13 16:52:07 [INFO] src.master_problem: RMP LP solved — obj=2687.2922, active_cols=3
2026-04-13 16:52:08 [INFO] src.branch_and_bound: CG iter 21: obj=2687.2922  cols=55
2026-04-13 16:52:08 [WARNING] src.pricing_orchestrator: POMO failed 3 strikes → DP fallback (call 1 / 22).
2026-04-13 16:52:13 [WARNING] src.dp_solver: DP solver hit label limit (100000) for 4w.
2026-04-13 16:52:19 [WARNING] src.dp_solver: DP solver hit label limit (100000) for 6w.
2026-04-13 16:52:25 [WARNING] src.dp_solver: DP solver hit label limit (100000) for 10w.
2026-04-13 16:52:31 [WARNING] src.dp_solver: DP solver hit label limit (100000) for 40ft.
2026-04-13 16:52:31 [INFO] src.branch_and_bound:   +1 new columns
2026-04-13 16:52:31 [INFO] src.master_problem: RMP LP solved — obj=2687.2922, active_cols=3
2026-04-13 16:52:31 [INFO] src.branch_and_bound: CG iter 22: obj=2687.2922  cols=56
2026-04-13 16:52:31 [INFO] src.branch_and_bound:   +1 new columns
2026-04-13 16:52:31 [INFO] src.master_problem: RMP LP solved — obj=2687.2922, active_cols=3
2026-04-13 16:52:32 [INFO] src.branch_and_bound: CG iter 23: obj=2687.2922  cols=57
2026-04-13 16:52:32 [INFO] src.branch_and_bound:   +2 new columns
2026-04-13 16:52:32 [INFO] src.master_problem: RMP LP solved — obj=2687.2922, active_cols=3
2026-04-13 16:52:32 [INFO] src.branch_and_bound: CG iter 24: obj=2687.2922  cols=59
2026-04-13 16:52:33 [INFO] src.branch_and_bound:   +1 new columns
2026-04-13 16:52:33 [INFO] src.master_problem: RMP LP solved — obj=2687.2922, active_cols=3
2026-04-13 16:52:33 [INFO] src.branch_and_bound: CG iter 25: obj=2687.2922  cols=60
2026-04-13 16:52:33 [INFO] src.branch_and_bound:   +1 new columns
2026-04-13 16:52:33 [INFO] src.master_problem: RMP LP solved — obj=2687.2922, active_cols=3
2026-04-13 16:52:33 [INFO] src.branch_and_bound: CG iter 26: obj=2687.2922  cols=61
2026-04-13 16:52:34 [INFO] src.branch_and_bound:   +1 new columns
2026-04-13 16:52:34 [INFO] src.master_problem: RMP LP solved — obj=2687.2922, active_cols=3
2026-04-13 16:52:34 [INFO] src.branch_and_bound: CG iter 27: obj=2687.2922  cols=62
2026-04-13 16:52:34 [INFO] src.branch_and_bound:   +2 new columns
2026-04-13 16:52:34 [INFO] src.master_problem: RMP LP solved — obj=2687.2922, active_cols=3
2026-04-13 16:52:34 [INFO] src.branch_and_bound: CG iter 28: obj=2687.2922  cols=64
2026-04-13 16:52:35 [INFO] src.branch_and_bound:   +1 new columns
2026-04-13 16:52:35 [INFO] src.master_problem: RMP LP solved — obj=2687.2922, active_cols=3
2026-04-13 16:52:35 [INFO] src.branch_and_bound: CG iter 29: obj=2687.2922  cols=65
2026-04-13 16:52:35 [WARNING] src.pricing_orchestrator: POMO failed 3 strikes → DP fallback (call 2 / 30).
2026-04-13 16:52:41 [WARNING] src.dp_solver: DP solver hit label limit (100000) for 4w.
2026-04-13 16:52:46 [WARNING] src.dp_solver: DP solver hit label limit (100000) for 6w.
2026-04-13 16:52:52 [WARNING] src.dp_solver: DP solver hit label limit (100000) for 10w.
2026-04-13 16:52:57 [WARNING] src.dp_solver: DP solver hit label limit (100000) for 40ft.
2026-04-13 16:52:58 [INFO] src.branch_and_bound:   +4 new columns
2026-04-13 16:52:58 [INFO] src.master_problem: RMP LP solved — obj=2687.2922, active_cols=3
2026-04-13 16:52:58 [INFO] src.branch_and_bound: CG iter 30: obj=2687.2922  cols=69
2026-04-13 16:52:58 [INFO] src.branch_and_bound:   +1 new columns
2026-04-13 16:52:58 [INFO] src.master_problem: RMP LP solved — obj=2687.2922, active_cols=3
2026-04-13 16:52:58 [INFO] src.branch_and_bound: CG iter 31: obj=2687.2922  cols=70
2026-04-13 16:52:58 [INFO] src.branch_and_bound:   +2 new columns
2026-04-13 16:52:58 [INFO] src.master_problem: RMP LP solved — obj=2687.2922, active_cols=3
2026-04-13 16:52:59 [INFO] src.branch_and_bound: CG iter 32: obj=2687.2922  cols=72
2026-04-13 16:52:59 [INFO] src.branch_and_bound:   +3 new columns
2026-04-13 16:52:59 [INFO] src.master_problem: RMP LP solved — obj=2687.2922, active_cols=3
2026-04-13 16:52:59 [INFO] src.branch_and_bound: CG iter 33: obj=2687.2922  cols=75
2026-04-13 16:53:00 [INFO] src.branch_and_bound:   +1 new columns
2026-04-13 16:53:00 [INFO] src.master_problem: RMP LP solved — obj=2687.2922, active_cols=3
2026-04-13 16:53:00 [INFO] src.branch_and_bound: CG iter 34: obj=2687.2922  cols=76
2026-04-13 16:53:00 [INFO] src.branch_and_bound:   +3 new columns
2026-04-13 16:53:00 [INFO] src.master_problem: RMP LP solved — obj=2687.2922, active_cols=3
2026-04-13 16:53:00 [INFO] src.branch_and_bound: CG iter 35: obj=2687.2922  cols=79
2026-04-13 16:53:01 [INFO] src.branch_and_bound:   +3 new columns
2026-04-13 16:53:01 [INFO] src.master_problem: RMP LP solved — obj=2687.2922, active_cols=3
2026-04-13 16:53:01 [INFO] src.branch_and_bound: CG iter 36: obj=2687.2922  cols=82
2026-04-13 16:53:01 [WARNING] src.pricing_orchestrator: POMO failed 3 strikes → DP fallback (call 3 / 37).
2026-04-13 16:53:07 [WARNING] src.dp_solver: DP solver hit label limit (100000) for 4w.
2026-04-13 16:53:12 [WARNING] src.dp_solver: DP solver hit label limit (100000) for 6w.
2026-04-13 16:53:18 [WARNING] src.dp_solver: DP solver hit label limit (100000) for 10w.
2026-04-13 16:53:23 [WARNING] src.dp_solver: DP solver hit label limit (100000) for 40ft.
2026-04-13 16:53:23 [INFO] src.branch_and_bound:   +2 new columns
2026-04-13 16:53:23 [INFO] src.master_problem: RMP LP solved — obj=2601.9971, active_cols=10
2026-04-13 16:53:24 [INFO] src.branch_and_bound: CG iter 37: obj=2601.9971  cols=84
2026-04-13 16:53:24 [WARNING] src.pricing_orchestrator: POMO failed 3 strikes → DP fallback (call 4 / 38).
2026-04-13 16:53:29 [WARNING] src.dp_solver: DP solver hit label limit (100000) for 4w.
2026-04-13 16:53:35 [WARNING] src.dp_solver: DP solver hit label limit (100000) for 6w.
2026-04-13 16:53:40 [WARNING] src.dp_solver: DP solver hit label limit (100000) for 10w.
2026-04-13 16:53:46 [WARNING] src.dp_solver: DP solver hit label limit (100000) for 40ft.
2026-04-13 16:53:46 [INFO] src.branch_and_bound:   +4 new columns
2026-04-13 16:53:46 [INFO] src.master_problem: RMP LP solved — obj=2581.2845, active_cols=7
2026-04-13 16:53:46 [INFO] src.branch_and_bound: CG iter 38: obj=2581.2845  cols=88
2026-04-13 16:53:47 [WARNING] src.pricing_orchestrator: POMO failed 3 strikes → DP fallback (call 5 / 39).
2026-04-13 16:53:52 [WARNING] src.dp_solver: DP solver hit label limit (100000) for 4w.
2026-04-13 16:53:58 [WARNING] src.dp_solver: DP solver hit label limit (100000) for 6w.
2026-04-13 16:54:04 [WARNING] src.dp_solver: DP solver hit label limit (100000) for 10w.
2026-04-13 16:54:09 [WARNING] src.dp_solver: DP solver hit label limit (100000) for 40ft.
2026-04-13 16:54:10 [INFO] src.branch_and_bound:   +4 new columns
2026-04-13 16:54:10 [INFO] src.master_problem: RMP LP solved — obj=2552.1729, active_cols=8
2026-04-13 16:54:10 [INFO] src.branch_and_bound: CG iter 39: obj=2552.1729  cols=92
2026-04-13 16:54:10 [WARNING] src.pricing_orchestrator: POMO failed 3 strikes → DP fallback (call 6 / 40).
2026-04-13 16:54:16 [WARNING] src.dp_solver: DP solver hit label limit (100000) for 4w.
2026-04-13 16:54:21 [WARNING] src.dp_solver: DP solver hit label limit (100000) for 6w.
2026-04-13 16:54:27 [WARNING] src.dp_solver: DP solver hit label limit (100000) for 10w.
2026-04-13 16:54:32 [WARNING] src.dp_solver: DP solver hit label limit (100000) for 40ft.
2026-04-13 16:54:32 [INFO] src.branch_and_bound:   +3 new columns
2026-04-13 16:54:32 [INFO] src.master_problem: RMP LP solved — obj=2552.1729, active_cols=8
2026-04-13 16:54:32 [INFO] src.branch_and_bound: CG iter 40: obj=2552.1729  cols=95
2026-04-13 16:54:33 [WARNING] src.pricing_orchestrator: POMO failed 3 strikes → DP fallback (call 7 / 41).
2026-04-13 16:54:38 [WARNING] src.dp_solver: DP solver hit label limit (100000) for 4w.
2026-04-13 16:54:44 [WARNING] src.dp_solver: DP solver hit label limit (100000) for 6w.
2026-04-13 16:54:49 [WARNING] src.dp_solver: DP solver hit label limit (100000) for 10w.
2026-04-13 16:54:55 [WARNING] src.dp_solver: DP solver hit label limit (100000) for 40ft.
2026-04-13 16:54:55 [INFO] src.branch_and_bound:   +2 new columns
2026-04-13 16:54:55 [INFO] src.master_problem: RMP LP solved — obj=2545.3071, active_cols=9
2026-04-13 16:54:55 [INFO] src.branch_and_bound: CG iter 41: obj=2545.3071  cols=97
2026-04-13 16:54:56 [WARNING] src.pricing_orchestrator: POMO failed 3 strikes → DP fallback (call 8 / 42).
2026-04-13 16:55:01 [WARNING] src.dp_solver: DP solver hit label limit (100000) for 4w.
2026-04-13 16:55:07 [WARNING] src.dp_solver: DP solver hit label limit (100000) for 6w.
2026-04-13 16:55:12 [WARNING] src.dp_solver: DP solver hit label limit (100000) for 10w.
2026-04-13 16:55:18 [WARNING] src.dp_solver: DP solver hit label limit (100000) for 40ft.
2026-04-13 16:55:18 [INFO] src.branch_and_bound:   +4 new columns
2026-04-13 16:55:18 [INFO] src.master_problem: RMP LP solved — obj=2543.8001, active_cols=10
2026-04-13 16:55:18 [INFO] src.branch_and_bound: CG iter 42: obj=2543.8001  cols=101
2026-04-13 16:55:19 [WARNING] src.pricing_orchestrator: POMO failed 3 strikes → DP fallback (call 9 / 43).
2026-04-13 16:55:24 [WARNING] src.dp_solver: DP solver hit label limit (100000) for 4w.
2026-04-13 16:55:31 [WARNING] src.dp_solver: DP solver hit label limit (100000) for 6w.
2026-04-13 16:55:37 [WARNING] src.dp_solver: DP solver hit label limit (100000) for 10w.
2026-04-13 16:55:43 [WARNING] src.dp_solver: DP solver hit label limit (100000) for 40ft.
2026-04-13 16:55:43 [INFO] src.branch_and_bound:   +3 new columns
2026-04-13 16:55:43 [INFO] src.master_problem: RMP LP solved — obj=2536.8980, active_cols=9
2026-04-13 16:55:44 [INFO] src.branch_and_bound: CG iter 43: obj=2536.8980  cols=104
2026-04-13 16:55:44 [WARNING] src.pricing_orchestrator: POMO failed 3 strikes → DP fallback (call 10 / 44).
2026-04-13 16:55:49 [WARNING] src.dp_solver: DP solver hit label limit (100000) for 4w.
2026-04-13 16:55:54 [WARNING] src.dp_solver: DP solver hit label limit (100000) for 6w.
2026-04-13 16:55:59 [WARNING] src.dp_solver: DP solver hit label limit (100000) for 10w.
2026-04-13 16:56:04 [WARNING] src.dp_solver: DP solver hit label limit (100000) for 40ft.
2026-04-13 16:56:05 [INFO] src.branch_and_bound:   +5 new columns
2026-04-13 16:56:05 [INFO] src.master_problem: RMP LP solved — obj=2523.5646, active_cols=4
2026-04-13 16:56:05 [INFO] src.branch_and_bound: CG iter 44: obj=2523.5646  cols=109
2026-04-13 16:56:06 [WARNING] src.pricing_orchestrator: POMO failed 3 strikes → DP fallback (call 11 / 45).
2026-04-13 16:56:10 [WARNING] src.dp_solver: DP solver hit label limit (100000) for 4w.
2026-04-13 16:56:15 [WARNING] src.dp_solver: DP solver hit label limit (100000) for 6w.
2026-04-13 16:56:21 [WARNING] src.dp_solver: DP solver hit label limit (100000) for 10w.
2026-04-13 16:56:26 [WARNING] src.dp_solver: DP solver hit label limit (100000) for 40ft.
2026-04-13 16:56:26 [INFO] src.branch_and_bound:   +3 new columns
2026-04-13 16:56:26 [INFO] src.master_problem: RMP LP solved — obj=2523.5646, active_cols=4
2026-04-13 16:56:26 [INFO] src.branch_and_bound: CG iter 45: obj=2523.5646  cols=112
2026-04-13 16:56:27 [WARNING] src.pricing_orchestrator: POMO failed 3 strikes → DP fallback (call 12 / 46).
2026-04-13 16:56:32 [WARNING] src.dp_solver: DP solver hit label limit (100000) for 4w.
2026-04-13 16:56:37 [WARNING] src.dp_solver: DP solver hit label limit (100000) for 6w.
2026-04-13 16:56:42 [WARNING] src.dp_solver: DP solver hit label limit (100000) for 10w.
2026-04-13 16:56:47 [WARNING] src.dp_solver: DP solver hit label limit (100000) for 40ft.
2026-04-13 16:56:47 [INFO] src.branch_and_bound:   +3 new columns
2026-04-13 16:56:47 [INFO] src.master_problem: RMP LP solved — obj=2523.5646, active_cols=4
2026-04-13 16:56:48 [INFO] src.branch_and_bound: CG iter 46: obj=2523.5646  cols=115
2026-04-13 16:56:48 [WARNING] src.pricing_orchestrator: POMO failed 3 strikes → DP fallback (call 13 / 47).
2026-04-13 16:56:54 [WARNING] src.dp_solver: DP solver hit label limit (100000) for 4w.
2026-04-13 16:56:59 [WARNING] src.dp_solver: DP solver hit label limit (100000) for 6w.
2026-04-13 16:57:05 [WARNING] src.dp_solver: DP solver hit label limit (100000) for 10w.
2026-04-13 16:57:10 [WARNING] src.dp_solver: DP solver hit label limit (100000) for 40ft.
2026-04-13 16:57:10 [INFO] src.branch_and_bound:   +4 new columns
2026-04-13 16:57:10 [INFO] src.master_problem: RMP LP solved — obj=2523.5646, active_cols=4
2026-04-13 16:57:10 [INFO] src.branch_and_bound: CG iter 47: obj=2523.5646  cols=119
2026-04-13 16:57:11 [WARNING] src.pricing_orchestrator: POMO failed 3 strikes → DP fallback (call 14 / 48).
2026-04-13 16:57:15 [WARNING] src.dp_solver: DP solver hit label limit (100000) for 4w.
2026-04-13 16:57:20 [WARNING] src.dp_solver: DP solver hit label limit (100000) for 6w.
2026-04-13 16:57:25 [WARNING] src.dp_solver: DP solver hit label limit (100000) for 10w.
2026-04-13 16:57:30 [WARNING] src.dp_solver: DP solver hit label limit (100000) for 40ft.
2026-04-13 16:57:30 [INFO] src.branch_and_bound: CG converged after 48 iterations.
2026-04-13 16:57:30 [INFO] src.branch_and_bound:   branching on arc (0,4)  flow=0.5000
2026-04-13 16:57:30 [INFO] src.branch_and_bound: 
=== B&B node 1  depth=1  LB=2523.5646  UB=inf ===
2026-04-13 16:57:30 [INFO] src.master_problem: RMP LP solved — obj=2750.1652, active_cols=3
2026-04-13 16:57:30 [INFO] src.branch_and_bound: CG iter 0: obj=2750.1652  cols=119
2026-04-13 16:57:31 [INFO] src.branch_and_bound:   +1 new columns
2026-04-13 16:57:31 [INFO] src.master_problem: RMP LP solved — obj=2750.1652, active_cols=3
2026-04-13 16:57:31 [INFO] src.branch_and_bound: CG iter 1: obj=2750.1652  cols=120
2026-04-13 16:57:31 [INFO] src.branch_and_bound:   +1 new columns
2026-04-13 16:57:31 [INFO] src.master_problem: RMP LP solved — obj=2750.1652, active_cols=3
2026-04-13 16:57:31 [INFO] src.branch_and_bound: CG iter 2: obj=2750.1652  cols=121
2026-04-13 16:57:32 [INFO] src.branch_and_bound:   +2 new columns
2026-04-13 16:57:32 [INFO] src.master_problem: RMP LP solved — obj=2742.1807, active_cols=3
2026-04-13 16:57:32 [INFO] src.branch_and_bound: CG iter 3: obj=2742.1807  cols=123
2026-04-13 16:57:32 [INFO] src.branch_and_bound:   +4 new columns
2026-04-13 16:57:32 [INFO] src.master_problem: RMP LP solved — obj=2742.1807, active_cols=3
2026-04-13 16:57:32 [INFO] src.branch_and_bound: CG iter 4: obj=2742.1807  cols=127
2026-04-13 16:57:32 [INFO] src.branch_and_bound:   +1 new columns
2026-04-13 16:57:32 [INFO] src.master_problem: RMP LP solved — obj=2742.1807, active_cols=3
2026-04-13 16:57:33 [INFO] src.branch_and_bound: CG iter 5: obj=2742.1807  cols=128
2026-04-13 16:57:33 [INFO] src.branch_and_bound:   +2 new columns
2026-04-13 16:57:33 [INFO] src.master_problem: RMP LP solved — obj=2742.1807, active_cols=3
2026-04-13 16:57:33 [INFO] src.branch_and_bound: CG iter 6: obj=2742.1807  cols=130
2026-04-13 16:57:33 [INFO] src.branch_and_bound:   +5 new columns
2026-04-13 16:57:33 [INFO] src.master_problem: RMP LP solved — obj=2722.9609, active_cols=6
2026-04-13 16:57:33 [INFO] src.branch_and_bound: CG iter 7: obj=2722.9609  cols=135
2026-04-13 16:57:34 [INFO] src.branch_and_bound:   +2 new columns
2026-04-13 16:57:34 [INFO] src.master_problem: RMP LP solved — obj=2722.9609, active_cols=6
2026-04-13 16:57:34 [INFO] src.branch_and_bound: CG iter 8: obj=2722.9609  cols=137
2026-04-13 16:57:34 [INFO] src.branch_and_bound:   +3 new columns
2026-04-13 16:57:34 [INFO] src.master_problem: RMP LP solved — obj=2707.6836, active_cols=3
2026-04-13 16:57:34 [INFO] src.branch_and_bound: CG iter 9: obj=2707.6836  cols=140
2026-04-13 16:57:35 [INFO] src.branch_and_bound:   +3 new columns
2026-04-13 16:57:35 [INFO] src.master_problem: RMP LP solved — obj=2707.6836, active_cols=3
2026-04-13 16:57:35 [INFO] src.branch_and_bound: CG iter 10: obj=2707.6836  cols=143
2026-04-13 16:57:35 [INFO] src.branch_and_bound: CG converged after 11 iterations.
2026-04-13 16:57:35 [INFO] src.branch_and_bound:   ★ new incumbent: cost=2707.6836
2026-04-13 16:57:35 [INFO] src.branch_and_bound: 
=== B&B node 2  depth=1  LB=2523.5646  UB=2707.6836 ===
2026-04-13 16:57:35 [INFO] src.master_problem: RMP LP solved — obj=103879.3812, active_cols=6
2026-04-13 16:57:35 [INFO] src.branch_and_bound: CG iter 0: obj=103879.3812  cols=143
2026-04-13 16:57:35 [INFO] src.branch_and_bound:   +1 new columns
2026-04-13 16:57:35 [INFO] src.master_problem: RMP LP solved — obj=4666.6650, active_cols=7
2026-04-13 16:57:35 [INFO] src.branch_and_bound: CG iter 1: obj=4666.6650  cols=144
2026-04-13 16:57:36 [INFO] src.branch_and_bound:   +1 new columns
2026-04-13 16:57:36 [INFO] src.master_problem: RMP LP solved — obj=3804.6345, active_cols=6
2026-04-13 16:57:36 [INFO] src.branch_and_bound: CG iter 2: obj=3804.6345  cols=145
2026-04-13 16:57:36 [INFO] src.branch_and_bound:   +1 new columns
2026-04-13 16:57:36 [INFO] src.master_problem: RMP LP solved — obj=3804.6345, active_cols=6
2026-04-13 16:57:36 [INFO] src.branch_and_bound: CG iter 3: obj=3804.6345  cols=146
2026-04-13 16:57:36 [INFO] src.branch_and_bound:   +1 new columns
2026-04-13 16:57:36 [INFO] src.master_problem: RMP LP solved — obj=3804.6345, active_cols=6
2026-04-13 16:57:37 [INFO] src.branch_and_bound: CG iter 4: obj=3804.6345  cols=147
2026-04-13 16:57:37 [INFO] src.branch_and_bound:   +2 new columns
2026-04-13 16:57:37 [INFO] src.master_problem: RMP LP solved — obj=3751.5983, active_cols=9
2026-04-13 16:57:37 [INFO] src.branch_and_bound: CG iter 5: obj=3751.5983  cols=149
2026-04-13 16:57:38 [INFO] src.branch_and_bound:   +3 new columns
2026-04-13 16:57:38 [INFO] src.master_problem: RMP LP solved — obj=3669.5646, active_cols=9
2026-04-13 16:57:38 [INFO] src.branch_and_bound: CG iter 6: obj=3669.5646  cols=152
2026-04-13 16:57:38 [INFO] src.branch_and_bound:   +1 new columns
2026-04-13 16:57:38 [INFO] src.master_problem: RMP LP solved — obj=3647.8551, active_cols=8
2026-04-13 16:57:38 [INFO] src.branch_and_bound: CG iter 7: obj=3647.8551  cols=153
2026-04-13 16:57:39 [INFO] src.branch_and_bound:   +1 new columns
2026-04-13 16:57:39 [INFO] src.master_problem: RMP LP solved — obj=3521.9310, active_cols=7
2026-04-13 16:57:39 [INFO] src.branch_and_bound: CG iter 8: obj=3521.9310  cols=154
2026-04-13 16:57:39 [INFO] src.branch_and_bound:   +1 new columns
2026-04-13 16:57:39 [INFO] src.master_problem: RMP LP solved — obj=3521.9310, active_cols=7
2026-04-13 16:57:39 [INFO] src.branch_and_bound: CG iter 9: obj=3521.9310  cols=155
2026-04-13 16:57:40 [INFO] src.branch_and_bound:   +1 new columns
2026-04-13 16:57:40 [INFO] src.master_problem: RMP LP solved — obj=3521.9310, active_cols=7
2026-04-13 16:57:40 [INFO] src.branch_and_bound: CG iter 10: obj=3521.9310  cols=156
2026-04-13 16:57:40 [INFO] src.branch_and_bound:   +3 new columns
2026-04-13 16:57:40 [INFO] src.master_problem: RMP LP solved — obj=3437.0157, active_cols=9
2026-04-13 16:57:40 [INFO] src.branch_and_bound: CG iter 11: obj=3437.0157  cols=159
2026-04-13 16:57:41 [WARNING] src.pricing_orchestrator: POMO failed 3 strikes → DP fallback (call 15 / 71).
2026-04-13 16:57:46 [WARNING] src.dp_solver: DP solver hit label limit (100000) for 4w.
2026-04-13 16:57:51 [WARNING] src.dp_solver: DP solver hit label limit (100000) for 6w.
2026-04-13 16:57:56 [WARNING] src.dp_solver: DP solver hit label limit (100000) for 10w.
2026-04-13 16:58:01 [WARNING] src.dp_solver: DP solver hit label limit (100000) for 40ft.
2026-04-13 16:58:02 [INFO] src.branch_and_bound:   +3 new columns
2026-04-13 16:58:02 [INFO] src.master_problem: RMP LP solved — obj=3148.7140, active_cols=6
2026-04-13 16:58:02 [INFO] src.branch_and_bound: CG iter 12: obj=3148.7140  cols=162
2026-04-13 16:58:02 [INFO] src.branch_and_bound:   +1 new columns
2026-04-13 16:58:02 [INFO] src.master_problem: RMP LP solved — obj=3148.7140, active_cols=6
2026-04-13 16:58:02 [INFO] src.branch_and_bound: CG iter 13: obj=3148.7140  cols=163
2026-04-13 16:58:03 [INFO] src.branch_and_bound:   +2 new columns
2026-04-13 16:58:03 [INFO] src.master_problem: RMP LP solved — obj=3124.1415, active_cols=7
2026-04-13 16:58:03 [INFO] src.branch_and_bound: CG iter 14: obj=3124.1415  cols=165
2026-04-13 16:58:03 [INFO] src.branch_and_bound:   +2 new columns
2026-04-13 16:58:03 [INFO] src.master_problem: RMP LP solved — obj=3062.1092, active_cols=7
2026-04-13 16:58:03 [INFO] src.branch_and_bound: CG iter 15: obj=3062.1092  cols=167
2026-04-13 16:58:04 [INFO] src.branch_and_bound:   +1 new columns
2026-04-13 16:58:04 [INFO] src.master_problem: RMP LP solved — obj=3062.1092, active_cols=7
2026-04-13 16:58:04 [INFO] src.branch_and_bound: CG iter 16: obj=3062.1092  cols=168
2026-04-13 16:58:04 [INFO] src.branch_and_bound: CG converged after 17 iterations.
2026-04-13 16:58:04 [INFO] __main__: 
============================================================
2026-04-13 16:58:04 [INFO] __main__: SOLUTION SUMMARY
2026-04-13 16:58:04 [INFO] __main__: ============================================================
2026-04-13 16:58:04 [INFO] __main__: Total cost          : 2707.6836
2026-04-13 16:58:04 [INFO] __main__: Number of routes    : 3
2026-04-13 16:58:04 [INFO] __main__: B&B nodes explored  : 3
2026-04-13 16:58:04 [INFO] __main__: Total columns       : 168
2026-04-13 16:58:04 [INFO] __main__: Wall-clock time (s) : 366.99
2026-04-13 16:58:04 [INFO] __main__:   Route 3 [4w] : ['70082205', '70022293', '70028192', '70409000', '70434135', '70245228']  cost=1680.52
2026-04-13 16:58:04 [INFO] __main__:   Route 105 [4w] : ['70131370', '70360301', '70023045', '70085373', '70352881', '70022681']  cost=581.77
2026-04-13 16:58:04 [INFO] __main__:   Route 138 [4w] : ['70130334', '70022760', '70022351', '70022295']  cost=445.40
2026-04-13 16:58:04 [INFO] __main__: Results saved to D:/Uni Material/Code_Odyssey/Code/DQN/260407/results/benchmark_2522_2023-05-22_20260413_163358/pomo_ffcg\20260413_165157_2522_2023-05-22_pomo_ffcg
