2026-04-13 16:11:00 [INFO] __main__: Run folder : D:/Uni Material/Code_Odyssey/Code/DQN/260407/results/benchmark_2522_2023-05-17_20260413_160016/pomo_rlcg\20260413_161100_2522_2023-05-17_pomo_rlcg
2026-04-13 16:11:00 [INFO] __main__: Config     : D:\Uni Material\Code_Odyssey\Code\DQN\260407\results\benchmark_2522_2023-05-17_20260413_160016\config_pomo_rlcg.yaml
2026-04-13 16:11:00 [INFO] __main__: Geometry file detected: D:\Uni Material\Code_Odyssey\Code\DQN\260407\data\distmatrix_2522\geometry_2522.json
2026-04-13 16:11:00 [INFO] __main__: Problem loaded: 26 customers, 6 vehicle types
2026-04-13 16:11:00 [INFO] __main__: Greedy warm-start: 15 initial routes.
2026-04-13 16:11:00 [INFO] __main__: Loaded pretrained model from D:\Uni Material\Code_Odyssey\Code\DQN\260407\results\benchmark_2522_2023-05-17_20260413_160016\pomo_model_epoch_120_state_dict.pt
2026-04-13 16:11:00 [INFO] src.branch_and_bound: 
=== B&B node 0  depth=0  LB=-inf  UB=inf ===
2026-04-13 16:11:00 [INFO] src.master_problem: RMP LP solved — obj=5594.4787, active_cols=3
2026-04-13 16:11:00 [INFO] src.branch_and_bound: CG iter 0: obj=5594.4787  cols=15
2026-04-13 16:11:01 [INFO] src.branch_and_bound:   +1 new columns
2026-04-13 16:11:01 [INFO] src.master_problem: RMP LP solved — obj=5594.4787, active_cols=3
2026-04-13 16:11:01 [INFO] src.branch_and_bound: CG iter 1: obj=5594.4787  cols=16
2026-04-13 16:11:01 [INFO] src.branch_and_bound:   +1 new columns
2026-04-13 16:11:01 [INFO] src.master_problem: RMP LP solved — obj=5594.4787, active_cols=3
2026-04-13 16:11:01 [INFO] src.branch_and_bound: CG iter 2: obj=5594.4787  cols=17
2026-04-13 16:11:02 [INFO] src.branch_and_bound:   +1 new columns
2026-04-13 16:11:02 [INFO] src.master_problem: RMP LP solved — obj=5594.4787, active_cols=3
2026-04-13 16:11:02 [INFO] src.branch_and_bound: CG iter 3: obj=5594.4787  cols=18
2026-04-13 16:11:02 [INFO] src.branch_and_bound:   +1 new columns
2026-04-13 16:11:02 [INFO] src.master_problem: RMP LP solved — obj=5594.4787, active_cols=3
2026-04-13 16:11:02 [INFO] src.branch_and_bound: CG iter 4: obj=5594.4787  cols=19
2026-04-13 16:11:03 [INFO] src.branch_and_bound:   +1 new columns
2026-04-13 16:11:03 [INFO] src.master_problem: RMP LP solved — obj=5594.4787, active_cols=3
2026-04-13 16:11:03 [INFO] src.branch_and_bound: CG iter 5: obj=5594.4787  cols=20
2026-04-13 16:11:03 [INFO] src.branch_and_bound:   +1 new columns
2026-04-13 16:11:03 [INFO] src.master_problem: RMP LP solved — obj=5594.4787, active_cols=3
2026-04-13 16:11:03 [INFO] src.branch_and_bound: CG iter 6: obj=5594.4787  cols=21
2026-04-13 16:11:04 [INFO] src.branch_and_bound:   +1 new columns
2026-04-13 16:11:04 [INFO] src.master_problem: RMP LP solved — obj=5594.4787, active_cols=3
2026-04-13 16:11:04 [INFO] src.branch_and_bound: CG iter 7: obj=5594.4787  cols=22
2026-04-13 16:11:04 [INFO] src.branch_and_bound:   +1 new columns
2026-04-13 16:11:04 [INFO] src.master_problem: RMP LP solved — obj=5594.4787, active_cols=3
2026-04-13 16:11:04 [INFO] src.branch_and_bound: CG iter 8: obj=5594.4787  cols=23
2026-04-13 16:11:05 [INFO] src.branch_and_bound:   +1 new columns
2026-04-13 16:11:05 [INFO] src.master_problem: RMP LP solved — obj=5594.4787, active_cols=3
2026-04-13 16:11:05 [INFO] src.branch_and_bound: CG iter 9: obj=5594.4787  cols=24
2026-04-13 16:11:05 [INFO] src.branch_and_bound:   +1 new columns
2026-04-13 16:11:05 [INFO] src.master_problem: RMP LP solved — obj=5594.4787, active_cols=3
2026-04-13 16:11:05 [INFO] src.branch_and_bound: CG iter 10: obj=5594.4787  cols=25
2026-04-13 16:11:06 [INFO] src.branch_and_bound:   +1 new columns
2026-04-13 16:11:06 [INFO] src.master_problem: RMP LP solved — obj=5594.4787, active_cols=3
2026-04-13 16:11:06 [INFO] src.branch_and_bound: CG iter 11: obj=5594.4787  cols=26
2026-04-13 16:11:06 [INFO] src.branch_and_bound:   +1 new columns
2026-04-13 16:11:06 [INFO] src.master_problem: RMP LP solved — obj=5594.4787, active_cols=3
2026-04-13 16:11:06 [INFO] src.branch_and_bound: CG iter 12: obj=5594.4787  cols=27
2026-04-13 16:11:07 [INFO] src.branch_and_bound:   +1 new columns
2026-04-13 16:11:07 [INFO] src.master_problem: RMP LP solved — obj=5594.4787, active_cols=3
2026-04-13 16:11:07 [INFO] src.branch_and_bound: CG iter 13: obj=5594.4787  cols=28
2026-04-13 16:11:08 [INFO] src.branch_and_bound:   +1 new columns
2026-04-13 16:11:08 [INFO] src.master_problem: RMP LP solved — obj=5594.4787, active_cols=3
2026-04-13 16:11:08 [INFO] src.branch_and_bound: CG iter 14: obj=5594.4787  cols=29
2026-04-13 16:11:08 [INFO] src.branch_and_bound:   +1 new columns
2026-04-13 16:11:08 [INFO] src.master_problem: RMP LP solved — obj=5594.4787, active_cols=3
2026-04-13 16:11:08 [INFO] src.branch_and_bound: CG iter 15: obj=5594.4787  cols=30
2026-04-13 16:11:09 [INFO] src.branch_and_bound:   +1 new columns
2026-04-13 16:11:09 [INFO] src.master_problem: RMP LP solved — obj=5594.4787, active_cols=3
2026-04-13 16:11:09 [INFO] src.branch_and_bound: CG iter 16: obj=5594.4787  cols=31
2026-04-13 16:11:09 [INFO] src.branch_and_bound:   +1 new columns
2026-04-13 16:11:09 [INFO] src.master_problem: RMP LP solved — obj=5594.4787, active_cols=3
2026-04-13 16:11:09 [INFO] src.branch_and_bound: CG iter 17: obj=5594.4787  cols=32
2026-04-13 16:11:10 [INFO] src.branch_and_bound:   +1 new columns
2026-04-13 16:11:10 [INFO] src.master_problem: RMP LP solved — obj=5594.4787, active_cols=3
2026-04-13 16:11:10 [INFO] src.branch_and_bound: CG iter 18: obj=5594.4787  cols=33
2026-04-13 16:11:10 [INFO] src.branch_and_bound:   +1 new columns
2026-04-13 16:11:10 [INFO] src.master_problem: RMP LP solved — obj=5594.4787, active_cols=3
2026-04-13 16:11:10 [INFO] src.branch_and_bound: CG iter 19: obj=5594.4787  cols=34
2026-04-13 16:11:11 [INFO] src.branch_and_bound:   +1 new columns
2026-04-13 16:11:11 [INFO] src.master_problem: RMP LP solved — obj=5594.4787, active_cols=3
2026-04-13 16:11:11 [INFO] src.branch_and_bound: CG iter 20: obj=5594.4787  cols=35
2026-04-13 16:11:11 [INFO] src.branch_and_bound:   +1 new columns
2026-04-13 16:11:11 [INFO] src.master_problem: RMP LP solved — obj=5594.4787, active_cols=3
2026-04-13 16:11:11 [INFO] src.branch_and_bound: CG iter 21: obj=5594.4787  cols=36
2026-04-13 16:11:12 [INFO] src.branch_and_bound:   +1 new columns
2026-04-13 16:11:12 [INFO] src.master_problem: RMP LP solved — obj=5594.4787, active_cols=3
2026-04-13 16:11:12 [INFO] src.branch_and_bound: CG iter 22: obj=5594.4787  cols=37
2026-04-13 16:11:12 [INFO] src.branch_and_bound:   +1 new columns
2026-04-13 16:11:12 [INFO] src.master_problem: RMP LP solved — obj=5594.4787, active_cols=3
2026-04-13 16:11:12 [INFO] src.branch_and_bound: CG iter 23: obj=5594.4787  cols=38
2026-04-13 16:11:13 [INFO] src.branch_and_bound:   +1 new columns
2026-04-13 16:11:13 [INFO] src.master_problem: RMP LP solved — obj=5594.4787, active_cols=3
2026-04-13 16:11:13 [INFO] src.branch_and_bound: CG iter 24: obj=5594.4787  cols=39
2026-04-13 16:11:13 [INFO] src.branch_and_bound:   +1 new columns
2026-04-13 16:11:13 [INFO] src.master_problem: RMP LP solved — obj=5594.4787, active_cols=3
2026-04-13 16:11:13 [INFO] src.branch_and_bound: CG iter 25: obj=5594.4787  cols=40
2026-04-13 16:11:14 [INFO] src.branch_and_bound:   +1 new columns
2026-04-13 16:11:14 [INFO] src.master_problem: RMP LP solved — obj=5594.4787, active_cols=3
2026-04-13 16:11:14 [INFO] src.branch_and_bound: CG iter 26: obj=5594.4787  cols=41
2026-04-13 16:11:14 [INFO] src.branch_and_bound:   +1 new columns
2026-04-13 16:11:14 [INFO] src.master_problem: RMP LP solved — obj=5594.4787, active_cols=3
2026-04-13 16:11:14 [INFO] src.branch_and_bound: CG iter 27: obj=5594.4787  cols=42
2026-04-13 16:11:15 [INFO] src.branch_and_bound:   +1 new columns
2026-04-13 16:11:15 [INFO] src.master_problem: RMP LP solved — obj=5594.4787, active_cols=3
2026-04-13 16:11:15 [INFO] src.branch_and_bound: CG iter 28: obj=5594.4787  cols=43
2026-04-13 16:11:15 [INFO] src.branch_and_bound:   +1 new columns
2026-04-13 16:11:15 [INFO] src.master_problem: RMP LP solved — obj=5594.4787, active_cols=3
2026-04-13 16:11:15 [INFO] src.branch_and_bound: CG iter 29: obj=5594.4787  cols=44
2026-04-13 16:11:16 [INFO] src.branch_and_bound:   +1 new columns
2026-04-13 16:11:16 [INFO] src.master_problem: RMP LP solved — obj=5594.4787, active_cols=3
2026-04-13 16:11:16 [INFO] src.branch_and_bound: CG iter 30: obj=5594.4787  cols=45
2026-04-13 16:11:16 [INFO] src.branch_and_bound:   +1 new columns
2026-04-13 16:11:16 [INFO] src.master_problem: RMP LP solved — obj=5594.4787, active_cols=3
2026-04-13 16:11:16 [INFO] src.branch_and_bound: CG iter 31: obj=5594.4787  cols=46
2026-04-13 16:11:17 [INFO] src.branch_and_bound:   +1 new columns
2026-04-13 16:11:17 [INFO] src.master_problem: RMP LP solved — obj=5594.4787, active_cols=3
2026-04-13 16:11:17 [INFO] src.branch_and_bound: CG iter 32: obj=5594.4787  cols=47
2026-04-13 16:11:17 [INFO] src.branch_and_bound:   +1 new columns
2026-04-13 16:11:17 [INFO] src.master_problem: RMP LP solved — obj=5594.4787, active_cols=3
2026-04-13 16:11:17 [INFO] src.branch_and_bound: CG iter 33: obj=5594.4787  cols=48
2026-04-13 16:11:18 [INFO] src.branch_and_bound:   +1 new columns
2026-04-13 16:11:18 [INFO] src.master_problem: RMP LP solved — obj=5594.4787, active_cols=3
2026-04-13 16:11:18 [INFO] src.branch_and_bound: CG iter 34: obj=5594.4787  cols=49
2026-04-13 16:11:18 [INFO] src.branch_and_bound:   +1 new columns
2026-04-13 16:11:18 [INFO] src.master_problem: RMP LP solved — obj=5594.4787, active_cols=3
2026-04-13 16:11:18 [INFO] src.branch_and_bound: CG iter 35: obj=5594.4787  cols=50
2026-04-13 16:11:19 [INFO] src.branch_and_bound:   +1 new columns
2026-04-13 16:11:19 [INFO] src.master_problem: RMP LP solved — obj=5594.4787, active_cols=3
2026-04-13 16:11:19 [INFO] src.branch_and_bound: CG iter 36: obj=5594.4787  cols=51
2026-04-13 16:11:19 [INFO] src.branch_and_bound:   +1 new columns
2026-04-13 16:11:19 [INFO] src.master_problem: RMP LP solved — obj=5594.4787, active_cols=3
2026-04-13 16:11:19 [INFO] src.branch_and_bound: CG iter 37: obj=5594.4787  cols=52
2026-04-13 16:11:20 [INFO] src.branch_and_bound:   +1 new columns
2026-04-13 16:11:20 [INFO] src.master_problem: RMP LP solved — obj=5594.4787, active_cols=3
2026-04-13 16:11:20 [INFO] src.branch_and_bound: CG iter 38: obj=5594.4787  cols=53
2026-04-13 16:11:20 [INFO] src.branch_and_bound:   +1 new columns
2026-04-13 16:11:20 [INFO] src.master_problem: RMP LP solved — obj=5594.4787, active_cols=3
2026-04-13 16:11:20 [INFO] src.branch_and_bound: CG iter 39: obj=5594.4787  cols=54
2026-04-13 16:11:21 [INFO] src.branch_and_bound:   +1 new columns
2026-04-13 16:11:21 [INFO] src.master_problem: RMP LP solved — obj=5594.4787, active_cols=3
2026-04-13 16:11:21 [INFO] src.branch_and_bound: CG iter 40: obj=5594.4787  cols=55
2026-04-13 16:11:21 [INFO] src.branch_and_bound:   +1 new columns
2026-04-13 16:11:21 [INFO] src.master_problem: RMP LP solved — obj=5594.4787, active_cols=3
2026-04-13 16:11:21 [INFO] src.branch_and_bound: CG iter 41: obj=5594.4787  cols=56
2026-04-13 16:11:22 [INFO] src.branch_and_bound:   +1 new columns
2026-04-13 16:11:22 [INFO] src.master_problem: RMP LP solved — obj=5594.4787, active_cols=3
2026-04-13 16:11:22 [INFO] src.branch_and_bound: CG iter 42: obj=5594.4787  cols=57
2026-04-13 16:11:22 [INFO] src.branch_and_bound:   +1 new columns
2026-04-13 16:11:22 [INFO] src.master_problem: RMP LP solved — obj=5594.4787, active_cols=3
2026-04-13 16:11:22 [INFO] src.branch_and_bound: CG iter 43: obj=5594.4787  cols=58
2026-04-13 16:11:23 [INFO] src.branch_and_bound:   +1 new columns
2026-04-13 16:11:23 [INFO] src.master_problem: RMP LP solved — obj=5594.4787, active_cols=3
2026-04-13 16:11:23 [INFO] src.branch_and_bound: CG iter 44: obj=5594.4787  cols=59
2026-04-13 16:11:24 [INFO] src.branch_and_bound:   +1 new columns
2026-04-13 16:11:24 [INFO] src.master_problem: RMP LP solved — obj=5594.4787, active_cols=3
2026-04-13 16:11:24 [INFO] src.branch_and_bound: CG iter 45: obj=5594.4787  cols=60
2026-04-13 16:11:24 [INFO] src.branch_and_bound:   +1 new columns
2026-04-13 16:11:24 [INFO] src.master_problem: RMP LP solved — obj=5594.4787, active_cols=3
2026-04-13 16:11:24 [INFO] src.branch_and_bound: CG iter 46: obj=5594.4787  cols=61
2026-04-13 16:11:25 [INFO] src.branch_and_bound:   +1 new columns
2026-04-13 16:11:25 [INFO] src.master_problem: RMP LP solved — obj=5594.4787, active_cols=3
2026-04-13 16:11:25 [INFO] src.branch_and_bound: CG iter 47: obj=5594.4787  cols=62
2026-04-13 16:11:25 [INFO] src.branch_and_bound:   +1 new columns
2026-04-13 16:11:25 [INFO] src.master_problem: RMP LP solved — obj=5594.4787, active_cols=3
2026-04-13 16:11:25 [INFO] src.branch_and_bound: CG iter 48: obj=5594.4787  cols=63
2026-04-13 16:11:25 [INFO] src.branch_and_bound:   +1 new columns
2026-04-13 16:11:25 [INFO] src.master_problem: RMP LP solved — obj=5594.4787, active_cols=3
2026-04-13 16:11:26 [INFO] src.branch_and_bound: CG iter 49: obj=5594.4787  cols=64
2026-04-13 16:11:26 [INFO] src.branch_and_bound:   +1 new columns
2026-04-13 16:11:26 [INFO] src.master_problem: RMP LP solved — obj=5594.4787, active_cols=3
2026-04-13 16:11:26 [INFO] src.branch_and_bound: CG iter 50: obj=5594.4787  cols=65
2026-04-13 16:11:26 [INFO] src.branch_and_bound:   +1 new columns
2026-04-13 16:11:26 [INFO] src.master_problem: RMP LP solved — obj=5594.4787, active_cols=3
2026-04-13 16:11:27 [INFO] src.branch_and_bound: CG iter 51: obj=5594.4787  cols=66
2026-04-13 16:11:27 [INFO] src.branch_and_bound:   +1 new columns
2026-04-13 16:11:27 [INFO] src.master_problem: RMP LP solved — obj=5594.4787, active_cols=3
2026-04-13 16:11:27 [INFO] src.branch_and_bound: CG iter 52: obj=5594.4787  cols=67
2026-04-13 16:11:28 [INFO] src.branch_and_bound:   +1 new columns
2026-04-13 16:11:28 [INFO] src.master_problem: RMP LP solved — obj=5594.4787, active_cols=3
2026-04-13 16:11:28 [INFO] src.branch_and_bound: CG iter 53: obj=5594.4787  cols=68
2026-04-13 16:11:28 [INFO] src.branch_and_bound:   +1 new columns
2026-04-13 16:11:28 [INFO] src.master_problem: RMP LP solved — obj=5594.4787, active_cols=3
2026-04-13 16:11:28 [INFO] src.branch_and_bound: CG iter 54: obj=5594.4787  cols=69
2026-04-13 16:11:29 [INFO] src.branch_and_bound:   +1 new columns
2026-04-13 16:11:29 [INFO] src.master_problem: RMP LP solved — obj=5594.4787, active_cols=3
2026-04-13 16:11:29 [INFO] src.branch_and_bound: CG iter 55: obj=5594.4787  cols=70
2026-04-13 16:11:30 [INFO] src.branch_and_bound:   +1 new columns
2026-04-13 16:11:30 [INFO] src.master_problem: RMP LP solved — obj=5594.4787, active_cols=3
2026-04-13 16:11:30 [INFO] src.branch_and_bound: CG iter 56: obj=5594.4787  cols=71
2026-04-13 16:11:30 [INFO] src.branch_and_bound:   +1 new columns
2026-04-13 16:11:30 [INFO] src.master_problem: RMP LP solved — obj=5594.4787, active_cols=3
2026-04-13 16:11:30 [INFO] src.branch_and_bound: CG iter 57: obj=5594.4787  cols=72
2026-04-13 16:11:31 [WARNING] src.pricing_orchestrator: POMO failed 3 strikes → DP fallback (call 1 / 58).
2026-04-13 16:11:38 [WARNING] src.dp_solver: DP solver hit label limit (100000) for AUV.
2026-04-13 16:11:45 [WARNING] src.dp_solver: DP solver hit label limit (100000) for 4w.
2026-04-13 16:11:52 [WARNING] src.dp_solver: DP solver hit label limit (100000) for 6w.
2026-04-13 16:12:00 [WARNING] src.dp_solver: DP solver hit label limit (100000) for 10w.
2026-04-13 16:12:07 [WARNING] src.dp_solver: DP solver hit label limit (100000) for 40ft.
2026-04-13 16:12:07 [INFO] src.branch_and_bound:   +1 new columns
2026-04-13 16:12:07 [INFO] src.master_problem: RMP LP solved — obj=5594.4787, active_cols=3
2026-04-13 16:12:07 [INFO] src.branch_and_bound: CG iter 58: obj=5594.4787  cols=73
2026-04-13 16:12:08 [INFO] src.branch_and_bound:   +1 new columns
2026-04-13 16:12:08 [INFO] src.master_problem: RMP LP solved — obj=5594.4787, active_cols=3
2026-04-13 16:12:08 [INFO] src.branch_and_bound: CG iter 59: obj=5594.4787  cols=74
2026-04-13 16:12:09 [INFO] src.branch_and_bound:   +1 new columns
2026-04-13 16:12:09 [INFO] src.master_problem: RMP LP solved — obj=5594.4787, active_cols=3
2026-04-13 16:12:09 [INFO] src.branch_and_bound: CG iter 60: obj=5594.4787  cols=75
2026-04-13 16:12:10 [INFO] src.branch_and_bound:   +1 new columns
2026-04-13 16:12:10 [INFO] src.master_problem: RMP LP solved — obj=5594.4787, active_cols=3
2026-04-13 16:12:10 [INFO] src.branch_and_bound: CG iter 61: obj=5594.4787  cols=76
2026-04-13 16:12:11 [INFO] src.branch_and_bound:   +1 new columns
2026-04-13 16:12:11 [INFO] src.master_problem: RMP LP solved — obj=5594.4787, active_cols=3
2026-04-13 16:12:11 [INFO] src.branch_and_bound: CG iter 62: obj=5594.4787  cols=77
2026-04-13 16:12:11 [INFO] src.branch_and_bound:   +1 new columns
2026-04-13 16:12:11 [INFO] src.master_problem: RMP LP solved — obj=5594.4787, active_cols=3
2026-04-13 16:12:11 [INFO] src.branch_and_bound: CG iter 63: obj=5594.4787  cols=78
2026-04-13 16:12:12 [INFO] src.branch_and_bound:   +1 new columns
2026-04-13 16:12:12 [INFO] src.master_problem: RMP LP solved — obj=5594.4787, active_cols=3
2026-04-13 16:12:12 [INFO] src.branch_and_bound: CG iter 64: obj=5594.4787  cols=79
2026-04-13 16:12:13 [INFO] src.branch_and_bound:   +1 new columns
2026-04-13 16:12:13 [INFO] src.master_problem: RMP LP solved — obj=5594.4787, active_cols=3
2026-04-13 16:12:13 [INFO] src.branch_and_bound: CG iter 65: obj=5594.4787  cols=80
2026-04-13 16:12:14 [WARNING] src.pricing_orchestrator: POMO failed 3 strikes → DP fallback (call 2 / 66).
2026-04-13 16:12:21 [WARNING] src.dp_solver: DP solver hit label limit (100000) for AUV.
2026-04-13 16:12:26 [WARNING] src.dp_solver: DP solver hit label limit (100000) for 4w.
2026-04-13 16:12:32 [WARNING] src.dp_solver: DP solver hit label limit (100000) for 6w.
2026-04-13 16:12:39 [WARNING] src.dp_solver: DP solver hit label limit (100000) for 10w.
2026-04-13 16:12:45 [WARNING] src.dp_solver: DP solver hit label limit (100000) for 40ft.
2026-04-13 16:12:45 [INFO] src.branch_and_bound:   +1 new columns
2026-04-13 16:12:45 [INFO] src.master_problem: RMP LP solved — obj=5594.4787, active_cols=3
2026-04-13 16:12:45 [INFO] src.branch_and_bound: CG iter 66: obj=5594.4787  cols=81
2026-04-13 16:12:46 [WARNING] src.pricing_orchestrator: POMO failed 3 strikes → DP fallback (call 3 / 67).
2026-04-13 16:12:52 [WARNING] src.dp_solver: DP solver hit label limit (100000) for AUV.
2026-04-13 16:12:58 [WARNING] src.dp_solver: DP solver hit label limit (100000) for 4w.
2026-04-13 16:13:04 [WARNING] src.dp_solver: DP solver hit label limit (100000) for 6w.
2026-04-13 16:13:10 [WARNING] src.dp_solver: DP solver hit label limit (100000) for 10w.
2026-04-13 16:13:16 [WARNING] src.dp_solver: DP solver hit label limit (100000) for 40ft.
2026-04-13 16:13:16 [INFO] src.branch_and_bound:   +1 new columns
2026-04-13 16:13:16 [INFO] src.master_problem: RMP LP solved — obj=5594.4787, active_cols=3
2026-04-13 16:13:17 [INFO] src.branch_and_bound: CG iter 67: obj=5594.4787  cols=82
2026-04-13 16:13:17 [INFO] src.branch_and_bound:   +1 new columns
2026-04-13 16:13:17 [INFO] src.master_problem: RMP LP solved — obj=5594.4787, active_cols=3
2026-04-13 16:13:17 [INFO] src.branch_and_bound: CG iter 68: obj=5594.4787  cols=83
2026-04-13 16:13:18 [WARNING] src.pricing_orchestrator: POMO failed 3 strikes → DP fallback (call 4 / 69).
2026-04-13 16:13:24 [WARNING] src.dp_solver: DP solver hit label limit (100000) for AUV.
2026-04-13 16:13:30 [WARNING] src.dp_solver: DP solver hit label limit (100000) for 4w.
2026-04-13 16:13:36 [WARNING] src.dp_solver: DP solver hit label limit (100000) for 6w.
2026-04-13 16:13:42 [WARNING] src.dp_solver: DP solver hit label limit (100000) for 10w.
2026-04-13 16:13:48 [WARNING] src.dp_solver: DP solver hit label limit (100000) for 40ft.
2026-04-13 16:13:48 [INFO] src.branch_and_bound:   +1 new columns
2026-04-13 16:13:48 [INFO] src.master_problem: RMP LP solved — obj=5594.4787, active_cols=3
2026-04-13 16:13:48 [INFO] src.branch_and_bound: CG iter 69: obj=5594.4787  cols=84
2026-04-13 16:13:49 [INFO] src.branch_and_bound:   +1 new columns
2026-04-13 16:13:49 [INFO] src.master_problem: RMP LP solved — obj=5594.4787, active_cols=3
2026-04-13 16:13:49 [INFO] src.branch_and_bound: CG iter 70: obj=5594.4787  cols=85
2026-04-13 16:13:49 [INFO] src.branch_and_bound:   +1 new columns
2026-04-13 16:13:49 [INFO] src.master_problem: RMP LP solved — obj=5594.4787, active_cols=3
2026-04-13 16:13:49 [INFO] src.branch_and_bound: CG iter 71: obj=5594.4787  cols=86
2026-04-13 16:13:50 [INFO] src.branch_and_bound:   +1 new columns
2026-04-13 16:13:50 [INFO] src.master_problem: RMP LP solved — obj=5594.4787, active_cols=3
2026-04-13 16:13:50 [INFO] src.branch_and_bound: CG iter 72: obj=5594.4787  cols=87
2026-04-13 16:13:50 [INFO] src.branch_and_bound:   +1 new columns
2026-04-13 16:13:50 [INFO] src.master_problem: RMP LP solved — obj=5594.4787, active_cols=3
2026-04-13 16:13:50 [INFO] src.branch_and_bound: CG iter 73: obj=5594.4787  cols=88
2026-04-13 16:13:50 [INFO] src.branch_and_bound:   +1 new columns
2026-04-13 16:13:50 [INFO] src.master_problem: RMP LP solved — obj=5594.4787, active_cols=3
2026-04-13 16:13:51 [INFO] src.branch_and_bound: CG iter 74: obj=5594.4787  cols=89
2026-04-13 16:13:51 [INFO] src.branch_and_bound:   +1 new columns
2026-04-13 16:13:51 [INFO] src.master_problem: RMP LP solved — obj=5594.4787, active_cols=3
2026-04-13 16:13:51 [INFO] src.branch_and_bound: CG iter 75: obj=5594.4787  cols=90
2026-04-13 16:13:51 [INFO] src.branch_and_bound:   +1 new columns
2026-04-13 16:13:51 [INFO] src.master_problem: RMP LP solved — obj=5594.4787, active_cols=3
2026-04-13 16:13:51 [INFO] src.branch_and_bound: CG iter 76: obj=5594.4787  cols=91
2026-04-13 16:13:52 [INFO] src.branch_and_bound:   +1 new columns
2026-04-13 16:13:52 [INFO] src.master_problem: RMP LP solved — obj=5594.4787, active_cols=3
2026-04-13 16:13:52 [INFO] src.branch_and_bound: CG iter 77: obj=5594.4787  cols=92
2026-04-13 16:13:53 [INFO] src.branch_and_bound:   +1 new columns
2026-04-13 16:13:53 [INFO] src.master_problem: RMP LP solved — obj=5594.4787, active_cols=3
2026-04-13 16:13:53 [INFO] src.branch_and_bound: CG iter 78: obj=5594.4787  cols=93
2026-04-13 16:13:54 [INFO] src.branch_and_bound:   +1 new columns
2026-04-13 16:13:54 [INFO] src.master_problem: RMP LP solved — obj=5594.4787, active_cols=3
2026-04-13 16:13:54 [INFO] src.branch_and_bound: CG iter 79: obj=5594.4787  cols=94
2026-04-13 16:13:55 [WARNING] src.pricing_orchestrator: POMO failed 3 strikes → DP fallback (call 5 / 80).
2026-04-13 16:14:01 [WARNING] src.dp_solver: DP solver hit label limit (100000) for AUV.
2026-04-13 16:14:07 [WARNING] src.dp_solver: DP solver hit label limit (100000) for 4w.
2026-04-13 16:14:13 [WARNING] src.dp_solver: DP solver hit label limit (100000) for 6w.
2026-04-13 16:14:19 [WARNING] src.dp_solver: DP solver hit label limit (100000) for 10w.
2026-04-13 16:14:25 [WARNING] src.dp_solver: DP solver hit label limit (100000) for 40ft.
2026-04-13 16:14:25 [INFO] src.branch_and_bound:   +1 new columns
2026-04-13 16:14:25 [INFO] src.master_problem: RMP LP solved — obj=5594.4787, active_cols=3
2026-04-13 16:14:25 [INFO] src.branch_and_bound: CG iter 80: obj=5594.4787  cols=95
2026-04-13 16:14:26 [WARNING] src.pricing_orchestrator: POMO failed 3 strikes → DP fallback (call 6 / 81).
2026-04-13 16:14:33 [WARNING] src.dp_solver: DP solver hit label limit (100000) for AUV.
2026-04-13 16:14:38 [WARNING] src.dp_solver: DP solver hit label limit (100000) for 4w.
2026-04-13 16:14:44 [WARNING] src.dp_solver: DP solver hit label limit (100000) for 6w.
2026-04-13 16:14:50 [WARNING] src.dp_solver: DP solver hit label limit (100000) for 10w.
2026-04-13 16:14:56 [WARNING] src.dp_solver: DP solver hit label limit (100000) for 40ft.
2026-04-13 16:14:56 [INFO] src.branch_and_bound:   +1 new columns
2026-04-13 16:14:56 [INFO] src.master_problem: RMP LP solved — obj=5594.4787, active_cols=3
2026-04-13 16:14:56 [INFO] src.branch_and_bound: CG iter 81: obj=5594.4787  cols=96
2026-04-13 16:14:57 [INFO] src.branch_and_bound:   +1 new columns
2026-04-13 16:14:57 [INFO] src.master_problem: RMP LP solved — obj=5594.4787, active_cols=3
2026-04-13 16:14:57 [INFO] src.branch_and_bound: CG iter 82: obj=5594.4787  cols=97
2026-04-13 16:14:58 [INFO] src.branch_and_bound:   +1 new columns
2026-04-13 16:14:58 [INFO] src.master_problem: RMP LP solved — obj=5594.4787, active_cols=3
2026-04-13 16:14:58 [INFO] src.branch_and_bound: CG iter 83: obj=5594.4787  cols=98
2026-04-13 16:14:59 [INFO] src.branch_and_bound:   +1 new columns
2026-04-13 16:14:59 [INFO] src.master_problem: RMP LP solved — obj=5594.4787, active_cols=3
2026-04-13 16:14:59 [INFO] src.branch_and_bound: CG iter 84: obj=5594.4787  cols=99
2026-04-13 16:14:59 [INFO] src.branch_and_bound:   +1 new columns
2026-04-13 16:14:59 [INFO] src.master_problem: RMP LP solved — obj=5594.4787, active_cols=3
2026-04-13 16:14:59 [INFO] src.branch_and_bound: CG iter 85: obj=5594.4787  cols=100
2026-04-13 16:15:00 [INFO] src.branch_and_bound:   +1 new columns
2026-04-13 16:15:00 [INFO] src.master_problem: RMP LP solved — obj=5581.8794, active_cols=12
2026-04-13 16:15:00 [INFO] src.branch_and_bound: CG iter 86: obj=5581.8794  cols=101
2026-04-13 16:15:01 [INFO] src.branch_and_bound:   +1 new columns
2026-04-13 16:15:01 [INFO] src.master_problem: RMP LP solved — obj=5581.8794, active_cols=12
2026-04-13 16:15:01 [INFO] src.branch_and_bound: CG iter 87: obj=5581.8794  cols=102
2026-04-13 16:15:01 [INFO] src.branch_and_bound:   +1 new columns
2026-04-13 16:15:01 [INFO] src.master_problem: RMP LP solved — obj=5581.8794, active_cols=12
2026-04-13 16:15:02 [INFO] src.branch_and_bound: CG iter 88: obj=5581.8794  cols=103
2026-04-13 16:15:02 [INFO] src.branch_and_bound:   +1 new columns
2026-04-13 16:15:02 [INFO] src.master_problem: RMP LP solved — obj=5581.8794, active_cols=12
2026-04-13 16:15:02 [INFO] src.branch_and_bound: CG iter 89: obj=5581.8794  cols=104
2026-04-13 16:15:03 [INFO] src.branch_and_bound:   +1 new columns
2026-04-13 16:15:03 [INFO] src.master_problem: RMP LP solved — obj=5581.8794, active_cols=12
2026-04-13 16:15:03 [INFO] src.branch_and_bound: CG iter 90: obj=5581.8794  cols=105
2026-04-13 16:15:04 [INFO] src.branch_and_bound:   +1 new columns
2026-04-13 16:15:04 [INFO] src.master_problem: RMP LP solved — obj=5581.8794, active_cols=12
2026-04-13 16:15:04 [INFO] src.branch_and_bound: CG iter 91: obj=5581.8794  cols=106
2026-04-13 16:15:05 [INFO] src.branch_and_bound:   +1 new columns
2026-04-13 16:15:05 [INFO] src.master_problem: RMP LP solved — obj=5581.8794, active_cols=12
2026-04-13 16:15:05 [INFO] src.branch_and_bound: CG iter 92: obj=5581.8794  cols=107
2026-04-13 16:15:06 [INFO] src.branch_and_bound:   +1 new columns
2026-04-13 16:15:06 [INFO] src.master_problem: RMP LP solved — obj=5581.8794, active_cols=12
2026-04-13 16:15:06 [INFO] src.branch_and_bound: CG iter 93: obj=5581.8794  cols=108
2026-04-13 16:15:07 [INFO] src.branch_and_bound:   +1 new columns
2026-04-13 16:15:07 [INFO] src.master_problem: RMP LP solved — obj=5581.8794, active_cols=12
2026-04-13 16:15:07 [INFO] src.branch_and_bound: CG iter 94: obj=5581.8794  cols=109
2026-04-13 16:15:08 [INFO] src.branch_and_bound:   +1 new columns
2026-04-13 16:15:08 [INFO] src.master_problem: RMP LP solved — obj=5581.8794, active_cols=12
2026-04-13 16:15:08 [INFO] src.branch_and_bound: CG iter 95: obj=5581.8794  cols=110
2026-04-13 16:15:09 [INFO] src.branch_and_bound:   +1 new columns
2026-04-13 16:15:09 [INFO] src.master_problem: RMP LP solved — obj=5581.8794, active_cols=12
2026-04-13 16:15:09 [INFO] src.branch_and_bound: CG iter 96: obj=5581.8794  cols=111
2026-04-13 16:15:10 [WARNING] src.pricing_orchestrator: POMO failed 3 strikes → DP fallback (call 7 / 97).
2026-04-13 16:15:17 [WARNING] src.dp_solver: DP solver hit label limit (100000) for AUV.
2026-04-13 16:15:23 [WARNING] src.dp_solver: DP solver hit label limit (100000) for 4w.
2026-04-13 16:15:29 [WARNING] src.dp_solver: DP solver hit label limit (100000) for 6w.
2026-04-13 16:15:35 [WARNING] src.dp_solver: DP solver hit label limit (100000) for 10w.
2026-04-13 16:15:41 [WARNING] src.dp_solver: DP solver hit label limit (100000) for 40ft.
2026-04-13 16:15:41 [INFO] src.branch_and_bound:   +1 new columns
2026-04-13 16:15:41 [INFO] src.master_problem: RMP LP solved — obj=5580.9630, active_cols=18
2026-04-13 16:15:41 [INFO] src.branch_and_bound: CG iter 97: obj=5580.9630  cols=112
2026-04-13 16:15:42 [INFO] src.branch_and_bound:   +1 new columns
2026-04-13 16:15:42 [INFO] src.master_problem: RMP LP solved — obj=5580.9491, active_cols=18
2026-04-13 16:15:42 [INFO] src.branch_and_bound: CG iter 98: obj=5580.9491  cols=113
2026-04-13 16:15:43 [INFO] src.branch_and_bound:   +1 new columns
2026-04-13 16:15:43 [INFO] src.master_problem: RMP LP solved — obj=5557.3747, active_cols=8
2026-04-13 16:15:43 [INFO] src.branch_and_bound: CG iter 99: obj=5557.3747  cols=114
2026-04-13 16:15:43 [INFO] src.branch_and_bound:   +1 new columns
2026-04-13 16:15:43 [INFO] src.branch_and_bound:   branching on arc (0,16)  flow=0.4286
2026-04-13 16:15:43 [INFO] src.branch_and_bound: 
=== B&B node 1  depth=1  LB=5557.3747  UB=inf ===
2026-04-13 16:15:43 [INFO] src.master_problem: RMP LP solved — obj=5594.4787, active_cols=3
2026-04-13 16:15:43 [INFO] src.branch_and_bound: CG iter 0: obj=5594.4787  cols=115
2026-04-13 16:15:44 [INFO] src.branch_and_bound:   +1 new columns
2026-04-13 16:15:44 [INFO] src.master_problem: RMP LP solved — obj=5594.4787, active_cols=3
2026-04-13 16:15:44 [INFO] src.branch_and_bound: CG iter 1: obj=5594.4787  cols=116
2026-04-13 16:15:45 [INFO] src.branch_and_bound:   +1 new columns
2026-04-13 16:15:45 [INFO] src.master_problem: RMP LP solved — obj=5594.4787, active_cols=3
2026-04-13 16:15:45 [INFO] src.branch_and_bound: CG iter 2: obj=5594.4787  cols=117
2026-04-13 16:15:45 [INFO] src.branch_and_bound:   +1 new columns
2026-04-13 16:15:45 [INFO] src.master_problem: RMP LP solved — obj=5594.4787, active_cols=3
2026-04-13 16:15:45 [INFO] src.branch_and_bound: CG iter 3: obj=5594.4787  cols=118
2026-04-13 16:15:46 [INFO] src.branch_and_bound:   +1 new columns
2026-04-13 16:15:46 [INFO] src.master_problem: RMP LP solved — obj=5594.4787, active_cols=3
2026-04-13 16:15:46 [INFO] src.branch_and_bound: CG iter 4: obj=5594.4787  cols=119
2026-04-13 16:15:46 [INFO] src.branch_and_bound:   +1 new columns
2026-04-13 16:15:46 [INFO] src.master_problem: RMP LP solved — obj=5594.4787, active_cols=3
2026-04-13 16:15:46 [INFO] src.branch_and_bound: CG iter 5: obj=5594.4787  cols=120
2026-04-13 16:15:47 [INFO] src.branch_and_bound:   +1 new columns
2026-04-13 16:15:47 [INFO] src.master_problem: RMP LP solved — obj=5594.4787, active_cols=3
2026-04-13 16:15:47 [INFO] src.branch_and_bound: CG iter 6: obj=5594.4787  cols=121
2026-04-13 16:15:47 [INFO] src.branch_and_bound:   +1 new columns
2026-04-13 16:15:47 [INFO] src.master_problem: RMP LP solved — obj=5594.4787, active_cols=3
2026-04-13 16:15:47 [INFO] src.branch_and_bound: CG iter 7: obj=5594.4787  cols=122
2026-04-13 16:15:48 [INFO] src.branch_and_bound:   +1 new columns
2026-04-13 16:15:48 [INFO] src.master_problem: RMP LP solved — obj=5594.4787, active_cols=3
2026-04-13 16:15:48 [INFO] src.branch_and_bound: CG iter 8: obj=5594.4787  cols=123
2026-04-13 16:15:48 [INFO] src.branch_and_bound:   +1 new columns
2026-04-13 16:15:48 [INFO] src.master_problem: RMP LP solved — obj=5594.4787, active_cols=3
2026-04-13 16:15:48 [INFO] src.branch_and_bound: CG iter 9: obj=5594.4787  cols=124
2026-04-13 16:15:49 [INFO] src.branch_and_bound:   +1 new columns
2026-04-13 16:15:49 [INFO] src.master_problem: RMP LP solved — obj=5594.4787, active_cols=3
2026-04-13 16:15:49 [INFO] src.branch_and_bound: CG iter 10: obj=5594.4787  cols=125
2026-04-13 16:15:50 [INFO] src.branch_and_bound:   +1 new columns
2026-04-13 16:15:50 [INFO] src.master_problem: RMP LP solved — obj=5594.4787, active_cols=3
2026-04-13 16:15:50 [INFO] src.branch_and_bound: CG iter 11: obj=5594.4787  cols=126
2026-04-13 16:15:50 [INFO] src.branch_and_bound:   +1 new columns
2026-04-13 16:15:50 [INFO] src.master_problem: RMP LP solved — obj=5594.4787, active_cols=3
2026-04-13 16:15:50 [INFO] src.branch_and_bound: CG iter 12: obj=5594.4787  cols=127
2026-04-13 16:15:51 [INFO] src.branch_and_bound:   +1 new columns
2026-04-13 16:15:51 [INFO] src.master_problem: RMP LP solved — obj=5594.4787, active_cols=3
2026-04-13 16:15:51 [INFO] src.branch_and_bound: CG iter 13: obj=5594.4787  cols=128
2026-04-13 16:15:51 [INFO] src.branch_and_bound:   +1 new columns
2026-04-13 16:15:51 [INFO] src.master_problem: RMP LP solved — obj=5594.4787, active_cols=3
2026-04-13 16:15:52 [INFO] src.branch_and_bound: CG iter 14: obj=5594.4787  cols=129
2026-04-13 16:15:53 [WARNING] src.pricing_orchestrator: POMO failed 3 strikes → DP fallback (call 8 / 115).
2026-04-13 16:15:59 [WARNING] src.dp_solver: DP solver hit label limit (100000) for AUV.
2026-04-13 16:16:05 [WARNING] src.dp_solver: DP solver hit label limit (100000) for 4w.
2026-04-13 16:16:11 [WARNING] src.dp_solver: DP solver hit label limit (100000) for 6w.
2026-04-13 16:16:16 [WARNING] src.dp_solver: DP solver hit label limit (100000) for 10w.
2026-04-13 16:16:23 [WARNING] src.dp_solver: DP solver hit label limit (100000) for 40ft.
2026-04-13 16:16:23 [INFO] src.branch_and_bound:   +1 new columns
2026-04-13 16:16:23 [INFO] src.master_problem: RMP LP solved — obj=5594.4787, active_cols=3
2026-04-13 16:16:23 [INFO] src.branch_and_bound: CG iter 15: obj=5594.4787  cols=130
2026-04-13 16:16:24 [INFO] src.branch_and_bound:   +1 new columns
2026-04-13 16:16:24 [INFO] src.master_problem: RMP LP solved — obj=5594.4787, active_cols=3
2026-04-13 16:16:24 [INFO] src.branch_and_bound: CG iter 16: obj=5594.4787  cols=131
2026-04-13 16:16:24 [INFO] src.branch_and_bound:   +1 new columns
2026-04-13 16:16:24 [INFO] src.master_problem: RMP LP solved — obj=5594.4787, active_cols=3
2026-04-13 16:16:24 [INFO] src.branch_and_bound: CG iter 17: obj=5594.4787  cols=132
2026-04-13 16:16:25 [INFO] src.branch_and_bound:   +1 new columns
2026-04-13 16:16:25 [INFO] src.master_problem: RMP LP solved — obj=5594.4787, active_cols=3
2026-04-13 16:16:25 [INFO] src.branch_and_bound: CG iter 18: obj=5594.4787  cols=133
2026-04-13 16:16:26 [INFO] src.branch_and_bound:   +1 new columns
2026-04-13 16:16:26 [INFO] src.master_problem: RMP LP solved — obj=5594.4787, active_cols=3
2026-04-13 16:16:26 [INFO] src.branch_and_bound: CG iter 19: obj=5594.4787  cols=134
2026-04-13 16:16:27 [INFO] src.branch_and_bound:   +1 new columns
2026-04-13 16:16:27 [INFO] src.master_problem: RMP LP solved — obj=5594.4787, active_cols=3
2026-04-13 16:16:27 [INFO] src.branch_and_bound: CG iter 20: obj=5594.4787  cols=135
2026-04-13 16:16:28 [INFO] src.branch_and_bound:   +1 new columns
2026-04-13 16:16:28 [INFO] src.master_problem: RMP LP solved — obj=5594.4787, active_cols=3
2026-04-13 16:16:28 [INFO] src.branch_and_bound: CG iter 21: obj=5594.4787  cols=136
2026-04-13 16:16:29 [WARNING] src.pricing_orchestrator: POMO failed 3 strikes → DP fallback (call 9 / 122).
2026-04-13 16:16:35 [WARNING] src.dp_solver: DP solver hit label limit (100000) for AUV.
2026-04-13 16:16:41 [WARNING] src.dp_solver: DP solver hit label limit (100000) for 4w.
2026-04-13 16:16:47 [WARNING] src.dp_solver: DP solver hit label limit (100000) for 6w.
2026-04-13 16:16:53 [WARNING] src.dp_solver: DP solver hit label limit (100000) for 10w.
2026-04-13 16:16:59 [WARNING] src.dp_solver: DP solver hit label limit (100000) for 40ft.
2026-04-13 16:16:59 [INFO] src.branch_and_bound:   +1 new columns
2026-04-13 16:16:59 [INFO] src.master_problem: RMP LP solved — obj=5594.4787, active_cols=3
2026-04-13 16:16:59 [INFO] src.branch_and_bound: CG iter 22: obj=5594.4787  cols=137
2026-04-13 16:17:00 [INFO] src.branch_and_bound:   +1 new columns
2026-04-13 16:17:00 [INFO] src.master_problem: RMP LP solved — obj=5594.4787, active_cols=3
2026-04-13 16:17:00 [INFO] src.branch_and_bound: CG iter 23: obj=5594.4787  cols=138
2026-04-13 16:17:01 [INFO] src.branch_and_bound:   +1 new columns
2026-04-13 16:17:01 [INFO] src.master_problem: RMP LP solved — obj=5594.4787, active_cols=3
2026-04-13 16:17:01 [INFO] src.branch_and_bound: CG iter 24: obj=5594.4787  cols=139
2026-04-13 16:17:02 [INFO] src.branch_and_bound:   +1 new columns
2026-04-13 16:17:02 [INFO] src.master_problem: RMP LP solved — obj=5594.4787, active_cols=3
2026-04-13 16:17:02 [INFO] src.branch_and_bound: CG iter 25: obj=5594.4787  cols=140
2026-04-13 16:17:03 [INFO] src.branch_and_bound: CG converged after 26 iterations.
2026-04-13 16:17:03 [INFO] src.branch_and_bound:   ★ new incumbent: cost=5594.4787
2026-04-13 16:17:03 [INFO] src.branch_and_bound: 
=== B&B node 2  depth=1  LB=5557.3747  UB=5594.4787 ===
2026-04-13 16:17:03 [INFO] src.master_problem: RMP LP solved — obj=616451.4485, active_cols=5
2026-04-13 16:17:03 [INFO] src.branch_and_bound: CG iter 0: obj=616451.4485  cols=140
2026-04-13 16:17:04 [INFO] src.branch_and_bound:   +1 new columns
2026-04-13 16:17:04 [INFO] src.master_problem: RMP LP solved — obj=20034.0749, active_cols=6
2026-04-13 16:17:04 [INFO] src.branch_and_bound: CG iter 1: obj=20034.0749  cols=141
2026-04-13 16:17:04 [INFO] src.branch_and_bound:   +1 new columns
2026-04-13 16:17:04 [INFO] src.master_problem: RMP LP solved — obj=20034.0749, active_cols=6
2026-04-13 16:17:04 [INFO] src.branch_and_bound: CG iter 2: obj=20034.0749  cols=142
2026-04-13 16:17:05 [INFO] src.branch_and_bound:   +1 new columns
2026-04-13 16:17:05 [INFO] src.master_problem: RMP LP solved — obj=17638.4434, active_cols=9
2026-04-13 16:17:05 [INFO] src.branch_and_bound: CG iter 3: obj=17638.4434  cols=143
2026-04-13 16:17:05 [INFO] src.branch_and_bound:   +1 new columns
2026-04-13 16:17:05 [INFO] src.master_problem: RMP LP solved — obj=15621.2216, active_cols=9
2026-04-13 16:17:05 [INFO] src.branch_and_bound: CG iter 4: obj=15621.2216  cols=144
2026-04-13 16:17:06 [INFO] src.branch_and_bound:   +1 new columns
2026-04-13 16:17:06 [INFO] src.master_problem: RMP LP solved — obj=15464.6097, active_cols=11
2026-04-13 16:17:06 [INFO] src.branch_and_bound: CG iter 5: obj=15464.6097  cols=145
2026-04-13 16:17:06 [INFO] src.branch_and_bound:   +1 new columns
2026-04-13 16:17:06 [INFO] src.master_problem: RMP LP solved — obj=15341.0482, active_cols=12
2026-04-13 16:17:06 [INFO] src.branch_and_bound: CG iter 6: obj=15341.0482  cols=146
2026-04-13 16:17:07 [INFO] src.branch_and_bound:   +1 new columns
2026-04-13 16:17:07 [INFO] src.master_problem: RMP LP solved — obj=15173.0549, active_cols=13
2026-04-13 16:17:07 [INFO] src.branch_and_bound: CG iter 7: obj=15173.0549  cols=147
2026-04-13 16:17:07 [INFO] src.branch_and_bound:   +1 new columns
2026-04-13 16:17:07 [INFO] src.master_problem: RMP LP solved — obj=15104.1093, active_cols=14
2026-04-13 16:17:07 [INFO] src.branch_and_bound: CG iter 8: obj=15104.1093  cols=148
2026-04-13 16:17:07 [INFO] src.branch_and_bound:   +1 new columns
2026-04-13 16:17:07 [INFO] src.master_problem: RMP LP solved — obj=14772.6667, active_cols=16
2026-04-13 16:17:08 [INFO] src.branch_and_bound: CG iter 9: obj=14772.6667  cols=149
2026-04-13 16:17:08 [INFO] src.branch_and_bound:   +1 new columns
2026-04-13 16:17:08 [INFO] src.master_problem: RMP LP solved — obj=14365.0719, active_cols=15
2026-04-13 16:17:08 [INFO] src.branch_and_bound: CG iter 10: obj=14365.0719  cols=150
2026-04-13 16:17:08 [INFO] src.branch_and_bound:   +1 new columns
2026-04-13 16:17:08 [INFO] src.master_problem: RMP LP solved — obj=14264.0867, active_cols=16
2026-04-13 16:17:08 [INFO] src.branch_and_bound: CG iter 11: obj=14264.0867  cols=151
2026-04-13 16:17:09 [INFO] src.branch_and_bound:   +1 new columns
2026-04-13 16:17:09 [INFO] src.master_problem: RMP LP solved — obj=13998.0549, active_cols=17
2026-04-13 16:17:09 [INFO] src.branch_and_bound: CG iter 12: obj=13998.0549  cols=152
2026-04-13 16:17:09 [INFO] src.branch_and_bound:   +1 new columns
2026-04-13 16:17:09 [INFO] src.master_problem: RMP LP solved — obj=13911.5864, active_cols=17
2026-04-13 16:17:09 [INFO] src.branch_and_bound: CG iter 13: obj=13911.5864  cols=153
2026-04-13 16:17:10 [INFO] src.branch_and_bound:   +1 new columns
2026-04-13 16:17:10 [INFO] src.master_problem: RMP LP solved — obj=13790.7522, active_cols=17
2026-04-13 16:17:10 [INFO] src.branch_and_bound: CG iter 14: obj=13790.7522  cols=154
2026-04-13 16:17:10 [INFO] src.branch_and_bound:   +1 new columns
2026-04-13 16:17:10 [INFO] src.master_problem: RMP LP solved — obj=13731.5504, active_cols=18
2026-04-13 16:17:10 [INFO] src.branch_and_bound: CG iter 15: obj=13731.5504  cols=155
2026-04-13 16:17:11 [INFO] src.branch_and_bound:   +1 new columns
2026-04-13 16:17:11 [INFO] src.master_problem: RMP LP solved — obj=13649.9312, active_cols=19
2026-04-13 16:17:11 [INFO] src.branch_and_bound: CG iter 16: obj=13649.9312  cols=156
2026-04-13 16:17:11 [INFO] src.branch_and_bound:   +1 new columns
2026-04-13 16:17:11 [INFO] src.master_problem: RMP LP solved — obj=13600.8422, active_cols=21
2026-04-13 16:17:11 [INFO] src.branch_and_bound: CG iter 17: obj=13600.8422  cols=157
2026-04-13 16:17:12 [INFO] src.branch_and_bound:   +1 new columns
2026-04-13 16:17:12 [INFO] src.master_problem: RMP LP solved — obj=13459.1803, active_cols=19
2026-04-13 16:17:12 [INFO] src.branch_and_bound: CG iter 18: obj=13459.1803  cols=158
2026-04-13 16:17:12 [INFO] src.branch_and_bound:   +1 new columns
2026-04-13 16:17:12 [INFO] src.master_problem: RMP LP solved — obj=13346.7847, active_cols=21
2026-04-13 16:17:13 [INFO] src.branch_and_bound: CG iter 19: obj=13346.7847  cols=159
2026-04-13 16:17:13 [INFO] src.branch_and_bound:   +1 new columns
2026-04-13 16:17:13 [INFO] src.master_problem: RMP LP solved — obj=13340.4622, active_cols=22
2026-04-13 16:17:13 [INFO] src.branch_and_bound: CG iter 20: obj=13340.4622  cols=160
2026-04-13 16:17:14 [INFO] src.branch_and_bound:   +1 new columns
2026-04-13 16:17:14 [INFO] src.master_problem: RMP LP solved — obj=13013.3045, active_cols=21
2026-04-13 16:17:14 [INFO] src.branch_and_bound: CG iter 21: obj=13013.3045  cols=161
2026-04-13 16:17:14 [INFO] src.branch_and_bound:   +1 new columns
2026-04-13 16:17:14 [INFO] src.master_problem: RMP LP solved — obj=12890.9013, active_cols=20
2026-04-13 16:17:14 [INFO] src.branch_and_bound: CG iter 22: obj=12890.9013  cols=162
2026-04-13 16:17:15 [INFO] src.branch_and_bound:   +1 new columns
2026-04-13 16:17:15 [INFO] src.master_problem: RMP LP solved — obj=12820.1897, active_cols=24
2026-04-13 16:17:15 [INFO] src.branch_and_bound: CG iter 23: obj=12820.1897  cols=163
2026-04-13 16:17:15 [INFO] src.branch_and_bound:   +1 new columns
2026-04-13 16:17:15 [INFO] src.master_problem: RMP LP solved — obj=12780.6266, active_cols=24
2026-04-13 16:17:15 [INFO] src.branch_and_bound: CG iter 24: obj=12780.6266  cols=164
2026-04-13 16:17:16 [INFO] src.branch_and_bound:   +1 new columns
2026-04-13 16:17:16 [INFO] src.master_problem: RMP LP solved — obj=12768.3316, active_cols=22
2026-04-13 16:17:16 [INFO] src.branch_and_bound: CG iter 25: obj=12768.3316  cols=165
2026-04-13 16:17:16 [INFO] src.branch_and_bound:   +1 new columns
2026-04-13 16:17:16 [INFO] src.master_problem: RMP LP solved — obj=12684.2156, active_cols=22
2026-04-13 16:17:16 [INFO] src.branch_and_bound: CG iter 26: obj=12684.2156  cols=166
2026-04-13 16:17:17 [INFO] src.branch_and_bound:   +1 new columns
2026-04-13 16:17:17 [INFO] src.master_problem: RMP LP solved — obj=12635.6410, active_cols=23
2026-04-13 16:17:17 [INFO] src.branch_and_bound: CG iter 27: obj=12635.6410  cols=167
2026-04-13 16:17:17 [INFO] src.branch_and_bound:   +1 new columns
2026-04-13 16:17:17 [INFO] src.master_problem: RMP LP solved — obj=12633.2895, active_cols=23
2026-04-13 16:17:17 [INFO] src.branch_and_bound: CG iter 28: obj=12633.2895  cols=168
2026-04-13 16:17:18 [INFO] src.branch_and_bound:   +1 new columns
2026-04-13 16:17:18 [INFO] src.master_problem: RMP LP solved — obj=12598.9439, active_cols=22
2026-04-13 16:17:18 [INFO] src.branch_and_bound: CG iter 29: obj=12598.9439  cols=169
2026-04-13 16:17:18 [INFO] src.branch_and_bound:   +1 new columns
2026-04-13 16:17:18 [INFO] src.master_problem: RMP LP solved — obj=12586.0342, active_cols=24
2026-04-13 16:17:18 [INFO] src.branch_and_bound: CG iter 30: obj=12586.0342  cols=170
2026-04-13 16:17:19 [INFO] src.branch_and_bound:   +1 new columns
2026-04-13 16:17:19 [INFO] src.master_problem: RMP LP solved — obj=12570.8565, active_cols=24
2026-04-13 16:17:19 [INFO] src.branch_and_bound: CG iter 31: obj=12570.8565  cols=171
2026-04-13 16:17:20 [INFO] src.branch_and_bound:   +1 new columns
2026-04-13 16:17:20 [INFO] src.master_problem: RMP LP solved — obj=12551.4876, active_cols=24
2026-04-13 16:17:20 [INFO] src.branch_and_bound: CG iter 32: obj=12551.4876  cols=172
2026-04-13 16:17:20 [INFO] src.branch_and_bound:   +1 new columns
2026-04-13 16:17:20 [INFO] src.master_problem: RMP LP solved — obj=12466.8668, active_cols=24
2026-04-13 16:17:20 [INFO] src.branch_and_bound: CG iter 33: obj=12466.8668  cols=173
2026-04-13 16:17:21 [INFO] src.branch_and_bound:   +1 new columns
2026-04-13 16:17:21 [INFO] src.master_problem: RMP LP solved — obj=12450.5840, active_cols=24
2026-04-13 16:17:21 [INFO] src.branch_and_bound: CG iter 34: obj=12450.5840  cols=174
2026-04-13 16:17:21 [INFO] src.branch_and_bound:   +1 new columns
2026-04-13 16:17:21 [INFO] src.master_problem: RMP LP solved — obj=12429.3699, active_cols=25
2026-04-13 16:17:21 [INFO] src.branch_and_bound: CG iter 35: obj=12429.3699  cols=175
2026-04-13 16:17:22 [INFO] src.branch_and_bound:   +1 new columns
2026-04-13 16:17:22 [INFO] src.master_problem: RMP LP solved — obj=12421.3999, active_cols=25
2026-04-13 16:17:22 [INFO] src.branch_and_bound: CG iter 36: obj=12421.3999  cols=176
2026-04-13 16:17:22 [INFO] src.branch_and_bound:   +1 new columns
2026-04-13 16:17:22 [INFO] src.master_problem: RMP LP solved — obj=12411.5215, active_cols=24
2026-04-13 16:17:22 [INFO] src.branch_and_bound: CG iter 37: obj=12411.5215  cols=177
2026-04-13 16:17:23 [INFO] src.branch_and_bound:   +1 new columns
2026-04-13 16:17:23 [INFO] src.master_problem: RMP LP solved — obj=12408.2086, active_cols=25
2026-04-13 16:17:23 [INFO] src.branch_and_bound: CG iter 38: obj=12408.2086  cols=178
2026-04-13 16:17:23 [INFO] src.branch_and_bound:   +1 new columns
2026-04-13 16:17:23 [INFO] src.master_problem: RMP LP solved — obj=12406.2091, active_cols=25
2026-04-13 16:17:23 [INFO] src.branch_and_bound: CG iter 39: obj=12406.2091  cols=179
2026-04-13 16:17:24 [INFO] src.branch_and_bound:   +1 new columns
2026-04-13 16:17:24 [INFO] src.master_problem: RMP LP solved — obj=12227.0749, active_cols=23
2026-04-13 16:17:24 [INFO] src.branch_and_bound: CG iter 40: obj=12227.0749  cols=180
2026-04-13 16:17:24 [INFO] src.branch_and_bound:   +1 new columns
2026-04-13 16:17:24 [INFO] src.master_problem: RMP LP solved — obj=12163.2517, active_cols=24
2026-04-13 16:17:25 [INFO] src.branch_and_bound: CG iter 41: obj=12163.2517  cols=181
2026-04-13 16:17:25 [INFO] src.branch_and_bound:   +1 new columns
2026-04-13 16:17:25 [INFO] src.master_problem: RMP LP solved — obj=12147.3231, active_cols=25
2026-04-13 16:17:25 [INFO] src.branch_and_bound: CG iter 42: obj=12147.3231  cols=182
2026-04-13 16:17:25 [INFO] src.branch_and_bound:   +1 new columns
2026-04-13 16:17:25 [INFO] src.master_problem: RMP LP solved — obj=12145.1418, active_cols=25
2026-04-13 16:17:26 [INFO] src.branch_and_bound: CG iter 43: obj=12145.1418  cols=183
2026-04-13 16:17:26 [INFO] src.branch_and_bound:   +1 new columns
2026-04-13 16:17:26 [INFO] src.master_problem: RMP LP solved — obj=12113.6892, active_cols=25
2026-04-13 16:17:26 [INFO] src.branch_and_bound: CG iter 44: obj=12113.6892  cols=184
2026-04-13 16:17:26 [INFO] src.branch_and_bound:   +1 new columns
2026-04-13 16:17:26 [INFO] src.master_problem: RMP LP solved — obj=12105.6604, active_cols=24
2026-04-13 16:17:26 [INFO] src.branch_and_bound: CG iter 45: obj=12105.6604  cols=185
2026-04-13 16:17:27 [INFO] src.branch_and_bound:   +1 new columns
2026-04-13 16:17:27 [INFO] src.master_problem: RMP LP solved — obj=12095.3858, active_cols=25
2026-04-13 16:17:27 [INFO] src.branch_and_bound: CG iter 46: obj=12095.3858  cols=186
2026-04-13 16:17:27 [INFO] src.branch_and_bound:   +1 new columns
2026-04-13 16:17:27 [INFO] src.master_problem: RMP LP solved — obj=12087.8591, active_cols=25
2026-04-13 16:17:28 [INFO] src.branch_and_bound: CG iter 47: obj=12087.8591  cols=187
2026-04-13 16:17:28 [INFO] src.branch_and_bound:   +1 new columns
2026-04-13 16:17:28 [INFO] src.master_problem: RMP LP solved — obj=12081.0082, active_cols=24
2026-04-13 16:17:28 [INFO] src.branch_and_bound: CG iter 48: obj=12081.0082  cols=188
2026-04-13 16:17:28 [INFO] src.branch_and_bound:   +1 new columns
2026-04-13 16:17:28 [INFO] src.master_problem: RMP LP solved — obj=12074.2866, active_cols=25
2026-04-13 16:17:29 [INFO] src.branch_and_bound: CG iter 49: obj=12074.2866  cols=189
2026-04-13 16:17:29 [INFO] src.branch_and_bound:   +1 new columns
2026-04-13 16:17:29 [INFO] src.master_problem: RMP LP solved — obj=12073.4861, active_cols=25
2026-04-13 16:17:29 [INFO] src.branch_and_bound: CG iter 50: obj=12073.4861  cols=190
2026-04-13 16:17:30 [INFO] src.branch_and_bound:   +1 new columns
2026-04-13 16:17:30 [INFO] src.master_problem: RMP LP solved — obj=12037.3018, active_cols=24
2026-04-13 16:17:30 [INFO] src.branch_and_bound: CG iter 51: obj=12037.3018  cols=191
2026-04-13 16:17:30 [INFO] src.branch_and_bound:   +1 new columns
2026-04-13 16:17:31 [INFO] src.master_problem: RMP LP solved — obj=12027.9809, active_cols=24
2026-04-13 16:17:31 [INFO] src.branch_and_bound: CG iter 52: obj=12027.9809  cols=192
2026-04-13 16:17:31 [INFO] src.branch_and_bound:   +1 new columns
2026-04-13 16:17:31 [INFO] src.master_problem: RMP LP solved — obj=11869.6843, active_cols=23
2026-04-13 16:17:31 [INFO] src.branch_and_bound: CG iter 53: obj=11869.6843  cols=193
2026-04-13 16:17:31 [INFO] src.branch_and_bound:   +1 new columns
2026-04-13 16:17:31 [INFO] src.master_problem: RMP LP solved — obj=11740.2971, active_cols=25
2026-04-13 16:17:32 [INFO] src.branch_and_bound: CG iter 54: obj=11740.2971  cols=194
2026-04-13 16:17:32 [INFO] src.branch_and_bound:   +1 new columns
2026-04-13 16:17:32 [INFO] src.master_problem: RMP LP solved — obj=11669.1884, active_cols=25
2026-04-13 16:17:32 [INFO] src.branch_and_bound: CG iter 55: obj=11669.1884  cols=195
2026-04-13 16:17:32 [INFO] src.branch_and_bound:   +1 new columns
2026-04-13 16:17:32 [INFO] src.master_problem: RMP LP solved — obj=11587.5371, active_cols=24
2026-04-13 16:17:33 [INFO] src.branch_and_bound: CG iter 56: obj=11587.5371  cols=196
2026-04-13 16:17:33 [INFO] src.branch_and_bound:   +1 new columns
2026-04-13 16:17:33 [INFO] src.master_problem: RMP LP solved — obj=11524.6063, active_cols=24
2026-04-13 16:17:33 [INFO] src.branch_and_bound: CG iter 57: obj=11524.6063  cols=197
2026-04-13 16:17:33 [INFO] src.branch_and_bound:   +1 new columns
2026-04-13 16:17:33 [INFO] src.master_problem: RMP LP solved — obj=11496.6035, active_cols=24
2026-04-13 16:17:34 [INFO] src.branch_and_bound: CG iter 58: obj=11496.6035  cols=198
2026-04-13 16:17:34 [INFO] src.branch_and_bound:   +1 new columns
2026-04-13 16:17:34 [INFO] src.master_problem: RMP LP solved — obj=11476.9221, active_cols=24
2026-04-13 16:17:34 [INFO] src.branch_and_bound: CG iter 59: obj=11476.9221  cols=199
2026-04-13 16:17:34 [INFO] src.branch_and_bound:   +1 new columns
2026-04-13 16:17:34 [INFO] src.master_problem: RMP LP solved — obj=11455.7205, active_cols=24
2026-04-13 16:17:35 [INFO] src.branch_and_bound: CG iter 60: obj=11455.7205  cols=200
2026-04-13 16:17:35 [INFO] src.branch_and_bound:   +1 new columns
2026-04-13 16:17:35 [INFO] src.master_problem: RMP LP solved — obj=11431.3392, active_cols=24
2026-04-13 16:17:35 [INFO] src.branch_and_bound: CG iter 61: obj=11431.3392  cols=201
2026-04-13 16:17:35 [INFO] src.branch_and_bound:   +1 new columns
2026-04-13 16:17:35 [INFO] src.master_problem: RMP LP solved — obj=11429.4901, active_cols=24
2026-04-13 16:17:36 [INFO] src.branch_and_bound: CG iter 62: obj=11429.4901  cols=202
2026-04-13 16:17:36 [INFO] src.branch_and_bound:   +1 new columns
2026-04-13 16:17:36 [INFO] src.master_problem: RMP LP solved — obj=11428.6518, active_cols=25
2026-04-13 16:17:36 [INFO] src.branch_and_bound: CG iter 63: obj=11428.6518  cols=203
2026-04-13 16:17:36 [INFO] src.branch_and_bound: CG converged after 64 iterations.
2026-04-13 16:17:36 [INFO] __main__: 
============================================================
2026-04-13 16:17:36 [INFO] __main__: SOLUTION SUMMARY
2026-04-13 16:17:36 [INFO] __main__: ============================================================
2026-04-13 16:17:36 [INFO] __main__: Total cost          : 5594.4787
2026-04-13 16:17:36 [INFO] __main__: Number of routes    : 3
2026-04-13 16:17:36 [INFO] __main__: B&B nodes explored  : 3
2026-04-13 16:17:36 [INFO] __main__: Total columns       : 203
2026-04-13 16:17:36 [INFO] __main__: Wall-clock time (s) : 396.68
2026-04-13 16:17:36 [INFO] __main__:   Route 2 [4w] : ['70017011', '70017337', '70017131', '70417236', '70017222', '70017203', '70017177', '70278581', '70017194', '70017084', '70017148', '70028054', '70249050', '70017116', '70017089', '70127101']  cost=1412.05
2026-04-13 16:17:36 [INFO] __main__:   Route 3 [4w] : ['70017321', '70017127', '70400118', '70288086', '70017263', '70017102', '70017185', '70017245']  cost=2215.26
2026-04-13 16:17:36 [INFO] __main__:   Route 4 [4w] : ['70283687', '70017289']  cost=1967.17
2026-04-13 16:17:37 [INFO] __main__: Results saved to D:/Uni Material/Code_Odyssey/Code/DQN/260407/results/benchmark_2522_2023-05-17_20260413_160016/pomo_rlcg\20260413_161100_2522_2023-05-17_pomo_rlcg
