Results folder created        : D:\Uni Material\Code_Odyssey\Code\DQN\SOS-DQN-POMO-CG\results\2522_2023-05-17_260512_2237_cg
Loading problem data...
Using device: cpu
Loading POMO model from d:\Uni Material\Code_Odyssey\Code\DQN\SOS-DQN-POMO-CG\results\train_20260421_204908_pomo_training\pretrained_pomo\model_epoch_200.pt...
Building initial basis with hybrid greedy heuristic...
Greedy pass left 0 customers unserved, fallback applied.
Starting Root Node Column Generation...

[Iteration 1] RMP Objective: 5594.48
[Iteration 1] POMO generated 102 negative RC columns.
[Iteration 1] Adding Columns:
  - Vehicle: 4w | RC: -2682.44 | Cost: 944.86 | Route: [0, 15, 18, 8, 2, 11, 21, 22, 9, 12, 26, 7, 0]
  - Vehicle: 4w | RC: -2667.63 | Cost: 959.68 | Route: [0, 4, 15, 18, 8, 2, 11, 21, 22, 9, 12, 26, 7, 0]
  - Vehicle: 4w | RC: -2608.51 | Cost: 1018.80 | Route: [0, 8, 2, 11, 21, 22, 9, 12, 26, 7, 15, 18, 0]
  - Vehicle: 4w | RC: -2608.11 | Cost: 1019.20 | Route: [0, 18, 7, 26, 13, 12, 22, 9, 21, 2, 8, 15, 4, 0]
  - Vehicle: 4w | RC: -2608.00 | Cost: 1019.31 | Route: [0, 1, 18, 7, 26, 13, 12, 22, 9, 21, 2, 15, 4, 0]
  - Vehicle: 4w | RC: -2596.95 | Cost: 1030.36 | Route: [0, 7, 26, 13, 12, 22, 9, 21, 11, 8, 15, 18, 0]
  - Vehicle: 4w | RC: -2591.28 | Cost: 1036.02 | Route: [0, 26, 7, 18, 8, 2, 11, 22, 9, 12, 13, 15, 4, 0]
  - Vehicle: 4w | RC: -2580.24 | Cost: 1047.06 | Route: [0, 13, 26, 7, 18, 8, 2, 11, 22, 9, 12, 15, 0]
  - Vehicle: 4w | RC: -2527.39 | Cost: 1099.91 | Route: [0, 12, 22, 9, 26, 7, 18, 15, 8, 2, 11, 0]
  - Vehicle: 4w | RC: -2484.14 | Cost: 1143.17 | Route: [0, 2, 8, 18, 7, 26, 13, 12, 22, 9, 21, 11, 15, 4, 0]
  - Vehicle: 6w | RC: -2483.20 | Cost: 1144.11 | Route: [0, 4, 15, 18, 8, 2, 11, 21, 22, 9, 12, 26, 7, 0]
  - Vehicle: 4w | RC: -2474.03 | Cost: 1153.27 | Route: [0, 11, 21, 22, 9, 12, 26, 7, 18, 15, 4, 8, 2, 0]
  - Vehicle: 6w | RC: -2428.41 | Cost: 1198.89 | Route: [0, 15, 18, 7, 26, 13, 12, 22, 9, 21, 11, 2, 8, 0]
  - Vehicle: 4w | RC: -2426.19 | Cost: 1201.11 | Route: [0, 9, 22, 12, 26, 7, 18, 8, 2, 11, 21, 19, 15, 4, 0]
  - Vehicle: 4w | RC: -2416.88 | Cost: 1210.43 | Route: [0, 21, 11, 2, 8, 18, 7, 26, 22, 9, 12, 13, 15, 4, 0]
  - Vehicle: 6w | RC: -2416.11 | Cost: 1211.20 | Route: [0, 18, 7, 26, 13, 12, 22, 9, 21, 11, 8, 15, 4, 0]
  - Vehicle: 6w | RC: -2414.29 | Cost: 1213.02 | Route: [0, 8, 2, 11, 21, 22, 9, 12, 26, 7, 15, 18, 0]
  - Vehicle: 6w | RC: -2411.98 | Cost: 1215.33 | Route: [0, 1, 18, 7, 26, 13, 12, 22, 9, 21, 2, 15, 4, 0]
  - Vehicle: 4w | RC: -2402.62 | Cost: 1224.69 | Route: [0, 22, 9, 12, 26, 7, 18, 8, 2, 11, 21, 19, 15, 4, 0]
  - Vehicle: 6w | RC: -2387.66 | Cost: 1239.64 | Route: [0, 7, 26, 13, 12, 22, 9, 21, 11, 2, 8, 15, 4, 18, 0]
  - Vehicle: 6w | RC: -2377.38 | Cost: 1249.92 | Route: [0, 26, 13, 12, 22, 9, 21, 11, 2, 8, 15, 18, 7, 0]
  - Vehicle: 6w | RC: -2370.33 | Cost: 1256.97 | Route: [0, 13, 26, 7, 18, 8, 2, 11, 22, 9, 12, 15, 4, 0]
  - Vehicle: 4w | RC: -2363.71 | Cost: 2878.90 | Route: [0, 16, 15, 18, 7, 26, 22, 12, 13, 8, 2, 1, 0]
  - Vehicle: 4w | RC: -2355.63 | Cost: 1271.67 | Route: [0, 19, 21, 11, 2, 8, 18, 7, 26, 22, 9, 12, 13, 15, 4, 0]
  - Vehicle: 4w | RC: -2343.96 | Cost: 1283.35 | Route: [0, 17, 13, 26, 7, 18, 8, 2, 11, 22, 9, 12, 15, 4, 0]
  - Vehicle: 6w | RC: -2319.79 | Cost: 1307.52 | Route: [0, 12, 22, 9, 26, 7, 18, 15, 8, 2, 11, 0]
  - Vehicle: 6w | RC: -2315.72 | Cost: 1311.58 | Route: [0, 9, 22, 12, 26, 7, 18, 15, 4, 8, 2, 11, 0]
  - Vehicle: 4w | RC: -2309.49 | Cost: 1317.81 | Route: [0, 5, 2, 8, 11, 21, 22, 9, 12, 26, 18, 15, 4, 7, 0]
  - Vehicle: 6w | RC: -2267.68 | Cost: 1359.63 | Route: [0, 2, 8, 18, 7, 26, 13, 12, 22, 9, 21, 11, 15, 4, 0]
  - Vehicle: 6w | RC: -2256.44 | Cost: 1370.87 | Route: [0, 11, 21, 22, 9, 12, 26, 7, 18, 15, 4, 8, 2, 0]
  - Vehicle: 4w | RC: -2251.53 | Cost: 1375.77 | Route: [0, 6, 13, 26, 7, 18, 8, 2, 11, 22, 9, 12, 15, 4, 0]
  - Vehicle: 6w | RC: -2189.15 | Cost: 1438.16 | Route: [0, 21, 11, 2, 8, 18, 7, 26, 22, 9, 12, 13, 15, 4, 0]
  - Vehicle: 6w | RC: -2172.58 | Cost: 1454.73 | Route: [0, 22, 9, 12, 26, 7, 18, 8, 2, 11, 21, 19, 15, 4, 0]
  - Vehicle: 10w | RC: -2163.30 | Cost: 1464.00 | Route: [0, 4, 15, 18, 8, 2, 11, 21, 22, 9, 12, 26, 7, 0]
  - Vehicle: 6w | RC: -2141.03 | Cost: 1486.27 | Route: [0, 5, 2, 8, 11, 21, 22, 9, 12, 26, 7, 15, 18, 0]
  - Vehicle: 6w | RC: -2116.93 | Cost: 1510.38 | Route: [0, 19, 21, 11, 2, 8, 18, 7, 26, 22, 9, 12, 13, 15, 4, 0]
  - Vehicle: 4w | RC: -2112.46 | Cost: 1514.85 | Route: [0, 3, 19, 21, 11, 2, 8, 18, 7, 26, 22, 9, 12, 15, 4, 1, 0]
  - Vehicle: 6w | RC: -2103.44 | Cost: 1523.87 | Route: [0, 17, 13, 26, 7, 18, 8, 2, 11, 22, 9, 12, 15, 4, 0]
  - Vehicle: 10w | RC: -2092.93 | Cost: 1534.38 | Route: [0, 15, 18, 7, 26, 13, 12, 22, 9, 21, 11, 2, 8, 0]
  - Vehicle: 10w | RC: -2077.24 | Cost: 1550.06 | Route: [0, 18, 7, 26, 13, 12, 22, 9, 21, 11, 8, 15, 4, 0]
  - Vehicle: 10w | RC: -2074.69 | Cost: 1552.61 | Route: [0, 8, 2, 11, 21, 22, 9, 12, 26, 7, 15, 18, 0]
  - Vehicle: 10w | RC: -2072.21 | Cost: 1555.10 | Route: [0, 1, 18, 7, 26, 13, 12, 22, 9, 21, 2, 15, 4, 0]
  - Vehicle: 10w | RC: -2040.84 | Cost: 1586.46 | Route: [0, 7, 26, 13, 12, 22, 9, 21, 11, 2, 8, 15, 4, 18, 0]
  - Vehicle: 10w | RC: -2027.47 | Cost: 1599.84 | Route: [0, 26, 13, 12, 22, 9, 21, 11, 2, 8, 15, 18, 7, 0]
  - Vehicle: 10w | RC: -2018.42 | Cost: 1608.88 | Route: [0, 13, 26, 7, 18, 8, 2, 11, 22, 9, 12, 15, 4, 0]
  - Vehicle: 4w | RC: -2011.20 | Cost: 1616.10 | Route: [0, 14, 19, 21, 11, 2, 8, 18, 7, 26, 22, 9, 12, 15, 4, 1, 0]
  - Vehicle: 6w | RC: -1995.53 | Cost: 1631.77 | Route: [0, 6, 13, 26, 7, 18, 8, 2, 11, 22, 9, 12, 15, 4, 0]
  - Vehicle: 4w | RC: -1982.14 | Cost: 1645.16 | Route: [0, 10, 5, 19, 21, 11, 2, 8, 18, 7, 26, 22, 9, 12, 15, 4, 0]
  - Vehicle: 4w | RC: -1974.39 | Cost: 1652.92 | Route: [0, 20, 19, 21, 11, 2, 8, 18, 7, 26, 22, 9, 12, 15, 4, 1, 0]
  - Vehicle: 40ft | RC: -1959.22 | Cost: 1668.08 | Route: [0, 4, 15, 18, 8, 2, 11, 21, 22, 9, 12, 26, 7, 0]
  - Vehicle: 10w | RC: -1953.15 | Cost: 1674.16 | Route: [0, 12, 22, 9, 26, 7, 18, 15, 8, 2, 11, 0]
  - Vehicle: 4w | RC: -1948.25 | Cost: 1679.05 | Route: [0, 25, 6, 13, 26, 7, 18, 8, 2, 11, 22, 9, 12, 15, 4, 0]
  - Vehicle: 10w | RC: -1947.99 | Cost: 1679.32 | Route: [0, 9, 22, 12, 26, 7, 18, 15, 4, 8, 2, 11, 0]
  - Vehicle: 10w | RC: -1886.62 | Cost: 1740.69 | Route: [0, 2, 8, 18, 7, 26, 13, 12, 22, 9, 21, 11, 15, 4, 0]
  - Vehicle: 40ft | RC: -1880.69 | Cost: 1746.62 | Route: [0, 15, 18, 7, 26, 13, 12, 22, 9, 21, 11, 2, 8, 0]
  - Vehicle: 10w | RC: -1872.02 | Cost: 1755.29 | Route: [0, 11, 21, 22, 9, 12, 26, 7, 18, 15, 4, 8, 2, 0]
  - Vehicle: 40ft | RC: -1862.53 | Cost: 1764.77 | Route: [0, 18, 7, 26, 13, 12, 22, 9, 21, 11, 8, 15, 4, 0]
  - Vehicle: 40ft | RC: -1860.86 | Cost: 1766.45 | Route: [0, 8, 2, 11, 21, 22, 9, 12, 26, 7, 15, 18, 0]
  - Vehicle: 40ft | RC: -1855.43 | Cost: 1771.88 | Route: [0, 1, 18, 7, 26, 13, 12, 22, 9, 21, 2, 15, 4, 0]
  - Vehicle: 6w | RC: -1854.33 | Cost: 3388.28 | Route: [0, 16, 15, 18, 7, 26, 22, 12, 13, 8, 2, 1, 0]
  - Vehicle: 4w | RC: -1848.52 | Cost: 1778.79 | Route: [0, 24, 22, 9, 12, 26, 7, 18, 15, 4, 8, 2, 0]
  - Vehicle: 6w | RC: -1831.05 | Cost: 1796.26 | Route: [0, 3, 19, 21, 11, 2, 8, 18, 7, 26, 22, 9, 12, 15, 4, 1, 0]
  - Vehicle: 40ft | RC: -1821.15 | Cost: 1806.16 | Route: [0, 7, 26, 13, 12, 22, 9, 21, 11, 2, 8, 15, 4, 18, 0]
  - Vehicle: 40ft | RC: -1812.90 | Cost: 1814.41 | Route: [0, 13, 26, 7, 18, 8, 2, 11, 22, 9, 12, 15, 0]
  - Vehicle: 40ft | RC: -1807.59 | Cost: 1819.71 | Route: [0, 2, 8, 11, 21, 22, 9, 12, 26, 7, 15, 18, 0]
  - Vehicle: 40ft | RC: -1807.15 | Cost: 1820.15 | Route: [0, 26, 13, 12, 22, 9, 21, 11, 2, 8, 15, 18, 7, 0]
  - Vehicle: 10w | RC: -1785.67 | Cost: 1841.63 | Route: [0, 21, 11, 2, 8, 18, 7, 26, 22, 9, 12, 13, 15, 4, 0]
  - Vehicle: 10w | RC: -1764.35 | Cost: 1862.96 | Route: [0, 22, 9, 12, 26, 7, 18, 8, 2, 11, 21, 19, 15, 4, 0]
  - Vehicle: 40ft | RC: -1726.02 | Cost: 1901.28 | Route: [0, 12, 22, 9, 26, 7, 18, 15, 8, 2, 11, 0]
  - Vehicle: 10w | RC: -1723.67 | Cost: 1903.63 | Route: [0, 5, 2, 8, 11, 21, 22, 9, 12, 26, 7, 15, 18, 0]
  - Vehicle: 6w | RC: -1712.62 | Cost: 1914.69 | Route: [0, 14, 19, 21, 11, 2, 8, 18, 7, 26, 22, 9, 12, 15, 4, 1, 0]
  - Vehicle: 10w | RC: -1693.03 | Cost: 1934.27 | Route: [0, 19, 21, 11, 2, 8, 18, 7, 26, 22, 9, 12, 13, 15, 4, 0]
  - Vehicle: 6w | RC: -1679.76 | Cost: 1947.55 | Route: [0, 10, 5, 19, 21, 11, 2, 8, 18, 7, 26, 22, 9, 12, 15, 4, 0]
  - Vehicle: 10w | RC: -1675.65 | Cost: 1951.65 | Route: [0, 17, 13, 26, 7, 18, 8, 2, 11, 22, 9, 12, 15, 4, 0]
  - Vehicle: 6w | RC: -1669.74 | Cost: 1957.57 | Route: [0, 20, 19, 21, 11, 2, 8, 18, 7, 26, 22, 9, 12, 15, 4, 1, 0]
  - Vehicle: 40ft | RC: -1650.09 | Cost: 1977.21 | Route: [0, 11, 21, 22, 9, 12, 26, 7, 18, 15, 8, 2, 0]
  - Vehicle: 6w | RC: -1640.28 | Cost: 1987.02 | Route: [0, 25, 6, 13, 26, 7, 18, 8, 2, 11, 22, 9, 12, 15, 4, 0]
  - Vehicle: 4w | RC: -1582.44 | Cost: 2396.73 | Route: [0, 23, 15, 18, 7, 26, 13, 12, 22, 9, 21, 2, 8, 1, 0]
  - Vehicle: 40ft | RC: -1552.90 | Cost: 2074.41 | Route: [0, 9, 22, 12, 26, 7, 18, 8, 2, 11, 21, 19, 15, 4, 0]
  - Vehicle: 40ft | RC: -1537.28 | Cost: 2090.02 | Route: [0, 21, 11, 2, 8, 18, 7, 26, 22, 9, 12, 13, 15, 4, 0]
  - Vehicle: 10w | RC: -1536.94 | Cost: 2090.36 | Route: [0, 6, 13, 26, 7, 18, 8, 2, 11, 22, 9, 12, 15, 4, 0]
  - Vehicle: 40ft | RC: -1513.70 | Cost: 2113.61 | Route: [0, 22, 9, 12, 26, 7, 18, 8, 2, 11, 21, 19, 15, 4, 0]
  - Vehicle: 6w | RC: -1471.19 | Cost: 2156.12 | Route: [0, 24, 22, 9, 12, 26, 7, 18, 15, 4, 8, 2, 11, 0]
  - Vehicle: 40ft | RC: -1433.15 | Cost: 2194.15 | Route: [0, 19, 21, 11, 2, 8, 18, 7, 26, 22, 9, 12, 13, 15, 4, 0]
  - Vehicle: 40ft | RC: -1414.05 | Cost: 2213.26 | Route: [0, 17, 13, 26, 7, 18, 8, 2, 11, 22, 9, 12, 15, 4, 0]
  - Vehicle: 10w | RC: -1326.10 | Cost: 2301.20 | Route: [0, 3, 19, 21, 11, 2, 8, 18, 7, 26, 22, 9, 12, 15, 4, 1, 0]
  - Vehicle: 40ft | RC: -1259.81 | Cost: 2367.50 | Route: [0, 6, 13, 26, 7, 18, 8, 2, 11, 22, 9, 12, 15, 4, 0]
  - Vehicle: 10w | RC: -1173.92 | Cost: 2453.39 | Route: [0, 14, 19, 21, 11, 2, 8, 18, 7, 26, 22, 9, 12, 15, 4, 1, 0]
  - Vehicle: 6w | RC: -1153.44 | Cost: 2825.73 | Route: [0, 23, 15, 18, 7, 26, 13, 12, 22, 9, 21, 2, 8, 1, 0]
  - Vehicle: 10w | RC: -1131.37 | Cost: 2495.93 | Route: [0, 10, 5, 19, 21, 11, 2, 8, 18, 7, 26, 22, 9, 12, 15, 4, 0]
  - Vehicle: 10w | RC: -1118.77 | Cost: 2508.54 | Route: [0, 20, 19, 21, 11, 2, 8, 18, 7, 26, 22, 9, 12, 15, 4, 1, 0]
  - Vehicle: 10w | RC: -1080.60 | Cost: 2546.71 | Route: [0, 25, 6, 13, 26, 7, 18, 8, 2, 11, 22, 9, 12, 15, 4, 0]
  - Vehicle: 40ft | RC: -1022.07 | Cost: 2605.23 | Route: [0, 3, 19, 21, 11, 2, 8, 18, 7, 26, 22, 9, 12, 15, 4, 1, 0]
  - Vehicle: 10w | RC: -894.69 | Cost: 4347.92 | Route: [0, 16, 15, 18, 7, 26, 22, 12, 13, 8, 2, 1, 0]
  - Vehicle: 10w | RC: -862.82 | Cost: 2764.48 | Route: [0, 24, 22, 9, 12, 26, 7, 18, 15, 4, 8, 2, 11, 0]
  - Vehicle: 40ft | RC: -852.50 | Cost: 2774.80 | Route: [0, 14, 19, 21, 11, 2, 8, 18, 7, 26, 22, 9, 12, 15, 4, 1, 0]
  - Vehicle: 40ft | RC: -791.34 | Cost: 2835.96 | Route: [0, 20, 19, 21, 11, 2, 8, 18, 7, 26, 22, 9, 12, 15, 4, 1, 0]
  - Vehicle: 40ft | RC: -750.54 | Cost: 2876.77 | Route: [0, 25, 6, 13, 26, 7, 18, 8, 2, 11, 22, 9, 12, 15, 4, 0]
  - Vehicle: 40ft | RC: -687.47 | Cost: 2939.84 | Route: [0, 10, 3, 19, 21, 11, 2, 8, 18, 7, 26, 22, 9, 12, 15, 4, 0]
  - Vehicle: 40ft | RC: -362.27 | Cost: 4880.34 | Route: [0, 16, 15, 18, 7, 26, 22, 12, 13, 8, 2, 1, 0]
  - Vehicle: 10w | RC: -354.53 | Cost: 3624.64 | Route: [0, 23, 15, 18, 7, 26, 13, 12, 22, 9, 21, 2, 8, 1, 0]
  - Vehicle: 40ft | RC: -268.84 | Cost: 3358.47 | Route: [0, 24, 22, 9, 12, 26, 7, 18, 15, 4, 8, 2, 11, 21, 19, 0]

[Iteration 2] RMP Objective: 5594.48
[Iteration 2] POMO generated 87 negative RC columns.
[Iteration 2] Adding Columns:
  - Vehicle: 4w | RC: -1947.04 | Cost: 3295.57 | Route: [0, 16, 17, 6, 24, 13, 26, 7, 18, 3, 5, 0]
  - Vehicle: 4w | RC: -1902.29 | Cost: 1725.01 | Route: [0, 17, 6, 24, 12, 26, 8, 3, 19, 2, 18, 7, 0]
  - Vehicle: 4w | RC: -1780.31 | Cost: 1846.99 | Route: [0, 3, 19, 2, 8, 18, 7, 26, 13, 12, 9, 22, 24, 6, 17, 0]
  - Vehicle: 4w | RC: -1666.12 | Cost: 1809.99 | Route: [0, 24, 17, 13, 26, 8, 3, 19, 2, 11, 21, 0]
  - Vehicle: 4w | RC: -1665.93 | Cost: 1810.18 | Route: [0, 25, 24, 17, 13, 26, 8, 3, 19, 2, 18, 7, 0]
  - Vehicle: 6w | RC: -1588.00 | Cost: 2039.31 | Route: [0, 17, 6, 24, 12, 26, 8, 3, 19, 2, 18, 7, 0]
  - Vehicle: 4w | RC: -1583.36 | Cost: 1892.75 | Route: [0, 9, 24, 17, 13, 26, 8, 3, 19, 2, 18, 7, 0]
  - Vehicle: 4w | RC: -1526.73 | Cost: 1949.38 | Route: [0, 22, 24, 17, 13, 26, 8, 3, 19, 2, 18, 7, 0]
  - Vehicle: 4w | RC: -1502.87 | Cost: 1839.16 | Route: [0, 7, 8, 2, 3, 19, 11, 21, 26, 13, 12, 9, 24, 6, 0]
  - Vehicle: 4w | RC: -1490.36 | Cost: 1851.67 | Route: [0, 13, 26, 7, 8, 3, 19, 2, 11, 21, 12, 9, 24, 6, 0]
  - Vehicle: 6w | RC: -1443.98 | Cost: 2183.32 | Route: [0, 3, 19, 2, 8, 18, 7, 26, 13, 12, 9, 22, 24, 6, 17, 0]
  - Vehicle: 4w | RC: -1437.05 | Cost: 1904.98 | Route: [0, 5, 3, 19, 2, 8, 18, 7, 26, 13, 12, 9, 22, 24, 6, 0]
  - Vehicle: 4w | RC: -1413.51 | Cost: 1928.53 | Route: [0, 21, 3, 19, 2, 8, 18, 7, 26, 13, 12, 9, 22, 24, 6, 0]
  - Vehicle: 4w | RC: -1392.50 | Cost: 1798.34 | Route: [0, 1, 18, 8, 2, 3, 19, 11, 21, 26, 13, 12, 9, 24, 0]
  - Vehicle: 6w | RC: -1368.30 | Cost: 3874.31 | Route: [0, 16, 17, 6, 24, 13, 26, 7, 18, 3, 5, 0]
  - Vehicle: 4w | RC: -1360.89 | Cost: 1981.15 | Route: [0, 14, 3, 19, 2, 8, 18, 7, 26, 13, 12, 9, 22, 24, 6, 0]
  - Vehicle: 4w | RC: -1346.96 | Cost: 1843.88 | Route: [0, 18, 8, 2, 3, 19, 11, 21, 26, 13, 12, 9, 22, 24, 0]
  - Vehicle: 4w | RC: -1344.35 | Cost: 2131.76 | Route: [0, 15, 18, 8, 2, 3, 19, 21, 11, 26, 13, 12, 7, 17, 24, 0]
  - Vehicle: 6w | RC: -1339.17 | Cost: 2136.94 | Route: [0, 24, 17, 13, 26, 8, 3, 19, 2, 11, 21, 0]
  - Vehicle: 6w | RC: -1337.59 | Cost: 2138.52 | Route: [0, 25, 24, 17, 13, 26, 8, 3, 19, 2, 18, 7, 0]
  - Vehicle: 4w | RC: -1329.32 | Cost: 2012.71 | Route: [0, 20, 3, 19, 2, 8, 18, 7, 26, 13, 12, 9, 22, 24, 6, 0]
  - Vehicle: 4w | RC: -1316.51 | Cost: 1874.33 | Route: [0, 11, 2, 3, 19, 8, 18, 7, 26, 13, 12, 9, 22, 24, 0]
  - Vehicle: 4w | RC: -1275.69 | Cost: 2066.34 | Route: [0, 10, 3, 19, 2, 8, 18, 7, 26, 13, 12, 9, 22, 24, 6, 0]
  - Vehicle: 6w | RC: -1240.60 | Cost: 2235.51 | Route: [0, 9, 24, 17, 13, 26, 8, 3, 19, 2, 18, 7, 0]
  - Vehicle: 6w | RC: -1174.28 | Cost: 2301.83 | Route: [0, 22, 24, 17, 13, 26, 8, 3, 19, 2, 18, 7, 0]
  - Vehicle: 6w | RC: -1167.75 | Cost: 2174.28 | Route: [0, 7, 8, 2, 3, 19, 11, 21, 26, 13, 12, 9, 24, 6, 0]
  - Vehicle: 6w | RC: -1153.12 | Cost: 2188.91 | Route: [0, 13, 26, 7, 8, 3, 19, 2, 11, 21, 12, 9, 24, 6, 0]
  - Vehicle: 6w | RC: -1090.78 | Cost: 2251.25 | Route: [0, 5, 3, 19, 2, 8, 18, 7, 26, 13, 12, 9, 22, 24, 6, 0]
  - Vehicle: 6w | RC: -1089.86 | Cost: 2252.17 | Route: [0, 2, 8, 3, 19, 11, 21, 26, 13, 12, 9, 22, 24, 6, 0]
  - Vehicle: 6w | RC: -1063.37 | Cost: 2127.47 | Route: [0, 1, 18, 8, 2, 3, 19, 11, 21, 26, 13, 12, 9, 24, 0]
  - Vehicle: 6w | RC: -1063.08 | Cost: 2278.95 | Route: [0, 21, 3, 19, 2, 8, 18, 7, 26, 13, 12, 9, 22, 24, 6, 0]
  - Vehicle: 10w | RC: -1013.00 | Cost: 2614.31 | Route: [0, 17, 6, 24, 12, 26, 8, 3, 19, 2, 18, 7, 0]
  - Vehicle: 6w | RC: -1011.01 | Cost: 2179.83 | Route: [0, 18, 8, 2, 3, 19, 11, 21, 26, 13, 12, 9, 22, 24, 0]
  - Vehicle: AUV | RC: -1008.97 | Cost: 2536.31 | Route: [0, 16, 6, 24, 12, 7, 18, 8, 21, 0]
  - Vehicle: 6w | RC: -1001.91 | Cost: 2340.12 | Route: [0, 14, 3, 19, 2, 8, 18, 7, 26, 13, 12, 9, 22, 24, 6, 0]
  - Vehicle: 6w | RC: -975.56 | Cost: 2215.28 | Route: [0, 11, 2, 3, 19, 8, 18, 7, 26, 13, 12, 9, 22, 24, 0]
  - Vehicle: 6w | RC: -965.18 | Cost: 2376.85 | Route: [0, 20, 3, 19, 2, 8, 18, 7, 26, 13, 12, 9, 22, 24, 6, 0]
  - Vehicle: 6w | RC: -958.70 | Cost: 2517.41 | Route: [0, 15, 18, 8, 2, 3, 19, 21, 11, 26, 13, 12, 7, 17, 24, 0]
  - Vehicle: 6w | RC: -950.42 | Cost: 2525.69 | Route: [0, 4, 18, 8, 2, 3, 19, 21, 11, 26, 13, 12, 7, 17, 24, 0]
  - Vehicle: AUV | RC: -940.05 | Cost: 989.94 | Route: [0, 24, 6, 12, 0]
  - Vehicle: 6w | RC: -902.36 | Cost: 2439.67 | Route: [0, 10, 3, 19, 2, 8, 18, 7, 26, 13, 12, 9, 22, 24, 6, 0]
  - Vehicle: 10w | RC: -828.32 | Cost: 2798.99 | Route: [0, 3, 19, 2, 8, 18, 7, 26, 13, 12, 9, 22, 24, 6, 17, 0]
  - Vehicle: AUV | RC: -783.02 | Cost: 1146.96 | Route: [0, 6, 24, 25, 12, 7, 8, 18, 0]
  - Vehicle: AUV | RC: -753.06 | Cost: 1176.92 | Route: [0, 25, 24, 6, 12, 7, 8, 0]
  - Vehicle: 10w | RC: -735.84 | Cost: 2740.27 | Route: [0, 24, 17, 13, 26, 8, 3, 19, 2, 11, 21, 0]
  - Vehicle: 10w | RC: -734.19 | Cost: 2741.91 | Route: [0, 25, 24, 17, 13, 26, 8, 3, 19, 2, 18, 7, 0]
  - Vehicle: 40ft | RC: -677.51 | Cost: 2949.80 | Route: [0, 17, 6, 24, 12, 26, 8, 3, 19, 2, 18, 7, 0]
  - Vehicle: 4w | RC: -627.13 | Cost: 1221.39 | Route: [0, 6, 17, 13, 26, 7, 8, 3, 19, 2, 11, 21, 0]
  - Vehicle: 10w | RC: -554.70 | Cost: 2787.33 | Route: [0, 7, 8, 2, 3, 19, 11, 21, 26, 13, 12, 9, 24, 6, 0]
  - Vehicle: 10w | RC: -535.90 | Cost: 2806.14 | Route: [0, 13, 26, 7, 8, 3, 19, 2, 11, 21, 12, 9, 24, 6, 0]
  - Vehicle: 10w | RC: -524.48 | Cost: 2951.62 | Route: [0, 22, 24, 17, 13, 26, 8, 3, 19, 2, 18, 7, 0]
  - Vehicle: 40ft | RC: -469.66 | Cost: 3157.65 | Route: [0, 3, 19, 2, 8, 18, 7, 26, 13, 12, 9, 22, 24, 6, 17, 0]
  - Vehicle: 10w | RC: -463.92 | Cost: 2726.91 | Route: [0, 1, 18, 8, 2, 3, 19, 11, 21, 26, 13, 12, 9, 24, 0]
  - Vehicle: 10w | RC: -455.78 | Cost: 2886.25 | Route: [0, 5, 3, 19, 2, 8, 18, 7, 26, 13, 12, 9, 22, 24, 6, 0]
  - Vehicle: 10w | RC: -454.56 | Cost: 2887.47 | Route: [0, 2, 8, 3, 19, 11, 21, 26, 13, 12, 9, 22, 24, 6, 0]
  - Vehicle: 40ft | RC: -436.99 | Cost: 3190.32 | Route: [0, 8, 2, 3, 19, 21, 11, 26, 13, 12, 9, 22, 24, 6, 17, 0]
  - Vehicle: 10w | RC: -427.13 | Cost: 3048.98 | Route: [0, 9, 24, 17, 13, 26, 8, 3, 19, 2, 18, 7, 12, 0]
  - Vehicle: 10w | RC: -420.24 | Cost: 2921.80 | Route: [0, 21, 3, 19, 2, 8, 18, 7, 26, 13, 12, 9, 22, 24, 6, 0]
  - Vehicle: 4w | RC: -404.25 | Cost: 1007.80 | Route: [0, 26, 7, 8, 2, 3, 19, 11, 21, 12, 13, 18, 0]
  - Vehicle: 40ft | RC: -402.80 | Cost: 3224.50 | Route: [0, 2, 3, 19, 8, 18, 7, 26, 13, 12, 9, 22, 24, 6, 17, 0]
  - Vehicle: 6w | RC: -398.83 | Cost: 1449.68 | Route: [0, 6, 17, 13, 26, 7, 8, 3, 19, 2, 11, 21, 0]
  - Vehicle: 10w | RC: -396.38 | Cost: 2794.45 | Route: [0, 18, 8, 2, 3, 19, 11, 21, 26, 13, 12, 9, 22, 24, 0]
  - Vehicle: 40ft | RC: -388.70 | Cost: 3087.40 | Route: [0, 24, 17, 13, 26, 8, 3, 19, 2, 11, 21, 0]
  - Vehicle: 40ft | RC: -384.77 | Cost: 3091.34 | Route: [0, 25, 24, 17, 13, 26, 8, 3, 19, 2, 18, 7, 0]
  - Vehicle: 4w | RC: -375.01 | Cost: 1037.04 | Route: [0, 8, 2, 3, 19, 11, 21, 26, 13, 12, 7, 18, 0]
  - Vehicle: 4w | RC: -359.22 | Cost: 1052.83 | Route: [0, 2, 8, 3, 19, 11, 21, 26, 13, 12, 7, 18, 0]
  - Vehicle: 10w | RC: -350.78 | Cost: 2840.05 | Route: [0, 11, 2, 3, 19, 8, 18, 7, 26, 13, 12, 9, 22, 24, 0]
  - Vehicle: 10w | RC: -341.53 | Cost: 3000.51 | Route: [0, 14, 3, 19, 2, 8, 18, 7, 26, 13, 12, 9, 22, 24, 6, 0]
  - Vehicle: 4w | RC: -303.02 | Cost: 1109.03 | Route: [0, 12, 26, 7, 8, 3, 19, 2, 11, 21, 13, 18, 0]
  - Vehicle: 10w | RC: -294.28 | Cost: 3047.75 | Route: [0, 20, 3, 19, 2, 8, 18, 7, 26, 13, 12, 9, 22, 24, 6, 0]
  - Vehicle: 10w | RC: -269.78 | Cost: 4972.83 | Route: [0, 16, 17, 6, 24, 13, 26, 7, 18, 3, 5, 0]
  - Vehicle: 10w | RC: -248.11 | Cost: 3228.00 | Route: [0, 15, 18, 8, 2, 3, 19, 21, 11, 26, 13, 12, 7, 17, 24, 0]
  - Vehicle: 10w | RC: -237.39 | Cost: 3238.72 | Route: [0, 4, 18, 8, 2, 3, 19, 21, 11, 26, 13, 12, 7, 17, 24, 0]
  - Vehicle: 40ft | RC: -214.25 | Cost: 3413.06 | Route: [0, 26, 7, 8, 3, 19, 2, 11, 21, 12, 13, 18, 17, 6, 24, 0]
  - Vehicle: 10w | RC: -213.59 | Cost: 3128.45 | Route: [0, 10, 3, 19, 2, 8, 18, 7, 26, 13, 12, 9, 22, 24, 6, 0]
  - Vehicle: 6w | RC: -212.21 | Cost: 1199.84 | Route: [0, 26, 7, 8, 2, 3, 19, 11, 21, 12, 13, 18, 0]
  - Vehicle: 40ft | RC: -208.70 | Cost: 3418.61 | Route: [0, 6, 17, 13, 26, 7, 8, 3, 19, 2, 11, 21, 12, 24, 0]
  - Vehicle: 4w | RC: -189.34 | Cost: 1222.71 | Route: [0, 4, 18, 8, 2, 3, 19, 21, 11, 26, 13, 12, 7, 0]
  - Vehicle: 4w | RC: -181.09 | Cost: 1230.96 | Route: [0, 19, 3, 2, 8, 18, 7, 26, 13, 12, 9, 22, 21, 11, 0]
  - Vehicle: 6w | RC: -178.12 | Cost: 1233.93 | Route: [0, 8, 2, 3, 19, 11, 21, 26, 13, 12, 7, 18, 0]
  - Vehicle: 40ft | RC: -176.23 | Cost: 3165.80 | Route: [0, 13, 26, 7, 8, 3, 19, 2, 11, 21, 12, 9, 24, 6, 0]
  - Vehicle: 40ft | RC: -168.75 | Cost: 3173.28 | Route: [0, 18, 8, 2, 3, 19, 21, 11, 26, 13, 12, 9, 22, 24, 6, 0]
  - Vehicle: 40ft | RC: -163.43 | Cost: 3178.60 | Route: [0, 12, 26, 7, 8, 3, 19, 2, 11, 21, 9, 22, 24, 6, 0]
  - Vehicle: 40ft | RC: -150.33 | Cost: 3325.78 | Route: [0, 22, 24, 17, 13, 26, 8, 3, 19, 2, 18, 7, 0]
  - Vehicle: 6w | RC: -93.78 | Cost: 1318.27 | Route: [0, 12, 26, 7, 8, 3, 19, 2, 11, 21, 13, 18, 0]
  - Vehicle: 40ft | RC: -47.14 | Cost: 3294.89 | Route: [0, 21, 3, 19, 2, 8, 18, 7, 26, 13, 12, 9, 22, 24, 6, 0]
  - Vehicle: 40ft | RC: -40.96 | Cost: 3435.14 | Route: [0, 9, 24, 17, 13, 26, 8, 3, 19, 2, 18, 7, 12, 0]

[Iteration 3] RMP Objective: 5594.48
[Iteration 3] POMO generated 57 negative RC columns.
[Iteration 3] Adding Columns:
  - Vehicle: 4w | RC: -868.05 | Cost: 2268.91 | Route: [0, 24, 25, 6, 13, 8, 5, 3, 20, 14, 19, 2, 18, 15, 0]
  - Vehicle: 4w | RC: -865.08 | Cost: 1269.93 | Route: [0, 4, 15, 5, 3, 20, 14, 19, 2, 8, 18, 7, 13, 0]
  - Vehicle: 4w | RC: -843.12 | Cost: 1291.89 | Route: [0, 15, 5, 3, 20, 14, 19, 2, 8, 18, 7, 13, 26, 0]
  - Vehicle: 4w | RC: -817.78 | Cost: 1621.29 | Route: [0, 17, 6, 13, 26, 8, 5, 3, 20, 14, 19, 2, 18, 15, 4, 0]
  - Vehicle: 4w | RC: -805.65 | Cost: 1633.41 | Route: [0, 6, 17, 13, 26, 8, 5, 3, 20, 14, 19, 2, 18, 15, 4, 1, 0]
  - Vehicle: 4w | RC: -770.87 | Cost: 1364.15 | Route: [0, 12, 13, 26, 8, 5, 3, 20, 14, 19, 2, 18, 15, 4, 0]
  - Vehicle: 4w | RC: -654.79 | Cost: 1229.66 | Route: [0, 10, 20, 14, 3, 5, 2, 8, 18, 7, 13, 26, 0]
  - Vehicle: 4w | RC: -652.23 | Cost: 1558.84 | Route: [0, 9, 12, 13, 26, 8, 5, 3, 20, 14, 19, 2, 18, 15, 4, 1, 0]
  - Vehicle: 4w | RC: -613.17 | Cost: 1597.90 | Route: [0, 22, 9, 12, 13, 26, 8, 5, 3, 20, 14, 19, 2, 18, 15, 4, 0]
  - Vehicle: 6w | RC: -602.08 | Cost: 1532.93 | Route: [0, 15, 5, 3, 20, 14, 19, 2, 8, 18, 7, 13, 26, 0]
  - Vehicle: 6w | RC: -586.65 | Cost: 1548.37 | Route: [0, 26, 13, 7, 8, 5, 3, 20, 14, 19, 2, 18, 15, 0]
  - Vehicle: 6w | RC: -584.23 | Cost: 1550.78 | Route: [0, 4, 15, 5, 3, 20, 14, 19, 2, 8, 18, 7, 13, 26, 0]
  - Vehicle: 4w | RC: -575.40 | Cost: 992.23 | Route: [0, 14, 20, 3, 5, 2, 8, 18, 7, 13, 26, 0]
  - Vehicle: 4w | RC: -567.81 | Cost: 999.82 | Route: [0, 20, 14, 3, 5, 2, 8, 18, 7, 13, 26, 0]
  - Vehicle: 4w | RC: -542.44 | Cost: 1025.18 | Route: [0, 18, 5, 3, 20, 14, 19, 2, 8, 7, 13, 26, 0]
  - Vehicle: 4w | RC: -538.49 | Cost: 2031.08 | Route: [0, 25, 24, 6, 13, 8, 5, 3, 20, 14, 19, 2, 18, 7, 0]
  - Vehicle: 4w | RC: -529.97 | Cost: 1037.65 | Route: [0, 1, 18, 5, 3, 20, 14, 19, 2, 8, 7, 13, 26, 0]
  - Vehicle: 6w | RC: -519.32 | Cost: 1919.75 | Route: [0, 17, 6, 13, 26, 8, 5, 3, 20, 14, 19, 2, 18, 15, 4, 0]
  - Vehicle: 6w | RC: -516.87 | Cost: 1618.15 | Route: [0, 12, 13, 26, 8, 5, 3, 20, 14, 19, 2, 18, 15, 4, 0]
  - Vehicle: 4w | RC: -513.12 | Cost: 1054.51 | Route: [0, 5, 3, 20, 14, 19, 2, 8, 18, 7, 13, 26, 0]
  - Vehicle: 4w | RC: -510.08 | Cost: 1057.55 | Route: [0, 13, 26, 8, 5, 3, 20, 14, 19, 2, 18, 7, 0]
  - Vehicle: 6w | RC: -503.79 | Cost: 1935.28 | Route: [0, 6, 17, 13, 26, 8, 5, 3, 20, 14, 19, 2, 18, 15, 4, 1, 0]
  - Vehicle: 4w | RC: -497.65 | Cost: 1069.98 | Route: [0, 11, 5, 3, 20, 14, 19, 2, 8, 18, 7, 13, 0]
  - Vehicle: 4w | RC: -495.88 | Cost: 1071.75 | Route: [0, 7, 8, 5, 3, 20, 14, 19, 2, 18, 13, 26, 0]
  - Vehicle: 4w | RC: -487.29 | Cost: 1080.33 | Route: [0, 8, 5, 3, 20, 14, 19, 2, 18, 7, 13, 26, 0]
  - Vehicle: 4w | RC: -484.94 | Cost: 1082.69 | Route: [0, 26, 13, 8, 5, 3, 20, 14, 19, 2, 18, 7, 0]
  - Vehicle: 4w | RC: -474.52 | Cost: 1093.11 | Route: [0, 2, 5, 3, 20, 14, 19, 8, 18, 7, 13, 26, 0]
  - Vehicle: 6w | RC: -464.03 | Cost: 2672.92 | Route: [0, 24, 25, 6, 13, 26, 8, 5, 3, 20, 14, 19, 2, 15, 0]
  - Vehicle: 6w | RC: -425.90 | Cost: 1458.55 | Route: [0, 10, 20, 14, 3, 5, 2, 8, 18, 7, 13, 26, 0]
  - Vehicle: 4w | RC: -420.27 | Cost: 1147.36 | Route: [0, 3, 5, 20, 14, 19, 2, 8, 18, 7, 13, 26, 0]
  - Vehicle: 4w | RC: -417.96 | Cost: 1149.66 | Route: [0, 21, 5, 3, 20, 14, 19, 2, 8, 18, 7, 13, 26, 0]
  - Vehicle: 4w | RC: -407.38 | Cost: 1160.25 | Route: [0, 19, 5, 3, 20, 14, 21, 2, 8, 18, 7, 13, 26, 0]
  - Vehicle: 6w | RC: -387.53 | Cost: 1180.09 | Route: [0, 14, 20, 3, 5, 2, 8, 18, 7, 13, 26, 0]
  - Vehicle: 6w | RC: -378.72 | Cost: 1188.91 | Route: [0, 20, 14, 3, 5, 2, 8, 18, 7, 13, 26, 0]
  - Vehicle: 6w | RC: -363.28 | Cost: 1847.79 | Route: [0, 9, 12, 13, 26, 8, 5, 3, 20, 14, 19, 2, 18, 15, 4, 1, 0]
  - Vehicle: 6w | RC: -347.34 | Cost: 1220.28 | Route: [0, 18, 5, 3, 20, 14, 19, 2, 8, 7, 13, 26, 0]
  - Vehicle: 6w | RC: -331.11 | Cost: 1236.51 | Route: [0, 1, 18, 5, 3, 20, 14, 19, 2, 8, 7, 13, 26, 0]
  - Vehicle: 6w | RC: -318.49 | Cost: 1892.57 | Route: [0, 22, 9, 12, 13, 26, 8, 5, 3, 20, 14, 19, 2, 18, 15, 4, 0]
  - Vehicle: 6w | RC: -313.64 | Cost: 1253.98 | Route: [0, 5, 3, 20, 14, 19, 2, 8, 18, 7, 13, 26, 0]
  - Vehicle: 6w | RC: -309.48 | Cost: 1258.14 | Route: [0, 13, 26, 8, 5, 3, 20, 14, 19, 2, 18, 7, 0]
  - Vehicle: 6w | RC: -292.84 | Cost: 1274.79 | Route: [0, 7, 8, 5, 3, 20, 14, 19, 2, 18, 13, 26, 0]
  - Vehicle: 6w | RC: -283.01 | Cost: 1284.62 | Route: [0, 8, 5, 3, 20, 14, 19, 2, 18, 7, 13, 26, 0]
  - Vehicle: 6w | RC: -268.09 | Cost: 1299.53 | Route: [0, 2, 5, 3, 20, 14, 19, 8, 18, 7, 13, 26, 0]
  - Vehicle: 6w | RC: -251.52 | Cost: 1316.10 | Route: [0, 11, 5, 3, 20, 14, 19, 2, 8, 18, 7, 13, 26, 0]
  - Vehicle: 6w | RC: -205.12 | Cost: 1362.50 | Route: [0, 3, 5, 20, 14, 19, 2, 8, 18, 7, 13, 26, 0]
  - Vehicle: 6w | RC: -201.58 | Cost: 1366.05 | Route: [0, 21, 5, 3, 20, 14, 19, 2, 8, 18, 7, 13, 26, 0]
  - Vehicle: 6w | RC: -189.19 | Cost: 1378.44 | Route: [0, 19, 5, 3, 20, 14, 21, 2, 8, 18, 7, 13, 26, 0]
  - Vehicle: 10w | RC: -171.45 | Cost: 1963.57 | Route: [0, 15, 5, 3, 20, 14, 19, 2, 8, 18, 7, 13, 26, 0]
  - Vehicle: 6w | RC: -171.38 | Cost: 2398.18 | Route: [0, 25, 24, 6, 13, 8, 5, 3, 20, 14, 19, 2, 18, 7, 0]
  - Vehicle: 10w | RC: -151.72 | Cost: 1983.29 | Route: [0, 26, 13, 7, 8, 5, 3, 20, 14, 19, 2, 18, 15, 0]
  - Vehicle: 10w | RC: -148.67 | Cost: 1986.35 | Route: [0, 4, 15, 5, 3, 20, 14, 19, 2, 8, 18, 7, 13, 26, 0]
  - Vehicle: 10w | RC: -62.15 | Cost: 2072.87 | Route: [0, 12, 13, 26, 8, 5, 3, 20, 14, 19, 2, 18, 15, 4, 0]
  - Vehicle: 10w | RC: -56.79 | Cost: 1510.84 | Route: [0, 14, 20, 3, 5, 2, 8, 18, 7, 13, 26, 0]
  - Vehicle: 10w | RC: -45.45 | Cost: 1522.18 | Route: [0, 20, 14, 3, 5, 2, 8, 18, 7, 13, 26, 0]
  - Vehicle: 4w | RC: -20.52 | Cost: 2449.17 | Route: [0, 23, 6, 17, 13, 26, 8, 5, 3, 20, 14, 19, 2, 18, 0]
  - Vehicle: 10w | RC: -16.01 | Cost: 1868.43 | Route: [0, 10, 20, 14, 3, 5, 2, 8, 18, 7, 13, 26, 0]
  - Vehicle: 10w | RC: -5.62 | Cost: 1562.01 | Route: [0, 18, 5, 3, 20, 14, 19, 2, 8, 7, 13, 26, 0]

[Iteration 4] RMP Objective: 5594.48
[Iteration 4] POMO generated 42 negative RC columns.
[Iteration 4] Adding Columns:
  - Vehicle: 4w | RC: -546.64 | Cost: 1769.56 | Route: [0, 25, 24, 9, 21, 3, 5, 8, 2, 18, 26, 7, 0]
  - Vehicle: 4w | RC: -516.79 | Cost: 2252.13 | Route: [0, 4, 15, 10, 5, 3, 21, 2, 8, 18, 26, 13, 9, 24, 0]
  - Vehicle: 4w | RC: -514.20 | Cost: 2153.65 | Route: [0, 15, 5, 3, 21, 2, 8, 18, 26, 13, 9, 24, 25, 0]
  - Vehicle: 4w | RC: -496.42 | Cost: 2088.72 | Route: [0, 24, 25, 17, 26, 8, 5, 3, 21, 9, 12, 13, 18, 7, 0]
  - Vehicle: 4w | RC: -396.65 | Cost: 1294.24 | Route: [0, 6, 17, 26, 8, 5, 3, 21, 9, 12, 0]
  - Vehicle: 4w | RC: -384.01 | Cost: 1381.90 | Route: [0, 10, 3, 5, 21, 2, 8, 18, 26, 13, 9, 22, 12, 0]
  - Vehicle: 4w | RC: -357.18 | Cost: 1010.51 | Route: [0, 1, 8, 5, 3, 21, 9, 12, 26, 7, 18, 0]
  - Vehicle: AUV | RC: -356.97 | Cost: 2514.89 | Route: [0, 16, 25, 24, 6, 18, 21, 8, 7, 0]
  - Vehicle: 4w | RC: -326.57 | Cost: 973.18 | Route: [0, 7, 8, 5, 3, 21, 9, 12, 26, 13, 0]
  - Vehicle: 4w | RC: -326.41 | Cost: 973.33 | Route: [0, 18, 8, 5, 3, 21, 9, 12, 26, 7, 0]
  - Vehicle: 4w | RC: -307.34 | Cost: 992.40 | Route: [0, 13, 26, 8, 5, 3, 21, 9, 12, 0]
  - Vehicle: 4w | RC: -301.68 | Cost: 998.06 | Route: [0, 9, 21, 3, 5, 8, 2, 18, 26, 7, 0]
  - Vehicle: 4w | RC: -275.11 | Cost: 1069.00 | Route: [0, 22, 9, 21, 3, 5, 8, 2, 18, 26, 7, 0]
  - Vehicle: AUV | RC: -259.65 | Cost: 1192.78 | Route: [0, 6, 24, 25, 12, 21, 8, 0]
  - Vehicle: 4w | RC: -234.06 | Cost: 1065.68 | Route: [0, 26, 8, 5, 3, 21, 9, 12, 13, 7, 18, 0]
  - Vehicle: 4w | RC: -230.74 | Cost: 1113.36 | Route: [0, 12, 26, 8, 5, 3, 21, 9, 22, 0]
  - Vehicle: 6w | RC: -225.39 | Cost: 2090.81 | Route: [0, 25, 24, 9, 21, 3, 5, 8, 2, 18, 26, 7, 0]
  - Vehicle: AUV | RC: -210.87 | Cost: 1241.56 | Route: [0, 25, 24, 6, 12, 21, 8, 0]
  - Vehicle: 6w | RC: -200.62 | Cost: 2452.46 | Route: [0, 24, 25, 17, 26, 8, 5, 3, 21, 9, 12, 13, 18, 1, 0]
  - Vehicle: AUV | RC: -196.39 | Cost: 1256.03 | Route: [0, 24, 25, 6, 12, 21, 8, 0]
  - Vehicle: 4w | RC: -195.12 | Cost: 1167.75 | Route: [0, 17, 26, 8, 5, 3, 21, 2, 18, 7, 0]
  - Vehicle: 4w | RC: -169.78 | Cost: 1129.96 | Route: [0, 2, 5, 3, 21, 9, 12, 26, 7, 18, 8, 0]
  - Vehicle: 6w | RC: -164.14 | Cost: 1203.55 | Route: [0, 1, 8, 5, 3, 21, 9, 12, 26, 7, 18, 0]
  - Vehicle: 6w | RC: -157.25 | Cost: 1533.63 | Route: [0, 6, 17, 26, 8, 5, 3, 21, 9, 12, 0]
  - Vehicle: 4w | RC: -155.23 | Cost: 1144.51 | Route: [0, 8, 5, 3, 21, 9, 12, 26, 7, 18, 2, 0]
  - Vehicle: 4w | RC: -141.79 | Cost: 1157.95 | Route: [0, 11, 21, 3, 5, 8, 2, 18, 26, 13, 9, 12, 0]
  - Vehicle: 6w | RC: -141.55 | Cost: 1158.19 | Route: [0, 7, 8, 5, 3, 21, 9, 12, 26, 13, 0]
  - Vehicle: 6w | RC: -137.28 | Cost: 1431.41 | Route: [0, 17, 26, 8, 5, 3, 21, 9, 12, 0]
  - Vehicle: 4w | RC: -132.17 | Cost: 1211.93 | Route: [0, 3, 5, 21, 2, 8, 18, 26, 7, 13, 9, 22, 12, 0]
  - Vehicle: 4w | RC: -129.52 | Cost: 1170.22 | Route: [0, 5, 3, 21, 2, 8, 18, 26, 13, 9, 12, 0]
  - Vehicle: 6w | RC: -128.75 | Cost: 1637.16 | Route: [0, 10, 3, 5, 21, 2, 8, 18, 26, 13, 9, 22, 12, 0]
  - Vehicle: 6w | RC: -126.14 | Cost: 2541.71 | Route: [0, 15, 5, 3, 21, 2, 8, 18, 26, 13, 9, 24, 25, 0]
  - Vehicle: 6w | RC: -119.73 | Cost: 1180.01 | Route: [0, 13, 26, 8, 5, 3, 21, 9, 12, 0]
  - Vehicle: 6w | RC: -117.13 | Cost: 1182.61 | Route: [0, 9, 21, 3, 5, 8, 2, 18, 26, 13, 0]
  - Vehicle: 4w | RC: -114.40 | Cost: 1249.09 | Route: [0, 14, 3, 5, 21, 9, 22, 12, 26, 7, 18, 8, 2, 0]
  - Vehicle: 6w | RC: -111.56 | Cost: 2657.36 | Route: [0, 4, 15, 10, 5, 3, 21, 2, 8, 18, 26, 13, 9, 24, 0]
  - Vehicle: 4w | RC: -107.24 | Cost: 1192.50 | Route: [0, 19, 5, 3, 21, 9, 12, 26, 7, 18, 8, 2, 0]
  - Vehicle: 6w | RC: -97.87 | Cost: 1201.88 | Route: [0, 12, 9, 21, 3, 5, 8, 2, 18, 26, 7, 0]
  - Vehicle: 4w | RC: -75.84 | Cost: 1223.91 | Route: [0, 21, 5, 3, 19, 2, 8, 18, 26, 13, 9, 12, 0]
  - Vehicle: 6w | RC: -73.67 | Cost: 1270.43 | Route: [0, 22, 9, 21, 3, 5, 8, 2, 18, 26, 7, 0]
  - Vehicle: 6w | RC: -70.70 | Cost: 1229.04 | Route: [0, 18, 8, 5, 3, 21, 9, 12, 26, 7, 13, 0]
  - Vehicle: 4w | RC: -18.84 | Cost: 1280.91 | Route: [0, 20, 3, 5, 21, 2, 8, 18, 26, 13, 9, 12, 0]

[Iteration 5] RMP Objective: 5594.48
[Iteration 5] POMO generated 90 negative RC columns.
[Iteration 5] Adding Columns:
  - Vehicle: 4w | RC: -1620.55 | Cost: 1929.77 | Route: [0, 18, 8, 2, 19, 20, 10, 3, 21, 22, 12, 17, 6, 25, 0]
  - Vehicle: 4w | RC: -1584.32 | Cost: 1966.01 | Route: [0, 8, 2, 19, 20, 10, 3, 21, 22, 12, 13, 17, 6, 25, 0]
  - Vehicle: 4w | RC: -1519.64 | Cost: 2039.30 | Route: [0, 25, 6, 17, 13, 26, 7, 8, 2, 19, 20, 10, 3, 22, 0]
  - Vehicle: 4w | RC: -1516.06 | Cost: 2034.27 | Route: [0, 20, 3, 10, 19, 2, 8, 11, 22, 9, 12, 26, 13, 17, 6, 25, 0]
  - Vehicle: 4w | RC: -1396.14 | Cost: 2083.41 | Route: [0, 5, 10, 20, 19, 2, 8, 18, 7, 26, 22, 12, 17, 6, 25, 0]
  - Vehicle: 4w | RC: -1306.26 | Cost: 1535.67 | Route: [0, 1, 18, 8, 2, 19, 20, 10, 3, 21, 22, 12, 17, 0]
  - Vehicle: 6w | RC: -1269.76 | Cost: 2280.57 | Route: [0, 18, 8, 2, 19, 20, 10, 3, 21, 22, 12, 17, 6, 25, 0]
  - Vehicle: 4w | RC: -1263.27 | Cost: 1669.14 | Route: [0, 26, 7, 8, 2, 19, 20, 10, 3, 21, 22, 12, 17, 6, 0]
  - Vehicle: 4w | RC: -1243.70 | Cost: 1594.73 | Route: [0, 13, 26, 7, 8, 2, 19, 20, 10, 3, 21, 22, 12, 17, 0]
  - Vehicle: 6w | RC: -1227.57 | Cost: 2322.76 | Route: [0, 8, 2, 19, 20, 10, 3, 21, 22, 12, 13, 17, 6, 25, 0]
  - Vehicle: 4w | RC: -1195.11 | Cost: 1737.30 | Route: [0, 2, 19, 20, 3, 10, 5, 8, 18, 7, 26, 22, 12, 17, 6, 0]
  - Vehicle: 4w | RC: -1192.07 | Cost: 1740.34 | Route: [0, 12, 22, 9, 21, 19, 20, 10, 3, 2, 8, 7, 17, 6, 0]
  - Vehicle: 4w | RC: -1184.27 | Cost: 1748.14 | Route: [0, 14, 20, 3, 10, 19, 2, 8, 18, 7, 26, 22, 9, 12, 17, 6, 0]
  - Vehicle: 4w | RC: -1179.89 | Cost: 1752.53 | Route: [0, 6, 17, 13, 26, 7, 8, 2, 19, 20, 10, 3, 22, 9, 12, 0]
  - Vehicle: 4w | RC: -1178.88 | Cost: 1659.55 | Route: [0, 19, 20, 3, 10, 5, 2, 8, 18, 7, 26, 22, 9, 12, 17, 0]
  - Vehicle: 4w | RC: -1174.81 | Cost: 1663.62 | Route: [0, 11, 19, 20, 3, 10, 5, 2, 8, 18, 7, 26, 22, 12, 17, 0]
  - Vehicle: 4w | RC: -1171.94 | Cost: 1760.47 | Route: [0, 3, 20, 10, 19, 2, 8, 18, 7, 26, 22, 9, 12, 17, 6, 0]
  - Vehicle: 6w | RC: -1150.96 | Cost: 2407.99 | Route: [0, 25, 6, 17, 13, 26, 7, 8, 2, 19, 20, 10, 3, 22, 0]
  - Vehicle: 6w | RC: -1147.39 | Cost: 2402.94 | Route: [0, 20, 3, 10, 19, 2, 8, 11, 22, 9, 12, 26, 13, 17, 6, 25, 0]
  - Vehicle: 4w | RC: -1131.89 | Cost: 1706.54 | Route: [0, 21, 19, 20, 3, 10, 5, 2, 8, 18, 7, 26, 22, 12, 17, 0]
  - Vehicle: 4w | RC: -1081.31 | Cost: 1757.12 | Route: [0, 17, 13, 26, 7, 8, 2, 19, 20, 10, 3, 22, 9, 12, 18, 0]
  - Vehicle: 4w | RC: -1025.43 | Cost: 1813.00 | Route: [0, 9, 22, 12, 26, 7, 8, 19, 20, 10, 3, 2, 18, 17, 0]
  - Vehicle: 4w | RC: -1024.70 | Cost: 1734.34 | Route: [0, 10, 20, 19, 2, 8, 18, 7, 26, 22, 9, 12, 17, 13, 0]
  - Vehicle: 6w | RC: -1022.34 | Cost: 1819.59 | Route: [0, 1, 18, 8, 2, 19, 20, 10, 3, 21, 22, 12, 17, 0]
  - Vehicle: 6w | RC: -1019.07 | Cost: 2460.48 | Route: [0, 5, 10, 20, 19, 2, 8, 18, 7, 26, 22, 12, 17, 6, 25, 0]
  - Vehicle: 4w | RC: -1001.85 | Cost: 1836.58 | Route: [0, 22, 9, 12, 26, 7, 8, 19, 20, 10, 3, 2, 18, 17, 0]
  - Vehicle: 4w | RC: -971.42 | Cost: 1787.62 | Route: [0, 4, 10, 20, 19, 2, 8, 18, 7, 26, 13, 22, 12, 17, 0]
  - Vehicle: 6w | RC: -957.08 | Cost: 1975.33 | Route: [0, 26, 7, 8, 2, 19, 20, 10, 3, 21, 22, 12, 17, 6, 0]
  - Vehicle: 6w | RC: -950.17 | Cost: 1888.26 | Route: [0, 13, 26, 7, 8, 2, 19, 20, 10, 3, 21, 22, 12, 17, 0]
  - Vehicle: 6w | RC: -921.23 | Cost: 2011.18 | Route: [0, 11, 19, 20, 3, 10, 5, 2, 8, 7, 26, 22, 12, 17, 6, 0]
  - Vehicle: 6w | RC: -876.95 | Cost: 2055.46 | Route: [0, 2, 19, 20, 3, 10, 5, 8, 18, 7, 26, 22, 12, 17, 6, 0]
  - Vehicle: 6w | RC: -874.22 | Cost: 1964.21 | Route: [0, 19, 20, 3, 10, 5, 2, 8, 18, 7, 26, 22, 9, 12, 17, 0]
  - Vehicle: 6w | RC: -873.82 | Cost: 2058.59 | Route: [0, 12, 22, 9, 21, 19, 20, 10, 3, 2, 8, 7, 17, 6, 0]
  - Vehicle: 6w | RC: -871.29 | Cost: 2061.12 | Route: [0, 21, 19, 20, 3, 10, 5, 2, 8, 7, 26, 22, 12, 17, 6, 0]
  - Vehicle: 6w | RC: -864.40 | Cost: 2068.01 | Route: [0, 14, 20, 3, 10, 19, 2, 8, 18, 7, 26, 22, 9, 12, 17, 6, 0]
  - Vehicle: 6w | RC: -859.31 | Cost: 2073.10 | Route: [0, 6, 17, 13, 26, 7, 8, 2, 19, 20, 10, 3, 22, 9, 12, 0]
  - Vehicle: 4w | RC: -852.53 | Cost: 1906.51 | Route: [0, 15, 10, 20, 19, 2, 8, 18, 7, 26, 13, 17, 22, 9, 0]
  - Vehicle: 6w | RC: -850.36 | Cost: 2082.05 | Route: [0, 3, 20, 10, 19, 2, 8, 18, 7, 26, 22, 9, 12, 17, 6, 0]
  - Vehicle: 6w | RC: -759.80 | Cost: 2078.63 | Route: [0, 17, 13, 26, 7, 8, 2, 19, 20, 10, 3, 22, 9, 12, 18, 0]
  - Vehicle: AUV | RC: -755.94 | Cost: 2730.14 | Route: [0, 16, 25, 6, 12, 7, 18, 8, 10, 20, 0]
  - Vehicle: 6w | RC: -708.42 | Cost: 2050.62 | Route: [0, 10, 20, 19, 2, 8, 18, 7, 26, 22, 9, 12, 17, 13, 0]
  - Vehicle: 6w | RC: -695.07 | Cost: 2143.36 | Route: [0, 9, 22, 12, 26, 7, 8, 19, 20, 10, 3, 2, 18, 17, 0]
  - Vehicle: 6w | RC: -667.60 | Cost: 2170.83 | Route: [0, 22, 9, 12, 26, 7, 8, 19, 20, 10, 3, 2, 18, 17, 0]
  - Vehicle: 4w | RC: -651.71 | Cost: 1481.36 | Route: [0, 7, 26, 13, 12, 22, 9, 21, 19, 20, 10, 3, 2, 8, 18, 0]
  - Vehicle: 6w | RC: -645.35 | Cost: 2113.69 | Route: [0, 4, 10, 20, 19, 2, 8, 18, 7, 26, 13, 22, 12, 17, 0]
  - Vehicle: 10w | RC: -626.51 | Cost: 2923.82 | Route: [0, 18, 8, 2, 19, 20, 10, 3, 21, 22, 12, 17, 6, 25, 0]
  - Vehicle: 4w | RC: -595.70 | Cost: 2286.34 | Route: [0, 24, 25, 6, 17, 13, 26, 7, 8, 19, 2, 22, 21, 20, 3, 0]
  - Vehicle: 10w | RC: -572.24 | Cost: 2978.09 | Route: [0, 8, 2, 19, 20, 10, 3, 21, 22, 12, 13, 17, 6, 25, 0]
  - Vehicle: 10w | RC: -510.45 | Cost: 2331.49 | Route: [0, 1, 18, 8, 2, 19, 20, 10, 3, 21, 22, 12, 17, 0]
  - Vehicle: 6w | RC: -505.84 | Cost: 2253.20 | Route: [0, 15, 10, 20, 19, 2, 8, 18, 7, 26, 13, 17, 22, 9, 0]
  - Vehicle: 10w | RC: -471.19 | Cost: 3087.76 | Route: [0, 25, 6, 17, 13, 26, 7, 8, 2, 19, 20, 10, 3, 22, 0]
  - Vehicle: 10w | RC: -469.30 | Cost: 3081.03 | Route: [0, 20, 3, 10, 19, 2, 8, 11, 22, 9, 12, 26, 13, 17, 6, 25, 0]
  - Vehicle: 10w | RC: -418.59 | Cost: 2419.84 | Route: [0, 13, 26, 7, 8, 2, 19, 20, 10, 3, 21, 22, 12, 17, 0]
  - Vehicle: 10w | RC: -400.70 | Cost: 2531.71 | Route: [0, 26, 7, 8, 2, 19, 20, 10, 3, 21, 22, 12, 17, 6, 0]
  - Vehicle: 6w | RC: -357.99 | Cost: 1787.20 | Route: [0, 7, 26, 13, 12, 22, 9, 21, 19, 20, 10, 3, 2, 8, 18, 1, 0]
  - Vehicle: 10w | RC: -354.76 | Cost: 2577.65 | Route: [0, 11, 19, 20, 3, 10, 5, 2, 8, 7, 26, 22, 12, 17, 6, 0]
  - Vehicle: 4w | RC: -344.57 | Cost: 2888.12 | Route: [0, 16, 17, 13, 22, 19, 2, 18, 7, 26, 8, 12, 0]
  - Vehicle: 10w | RC: -321.03 | Cost: 2517.40 | Route: [0, 19, 20, 3, 10, 5, 2, 8, 18, 7, 26, 22, 9, 12, 17, 0]
  - Vehicle: 10w | RC: -297.85 | Cost: 2634.56 | Route: [0, 2, 19, 20, 3, 10, 5, 8, 18, 7, 26, 22, 12, 17, 6, 0]
  - Vehicle: 10w | RC: -293.71 | Cost: 2638.70 | Route: [0, 12, 22, 9, 21, 19, 20, 10, 3, 2, 8, 7, 17, 6, 0]
  - Vehicle: 10w | RC: -290.51 | Cost: 2641.90 | Route: [0, 21, 19, 20, 3, 10, 5, 2, 8, 7, 26, 22, 12, 17, 6, 0]
  - Vehicle: 10w | RC: -281.68 | Cost: 2650.73 | Route: [0, 14, 20, 3, 10, 19, 2, 8, 18, 7, 26, 22, 9, 12, 17, 6, 0]
  - Vehicle: 10w | RC: -275.14 | Cost: 2657.27 | Route: [0, 6, 17, 13, 26, 7, 8, 2, 19, 20, 10, 3, 22, 9, 12, 0]
  - Vehicle: AUV | RC: -272.96 | Cost: 877.31 | Route: [0, 20, 10, 8, 18, 7, 0]
  - Vehicle: 10w | RC: -263.54 | Cost: 2668.87 | Route: [0, 3, 20, 10, 19, 2, 8, 18, 7, 26, 22, 9, 12, 17, 6, 0]
  - Vehicle: 40ft | RC: -252.94 | Cost: 3297.39 | Route: [0, 18, 8, 2, 19, 20, 10, 3, 21, 22, 12, 17, 6, 25, 0]
  - Vehicle: AUV | RC: -241.85 | Cost: 908.41 | Route: [0, 7, 8, 10, 20, 21, 0]
  - Vehicle: AUV | RC: -235.97 | Cost: 905.69 | Route: [0, 18, 8, 10, 20, 21, 0]
  - Vehicle: 40ft | RC: -230.66 | Cost: 3319.66 | Route: [0, 14, 20, 3, 10, 19, 2, 8, 11, 22, 9, 12, 17, 6, 25, 0]
  - Vehicle: AUV | RC: -223.02 | Cost: 927.25 | Route: [0, 21, 20, 10, 8, 18, 7, 0]
  - Vehicle: AUV | RC: -207.17 | Cost: 943.09 | Route: [0, 10, 20, 21, 8, 18, 7, 0]
  - Vehicle: 40ft | RC: -204.55 | Cost: 2637.39 | Route: [0, 1, 18, 8, 2, 19, 20, 10, 3, 21, 22, 12, 17, 0]
  - Vehicle: 40ft | RC: -192.77 | Cost: 3357.56 | Route: [0, 8, 2, 19, 20, 10, 3, 21, 22, 12, 13, 17, 6, 25, 0]
  - Vehicle: 6w | RC: -185.01 | Cost: 2697.03 | Route: [0, 24, 25, 6, 17, 13, 26, 7, 8, 19, 2, 22, 21, 20, 3, 0]
  - Vehicle: 10w | RC: -174.09 | Cost: 2664.34 | Route: [0, 17, 13, 26, 7, 8, 2, 19, 20, 10, 3, 22, 9, 12, 18, 0]
  - Vehicle: 10w | RC: -140.88 | Cost: 2712.14 | Route: [0, 5, 10, 20, 19, 2, 8, 18, 7, 26, 22, 9, 12, 17, 6, 0]
  - Vehicle: 10w | RC: -130.30 | Cost: 2628.74 | Route: [0, 10, 20, 19, 2, 8, 18, 7, 26, 22, 9, 12, 17, 13, 0]
  - Vehicle: 40ft | RC: -128.84 | Cost: 3430.10 | Route: [0, 21, 19, 20, 3, 10, 2, 8, 7, 26, 22, 12, 17, 6, 25, 0]
  - Vehicle: 40ft | RC: -103.23 | Cost: 2735.20 | Route: [0, 13, 26, 7, 8, 2, 19, 20, 10, 3, 21, 22, 12, 17, 0]
  - Vehicle: AUV | RC: -95.81 | Cost: 1831.21 | Route: [0, 24, 25, 6, 12, 7, 8, 10, 20, 21, 0]
  - Vehicle: 10w | RC: -90.74 | Cost: 2747.70 | Route: [0, 9, 22, 12, 26, 7, 8, 19, 20, 10, 3, 2, 18, 17, 0]
  - Vehicle: 40ft | RC: -77.55 | Cost: 3472.78 | Route: [0, 20, 3, 10, 19, 2, 8, 11, 22, 9, 12, 26, 13, 17, 6, 25, 0]
  - Vehicle: 40ft | RC: -72.52 | Cost: 2859.90 | Route: [0, 26, 7, 8, 2, 19, 20, 10, 3, 21, 22, 12, 17, 6, 0]
  - Vehicle: 10w | RC: -55.41 | Cost: 2783.02 | Route: [0, 22, 9, 12, 26, 7, 8, 19, 20, 10, 3, 2, 18, 17, 0]
  - Vehicle: 40ft | RC: -54.70 | Cost: 3416.24 | Route: [0, 10, 20, 19, 2, 8, 11, 22, 9, 12, 13, 26, 17, 6, 25, 0]
  - Vehicle: 40ft | RC: -52.78 | Cost: 2879.63 | Route: [0, 11, 19, 20, 3, 10, 2, 8, 7, 26, 13, 22, 12, 17, 6, 0]
  - Vehicle: 10w | RC: -49.48 | Cost: 2709.56 | Route: [0, 4, 10, 20, 19, 2, 8, 18, 7, 26, 13, 22, 12, 17, 0]
  - Vehicle: 40ft | RC: -30.69 | Cost: 2901.72 | Route: [0, 19, 20, 3, 10, 2, 8, 18, 7, 26, 22, 9, 12, 17, 6, 0]
  - Vehicle: AUV | RC: -29.74 | Cost: 690.77 | Route: [0, 6, 25, 12, 0]
  - Vehicle: 4w | RC: -17.21 | Cost: 2697.70 | Route: [0, 23, 6, 17, 13, 26, 7, 18, 8, 19, 20, 10, 3, 0]

[Iteration 6] RMP Objective: 5594.48
[Iteration 6] POMO generated 37 negative RC columns.
[Iteration 6] Adding Columns:
  - Vehicle: 4w | RC: -635.40 | Cost: 2135.58 | Route: [0, 24, 25, 6, 17, 13, 7, 18, 11, 21, 19, 3, 5, 10, 0]
  - Vehicle: 4w | RC: -629.54 | Cost: 2171.03 | Route: [0, 25, 24, 9, 21, 11, 19, 3, 5, 10, 4, 1, 0]
  - Vehicle: 4w | RC: -586.53 | Cost: 2793.38 | Route: [0, 16, 23, 17, 13, 18, 7, 11, 21, 19, 3, 5, 1, 0]
  - Vehicle: 4w | RC: -520.22 | Cost: 2838.88 | Route: [0, 23, 25, 24, 17, 13, 7, 18, 11, 21, 19, 3, 0]
  - Vehicle: 4w | RC: -508.24 | Cost: 1532.26 | Route: [0, 15, 4, 10, 3, 19, 11, 21, 9, 22, 13, 7, 18, 26, 1, 0]
  - Vehicle: 4w | RC: -441.57 | Cost: 1504.88 | Route: [0, 1, 18, 7, 11, 21, 19, 3, 5, 10, 14, 9, 13, 0]
  - Vehicle: 4w | RC: -410.95 | Cost: 1860.69 | Route: [0, 9, 22, 21, 11, 19, 3, 5, 10, 4, 18, 13, 7, 26, 17, 0]
  - Vehicle: 4w | RC: -319.27 | Cost: 1718.27 | Route: [0, 22, 9, 21, 11, 19, 3, 5, 10, 14, 2, 18, 13, 7, 1, 0]
  - Vehicle: 4w | RC: -288.38 | Cost: 1723.73 | Route: [0, 18, 7, 11, 21, 19, 3, 5, 10, 14, 2, 13, 17, 6, 0]
  - Vehicle: 4w | RC: -277.86 | Cost: 1734.24 | Route: [0, 7, 18, 11, 21, 19, 3, 5, 10, 14, 2, 13, 17, 6, 0]
  - Vehicle: 4w | RC: -272.45 | Cost: 1739.65 | Route: [0, 6, 17, 13, 7, 18, 11, 21, 19, 3, 5, 10, 14, 2, 0]
  - Vehicle: 4w | RC: -256.03 | Cost: 1656.34 | Route: [0, 17, 13, 7, 18, 11, 21, 19, 3, 5, 10, 14, 2, 8, 0]
  - Vehicle: 4w | RC: -252.41 | Cost: 2196.49 | Route: [0, 13, 7, 18, 11, 21, 19, 3, 5, 10, 14, 9, 24, 0]
  - Vehicle: 6w | RC: -250.98 | Cost: 2520.00 | Route: [0, 24, 25, 6, 17, 13, 7, 18, 11, 21, 19, 3, 5, 10, 0]
  - Vehicle: 4w | RC: -245.55 | Cost: 1124.22 | Route: [0, 10, 3, 19, 21, 11, 2, 18, 7, 13, 26, 0]
  - Vehicle: 4w | RC: -245.30 | Cost: 1666.39 | Route: [0, 12, 13, 7, 18, 11, 21, 19, 3, 5, 10, 14, 9, 22, 0]
  - Vehicle: 4w | RC: -243.58 | Cost: 2403.32 | Route: [0, 4, 18, 7, 11, 21, 19, 3, 5, 10, 14, 9, 24, 0]
  - Vehicle: 6w | RC: -238.76 | Cost: 2561.81 | Route: [0, 25, 24, 9, 21, 11, 19, 3, 5, 10, 4, 1, 0]
  - Vehicle: 4w | RC: -208.70 | Cost: 1757.97 | Route: [0, 2, 11, 21, 19, 3, 5, 10, 14, 8, 18, 13, 17, 6, 0]
  - Vehicle: 4w | RC: -206.23 | Cost: 2242.67 | Route: [0, 26, 13, 7, 18, 11, 21, 19, 3, 5, 10, 14, 9, 24, 0]
  - Vehicle: 4w | RC: -205.45 | Cost: 1761.22 | Route: [0, 8, 11, 21, 19, 3, 5, 10, 14, 2, 18, 13, 17, 6, 0]
  - Vehicle: 4w | RC: -162.92 | Cost: 1749.45 | Route: [0, 11, 21, 19, 3, 5, 10, 14, 2, 18, 13, 7, 26, 17, 0]
  - Vehicle: 6w | RC: -162.76 | Cost: 1783.69 | Route: [0, 1, 18, 7, 11, 21, 19, 3, 5, 10, 14, 9, 13, 0]
  - Vehicle: 4w | RC: -141.25 | Cost: 1077.30 | Route: [0, 20, 14, 3, 5, 19, 21, 11, 2, 18, 7, 13, 26, 0]
  - Vehicle: 4w | RC: -140.33 | Cost: 893.82 | Route: [0, 3, 5, 19, 21, 11, 2, 18, 7, 13, 26, 0]
  - Vehicle: 4w | RC: -132.79 | Cost: 1779.58 | Route: [0, 21, 11, 19, 3, 5, 10, 14, 2, 18, 13, 7, 26, 17, 0]
  - Vehicle: 6w | RC: -103.04 | Cost: 1934.51 | Route: [0, 2, 11, 21, 19, 3, 5, 10, 14, 9, 22, 13, 7, 18, 1, 0]
  - Vehicle: 6w | RC: -91.38 | Cost: 3288.53 | Route: [0, 16, 23, 17, 13, 18, 7, 11, 21, 19, 3, 5, 1, 0]
  - Vehicle: 4w | RC: -85.48 | Cost: 1199.51 | Route: [0, 19, 3, 5, 11, 21, 9, 22, 12, 13, 7, 18, 8, 2, 0]
  - Vehicle: 4w | RC: -72.82 | Cost: 1039.02 | Route: [0, 14, 3, 19, 21, 11, 2, 18, 7, 13, 26, 0]
  - Vehicle: 6w | RC: -71.78 | Cost: 2199.86 | Route: [0, 9, 22, 21, 11, 19, 3, 5, 10, 4, 18, 13, 7, 26, 17, 0]
  - Vehicle: 4w | RC: -71.30 | Cost: 962.86 | Route: [0, 5, 3, 19, 21, 11, 2, 18, 7, 13, 26, 0]
  - Vehicle: 6w | RC: -51.94 | Cost: 3012.64 | Route: [0, 23, 6, 17, 13, 7, 18, 11, 21, 19, 3, 5, 10, 0]
  - Vehicle: 6w | RC: -35.19 | Cost: 1334.57 | Route: [0, 10, 3, 19, 21, 11, 2, 18, 7, 13, 26, 0]
  - Vehicle: AUV | RC: -34.57 | Cost: 1259.76 | Route: [0, 25, 24, 6, 7, 18, 21, 0]
  - Vehicle: AUV | RC: -20.09 | Cost: 1274.23 | Route: [0, 24, 25, 6, 7, 18, 21, 0]
  - Vehicle: 6w | RC: -3.59 | Cost: 2033.95 | Route: [0, 22, 9, 21, 11, 19, 3, 5, 10, 14, 2, 18, 13, 7, 1, 0]

[Iteration 7] RMP Objective: 5594.48
[Iteration 7] POMO generated 21 negative RC columns.
[Iteration 7] Adding Columns:
  - Vehicle: 4w | RC: -664.45 | Cost: 2009.97 | Route: [0, 25, 24, 9, 22, 11, 8, 2, 5, 20, 14, 19, 21, 1, 0]
  - Vehicle: 4w | RC: -563.92 | Cost: 1932.66 | Route: [0, 15, 1, 18, 8, 11, 2, 5, 19, 22, 9, 24, 25, 0]
  - Vehicle: 4w | RC: -529.61 | Cost: 1864.57 | Route: [0, 4, 15, 1, 18, 8, 11, 2, 5, 19, 22, 9, 24, 0]
  - Vehicle: 4w | RC: -343.64 | Cost: 1599.89 | Route: [0, 10, 5, 20, 14, 19, 11, 22, 9, 12, 26, 7, 18, 8, 2, 1, 0]
  - Vehicle: 4w | RC: -327.37 | Cost: 2854.23 | Route: [0, 16, 23, 17, 1, 15, 18, 7, 13, 22, 11, 0]
  - Vehicle: 4w | RC: -308.71 | Cost: 1561.47 | Route: [0, 3, 20, 14, 5, 11, 22, 9, 12, 26, 7, 8, 2, 18, 1, 15, 0]
  - Vehicle: 4w | RC: -266.39 | Cost: 1273.10 | Route: [0, 14, 20, 5, 11, 22, 9, 12, 26, 7, 8, 2, 18, 1, 0]
  - Vehicle: 4w | RC: -263.04 | Cost: 1323.37 | Route: [0, 5, 20, 14, 19, 11, 22, 9, 12, 26, 7, 8, 2, 18, 1, 0]
  - Vehicle: 4w | RC: -225.20 | Cost: 2105.12 | Route: [0, 22, 9, 11, 2, 8, 5, 20, 14, 19, 21, 26, 13, 12, 24, 0]
  - Vehicle: 4w | RC: -217.70 | Cost: 1375.77 | Route: [0, 19, 11, 2, 8, 5, 20, 14, 21, 22, 9, 12, 13, 26, 7, 1, 0]
  - Vehicle: 4w | RC: -209.46 | Cost: 2651.19 | Route: [0, 23, 17, 13, 26, 11, 8, 2, 5, 20, 14, 19, 22, 0]
  - Vehicle: 4w | RC: -190.16 | Cost: 1999.09 | Route: [0, 6, 17, 13, 26, 11, 2, 8, 5, 19, 22, 9, 24, 25, 0]
  - Vehicle: 6w | RC: -189.84 | Cost: 2204.35 | Route: [0, 4, 15, 1, 18, 8, 11, 2, 5, 19, 22, 9, 24, 0]
  - Vehicle: 4w | RC: -147.03 | Cost: 937.89 | Route: [0, 1, 18, 8, 11, 2, 5, 19, 22, 9, 12, 26, 13, 0]
  - Vehicle: 6w | RC: -115.05 | Cost: 1802.05 | Route: [0, 15, 1, 18, 8, 11, 2, 5, 20, 14, 19, 22, 9, 12, 26, 0]
  - Vehicle: 6w | RC: -106.61 | Cost: 1788.72 | Route: [0, 10, 5, 20, 14, 19, 11, 22, 9, 12, 26, 13, 7, 18, 1, 0]
  - Vehicle: 6w | RC: -87.38 | Cost: 2370.31 | Route: [0, 25, 24, 9, 22, 11, 8, 2, 5, 20, 14, 19, 21, 18, 0]
  - Vehicle: 4w | RC: -78.86 | Cost: 2063.45 | Route: [0, 24, 25, 6, 17, 13, 26, 11, 22, 9, 12, 7, 8, 2, 5, 0]
  - Vehicle: 6w | RC: -27.72 | Cost: 1511.76 | Route: [0, 14, 20, 5, 11, 22, 9, 12, 26, 7, 8, 2, 18, 1, 0]
  - Vehicle: AUV | RC: -18.82 | Cost: 1128.14 | Route: [0, 6, 24, 25, 12, 7, 8, 0]
  - Vehicle: 6w | RC: -14.82 | Cost: 1571.60 | Route: [0, 5, 20, 14, 19, 11, 22, 9, 12, 26, 7, 8, 2, 18, 1, 0]

[Iteration 8] RMP Objective: 5472.55
[Iteration 8] POMO generated 11 negative RC columns.
[Iteration 8] Adding Columns:
  - Vehicle: 4w | RC: -416.82 | Cost: 2559.12 | Route: [0, 23, 25, 24, 17, 13, 12, 26, 11, 2, 8, 18, 1, 0]
  - Vehicle: 4w | RC: -264.50 | Cost: 1701.22 | Route: [0, 4, 15, 10, 3, 20, 5, 11, 2, 8, 26, 13, 12, 9, 22, 21, 0]
  - Vehicle: AUV | RC: -159.17 | Cost: 987.80 | Route: [0, 6, 25, 24, 12, 0]
  - Vehicle: AUV | RC: -102.76 | Cost: 1044.20 | Route: [0, 25, 24, 6, 12, 0]
  - Vehicle: 4w | RC: -98.88 | Cost: 1567.21 | Route: [0, 24, 25, 6, 17, 13, 12, 26, 11, 2, 8, 18, 0]
  - Vehicle: AUV | RC: -88.28 | Cost: 1058.68 | Route: [0, 24, 25, 6, 12, 0]
  - Vehicle: 4w | RC: -83.32 | Cost: 932.86 | Route: [0, 15, 4, 18, 26, 13, 12, 9, 22, 11, 2, 8, 0]
  - Vehicle: 4w | RC: -60.76 | Cost: 675.79 | Route: [0, 1, 18, 26, 13, 12, 9, 22, 11, 2, 0]
  - Vehicle: 4w | RC: -56.33 | Cost: 2663.54 | Route: [0, 16, 23, 17, 12, 13, 26, 11, 2, 18, 7, 1, 8, 0]
  - Vehicle: 4w | RC: -41.99 | Cost: 1032.72 | Route: [0, 14, 20, 3, 5, 11, 2, 8, 26, 12, 13, 7, 0]
  - Vehicle: 4w | RC: -1.53 | Cost: 1604.06 | Route: [0, 25, 24, 9, 22, 12, 26, 13, 7, 18, 11, 2, 8, 0]

[Iteration 9] RMP Objective: 5381.55
[Iteration 9] POMO generated 31 negative RC columns.
[Iteration 9] Adding Columns:
  - Vehicle: 4w | RC: -581.17 | Cost: 2232.33 | Route: [0, 14, 20, 3, 5, 11, 22, 9, 24, 17, 7, 26, 4, 0]
  - Vehicle: 4w | RC: -573.57 | Cost: 2239.92 | Route: [0, 20, 14, 3, 5, 11, 22, 9, 24, 17, 7, 26, 4, 0]
  - Vehicle: 4w | RC: -313.84 | Cost: 1406.78 | Route: [0, 13, 7, 26, 11, 22, 9, 24, 17, 0]
  - Vehicle: 4w | RC: -285.86 | Cost: 2471.28 | Route: [0, 9, 22, 24, 17, 7, 26, 18, 4, 10, 20, 0]
  - Vehicle: 4w | RC: -255.78 | Cost: 1464.83 | Route: [0, 12, 26, 7, 18, 11, 22, 9, 24, 17, 0]
  - Vehicle: 4w | RC: -239.97 | Cost: 1480.65 | Route: [0, 11, 7, 26, 13, 12, 22, 9, 24, 17, 0]
  - Vehicle: 4w | RC: -228.66 | Cost: 1491.96 | Route: [0, 26, 7, 18, 11, 22, 9, 24, 17, 13, 0]
  - Vehicle: 4w | RC: -213.66 | Cost: 2199.86 | Route: [0, 3, 20, 14, 5, 11, 7, 26, 13, 17, 12, 22, 9, 24, 0]
  - Vehicle: 4w | RC: -213.43 | Cost: 1966.79 | Route: [0, 1, 7, 26, 13, 17, 12, 22, 9, 24, 4, 0]
  - Vehicle: 4w | RC: -205.65 | Cost: 1450.86 | Route: [0, 2, 7, 26, 13, 12, 22, 9, 24, 17, 0]
  - Vehicle: 4w | RC: -205.06 | Cost: 1988.33 | Route: [0, 15, 4, 7, 26, 13, 17, 12, 22, 9, 24, 25, 6, 0]
  - Vehicle: 4w | RC: -195.82 | Cost: 2371.50 | Route: [0, 25, 24, 22, 9, 26, 7, 18, 4, 15, 10, 20, 0]
  - Vehicle: 4w | RC: -189.62 | Cost: 2148.91 | Route: [0, 22, 9, 24, 17, 7, 26, 18, 8, 11, 20, 14, 3, 0]
  - Vehicle: 4w | RC: -187.44 | Cost: 2417.47 | Route: [0, 10, 20, 3, 5, 11, 7, 26, 13, 17, 12, 22, 9, 24, 0]
  - Vehicle: 4w | RC: -185.28 | Cost: 2878.23 | Route: [0, 16, 23, 17, 7, 26, 4, 1, 18, 13, 11, 0]
  - Vehicle: 4w | RC: -182.92 | Cost: 2659.98 | Route: [0, 17, 26, 7, 18, 11, 22, 9, 24, 25, 23, 0]
  - Vehicle: 6w | RC: -180.03 | Cost: 2633.46 | Route: [0, 14, 20, 3, 5, 11, 22, 9, 24, 17, 7, 26, 4, 0]
  - Vehicle: 4w | RC: -174.04 | Cost: 1987.01 | Route: [0, 4, 7, 26, 13, 17, 12, 22, 9, 24, 25, 6, 0]
  - Vehicle: 6w | RC: -171.22 | Cost: 2642.28 | Route: [0, 20, 14, 3, 5, 11, 22, 9, 24, 17, 7, 26, 4, 0]
  - Vehicle: 4w | RC: -167.26 | Cost: 1553.36 | Route: [0, 21, 11, 7, 26, 13, 12, 22, 9, 24, 17, 0]
  - Vehicle: 4w | RC: -156.63 | Cost: 2256.90 | Route: [0, 5, 20, 14, 3, 11, 7, 26, 13, 17, 12, 22, 9, 24, 0]
  - Vehicle: AUV | RC: -140.36 | Cost: 990.18 | Route: [0, 6, 24, 25, 7, 0]
  - Vehicle: 4w | RC: -130.98 | Cost: 2647.80 | Route: [0, 7, 26, 13, 17, 12, 22, 9, 24, 25, 23, 0]
  - Vehicle: 4w | RC: -112.63 | Cost: 2746.98 | Route: [0, 6, 17, 26, 7, 18, 11, 22, 9, 24, 25, 23, 0]
  - Vehicle: AUV | RC: -102.74 | Cost: 1027.80 | Route: [0, 25, 24, 6, 7, 0]
  - Vehicle: 4w | RC: -97.49 | Cost: 2681.30 | Route: [0, 18, 7, 26, 13, 17, 12, 22, 9, 24, 25, 23, 0]
  - Vehicle: AUV | RC: -88.26 | Cost: 1042.28 | Route: [0, 24, 25, 6, 7, 0]
  - Vehicle: 6w | RC: -68.91 | Cost: 2175.41 | Route: [0, 26, 7, 18, 11, 22, 9, 24, 17, 13, 1, 4, 0]
  - Vehicle: 6w | RC: -54.89 | Cost: 1665.73 | Route: [0, 13, 7, 26, 11, 22, 9, 24, 17, 0]
  - Vehicle: 4w | RC: -41.74 | Cost: 1518.68 | Route: [0, 24, 25, 6, 17, 26, 7, 18, 8, 11, 0]
  - Vehicle: 4w | RC: -17.50 | Cost: 2126.84 | Route: [0, 8, 7, 26, 13, 17, 12, 22, 9, 24, 25, 4, 0]

[Iteration 10] RMP Objective: 5362.35
[Iteration 10] POMO generated 3 negative RC columns.
[Iteration 10] Adding Columns:
  - Vehicle: AUV | RC: -154.10 | Cost: 2780.21 | Route: [0, 16, 25, 24, 12, 7, 18, 8, 21, 20, 0]
  - Vehicle: AUV | RC: -84.16 | Cost: 1010.25 | Route: [0, 25, 24, 12, 7, 18, 0]
  - Vehicle: 4w | RC: -9.36 | Cost: 1379.36 | Route: [0, 10, 20, 14, 3, 11, 21, 2, 8, 7, 18, 26, 12, 0]

[Iteration 11] RMP Objective: 5355.92
[Iteration 11] POMO generated 2 negative RC columns.
[Iteration 11] Adding Columns:
  - Vehicle: 4w | RC: -206.62 | Cost: 1552.41 | Route: [0, 10, 20, 14, 3, 5, 2, 11, 21, 9, 12, 13, 7, 18, 1, 26, 0]
  - Vehicle: 4w | RC: -15.92 | Cost: 688.05 | Route: [0, 1, 7, 13, 12, 9, 22, 21, 11, 0]

[Iteration 12] RMP Objective: 5352.33
[Iteration 12] POMO generated 14 negative RC columns.
[Iteration 12] Adding Columns:
  - Vehicle: 4w | RC: -427.22 | Cost: 1761.47 | Route: [0, 4, 15, 10, 20, 14, 21, 11, 7, 26, 13, 12, 22, 9, 17, 0]
  - Vehicle: 4w | RC: -354.88 | Cost: 1612.09 | Route: [0, 9, 22, 21, 11, 19, 20, 14, 3, 10, 4, 1, 7, 13, 0]
  - Vehicle: 4w | RC: -351.66 | Cost: 1687.21 | Route: [0, 22, 21, 11, 19, 20, 14, 3, 10, 4, 1, 7, 13, 12, 0]
  - Vehicle: 4w | RC: -321.30 | Cost: 2643.98 | Route: [0, 16, 23, 17, 13, 7, 12, 26, 4, 15, 1, 0]
  - Vehicle: 4w | RC: -246.74 | Cost: 2133.70 | Route: [0, 24, 25, 6, 17, 13, 7, 26, 12, 22, 21, 11, 19, 20, 14, 0]
  - Vehicle: 4w | RC: -152.32 | Cost: 1127.33 | Route: [0, 3, 20, 14, 19, 21, 11, 22, 12, 13, 7, 26, 0]
  - Vehicle: 4w | RC: -122.54 | Cost: 1157.10 | Route: [0, 14, 20, 3, 19, 21, 11, 22, 12, 13, 7, 26, 0]
  - Vehicle: 4w | RC: -114.95 | Cost: 1164.70 | Route: [0, 20, 14, 3, 19, 21, 11, 22, 12, 13, 7, 26, 0]
  - Vehicle: 4w | RC: -114.93 | Cost: 2290.95 | Route: [0, 10, 20, 14, 21, 11, 19, 8, 7, 26, 12, 22, 24, 25, 0]
  - Vehicle: 6w | RC: -104.51 | Cost: 2084.18 | Route: [0, 4, 15, 10, 20, 14, 21, 11, 7, 26, 13, 12, 22, 9, 17, 0]
  - Vehicle: 4w | RC: -104.09 | Cost: 1462.12 | Route: [0, 5, 20, 14, 3, 19, 21, 11, 22, 12, 13, 7, 26, 17, 0]
  - Vehicle: 6w | RC: -41.81 | Cost: 1997.06 | Route: [0, 22, 21, 11, 19, 20, 14, 3, 10, 4, 1, 7, 13, 12, 0]
  - Vehicle: 4w | RC: -39.74 | Cost: 952.66 | Route: [0, 15, 4, 7, 26, 13, 12, 22, 21, 11, 0]
  - Vehicle: 4w | RC: -17.34 | Cost: 689.31 | Route: [0, 1, 7, 26, 13, 12, 22, 21, 11, 0]

[Iteration 13] RMP Objective: 5315.35
[Iteration 13] POMO generated 24 negative RC columns.
[Iteration 13] Adding Columns:
  - Vehicle: 4w | RC: -585.05 | Cost: 1905.42 | Route: [0, 18, 8, 5, 10, 3, 14, 21, 22, 9, 12, 17, 6, 25, 0]
  - Vehicle: 4w | RC: -495.89 | Cost: 2138.18 | Route: [0, 17, 6, 25, 24, 22, 9, 21, 5, 3, 14, 10, 0]
  - Vehicle: 4w | RC: -471.14 | Cost: 2019.34 | Route: [0, 8, 18, 5, 10, 3, 14, 21, 22, 9, 12, 17, 6, 25, 0]
  - Vehicle: 4w | RC: -431.05 | Cost: 2074.55 | Route: [0, 9, 22, 21, 5, 10, 3, 14, 19, 8, 18, 26, 17, 6, 25, 0]
  - Vehicle: 4w | RC: -415.04 | Cost: 2768.83 | Route: [0, 23, 25, 6, 17, 18, 8, 5, 3, 14, 20, 10, 0]
  - Vehicle: 4w | RC: -397.22 | Cost: 2108.38 | Route: [0, 22, 9, 21, 5, 10, 3, 14, 19, 8, 18, 26, 17, 6, 25, 0]
  - Vehicle: 4w | RC: -390.40 | Cost: 2397.10 | Route: [0, 24, 25, 6, 17, 18, 8, 5, 10, 3, 14, 21, 9, 22, 0]
  - Vehicle: 4w | RC: -364.68 | Cost: 2269.39 | Route: [0, 10, 5, 3, 14, 21, 22, 9, 12, 17, 6, 25, 24, 0]
  - Vehicle: 4w | RC: -351.59 | Cost: 2176.05 | Route: [0, 25, 24, 22, 9, 21, 5, 10, 3, 14, 8, 18, 1, 0]
  - Vehicle: 4w | RC: -329.30 | Cost: 2115.44 | Route: [0, 7, 18, 8, 5, 10, 3, 14, 21, 22, 9, 24, 25, 0]
  - Vehicle: 4w | RC: -295.99 | Cost: 3066.41 | Route: [0, 16, 23, 17, 18, 8, 5, 3, 14, 9, 22, 21, 0]
  - Vehicle: 6w | RC: -238.27 | Cost: 2252.21 | Route: [0, 18, 8, 5, 10, 3, 14, 21, 22, 9, 12, 17, 6, 25, 0]
  - Vehicle: 4w | RC: -236.69 | Cost: 1679.31 | Route: [0, 13, 18, 8, 5, 10, 3, 14, 21, 22, 9, 12, 17, 6, 0]
  - Vehicle: 4w | RC: -233.98 | Cost: 2210.76 | Route: [0, 2, 8, 18, 5, 10, 3, 14, 21, 22, 9, 24, 25, 0]
  - Vehicle: 4w | RC: -228.55 | Cost: 1687.45 | Route: [0, 26, 18, 8, 5, 10, 3, 14, 21, 22, 9, 12, 17, 6, 0]
  - Vehicle: 4w | RC: -189.71 | Cost: 1741.41 | Route: [0, 12, 9, 22, 21, 5, 10, 3, 14, 19, 8, 18, 17, 6, 0]
  - Vehicle: 4w | RC: -183.10 | Cost: 2261.64 | Route: [0, 11, 8, 18, 5, 10, 3, 14, 21, 22, 9, 24, 25, 0]
  - Vehicle: 4w | RC: -138.70 | Cost: 1887.64 | Route: [0, 6, 17, 13, 18, 8, 5, 3, 14, 20, 10, 19, 9, 22, 21, 0]
  - Vehicle: 6w | RC: -110.73 | Cost: 2523.34 | Route: [0, 17, 6, 25, 24, 22, 9, 21, 5, 3, 14, 10, 0]
  - Vehicle: 4w | RC: -82.99 | Cost: 1833.01 | Route: [0, 5, 10, 3, 14, 21, 22, 9, 12, 18, 8, 7, 17, 6, 0]
  - Vehicle: 4w | RC: -57.69 | Cost: 1837.23 | Route: [0, 3, 14, 20, 10, 5, 8, 18, 26, 9, 22, 21, 2, 7, 17, 0]
  - Vehicle: 6w | RC: -55.35 | Cost: 2450.25 | Route: [0, 9, 22, 21, 5, 10, 3, 14, 19, 8, 18, 26, 17, 6, 25, 0]
  - Vehicle: 4w | RC: -23.04 | Cost: 1871.88 | Route: [0, 20, 14, 3, 5, 10, 8, 18, 26, 9, 22, 21, 2, 7, 17, 0]
  - Vehicle: 6w | RC: -15.88 | Cost: 2489.72 | Route: [0, 22, 9, 21, 5, 10, 3, 14, 19, 8, 18, 26, 17, 6, 25, 0]

[Iteration 14] RMP Objective: 5288.70
[Iteration 14] POMO generated 26 negative RC columns.
[Iteration 14] Adding Columns:
  - Vehicle: 4w | RC: -378.60 | Cost: 1789.35 | Route: [0, 15, 4, 18, 8, 2, 11, 19, 3, 10, 20, 14, 21, 9, 17, 0]
  - Vehicle: 4w | RC: -371.83 | Cost: 2254.51 | Route: [0, 24, 25, 6, 17, 18, 8, 2, 11, 19, 3, 10, 20, 14, 0]
  - Vehicle: 4w | RC: -367.32 | Cost: 2110.25 | Route: [0, 18, 8, 2, 11, 19, 3, 10, 20, 14, 21, 9, 24, 25, 0]
  - Vehicle: 4w | RC: -327.94 | Cost: 2218.58 | Route: [0, 25, 24, 17, 18, 8, 2, 11, 19, 3, 10, 20, 14, 0]
  - Vehicle: 4w | RC: -317.29 | Cost: 1535.97 | Route: [0, 1, 18, 8, 2, 11, 19, 3, 10, 20, 14, 21, 9, 17, 0]
  - Vehicle: 4w | RC: -217.50 | Cost: 1215.85 | Route: [0, 14, 20, 3, 10, 19, 11, 2, 8, 18, 7, 26, 0]
  - Vehicle: 4w | RC: -209.91 | Cost: 1223.44 | Route: [0, 20, 14, 3, 10, 19, 11, 2, 8, 18, 7, 26, 0]
  - Vehicle: 4w | RC: -209.10 | Cost: 2256.82 | Route: [0, 4, 15, 10, 20, 3, 19, 11, 2, 8, 18, 17, 6, 24, 0]
  - Vehicle: 4w | RC: -158.16 | Cost: 1182.69 | Route: [0, 10, 20, 14, 19, 11, 2, 8, 18, 7, 26, 0]
  - Vehicle: 4w | RC: -130.55 | Cost: 2850.47 | Route: [0, 16, 23, 17, 18, 8, 2, 11, 19, 21, 26, 7, 15, 0]
  - Vehicle: 4w | RC: -112.85 | Cost: 1568.70 | Route: [0, 17, 13, 18, 8, 2, 11, 19, 3, 10, 20, 14, 21, 0]
  - Vehicle: 4w | RC: -105.67 | Cost: 1655.70 | Route: [0, 6, 17, 13, 18, 8, 2, 11, 19, 3, 10, 20, 14, 21, 0]
  - Vehicle: AUV | RC: -85.08 | Cost: 1795.29 | Route: [0, 25, 24, 6, 18, 8, 10, 20, 21, 0]
  - Vehicle: 4w | RC: -71.32 | Cost: 2871.35 | Route: [0, 23, 25, 24, 17, 18, 8, 2, 11, 19, 20, 14, 0]
  - Vehicle: AUV | RC: -70.60 | Cost: 1809.77 | Route: [0, 24, 25, 6, 18, 8, 10, 20, 21, 0]
  - Vehicle: 4w | RC: -55.03 | Cost: 1421.32 | Route: [0, 21, 11, 2, 8, 18, 19, 3, 10, 20, 14, 0]
  - Vehicle: 4w | RC: -52.19 | Cost: 2224.42 | Route: [0, 8, 2, 11, 19, 3, 10, 20, 14, 21, 18, 17, 6, 24, 0]
  - Vehicle: 6w | RC: -51.41 | Cost: 2116.54 | Route: [0, 15, 4, 18, 8, 2, 11, 19, 3, 10, 20, 14, 21, 9, 17, 0]
  - Vehicle: 4w | RC: -38.35 | Cost: 1531.25 | Route: [0, 9, 11, 2, 8, 18, 19, 3, 10, 20, 14, 21, 0]
  - Vehicle: 6w | RC: -32.65 | Cost: 1820.61 | Route: [0, 1, 18, 8, 2, 11, 19, 3, 10, 20, 14, 21, 9, 17, 0]
  - Vehicle: 4w | RC: -23.49 | Cost: 1602.18 | Route: [0, 22, 9, 11, 2, 8, 18, 19, 3, 10, 20, 14, 21, 0]
  - Vehicle: 4w | RC: -20.37 | Cost: 2256.23 | Route: [0, 2, 8, 11, 19, 3, 10, 20, 14, 21, 18, 17, 6, 24, 0]
  - Vehicle: 4w | RC: -10.15 | Cost: 2074.69 | Route: [0, 7, 18, 8, 2, 11, 19, 3, 10, 20, 14, 21, 9, 24, 0]
  - Vehicle: AUV | RC: -8.57 | Cost: 1138.40 | Route: [0, 6, 25, 24, 12, 8, 18, 0]
  - Vehicle: AUV | RC: -2.69 | Cost: 846.88 | Route: [0, 20, 10, 8, 18, 0]
  - Vehicle: 4w | RC: -2.69 | Cost: 962.39 | Route: [0, 3, 20, 14, 19, 11, 2, 8, 18, 7, 26, 0]

[Iteration 15] RMP Objective: 5232.53
[Iteration 15] POMO generated 10 negative RC columns.
[Iteration 15] Adding Columns:
  - Vehicle: 4w | RC: -160.04 | Cost: 2149.85 | Route: [0, 15, 4, 18, 2, 19, 5, 20, 21, 22, 9, 24, 25, 0]
  - Vehicle: 4w | RC: -153.88 | Cost: 2156.00 | Route: [0, 4, 15, 18, 2, 19, 5, 20, 21, 22, 9, 24, 25, 0]
  - Vehicle: 4w | RC: -153.77 | Cost: 2211.13 | Route: [0, 13, 18, 2, 19, 5, 10, 20, 21, 22, 9, 24, 25, 0]
  - Vehicle: 4w | RC: -114.72 | Cost: 1435.13 | Route: [0, 18, 2, 19, 5, 10, 20, 21, 22, 9, 12, 13, 26, 7, 0]
  - Vehicle: 4w | RC: -114.46 | Cost: 2219.36 | Route: [0, 24, 25, 6, 17, 13, 18, 2, 19, 5, 20, 14, 21, 22, 0]
  - Vehicle: 4w | RC: -86.61 | Cost: 1896.47 | Route: [0, 1, 18, 2, 19, 5, 20, 21, 22, 9, 24, 25, 0]
  - Vehicle: 4w | RC: -82.55 | Cost: 2760.87 | Route: [0, 23, 25, 24, 22, 21, 19, 5, 2, 18, 13, 1, 0]
  - Vehicle: 4w | RC: -35.12 | Cost: 2867.85 | Route: [0, 16, 23, 17, 6, 13, 18, 7, 26, 2, 19, 5, 21, 0]
  - Vehicle: 4w | RC: -16.20 | Cost: 1298.99 | Route: [0, 10, 5, 19, 21, 22, 9, 12, 13, 18, 2, 11, 0]
  - Vehicle: 4w | RC: -6.43 | Cost: 1543.42 | Route: [0, 2, 19, 5, 10, 20, 21, 22, 9, 12, 13, 18, 7, 26, 0]

[Iteration 16] RMP Objective: 5227.87
[Iteration 16] POMO generated 26 negative RC columns.
[Iteration 16] Adding Columns:
  - Vehicle: 4w | RC: -398.51 | Cost: 2937.13 | Route: [0, 16, 23, 6, 17, 13, 18, 2, 11, 21, 19, 5, 10, 0]
  - Vehicle: 4w | RC: -392.19 | Cost: 1668.66 | Route: [0, 15, 4, 18, 2, 11, 21, 19, 5, 10, 20, 14, 22, 9, 13, 0]
  - Vehicle: 4w | RC: -386.04 | Cost: 1674.81 | Route: [0, 4, 15, 18, 2, 11, 21, 19, 5, 10, 20, 14, 22, 9, 13, 0]
  - Vehicle: 4w | RC: -230.64 | Cost: 2047.35 | Route: [0, 1, 18, 2, 11, 21, 19, 5, 10, 20, 14, 22, 24, 0]
  - Vehicle: 4w | RC: -190.61 | Cost: 2133.54 | Route: [0, 2, 11, 21, 19, 5, 10, 20, 14, 22, 9, 24, 25, 0]
  - Vehicle: 4w | RC: -182.99 | Cost: 2141.16 | Route: [0, 8, 2, 11, 21, 19, 5, 10, 20, 14, 22, 9, 24, 25, 0]
  - Vehicle: 4w | RC: -171.93 | Cost: 2152.22 | Route: [0, 11, 2, 5, 10, 20, 14, 19, 21, 22, 9, 24, 25, 0]
  - Vehicle: 4w | RC: -168.25 | Cost: 2049.18 | Route: [0, 18, 2, 11, 21, 19, 5, 10, 20, 14, 22, 9, 24, 0]
  - Vehicle: 4w | RC: -137.03 | Cost: 1801.00 | Route: [0, 6, 17, 13, 18, 2, 11, 21, 19, 5, 10, 20, 14, 22, 9, 0]
  - Vehicle: 4w | RC: -131.70 | Cost: 2337.72 | Route: [0, 24, 25, 6, 13, 18, 2, 11, 21, 19, 5, 10, 20, 14, 0]
  - Vehicle: 4w | RC: -129.32 | Cost: 1352.62 | Route: [0, 5, 10, 20, 14, 19, 11, 21, 2, 18, 13, 26, 0]
  - Vehicle: 4w | RC: -126.44 | Cost: 1355.50 | Route: [0, 19, 5, 10, 20, 14, 21, 11, 2, 18, 13, 26, 0]
  - Vehicle: 4w | RC: -125.41 | Cost: 2128.02 | Route: [0, 13, 18, 2, 11, 21, 19, 5, 10, 20, 14, 22, 24, 0]
  - Vehicle: 4w | RC: -104.16 | Cost: 2082.22 | Route: [0, 7, 18, 2, 11, 21, 19, 5, 10, 20, 14, 22, 24, 0]
  - Vehicle: 4w | RC: -103.75 | Cost: 2754.48 | Route: [0, 23, 6, 17, 13, 18, 2, 11, 21, 19, 5, 10, 20, 14, 0]
  - Vehicle: 4w | RC: -88.26 | Cost: 1393.68 | Route: [0, 21, 11, 2, 5, 10, 20, 14, 19, 18, 13, 26, 0]
  - Vehicle: 6w | RC: -85.61 | Cost: 1975.24 | Route: [0, 15, 4, 18, 2, 11, 21, 19, 5, 10, 20, 14, 22, 9, 13, 0]
  - Vehicle: 6w | RC: -78.43 | Cost: 1982.43 | Route: [0, 4, 15, 18, 2, 11, 21, 19, 5, 10, 20, 14, 22, 9, 13, 0]
  - Vehicle: 4w | RC: -74.71 | Cost: 1706.80 | Route: [0, 17, 13, 18, 2, 11, 21, 19, 5, 10, 20, 14, 22, 9, 12, 0]
  - Vehicle: 4w | RC: -73.42 | Cost: 1687.05 | Route: [0, 9, 22, 21, 11, 2, 18, 8, 5, 10, 20, 14, 19, 13, 26, 1, 0]
  - Vehicle: 4w | RC: -48.50 | Cost: 2205.25 | Route: [0, 12, 13, 18, 2, 11, 21, 19, 5, 10, 20, 14, 22, 24, 0]
  - Vehicle: 4w | RC: -47.52 | Cost: 2136.16 | Route: [0, 26, 18, 2, 11, 21, 19, 5, 10, 20, 14, 22, 24, 0]
  - Vehicle: 4w | RC: -20.81 | Cost: 1075.78 | Route: [0, 10, 5, 19, 11, 21, 2, 18, 13, 26, 0]
  - Vehicle: 4w | RC: -20.43 | Cost: 1053.01 | Route: [0, 14, 20, 5, 19, 21, 11, 2, 18, 13, 26, 0]
  - Vehicle: 4w | RC: -12.84 | Cost: 1060.61 | Route: [0, 20, 14, 5, 19, 21, 11, 2, 18, 13, 26, 0]
  - Vehicle: 4w | RC: -2.15 | Cost: 1630.25 | Route: [0, 22, 21, 11, 2, 18, 8, 5, 10, 20, 14, 19, 13, 26, 0]

[Iteration 17] RMP Objective: 5187.85
[Iteration 17] POMO generated 11 negative RC columns.
[Iteration 17] Adding Columns:
  - Vehicle: 4w | RC: -298.68 | Cost: 1591.29 | Route: [0, 1, 18, 8, 11, 21, 22, 9, 24, 25, 6, 17, 26, 0]
  - Vehicle: 4w | RC: -255.73 | Cost: 1651.44 | Route: [0, 18, 8, 11, 21, 22, 9, 24, 25, 6, 17, 26, 7, 1, 0]
  - Vehicle: 4w | RC: -217.67 | Cost: 1844.67 | Route: [0, 15, 4, 18, 8, 11, 21, 22, 9, 24, 25, 6, 17, 26, 0]
  - Vehicle: 4w | RC: -211.52 | Cost: 1850.82 | Route: [0, 4, 15, 18, 8, 11, 21, 22, 9, 24, 25, 6, 17, 26, 0]
  - Vehicle: 4w | RC: -167.16 | Cost: 2758.66 | Route: [0, 16, 23, 6, 17, 18, 26, 7, 1, 8, 22, 11, 0]
  - Vehicle: 4w | RC: -136.05 | Cost: 1753.92 | Route: [0, 8, 18, 26, 11, 21, 22, 9, 24, 25, 6, 17, 1, 0]
  - Vehicle: 4w | RC: -107.30 | Cost: 1782.67 | Route: [0, 2, 8, 18, 26, 11, 21, 22, 9, 24, 25, 6, 17, 1, 0]
  - Vehicle: 4w | RC: -78.87 | Cost: 1843.13 | Route: [0, 24, 25, 6, 17, 26, 18, 8, 11, 21, 22, 9, 12, 7, 1, 0]
  - Vehicle: 4w | RC: -51.35 | Cost: 1303.76 | Route: [0, 14, 20, 3, 5, 19, 11, 21, 22, 9, 12, 26, 18, 8, 7, 0]
  - Vehicle: AUV | RC: -17.92 | Cost: 1762.21 | Route: [0, 24, 25, 6, 12, 21, 20, 10, 8, 18, 0]
  - Vehicle: 6w | RC: -4.98 | Cost: 1884.98 | Route: [0, 1, 18, 8, 11, 21, 22, 9, 24, 25, 6, 17, 26, 0]

[Iteration 18] RMP Objective: 5159.27
[Iteration 18] POMO generated 4 negative RC columns.
[Iteration 18] Adding Columns:
  - Vehicle: 4w | RC: -163.94 | Cost: 1503.34 | Route: [0, 4, 15, 18, 8, 2, 19, 3, 20, 14, 5, 11, 21, 22, 9, 12, 7, 0]
  - Vehicle: 4w | RC: -140.60 | Cost: 1488.52 | Route: [0, 15, 18, 8, 2, 19, 3, 20, 14, 5, 11, 21, 22, 9, 12, 7, 0]
  - Vehicle: 4w | RC: -35.76 | Cost: 1484.56 | Route: [0, 6, 17, 13, 7, 8, 2, 11, 19, 3, 20, 14, 21, 22, 9, 12, 0]
  - Vehicle: 4w | RC: -28.65 | Cost: 1989.88 | Route: [0, 24, 25, 6, 17, 13, 7, 8, 2, 19, 3, 20, 14, 21, 11, 0]

[Iteration 19] RMP Objective: 5151.12
[Iteration 19] POMO generated 9 negative RC columns.
[Iteration 19] Adding Columns:
  - Vehicle: 4w | RC: -298.59 | Cost: 1491.53 | Route: [0, 13, 7, 8, 2, 11, 19, 3, 20, 14, 5, 10, 15, 1, 0]
  - Vehicle: 4w | RC: -285.08 | Cost: 1520.00 | Route: [0, 7, 8, 2, 11, 19, 3, 20, 14, 5, 10, 15, 1, 18, 0]
  - Vehicle: 4w | RC: -204.39 | Cost: 1600.69 | Route: [0, 11, 8, 2, 19, 3, 20, 14, 5, 10, 15, 1, 18, 7, 0]
  - Vehicle: 4w | RC: -188.89 | Cost: 1537.93 | Route: [0, 1, 18, 8, 2, 11, 19, 3, 5, 10, 20, 14, 21, 22, 9, 0]
  - Vehicle: 4w | RC: -104.45 | Cost: 1406.32 | Route: [0, 8, 2, 19, 3, 5, 10, 20, 14, 21, 11, 7, 18, 1, 0]
  - Vehicle: 4w | RC: -53.18 | Cost: 1291.49 | Route: [0, 14, 20, 3, 5, 19, 2, 8, 11, 21, 22, 9, 12, 26, 7, 18, 1, 0]
  - Vehicle: 6w | RC: -21.42 | Cost: 1768.70 | Route: [0, 13, 7, 8, 2, 11, 19, 3, 20, 14, 5, 10, 15, 1, 0]
  - Vehicle: 6w | RC: -11.99 | Cost: 1778.12 | Route: [0, 26, 7, 8, 2, 11, 19, 3, 20, 14, 5, 10, 15, 1, 0]
  - Vehicle: 6w | RC: -3.03 | Cost: 1802.05 | Route: [0, 7, 8, 2, 11, 19, 3, 20, 14, 5, 10, 15, 1, 18, 0]

[Iteration 20] RMP Objective: 5117.20
[Iteration 20] POMO generated 4 negative RC columns.
[Iteration 20] Adding Columns:
  - Vehicle: 4w | RC: -200.67 | Cost: 2875.12 | Route: [0, 23, 25, 24, 9, 22, 19, 3, 20, 5, 8, 0]
  - Vehicle: 4w | RC: -109.73 | Cost: 1507.68 | Route: [0, 15, 4, 10, 3, 20, 19, 5, 8, 26, 13, 7, 18, 0]
  - Vehicle: 4w | RC: -107.02 | Cost: 1510.40 | Route: [0, 4, 15, 10, 3, 20, 19, 5, 8, 26, 13, 7, 18, 0]
  - Vehicle: 4w | RC: -77.57 | Cost: 2948.20 | Route: [0, 16, 23, 17, 26, 13, 18, 7, 19, 3, 20, 5, 0]

[Iteration 21] RMP Objective: 5114.20
[Iteration 21] POMO generated 18 negative RC columns.
[Iteration 21] Adding Columns:
  - Vehicle: 4w | RC: -263.28 | Cost: 2037.00 | Route: [0, 14, 20, 3, 19, 2, 8, 26, 13, 22, 9, 24, 25, 6, 17, 0]
  - Vehicle: 4w | RC: -202.19 | Cost: 2167.12 | Route: [0, 15, 4, 10, 3, 19, 2, 8, 26, 13, 22, 24, 25, 0]
  - Vehicle: 4w | RC: -199.48 | Cost: 2169.84 | Route: [0, 4, 15, 10, 3, 19, 2, 8, 26, 13, 22, 24, 25, 0]
  - Vehicle: 4w | RC: -186.44 | Cost: 2008.73 | Route: [0, 3, 20, 19, 2, 8, 26, 13, 22, 9, 24, 25, 6, 17, 0]
  - Vehicle: 4w | RC: -185.00 | Cost: 1937.42 | Route: [0, 8, 2, 19, 3, 20, 14, 5, 21, 22, 9, 24, 25, 6, 0]
  - Vehicle: 4w | RC: -170.43 | Cost: 2228.08 | Route: [0, 10, 3, 20, 19, 2, 8, 26, 13, 22, 9, 24, 25, 6, 0]
  - Vehicle: 4w | RC: -154.80 | Cost: 2867.84 | Route: [0, 23, 25, 24, 22, 19, 3, 20, 14, 5, 2, 0]
  - Vehicle: 4w | RC: -154.32 | Cost: 2040.85 | Route: [0, 20, 3, 19, 2, 8, 26, 13, 22, 9, 24, 25, 6, 17, 0]
  - Vehicle: 4w | RC: -122.82 | Cost: 1993.88 | Route: [0, 25, 24, 22, 21, 19, 3, 20, 14, 5, 2, 26, 13, 7, 0]
  - Vehicle: 4w | RC: -68.21 | Cost: 2039.34 | Route: [0, 19, 3, 20, 14, 5, 2, 8, 26, 13, 22, 9, 24, 25, 0]
  - Vehicle: 4w | RC: -60.74 | Cost: 1191.36 | Route: [0, 22, 21, 19, 3, 20, 14, 5, 2, 8, 26, 13, 0]
  - Vehicle: 4w | RC: -58.63 | Cost: 2293.19 | Route: [0, 24, 25, 6, 17, 26, 13, 2, 19, 3, 20, 14, 5, 8, 22, 0]
  - Vehicle: 4w | RC: -56.49 | Cost: 2038.96 | Route: [0, 18, 2, 19, 3, 20, 14, 5, 8, 26, 13, 22, 24, 25, 0]
  - Vehicle: 4w | RC: -53.68 | Cost: 2066.72 | Route: [0, 5, 3, 20, 19, 2, 8, 26, 13, 22, 9, 24, 25, 6, 0]
  - Vehicle: 4w | RC: -52.82 | Cost: 2054.72 | Route: [0, 2, 19, 3, 20, 14, 5, 8, 26, 13, 22, 9, 24, 25, 0]
  - Vehicle: 4w | RC: -30.42 | Cost: 1496.19 | Route: [0, 9, 22, 21, 19, 3, 20, 14, 5, 2, 8, 26, 13, 17, 6, 0]
  - Vehicle: 4w | RC: -23.15 | Cost: 2754.28 | Route: [0, 16, 23, 17, 26, 13, 22, 19, 2, 18, 7, 8, 1, 0]
  - Vehicle: 4w | RC: -18.82 | Cost: 2096.97 | Route: [0, 21, 19, 3, 20, 14, 5, 2, 8, 26, 13, 22, 24, 25, 0]

[Iteration 22] RMP Objective: 5092.77
[Iteration 22] POMO generated 1 negative RC columns.
[Iteration 22] Adding Columns:
  - Vehicle: AUV | RC: -47.44 | Cost: 919.33 | Route: [0, 24, 25, 6, 0]

[Iteration 23] RMP Objective: 5074.13
[Iteration 23] POMO generated 3 negative RC columns.
[Iteration 23] Adding Columns:
  - Vehicle: 4w | RC: -148.67 | Cost: 1510.51 | Route: [0, 7, 18, 8, 2, 11, 19, 3, 5, 10, 20, 14, 22, 9, 12, 13, 0]
  - Vehicle: 4w | RC: -110.79 | Cost: 1518.87 | Route: [0, 18, 8, 2, 11, 19, 3, 5, 10, 20, 14, 21, 22, 9, 12, 13, 0]
  - Vehicle: 4w | RC: -3.88 | Cost: 1767.60 | Route: [0, 15, 4, 18, 8, 2, 11, 19, 3, 5, 10, 20, 14, 21, 22, 0]

[Iteration 24] RMP Objective: 5062.42
[Iteration 24] POMO generated 1 negative RC columns.
[Iteration 24] Adding Columns:
  - Vehicle: 4w | RC: -12.09 | Cost: 1263.97 | Route: [0, 10, 20, 3, 5, 19, 21, 11, 2, 8, 18, 7, 26, 0]

[Iteration 25] RMP Objective: 5061.57
POMO failed 3 strikes → DP fallback (call 1 / 25).
DP solver hit label limit (1000000) for AUV.
DP solver hit label limit (1000000) for 4w.
DP solver hit label limit (1000000) for 6w.
DP solver hit label limit (1000000) for 10w.
DP solver hit label limit (1000000) for 40ft.
[Iteration 25] POMO generated 29 negative RC columns.
[Iteration 25] Adding Columns:
  - Vehicle: AUV | RC: -184.47 | Cost: 2750.58 | Route: [0, 16, 25, 24, 20, 10, 0]
  - Vehicle: AUV | RC: -175.84 | Cost: 2134.12 | Route: [0, 16, 25, 24, 6, 0]
  - Vehicle: AUV | RC: -162.78 | Cost: 2147.18 | Route: [0, 6, 16, 25, 24, 0]
  - Vehicle: AUV | RC: -161.63 | Cost: 2148.33 | Route: [0, 6, 24, 25, 16, 0]
  - Vehicle: AUV | RC: -158.58 | Cost: 2776.46 | Route: [0, 10, 20, 24, 25, 16, 0]
  - Vehicle: AUV | RC: -156.55 | Cost: 2092.73 | Route: [0, 16, 25, 24, 0]
  - Vehicle: AUV | RC: -150.67 | Cost: 2472.38 | Route: [0, 16, 25, 20, 10, 18, 0]
  - Vehicle: AUV | RC: -146.86 | Cost: 2163.09 | Route: [0, 24, 25, 16, 6, 0]
  - Vehicle: AUV | RC: -144.69 | Cost: 2498.97 | Route: [0, 16, 25, 12, 20, 10, 18, 0]
  - Vehicle: AUV | RC: -140.43 | Cost: 2516.80 | Route: [0, 16, 25, 21, 20, 10, 18, 0]
  - Vehicle: AUV | RC: -139.35 | Cost: 2184.85 | Route: [0, 18, 7, 24, 25, 16, 0]
  - Vehicle: AUV | RC: -136.94 | Cost: 2112.34 | Route: [0, 24, 25, 16, 0]
  - Vehicle: AUV | RC: -134.72 | Cost: 2514.14 | Route: [0, 16, 25, 7, 18, 20, 10, 0]
  - Vehicle: AUV | RC: -134.40 | Cost: 2210.41 | Route: [0, 18, 7, 12, 24, 25, 16, 0]
  - Vehicle: AUV | RC: -130.46 | Cost: 2193.74 | Route: [0, 16, 25, 24, 7, 18, 0]
  - Vehicle: AUV | RC: -126.33 | Cost: 2172.06 | Route: [0, 18, 24, 25, 16, 0]
  - Vehicle: AUV | RC: -123.43 | Cost: 1825.43 | Route: [0, 16, 25, 6, 0]
  - Vehicle: AUV | RC: -122.05 | Cost: 2477.71 | Route: [0, 16, 25, 7, 20, 10, 0]
  - Vehicle: AUV | RC: -121.37 | Cost: 2197.62 | Route: [0, 18, 12, 24, 25, 16, 0]
  - Vehicle: AUV | RC: -120.39 | Cost: 2453.56 | Route: [0, 16, 25, 20, 10, 0]
  - Vehicle: AUV | RC: -119.84 | Cost: 2563.19 | Route: [0, 16, 25, 7, 18, 21, 20, 10, 0]
  - Vehicle: AUV | RC: -119.15 | Cost: 2150.73 | Route: [0, 12, 24, 25, 16, 0]
  - Vehicle: AUV | RC: -117.94 | Cost: 2157.16 | Route: [0, 7, 24, 25, 16, 0]
  - Vehicle: AUV | RC: -117.78 | Cost: 2157.31 | Route: [0, 16, 25, 24, 7, 0]
  - Vehicle: AUV | RC: -115.14 | Cost: 2513.58 | Route: [0, 16, 25, 12, 21, 20, 10, 0]
  - Vehicle: 4w | RC: -22.89 | Cost: 1944.28 | Route: [0, 16, 23, 0]
  - Vehicle: 4w | RC: -15.56 | Cost: 738.27 | Route: [0, 25, 6, 17, 0]
  - Vehicle: 4w | RC: -8.31 | Cost: 956.01 | Route: [0, 14, 20, 3, 10, 0]
  - Vehicle: 4w | RC: -0.72 | Cost: 963.60 | Route: [0, 20, 14, 3, 10, 0]

[Iteration 26] RMP Objective: 5061.33
[Iteration 26] POMO generated 1 negative RC columns.
[Iteration 26] Adding Columns:
  - Vehicle: 4w | RC: -5.51 | Cost: 1683.05 | Route: [0, 8, 2, 11, 19, 21, 3, 5, 20, 14, 10, 4, 15, 18, 26, 0]

[Iteration 27] RMP Objective: 5061.28
[Iteration 27] POMO generated 3 negative RC columns.
[Iteration 27] Adding Columns:
  - Vehicle: 4w | RC: -261.39 | Cost: 2013.43 | Route: [0, 4, 15, 10, 20, 3, 5, 19, 2, 18, 26, 7, 17, 6, 25, 0]
  - Vehicle: 4w | RC: -30.80 | Cost: 1998.97 | Route: [0, 19, 3, 20, 14, 5, 10, 2, 18, 26, 7, 13, 17, 6, 25, 0]
  - Vehicle: 4w | RC: -22.16 | Cost: 1492.69 | Route: [0, 15, 4, 18, 26, 7, 2, 5, 3, 20, 14, 19, 21, 22, 9, 12, 0]

[Iteration 28] RMP Objective: 5060.39
[Iteration 28] POMO generated 3 negative RC columns.
[Iteration 28] Adding Columns:
  - Vehicle: 4w | RC: -124.99 | Cost: 1440.91 | Route: [0, 15, 4, 10, 20, 3, 5, 19, 11, 2, 18, 26, 7, 13, 0]
  - Vehicle: 4w | RC: -96.27 | Cost: 1722.35 | Route: [0, 4, 15, 10, 20, 3, 5, 19, 11, 2, 18, 26, 7, 17, 6, 0]
  - Vehicle: 4w | RC: -1.89 | Cost: 1923.81 | Route: [0, 8, 2, 5, 3, 20, 14, 19, 11, 21, 22, 9, 24, 25, 0]

[Iteration 29] RMP Objective: 5053.28
[Iteration 29] POMO generated 5 negative RC columns.
[Iteration 29] Adding Columns:
  - Vehicle: 4w | RC: -249.93 | Cost: 1672.84 | Route: [0, 4, 15, 10, 20, 14, 3, 5, 19, 8, 18, 7, 26, 17, 6, 0]
  - Vehicle: 4w | RC: -178.10 | Cost: 1665.00 | Route: [0, 15, 4, 18, 8, 5, 10, 20, 14, 3, 19, 21, 22, 9, 12, 0]
  - Vehicle: 4w | RC: -157.72 | Cost: 2179.52 | Route: [0, 24, 25, 6, 17, 26, 7, 18, 8, 5, 20, 14, 3, 10, 0]
  - Vehicle: 4w | RC: -138.36 | Cost: 2161.04 | Route: [0, 25, 24, 6, 17, 26, 18, 8, 5, 20, 14, 3, 10, 0]
  - Vehicle: 4w | RC: -6.91 | Cost: 1562.33 | Route: [0, 13, 26, 18, 8, 5, 10, 20, 14, 3, 19, 21, 22, 9, 12, 7, 0]

[Iteration 30] RMP Objective: 5048.80
[Iteration 30] POMO generated 2 negative RC columns.
[Iteration 30] Adding Columns:
  - Vehicle: 4w | RC: -31.89 | Cost: 1702.74 | Route: [0, 4, 15, 10, 3, 20, 21, 2, 8, 7, 18, 26, 12, 22, 9, 0]
  - Vehicle: 4w | RC: -18.05 | Cost: 2733.61 | Route: [0, 16, 23, 17, 7, 2, 18, 26, 13, 12, 22, 21, 11, 0]

[Iteration 31] RMP Objective: 5048.01
[Iteration 31] POMO generated 2 negative RC columns.
[Iteration 31] Adding Columns:
  - Vehicle: 4w | RC: -149.20 | Cost: 1652.34 | Route: [0, 4, 15, 10, 3, 20, 14, 21, 2, 11, 7, 18, 26, 13, 17, 0]
  - Vehicle: 4w | RC: -13.48 | Cost: 1542.53 | Route: [0, 10, 3, 20, 14, 21, 2, 11, 22, 9, 12, 26, 7, 18, 8, 0]

[Iteration 32] RMP Objective: 5040.56
[Iteration 32] POMO generated 6 negative RC columns.
[Iteration 32] Adding Columns:
  - Vehicle: 4w | RC: -148.97 | Cost: 1454.13 | Route: [0, 4, 15, 10, 3, 5, 2, 8, 11, 21, 22, 9, 12, 26, 7, 18, 0]
  - Vehicle: 4w | RC: -47.45 | Cost: 1552.51 | Route: [0, 8, 2, 11, 21, 19, 3, 5, 10, 20, 14, 22, 9, 12, 26, 7, 0]
  - Vehicle: 4w | RC: -30.36 | Cost: 1557.07 | Route: [0, 18, 2, 8, 11, 21, 19, 3, 5, 10, 20, 14, 22, 9, 12, 26, 0]
  - Vehicle: 4w | RC: -20.71 | Cost: 2593.22 | Route: [0, 23, 25, 24, 22, 9, 12, 26, 2, 8, 18, 7, 1, 0]
  - Vehicle: 4w | RC: -15.64 | Cost: 1584.32 | Route: [0, 2, 8, 11, 21, 19, 3, 5, 10, 20, 14, 22, 9, 12, 26, 7, 0]
  - Vehicle: 4w | RC: -9.57 | Cost: 1590.38 | Route: [0, 26, 7, 2, 8, 11, 21, 19, 3, 5, 10, 20, 14, 22, 9, 12, 0]

[Iteration 33] RMP Objective: 5030.87
[Iteration 33] POMO generated 1 negative RC columns.
[Iteration 33] Adding Columns:
  - Vehicle: 4w | RC: -21.36 | Cost: 1581.32 | Route: [0, 10, 3, 20, 14, 5, 2, 11, 21, 9, 22, 12, 26, 7, 18, 8, 1, 0]

[Iteration 34] RMP Objective: 5030.86
[Iteration 34] POMO generated 1 negative RC columns.
[Iteration 34] Adding Columns:
  - Vehicle: 4w | RC: -14.08 | Cost: 2180.16 | Route: [0, 10, 3, 14, 20, 19, 11, 2, 8, 18, 26, 12, 9, 22, 24, 0]

[Iteration 35] RMP Objective: 5030.86
[Iteration 35] POMO generated 1 negative RC columns.
[Iteration 35] Adding Columns:
  - Vehicle: 4w | RC: -26.07 | Cost: 1815.76 | Route: [0, 7, 8, 2, 11, 19, 14, 20, 3, 21, 22, 9, 24, 6, 0]

[Iteration 36] RMP Objective: 5030.86
[Iteration 36] POMO generated 1 negative RC columns.
[Iteration 36] Adding Columns:
  - Vehicle: 4w | RC: -118.20 | Cost: 2126.76 | Route: [0, 24, 22, 9, 11, 19, 14, 20, 3, 10, 15, 1, 0]

[Iteration 37] RMP Objective: 5030.86
POMO failed 3 strikes → DP fallback (call 2 / 37).
DP solver hit label limit (1000000) for AUV.
DP solver hit label limit (1000000) for 4w.
DP solver hit label limit (1000000) for 6w.
DP solver hit label limit (1000000) for 10w.
DP solver hit label limit (1000000) for 40ft.
[Iteration 37] POMO generated 5 negative RC columns.
[Iteration 37] Adding Columns:
  - Vehicle: 4w | RC: -22.89 | Cost: 1944.28 | Route: [0, 16, 23, 0]
  - Vehicle: AUV | RC: -14.48 | Cost: 904.85 | Route: [0, 25, 24, 6, 0]
  - Vehicle: AUV | RC: -12.71 | Cost: 957.72 | Route: [0, 12, 24, 25, 6, 0]
  - Vehicle: AUV | RC: -5.40 | Cost: 913.93 | Route: [0, 6, 24, 25, 0]
  - Vehicle: AUV | RC: -1.35 | Cost: 917.97 | Route: [0, 6, 25, 24, 0]
[Iteration 37] No new unique columns added. Terminating.

============================================================
ROOT NODE INFERENCE COMPLETE
============================================================
Final Root Node LP Objective : 5030.8649
Total CG Iterations          : 37
Total Columns in Pool        : 601
Total Execution Time         : 591.16 seconds
Results folder created        : D:\Uni Material\Code_Odyssey\Code\DQN\SOS-DQN-POMO-CG\results\2522_2023-05-17_260512_2237_cg
Markdown report saved         : 2522_2023-05-17_260512_2237_cg.md
