2026-04-13 17:05:29 [INFO] __main__: Run folder : D:/Uni Material/Code_Odyssey/Code/DQN/260407/results/benchmark_2522_2023-01-13_20260413_163421/pomo_rlcg\20260413_170529_2522_2023-01-13_pomo_rlcg
2026-04-13 17:05:29 [INFO] __main__: Config     : D:\Uni Material\Code_Odyssey\Code\DQN\260407\results\benchmark_2522_2023-01-13_20260413_163421\config_pomo_rlcg.yaml
2026-04-13 17:05:29 [INFO] __main__: Geometry file detected: D:\Uni Material\Code_Odyssey\Code\DQN\260407\data\distmatrix_2522\geometry_2522.json
2026-04-13 17:05:29 [INFO] __main__: Problem loaded: 32 customers, 6 vehicle types
2026-04-13 17:05:29 [INFO] __main__: Greedy warm-start: 20 initial routes.
2026-04-13 17:05:29 [INFO] __main__: Loaded pretrained model from D:\Uni Material\Code_Odyssey\Code\DQN\260407\results\benchmark_2522_2023-01-13_20260413_163421\pomo_model_epoch_120_state_dict.pt
2026-04-13 17:05:29 [INFO] src.branch_and_bound: 
=== B&B node 0  depth=0  LB=-inf  UB=inf ===
2026-04-13 17:05:29 [INFO] src.master_problem: RMP LP solved — obj=1384.3154, active_cols=4
2026-04-13 17:05:29 [INFO] src.branch_and_bound: CG iter 0: obj=1384.3154  cols=20
2026-04-13 17:05:30 [INFO] src.branch_and_bound:   +1 new columns
2026-04-13 17:05:30 [INFO] src.master_problem: RMP LP solved — obj=1384.3154, active_cols=4
2026-04-13 17:05:30 [INFO] src.branch_and_bound: CG iter 1: obj=1384.3154  cols=21
2026-04-13 17:05:30 [INFO] src.branch_and_bound:   +1 new columns
2026-04-13 17:05:30 [INFO] src.master_problem: RMP LP solved — obj=1384.3154, active_cols=4
2026-04-13 17:05:30 [INFO] src.branch_and_bound: CG iter 2: obj=1384.3154  cols=22
2026-04-13 17:05:31 [INFO] src.branch_and_bound:   +1 new columns
2026-04-13 17:05:31 [INFO] src.master_problem: RMP LP solved — obj=1384.3154, active_cols=4
2026-04-13 17:05:31 [INFO] src.branch_and_bound: CG iter 3: obj=1384.3154  cols=23
2026-04-13 17:05:32 [INFO] src.branch_and_bound:   +1 new columns
2026-04-13 17:05:32 [INFO] src.master_problem: RMP LP solved — obj=1384.3154, active_cols=4
2026-04-13 17:05:32 [INFO] src.branch_and_bound: CG iter 4: obj=1384.3154  cols=24
2026-04-13 17:05:32 [INFO] src.branch_and_bound:   +1 new columns
2026-04-13 17:05:32 [INFO] src.master_problem: RMP LP solved — obj=1384.3154, active_cols=4
2026-04-13 17:05:32 [INFO] src.branch_and_bound: CG iter 5: obj=1384.3154  cols=25
2026-04-13 17:05:33 [INFO] src.branch_and_bound:   +1 new columns
2026-04-13 17:05:33 [INFO] src.master_problem: RMP LP solved — obj=1384.3154, active_cols=4
2026-04-13 17:05:33 [INFO] src.branch_and_bound: CG iter 6: obj=1384.3154  cols=26
2026-04-13 17:05:33 [INFO] src.branch_and_bound:   +1 new columns
2026-04-13 17:05:33 [INFO] src.master_problem: RMP LP solved — obj=1384.3154, active_cols=4
2026-04-13 17:05:33 [INFO] src.branch_and_bound: CG iter 7: obj=1384.3154  cols=27
2026-04-13 17:05:34 [INFO] src.branch_and_bound:   +1 new columns
2026-04-13 17:05:34 [INFO] src.master_problem: RMP LP solved — obj=1384.3154, active_cols=4
2026-04-13 17:05:34 [INFO] src.branch_and_bound: CG iter 8: obj=1384.3154  cols=28
2026-04-13 17:05:34 [INFO] src.branch_and_bound:   +1 new columns
2026-04-13 17:05:34 [INFO] src.master_problem: RMP LP solved — obj=1384.3154, active_cols=4
2026-04-13 17:05:34 [INFO] src.branch_and_bound: CG iter 9: obj=1384.3154  cols=29
2026-04-13 17:05:35 [INFO] src.branch_and_bound:   +1 new columns
2026-04-13 17:05:35 [INFO] src.master_problem: RMP LP solved — obj=1384.3154, active_cols=4
2026-04-13 17:05:35 [INFO] src.branch_and_bound: CG iter 10: obj=1384.3154  cols=30
2026-04-13 17:05:36 [INFO] src.branch_and_bound:   +1 new columns
2026-04-13 17:05:36 [INFO] src.master_problem: RMP LP solved — obj=1384.3154, active_cols=4
2026-04-13 17:05:36 [INFO] src.branch_and_bound: CG iter 11: obj=1384.3154  cols=31
2026-04-13 17:05:36 [INFO] src.branch_and_bound:   +1 new columns
2026-04-13 17:05:36 [INFO] src.master_problem: RMP LP solved — obj=1384.3154, active_cols=4
2026-04-13 17:05:36 [INFO] src.branch_and_bound: CG iter 12: obj=1384.3154  cols=32
2026-04-13 17:05:37 [INFO] src.branch_and_bound:   +1 new columns
2026-04-13 17:05:37 [INFO] src.master_problem: RMP LP solved — obj=1384.3154, active_cols=4
2026-04-13 17:05:37 [INFO] src.branch_and_bound: CG iter 13: obj=1384.3154  cols=33
2026-04-13 17:05:37 [INFO] src.branch_and_bound:   +1 new columns
2026-04-13 17:05:37 [INFO] src.master_problem: RMP LP solved — obj=1384.3154, active_cols=4
2026-04-13 17:05:38 [INFO] src.branch_and_bound: CG iter 14: obj=1384.3154  cols=34
2026-04-13 17:05:38 [INFO] src.branch_and_bound:   +1 new columns
2026-04-13 17:05:38 [INFO] src.master_problem: RMP LP solved — obj=1384.3154, active_cols=4
2026-04-13 17:05:38 [INFO] src.branch_and_bound: CG iter 15: obj=1384.3154  cols=35
2026-04-13 17:05:39 [INFO] src.branch_and_bound:   +1 new columns
2026-04-13 17:05:39 [INFO] src.master_problem: RMP LP solved — obj=1384.3154, active_cols=4
2026-04-13 17:05:39 [INFO] src.branch_and_bound: CG iter 16: obj=1384.3154  cols=36
2026-04-13 17:05:39 [INFO] src.branch_and_bound:   +1 new columns
2026-04-13 17:05:39 [INFO] src.master_problem: RMP LP solved — obj=1384.3154, active_cols=4
2026-04-13 17:05:39 [INFO] src.branch_and_bound: CG iter 17: obj=1384.3154  cols=37
2026-04-13 17:05:40 [INFO] src.branch_and_bound:   +1 new columns
2026-04-13 17:05:40 [INFO] src.master_problem: RMP LP solved — obj=1384.3154, active_cols=4
2026-04-13 17:05:40 [INFO] src.branch_and_bound: CG iter 18: obj=1384.3154  cols=38
2026-04-13 17:05:41 [INFO] src.branch_and_bound:   +1 new columns
2026-04-13 17:05:41 [INFO] src.master_problem: RMP LP solved — obj=1384.3154, active_cols=4
2026-04-13 17:05:41 [INFO] src.branch_and_bound: CG iter 19: obj=1384.3154  cols=39
2026-04-13 17:05:41 [INFO] src.branch_and_bound:   +1 new columns
2026-04-13 17:05:41 [INFO] src.master_problem: RMP LP solved — obj=1384.3154, active_cols=4
2026-04-13 17:05:42 [INFO] src.branch_and_bound: CG iter 20: obj=1384.3154  cols=40
2026-04-13 17:05:42 [INFO] src.branch_and_bound:   +1 new columns
2026-04-13 17:05:42 [INFO] src.master_problem: RMP LP solved — obj=1384.3154, active_cols=4
2026-04-13 17:05:42 [INFO] src.branch_and_bound: CG iter 21: obj=1384.3154  cols=41
2026-04-13 17:05:43 [INFO] src.branch_and_bound:   +1 new columns
2026-04-13 17:05:43 [INFO] src.master_problem: RMP LP solved — obj=1384.3154, active_cols=4
2026-04-13 17:05:43 [INFO] src.branch_and_bound: CG iter 22: obj=1384.3154  cols=42
2026-04-13 17:05:44 [INFO] src.branch_and_bound:   +1 new columns
2026-04-13 17:05:44 [INFO] src.master_problem: RMP LP solved — obj=1384.3154, active_cols=4
2026-04-13 17:05:44 [INFO] src.branch_and_bound: CG iter 23: obj=1384.3154  cols=43
2026-04-13 17:05:44 [INFO] src.branch_and_bound:   +1 new columns
2026-04-13 17:05:44 [INFO] src.master_problem: RMP LP solved — obj=1384.3154, active_cols=4
2026-04-13 17:05:44 [INFO] src.branch_and_bound: CG iter 24: obj=1384.3154  cols=44
2026-04-13 17:05:45 [INFO] src.branch_and_bound:   +1 new columns
2026-04-13 17:05:45 [INFO] src.master_problem: RMP LP solved — obj=1384.3154, active_cols=4
2026-04-13 17:05:45 [INFO] src.branch_and_bound: CG iter 25: obj=1384.3154  cols=45
2026-04-13 17:05:45 [INFO] src.branch_and_bound:   +1 new columns
2026-04-13 17:05:45 [INFO] src.master_problem: RMP LP solved — obj=1384.3154, active_cols=4
2026-04-13 17:05:45 [INFO] src.branch_and_bound: CG iter 26: obj=1384.3154  cols=46
2026-04-13 17:05:46 [INFO] src.branch_and_bound:   +1 new columns
2026-04-13 17:05:46 [INFO] src.master_problem: RMP LP solved — obj=1384.3154, active_cols=4
2026-04-13 17:05:46 [INFO] src.branch_and_bound: CG iter 27: obj=1384.3154  cols=47
2026-04-13 17:05:47 [INFO] src.branch_and_bound:   +1 new columns
2026-04-13 17:05:47 [INFO] src.master_problem: RMP LP solved — obj=1384.3154, active_cols=4
2026-04-13 17:05:47 [INFO] src.branch_and_bound: CG iter 28: obj=1384.3154  cols=48
2026-04-13 17:05:47 [INFO] src.branch_and_bound:   +1 new columns
2026-04-13 17:05:47 [INFO] src.master_problem: RMP LP solved — obj=1384.3154, active_cols=4
2026-04-13 17:05:47 [INFO] src.branch_and_bound: CG iter 29: obj=1384.3154  cols=49
2026-04-13 17:05:48 [INFO] src.branch_and_bound:   +1 new columns
2026-04-13 17:05:48 [INFO] src.master_problem: RMP LP solved — obj=1384.3154, active_cols=4
2026-04-13 17:05:48 [INFO] src.branch_and_bound: CG iter 30: obj=1384.3154  cols=50
2026-04-13 17:05:48 [INFO] src.branch_and_bound:   +1 new columns
2026-04-13 17:05:48 [INFO] src.master_problem: RMP LP solved — obj=1384.3154, active_cols=4
2026-04-13 17:05:49 [INFO] src.branch_and_bound: CG iter 31: obj=1384.3154  cols=51
2026-04-13 17:05:49 [INFO] src.branch_and_bound:   +1 new columns
2026-04-13 17:05:49 [INFO] src.master_problem: RMP LP solved — obj=1384.3154, active_cols=4
2026-04-13 17:05:49 [INFO] src.branch_and_bound: CG iter 32: obj=1384.3154  cols=52
2026-04-13 17:05:50 [INFO] src.branch_and_bound:   +1 new columns
2026-04-13 17:05:50 [INFO] src.master_problem: RMP LP solved — obj=1384.3154, active_cols=4
2026-04-13 17:05:50 [INFO] src.branch_and_bound: CG iter 33: obj=1384.3154  cols=53
2026-04-13 17:05:50 [INFO] src.branch_and_bound:   +1 new columns
2026-04-13 17:05:50 [INFO] src.master_problem: RMP LP solved — obj=1384.3154, active_cols=4
2026-04-13 17:05:50 [INFO] src.branch_and_bound: CG iter 34: obj=1384.3154  cols=54
2026-04-13 17:05:51 [INFO] src.branch_and_bound:   +1 new columns
2026-04-13 17:05:51 [INFO] src.master_problem: RMP LP solved — obj=1384.3154, active_cols=4
2026-04-13 17:05:51 [INFO] src.branch_and_bound: CG iter 35: obj=1384.3154  cols=55
2026-04-13 17:05:51 [INFO] src.branch_and_bound:   +1 new columns
2026-04-13 17:05:51 [INFO] src.master_problem: RMP LP solved — obj=1384.3154, active_cols=4
2026-04-13 17:05:52 [INFO] src.branch_and_bound: CG iter 36: obj=1384.3154  cols=56
2026-04-13 17:05:52 [INFO] src.branch_and_bound:   +1 new columns
2026-04-13 17:05:52 [INFO] src.master_problem: RMP LP solved — obj=1384.3154, active_cols=4
2026-04-13 17:05:52 [INFO] src.branch_and_bound: CG iter 37: obj=1384.3154  cols=57
2026-04-13 17:05:53 [INFO] src.branch_and_bound:   +1 new columns
2026-04-13 17:05:53 [INFO] src.master_problem: RMP LP solved — obj=1384.3154, active_cols=4
2026-04-13 17:05:53 [INFO] src.branch_and_bound: CG iter 38: obj=1384.3154  cols=58
2026-04-13 17:05:53 [INFO] src.branch_and_bound:   +1 new columns
2026-04-13 17:05:53 [INFO] src.master_problem: RMP LP solved — obj=1384.3154, active_cols=4
2026-04-13 17:05:53 [INFO] src.branch_and_bound: CG iter 39: obj=1384.3154  cols=59
2026-04-13 17:05:54 [INFO] src.branch_and_bound:   +1 new columns
2026-04-13 17:05:54 [INFO] src.master_problem: RMP LP solved — obj=1384.3154, active_cols=4
2026-04-13 17:05:54 [INFO] src.branch_and_bound: CG iter 40: obj=1384.3154  cols=60
2026-04-13 17:05:55 [INFO] src.branch_and_bound:   +1 new columns
2026-04-13 17:05:55 [INFO] src.master_problem: RMP LP solved — obj=1384.3154, active_cols=4
2026-04-13 17:05:55 [INFO] src.branch_and_bound: CG iter 41: obj=1384.3154  cols=61
2026-04-13 17:05:55 [INFO] src.branch_and_bound:   +1 new columns
2026-04-13 17:05:55 [INFO] src.master_problem: RMP LP solved — obj=1384.3154, active_cols=4
2026-04-13 17:05:55 [INFO] src.branch_and_bound: CG iter 42: obj=1384.3154  cols=62
2026-04-13 17:05:56 [INFO] src.branch_and_bound:   +1 new columns
2026-04-13 17:05:56 [INFO] src.master_problem: RMP LP solved — obj=1384.3154, active_cols=4
2026-04-13 17:05:56 [INFO] src.branch_and_bound: CG iter 43: obj=1384.3154  cols=63
2026-04-13 17:05:56 [INFO] src.branch_and_bound:   +1 new columns
2026-04-13 17:05:56 [INFO] src.master_problem: RMP LP solved — obj=1384.3154, active_cols=4
2026-04-13 17:05:56 [INFO] src.branch_and_bound: CG iter 44: obj=1384.3154  cols=64
2026-04-13 17:05:57 [INFO] src.branch_and_bound:   +1 new columns
2026-04-13 17:05:57 [INFO] src.master_problem: RMP LP solved — obj=1384.3154, active_cols=4
2026-04-13 17:05:57 [INFO] src.branch_and_bound: CG iter 45: obj=1384.3154  cols=65
2026-04-13 17:05:58 [INFO] src.branch_and_bound:   +1 new columns
2026-04-13 17:05:58 [INFO] src.master_problem: RMP LP solved — obj=1384.3154, active_cols=4
2026-04-13 17:05:58 [INFO] src.branch_and_bound: CG iter 46: obj=1384.3154  cols=66
2026-04-13 17:05:58 [INFO] src.branch_and_bound:   +1 new columns
2026-04-13 17:05:58 [INFO] src.master_problem: RMP LP solved — obj=1384.3154, active_cols=4
2026-04-13 17:05:58 [INFO] src.branch_and_bound: CG iter 47: obj=1384.3154  cols=67
2026-04-13 17:05:59 [INFO] src.branch_and_bound:   +1 new columns
2026-04-13 17:05:59 [INFO] src.master_problem: RMP LP solved — obj=1384.3154, active_cols=4
2026-04-13 17:05:59 [INFO] src.branch_and_bound: CG iter 48: obj=1384.3154  cols=68
2026-04-13 17:05:59 [INFO] src.branch_and_bound:   +1 new columns
2026-04-13 17:05:59 [INFO] src.master_problem: RMP LP solved — obj=1384.3154, active_cols=4
2026-04-13 17:05:59 [INFO] src.branch_and_bound: CG iter 49: obj=1384.3154  cols=69
2026-04-13 17:06:00 [INFO] src.branch_and_bound:   +1 new columns
2026-04-13 17:06:00 [INFO] src.master_problem: RMP LP solved — obj=1384.3154, active_cols=4
2026-04-13 17:06:00 [INFO] src.branch_and_bound: CG iter 50: obj=1384.3154  cols=70
2026-04-13 17:06:01 [INFO] src.branch_and_bound:   +1 new columns
2026-04-13 17:06:01 [INFO] src.master_problem: RMP LP solved — obj=1384.3154, active_cols=4
2026-04-13 17:06:01 [INFO] src.branch_and_bound: CG iter 51: obj=1384.3154  cols=71
2026-04-13 17:06:01 [INFO] src.branch_and_bound:   +1 new columns
2026-04-13 17:06:01 [INFO] src.master_problem: RMP LP solved — obj=1384.3154, active_cols=4
2026-04-13 17:06:01 [INFO] src.branch_and_bound: CG iter 52: obj=1384.3154  cols=72
2026-04-13 17:06:02 [INFO] src.branch_and_bound:   +1 new columns
2026-04-13 17:06:02 [INFO] src.master_problem: RMP LP solved — obj=1384.3154, active_cols=4
2026-04-13 17:06:02 [INFO] src.branch_and_bound: CG iter 53: obj=1384.3154  cols=73
2026-04-13 17:06:02 [INFO] src.branch_and_bound:   +1 new columns
2026-04-13 17:06:02 [INFO] src.master_problem: RMP LP solved — obj=1384.3154, active_cols=4
2026-04-13 17:06:03 [INFO] src.branch_and_bound: CG iter 54: obj=1384.3154  cols=74
2026-04-13 17:06:03 [INFO] src.branch_and_bound:   +1 new columns
2026-04-13 17:06:03 [INFO] src.master_problem: RMP LP solved — obj=1384.3154, active_cols=4
2026-04-13 17:06:03 [INFO] src.branch_and_bound: CG iter 55: obj=1384.3154  cols=75
2026-04-13 17:06:04 [INFO] src.branch_and_bound:   +1 new columns
2026-04-13 17:06:04 [INFO] src.master_problem: RMP LP solved — obj=1384.3154, active_cols=4
2026-04-13 17:06:04 [INFO] src.branch_and_bound: CG iter 56: obj=1384.3154  cols=76
2026-04-13 17:06:05 [INFO] src.branch_and_bound:   +1 new columns
2026-04-13 17:06:05 [INFO] src.master_problem: RMP LP solved — obj=1384.3154, active_cols=4
2026-04-13 17:06:05 [INFO] src.branch_and_bound: CG iter 57: obj=1384.3154  cols=77
2026-04-13 17:06:05 [INFO] src.branch_and_bound:   +1 new columns
2026-04-13 17:06:05 [INFO] src.master_problem: RMP LP solved — obj=1384.3154, active_cols=4
2026-04-13 17:06:06 [INFO] src.branch_and_bound: CG iter 58: obj=1384.3154  cols=78
2026-04-13 17:06:06 [INFO] src.branch_and_bound:   +1 new columns
2026-04-13 17:06:06 [INFO] src.master_problem: RMP LP solved — obj=1384.3154, active_cols=4
2026-04-13 17:06:06 [INFO] src.branch_and_bound: CG iter 59: obj=1384.3154  cols=79
2026-04-13 17:06:07 [INFO] src.branch_and_bound:   +1 new columns
2026-04-13 17:06:07 [INFO] src.master_problem: RMP LP solved — obj=1384.3154, active_cols=4
2026-04-13 17:06:07 [INFO] src.branch_and_bound: CG iter 60: obj=1384.3154  cols=80
2026-04-13 17:06:07 [INFO] src.branch_and_bound:   +1 new columns
2026-04-13 17:06:07 [INFO] src.master_problem: RMP LP solved — obj=1384.3154, active_cols=4
2026-04-13 17:06:08 [INFO] src.branch_and_bound: CG iter 61: obj=1384.3154  cols=81
2026-04-13 17:06:08 [INFO] src.branch_and_bound:   +1 new columns
2026-04-13 17:06:08 [INFO] src.master_problem: RMP LP solved — obj=1384.3154, active_cols=4
2026-04-13 17:06:08 [INFO] src.branch_and_bound: CG iter 62: obj=1384.3154  cols=82
2026-04-13 17:06:09 [INFO] src.branch_and_bound:   +1 new columns
2026-04-13 17:06:09 [INFO] src.master_problem: RMP LP solved — obj=1384.3154, active_cols=4
2026-04-13 17:06:09 [INFO] src.branch_and_bound: CG iter 63: obj=1384.3154  cols=83
2026-04-13 17:06:09 [INFO] src.branch_and_bound:   +1 new columns
2026-04-13 17:06:09 [INFO] src.master_problem: RMP LP solved — obj=1384.3154, active_cols=4
2026-04-13 17:06:09 [INFO] src.branch_and_bound: CG iter 64: obj=1384.3154  cols=84
2026-04-13 17:06:10 [INFO] src.branch_and_bound:   +1 new columns
2026-04-13 17:06:10 [INFO] src.master_problem: RMP LP solved — obj=1384.3154, active_cols=4
2026-04-13 17:06:10 [INFO] src.branch_and_bound: CG iter 65: obj=1384.3154  cols=85
2026-04-13 17:06:11 [INFO] src.branch_and_bound:   +1 new columns
2026-04-13 17:06:11 [INFO] src.master_problem: RMP LP solved — obj=1384.3154, active_cols=4
2026-04-13 17:06:11 [INFO] src.branch_and_bound: CG iter 66: obj=1384.3154  cols=86
2026-04-13 17:06:11 [INFO] src.branch_and_bound:   +1 new columns
2026-04-13 17:06:11 [INFO] src.master_problem: RMP LP solved — obj=1384.3154, active_cols=4
2026-04-13 17:06:11 [INFO] src.branch_and_bound: CG iter 67: obj=1384.3154  cols=87
2026-04-13 17:06:12 [INFO] src.branch_and_bound:   +1 new columns
2026-04-13 17:06:12 [INFO] src.master_problem: RMP LP solved — obj=1384.3154, active_cols=4
2026-04-13 17:06:12 [INFO] src.branch_and_bound: CG iter 68: obj=1384.3154  cols=88
2026-04-13 17:06:12 [INFO] src.branch_and_bound:   +1 new columns
2026-04-13 17:06:12 [INFO] src.master_problem: RMP LP solved — obj=1384.3154, active_cols=4
2026-04-13 17:06:13 [INFO] src.branch_and_bound: CG iter 69: obj=1384.3154  cols=89
2026-04-13 17:06:13 [INFO] src.branch_and_bound:   +1 new columns
2026-04-13 17:06:13 [INFO] src.master_problem: RMP LP solved — obj=1384.3154, active_cols=4
2026-04-13 17:06:13 [INFO] src.branch_and_bound: CG iter 70: obj=1384.3154  cols=90
2026-04-13 17:06:14 [INFO] src.branch_and_bound:   +1 new columns
2026-04-13 17:06:14 [INFO] src.master_problem: RMP LP solved — obj=1384.3154, active_cols=4
2026-04-13 17:06:14 [INFO] src.branch_and_bound: CG iter 71: obj=1384.3154  cols=91
2026-04-13 17:06:14 [INFO] src.branch_and_bound:   +1 new columns
2026-04-13 17:06:14 [INFO] src.master_problem: RMP LP solved — obj=1384.3154, active_cols=4
2026-04-13 17:06:15 [INFO] src.branch_and_bound: CG iter 72: obj=1384.3154  cols=92
2026-04-13 17:06:15 [INFO] src.branch_and_bound:   +1 new columns
2026-04-13 17:06:15 [INFO] src.master_problem: RMP LP solved — obj=1384.3154, active_cols=4
2026-04-13 17:06:15 [INFO] src.branch_and_bound: CG iter 73: obj=1384.3154  cols=93
2026-04-13 17:06:17 [INFO] src.branch_and_bound:   +1 new columns
2026-04-13 17:06:17 [INFO] src.master_problem: RMP LP solved — obj=1384.3154, active_cols=4
2026-04-13 17:06:17 [INFO] src.branch_and_bound: CG iter 74: obj=1384.3154  cols=94
2026-04-13 17:06:18 [WARNING] src.pricing_orchestrator: POMO failed 3 strikes → DP fallback (call 1 / 75).
2026-04-13 17:06:24 [WARNING] src.dp_solver: DP solver hit label limit (100000) for AUV.
2026-04-13 17:06:28 [WARNING] src.dp_solver: DP solver hit label limit (100000) for 4w.
2026-04-13 17:06:34 [WARNING] src.dp_solver: DP solver hit label limit (100000) for 6w.
2026-04-13 17:06:39 [WARNING] src.dp_solver: DP solver hit label limit (100000) for 10w.
2026-04-13 17:06:44 [WARNING] src.dp_solver: DP solver hit label limit (100000) for 40ft.
2026-04-13 17:06:44 [INFO] src.branch_and_bound:   +1 new columns
2026-04-13 17:06:44 [INFO] src.master_problem: RMP LP solved — obj=1384.3154, active_cols=4
2026-04-13 17:06:44 [INFO] src.branch_and_bound: CG iter 75: obj=1384.3154  cols=95
2026-04-13 17:06:45 [INFO] src.branch_and_bound:   +1 new columns
2026-04-13 17:06:45 [INFO] src.master_problem: RMP LP solved — obj=1384.3154, active_cols=4
2026-04-13 17:06:45 [INFO] src.branch_and_bound: CG iter 76: obj=1384.3154  cols=96
2026-04-13 17:06:45 [INFO] src.branch_and_bound:   +1 new columns
2026-04-13 17:06:45 [INFO] src.master_problem: RMP LP solved — obj=1384.3154, active_cols=4
2026-04-13 17:06:45 [INFO] src.branch_and_bound: CG iter 77: obj=1384.3154  cols=97
2026-04-13 17:06:46 [INFO] src.branch_and_bound:   +1 new columns
2026-04-13 17:06:46 [INFO] src.master_problem: RMP LP solved — obj=1384.3154, active_cols=4
2026-04-13 17:06:46 [INFO] src.branch_and_bound: CG iter 78: obj=1384.3154  cols=98
2026-04-13 17:06:47 [INFO] src.branch_and_bound:   +1 new columns
2026-04-13 17:06:47 [INFO] src.master_problem: RMP LP solved — obj=1384.3154, active_cols=4
2026-04-13 17:06:47 [INFO] src.branch_and_bound: CG iter 79: obj=1384.3154  cols=99
2026-04-13 17:06:47 [INFO] src.branch_and_bound:   +1 new columns
2026-04-13 17:06:47 [INFO] src.master_problem: RMP LP solved — obj=1384.3154, active_cols=4
2026-04-13 17:06:48 [INFO] src.branch_and_bound: CG iter 80: obj=1384.3154  cols=100
2026-04-13 17:06:48 [INFO] src.branch_and_bound:   +1 new columns
2026-04-13 17:06:48 [INFO] src.master_problem: RMP LP solved — obj=1384.3154, active_cols=4
2026-04-13 17:06:48 [INFO] src.branch_and_bound: CG iter 81: obj=1384.3154  cols=101
2026-04-13 17:06:49 [INFO] src.branch_and_bound:   +1 new columns
2026-04-13 17:06:49 [INFO] src.master_problem: RMP LP solved — obj=1384.3154, active_cols=4
2026-04-13 17:06:49 [INFO] src.branch_and_bound: CG iter 82: obj=1384.3154  cols=102
2026-04-13 17:06:50 [INFO] src.branch_and_bound:   +1 new columns
2026-04-13 17:06:50 [INFO] src.master_problem: RMP LP solved — obj=1384.3154, active_cols=4
2026-04-13 17:06:50 [INFO] src.branch_and_bound: CG iter 83: obj=1384.3154  cols=103
2026-04-13 17:06:50 [INFO] src.branch_and_bound:   +1 new columns
2026-04-13 17:06:50 [INFO] src.master_problem: RMP LP solved — obj=1384.3154, active_cols=4
2026-04-13 17:06:51 [INFO] src.branch_and_bound: CG iter 84: obj=1384.3154  cols=104
2026-04-13 17:06:51 [INFO] src.branch_and_bound:   +1 new columns
2026-04-13 17:06:51 [INFO] src.master_problem: RMP LP solved — obj=1384.3154, active_cols=4
2026-04-13 17:06:51 [INFO] src.branch_and_bound: CG iter 85: obj=1384.3154  cols=105
2026-04-13 17:06:52 [INFO] src.branch_and_bound:   +1 new columns
2026-04-13 17:06:52 [INFO] src.master_problem: RMP LP solved — obj=1384.3154, active_cols=4
2026-04-13 17:06:52 [INFO] src.branch_and_bound: CG iter 86: obj=1384.3154  cols=106
2026-04-13 17:06:53 [INFO] src.branch_and_bound:   +1 new columns
2026-04-13 17:06:53 [INFO] src.master_problem: RMP LP solved — obj=1384.3154, active_cols=4
2026-04-13 17:06:53 [INFO] src.branch_and_bound: CG iter 87: obj=1384.3154  cols=107
2026-04-13 17:06:54 [INFO] src.branch_and_bound:   +1 new columns
2026-04-13 17:06:54 [INFO] src.master_problem: RMP LP solved — obj=1384.3154, active_cols=4
2026-04-13 17:06:54 [INFO] src.branch_and_bound: CG iter 88: obj=1384.3154  cols=108
2026-04-13 17:06:54 [INFO] src.branch_and_bound:   +1 new columns
2026-04-13 17:06:54 [INFO] src.master_problem: RMP LP solved — obj=1384.3154, active_cols=4
2026-04-13 17:06:54 [INFO] src.branch_and_bound: CG iter 89: obj=1384.3154  cols=109
2026-04-13 17:06:55 [INFO] src.branch_and_bound:   +1 new columns
2026-04-13 17:06:55 [INFO] src.master_problem: RMP LP solved — obj=1384.3154, active_cols=4
2026-04-13 17:06:55 [INFO] src.branch_and_bound: CG iter 90: obj=1384.3154  cols=110
2026-04-13 17:06:56 [INFO] src.branch_and_bound:   +1 new columns
2026-04-13 17:06:56 [INFO] src.master_problem: RMP LP solved — obj=1384.3154, active_cols=4
2026-04-13 17:06:56 [INFO] src.branch_and_bound: CG iter 91: obj=1384.3154  cols=111
2026-04-13 17:06:57 [INFO] src.branch_and_bound:   +1 new columns
2026-04-13 17:06:57 [INFO] src.master_problem: RMP LP solved — obj=1384.3154, active_cols=4
2026-04-13 17:06:57 [INFO] src.branch_and_bound: CG iter 92: obj=1384.3154  cols=112
2026-04-13 17:06:57 [INFO] src.branch_and_bound:   +1 new columns
2026-04-13 17:06:57 [INFO] src.master_problem: RMP LP solved — obj=1384.3154, active_cols=4
2026-04-13 17:06:58 [INFO] src.branch_and_bound: CG iter 93: obj=1384.3154  cols=113
2026-04-13 17:06:58 [INFO] src.branch_and_bound:   +1 new columns
2026-04-13 17:06:58 [INFO] src.master_problem: RMP LP solved — obj=1384.3154, active_cols=4
2026-04-13 17:06:58 [INFO] src.branch_and_bound: CG iter 94: obj=1384.3154  cols=114
2026-04-13 17:06:59 [INFO] src.branch_and_bound:   +1 new columns
2026-04-13 17:06:59 [INFO] src.master_problem: RMP LP solved — obj=1384.3154, active_cols=4
2026-04-13 17:06:59 [INFO] src.branch_and_bound: CG iter 95: obj=1384.3154  cols=115
2026-04-13 17:07:00 [INFO] src.branch_and_bound:   +1 new columns
2026-04-13 17:07:00 [INFO] src.master_problem: RMP LP solved — obj=1384.3154, active_cols=4
2026-04-13 17:07:00 [INFO] src.branch_and_bound: CG iter 96: obj=1384.3154  cols=116
2026-04-13 17:07:01 [INFO] src.branch_and_bound:   +1 new columns
2026-04-13 17:07:01 [INFO] src.master_problem: RMP LP solved — obj=1384.3154, active_cols=4
2026-04-13 17:07:01 [INFO] src.branch_and_bound: CG iter 97: obj=1384.3154  cols=117
2026-04-13 17:07:02 [INFO] src.branch_and_bound:   +1 new columns
2026-04-13 17:07:02 [INFO] src.master_problem: RMP LP solved — obj=1384.3154, active_cols=4
2026-04-13 17:07:02 [INFO] src.branch_and_bound: CG iter 98: obj=1384.3154  cols=118
2026-04-13 17:07:02 [INFO] src.branch_and_bound:   +1 new columns
2026-04-13 17:07:02 [INFO] src.master_problem: RMP LP solved — obj=1384.3154, active_cols=4
2026-04-13 17:07:03 [INFO] src.branch_and_bound: CG iter 99: obj=1384.3154  cols=119
2026-04-13 17:07:03 [INFO] src.branch_and_bound:   +1 new columns
2026-04-13 17:07:03 [INFO] src.branch_and_bound:   ★ new incumbent: cost=1384.3154
2026-04-13 17:07:03 [INFO] __main__: 
============================================================
2026-04-13 17:07:03 [INFO] __main__: SOLUTION SUMMARY
2026-04-13 17:07:03 [INFO] __main__: ============================================================
2026-04-13 17:07:03 [INFO] __main__: Total cost          : 1384.3154
2026-04-13 17:07:03 [INFO] __main__: Number of routes    : 4
2026-04-13 17:07:03 [INFO] __main__: B&B nodes explored  : 1
2026-04-13 17:07:03 [INFO] __main__: Total columns       : 120
2026-04-13 17:07:03 [INFO] __main__: Wall-clock time (s) : 94.04
2026-04-13 17:07:03 [INFO] __main__:   Route 0 [AUV] : ['70034004', '70244565', '70133553', '70031292', '70081032', '70428043', '70155196', '70521405', '70351598']  cost=455.21
2026-04-13 17:07:03 [INFO] __main__:   Route 1 [AUV] : ['70408061', '70019392', '70435202', '70401488', '70043420', '70019391', '70556250', '70398370', '70535019']  cost=319.28
2026-04-13 17:07:03 [INFO] __main__:   Route 2 [AUV] : ['70494786', '70390788', '70494785', '70019549', '70398392', '70031293', '70019384', '70494791', '70130675']  cost=337.19
2026-04-13 17:07:03 [INFO] __main__:   Route 3 [AUV] : ['70019315', '70373907', '70490240', '70408280', '70464520']  cost=272.63
2026-04-13 17:07:03 [INFO] __main__: Results saved to D:/Uni Material/Code_Odyssey/Code/DQN/260407/results/benchmark_2522_2023-01-13_20260413_163421/pomo_rlcg\20260413_170529_2522_2023-01-13_pomo_rlcg
