Results folder created        : D:\Uni Material\Code_Odyssey\Code\DQN\SOS-DQN-POMO-CG\results\2522_2023-05-17_260512_2221_cg
Loading problem data...
Using device: cpu
Loading POMO model from d:\Uni Material\Code_Odyssey\Code\DQN\SOS-DQN-POMO-CG\results\train_20260421_204908_pomo_training\pretrained_pomo\model_epoch_200.pt...
Building initial dummy basis...
Starting Root Node Column Generation...

[Iteration 1] RMP Objective: 260000.00
[Iteration 1] POMO generated 116 negative RC columns.
[Iteration 1] Adding Columns:
  - Vehicle: 4w | RC: -168587.85 | Cost: 1412.15 | Route: [0, 5, 3, 20, 14, 19, 21, 11, 2, 8, 18, 26, 13, 12, 9, 22, 7, 1, 0]
  - Vehicle: 4w | RC: -168387.62 | Cost: 1612.38 | Route: [0, 14, 20, 3, 5, 19, 21, 11, 2, 8, 18, 26, 13, 12, 9, 22, 7, 4, 0]
  - Vehicle: 4w | RC: -168382.96 | Cost: 1617.04 | Route: [0, 4, 18, 7, 26, 13, 12, 9, 22, 21, 11, 2, 8, 19, 5, 3, 20, 14, 0]
  - Vehicle: 4w | RC: -168380.13 | Cost: 1619.87 | Route: [0, 15, 4, 18, 7, 26, 13, 12, 9, 22, 21, 11, 2, 8, 19, 5, 3, 20, 0]
  - Vehicle: 4w | RC: -168380.03 | Cost: 1619.97 | Route: [0, 20, 14, 3, 5, 19, 21, 11, 2, 8, 18, 26, 13, 12, 9, 22, 7, 4, 0]
  - Vehicle: 6w | RC: -168322.89 | Cost: 1677.11 | Route: [0, 5, 3, 20, 14, 19, 21, 11, 2, 8, 18, 26, 13, 12, 9, 22, 7, 1, 0]
  - Vehicle: 4w | RC: -168322.68 | Cost: 1677.32 | Route: [0, 10, 3, 5, 19, 21, 11, 2, 8, 18, 26, 13, 12, 9, 22, 7, 4, 15, 0]
  - Vehicle: 6w | RC: -168089.90 | Cost: 1910.10 | Route: [0, 14, 20, 3, 5, 19, 21, 11, 2, 8, 18, 26, 13, 12, 9, 22, 7, 4, 0]
  - Vehicle: 6w | RC: -168083.80 | Cost: 1916.20 | Route: [0, 4, 18, 7, 26, 13, 12, 9, 22, 21, 11, 2, 8, 19, 5, 3, 20, 14, 0]
  - Vehicle: 6w | RC: -168081.08 | Cost: 1918.92 | Route: [0, 20, 14, 3, 5, 19, 21, 11, 2, 8, 18, 26, 13, 12, 9, 22, 7, 4, 0]
  - Vehicle: 6w | RC: -168080.32 | Cost: 1919.68 | Route: [0, 15, 4, 18, 7, 26, 13, 12, 9, 22, 21, 11, 2, 8, 19, 5, 3, 20, 0]
  - Vehicle: 6w | RC: -168013.76 | Cost: 1986.24 | Route: [0, 10, 3, 5, 19, 21, 11, 2, 8, 18, 26, 13, 12, 9, 22, 7, 4, 15, 0]
  - Vehicle: 10w | RC: -167852.18 | Cost: 2147.82 | Route: [0, 5, 3, 20, 14, 19, 21, 11, 2, 8, 18, 26, 13, 12, 9, 22, 7, 1, 0]
  - Vehicle: 10w | RC: -167552.44 | Cost: 2447.56 | Route: [0, 14, 20, 3, 5, 19, 21, 11, 2, 8, 18, 26, 13, 12, 9, 22, 7, 4, 0]
  - Vehicle: 10w | RC: -167544.78 | Cost: 2455.22 | Route: [0, 4, 18, 7, 26, 13, 12, 9, 22, 21, 11, 2, 8, 19, 5, 3, 20, 14, 0]
  - Vehicle: 10w | RC: -167541.10 | Cost: 2458.90 | Route: [0, 20, 14, 3, 5, 19, 21, 11, 2, 8, 18, 26, 13, 12, 9, 22, 7, 4, 0]
  - Vehicle: 10w | RC: -167540.36 | Cost: 2459.64 | Route: [0, 15, 4, 18, 7, 26, 13, 12, 9, 22, 21, 11, 2, 8, 19, 5, 3, 20, 0]
  - Vehicle: 10w | RC: -167454.65 | Cost: 2545.35 | Route: [0, 10, 3, 5, 19, 21, 11, 2, 8, 18, 26, 13, 12, 9, 22, 7, 4, 15, 0]
  - Vehicle: 40ft | RC: -167339.59 | Cost: 2660.41 | Route: [0, 15, 4, 18, 7, 26, 13, 12, 9, 22, 21, 11, 2, 8, 19, 3, 20, 14, 0]
  - Vehicle: 40ft | RC: -167211.15 | Cost: 2788.85 | Route: [0, 20, 14, 3, 19, 21, 11, 2, 8, 18, 26, 13, 12, 9, 22, 7, 4, 15, 0]
  - Vehicle: 4w | RC: -158633.51 | Cost: 1366.49 | Route: [0, 1, 18, 7, 26, 13, 12, 9, 22, 21, 11, 2, 8, 19, 5, 3, 20, 0]
  - Vehicle: 4w | RC: -158554.25 | Cost: 1445.75 | Route: [0, 18, 7, 26, 13, 12, 9, 22, 21, 11, 2, 8, 19, 3, 5, 20, 14, 0]
  - Vehicle: 4w | RC: -158507.54 | Cost: 1492.46 | Route: [0, 8, 2, 11, 21, 19, 3, 5, 18, 26, 13, 12, 9, 22, 7, 4, 15, 0]
  - Vehicle: 4w | RC: -158486.13 | Cost: 1513.87 | Route: [0, 7, 26, 13, 12, 9, 22, 21, 11, 2, 8, 18, 19, 3, 5, 20, 14, 0]
  - Vehicle: 4w | RC: -158479.08 | Cost: 1520.92 | Route: [0, 9, 22, 12, 13, 26, 7, 18, 8, 2, 11, 21, 19, 3, 5, 20, 14, 0]
  - Vehicle: 4w | RC: -158468.20 | Cost: 1531.80 | Route: [0, 26, 13, 12, 9, 22, 21, 11, 2, 8, 18, 7, 19, 3, 5, 20, 14, 0]
  - Vehicle: 4w | RC: -158455.50 | Cost: 1544.50 | Route: [0, 22, 9, 12, 13, 26, 7, 18, 8, 2, 11, 21, 19, 3, 5, 20, 14, 0]
  - Vehicle: 4w | RC: -158441.54 | Cost: 1558.46 | Route: [0, 13, 12, 9, 22, 21, 11, 2, 8, 18, 7, 26, 19, 3, 5, 20, 14, 0]
  - Vehicle: 4w | RC: -158403.40 | Cost: 1596.60 | Route: [0, 12, 9, 22, 21, 11, 2, 8, 18, 7, 26, 13, 19, 3, 5, 20, 14, 0]
  - Vehicle: 4w | RC: -158386.83 | Cost: 1613.17 | Route: [0, 6, 17, 13, 12, 26, 7, 18, 8, 2, 11, 21, 19, 3, 5, 20, 14, 0]
  - Vehicle: 6w | RC: -158376.25 | Cost: 1623.75 | Route: [0, 1, 18, 7, 26, 13, 12, 9, 22, 21, 11, 2, 8, 19, 5, 3, 20, 0]
  - Vehicle: 4w | RC: -158372.94 | Cost: 1627.06 | Route: [0, 3, 20, 14, 19, 21, 11, 2, 8, 18, 26, 13, 12, 9, 22, 7, 5, 0]
  - Vehicle: 4w | RC: -158367.08 | Cost: 1632.92 | Route: [0, 17, 6, 13, 12, 26, 7, 18, 8, 2, 11, 21, 19, 3, 5, 20, 14, 0]
  - Vehicle: 4w | RC: -158325.95 | Cost: 1674.05 | Route: [0, 19, 21, 11, 2, 8, 18, 7, 26, 12, 9, 22, 13, 5, 3, 20, 14, 0]
  - Vehicle: 4w | RC: -158317.68 | Cost: 1682.32 | Route: [0, 11, 21, 19, 2, 8, 18, 7, 26, 12, 9, 22, 13, 5, 3, 20, 14, 0]
  - Vehicle: 6w | RC: -158284.42 | Cost: 1715.58 | Route: [0, 18, 7, 26, 13, 12, 9, 22, 21, 11, 2, 8, 19, 3, 5, 20, 14, 0]
  - Vehicle: 4w | RC: -158271.14 | Cost: 1728.86 | Route: [0, 25, 6, 17, 13, 26, 12, 9, 22, 21, 11, 2, 8, 18, 7, 19, 5, 0]
  - Vehicle: 6w | RC: -158229.82 | Cost: 1770.18 | Route: [0, 8, 2, 11, 21, 19, 3, 5, 18, 26, 13, 12, 9, 22, 7, 4, 15, 0]
  - Vehicle: 4w | RC: -158216.34 | Cost: 1783.66 | Route: [0, 24, 25, 6, 17, 13, 26, 12, 9, 22, 21, 11, 2, 8, 18, 7, 1, 0]
  - Vehicle: 6w | RC: -158204.68 | Cost: 1795.32 | Route: [0, 7, 26, 13, 12, 9, 22, 21, 11, 2, 8, 18, 19, 3, 5, 20, 14, 0]
  - Vehicle: 6w | RC: -158196.90 | Cost: 1803.10 | Route: [0, 9, 22, 12, 13, 26, 7, 18, 8, 2, 11, 21, 19, 3, 5, 20, 14, 0]
  - Vehicle: 6w | RC: -158183.76 | Cost: 1816.24 | Route: [0, 26, 13, 12, 9, 22, 21, 11, 2, 8, 18, 7, 19, 3, 5, 20, 14, 0]
  - Vehicle: 6w | RC: -158169.43 | Cost: 1830.57 | Route: [0, 22, 9, 12, 13, 26, 7, 18, 8, 2, 11, 21, 19, 3, 5, 20, 14, 0]
  - Vehicle: 6w | RC: -158152.50 | Cost: 1847.50 | Route: [0, 13, 12, 9, 22, 21, 11, 2, 8, 18, 7, 26, 19, 3, 5, 20, 14, 0]
  - Vehicle: 6w | RC: -158107.98 | Cost: 1892.02 | Route: [0, 12, 9, 22, 21, 11, 2, 8, 18, 7, 26, 13, 19, 3, 5, 20, 14, 0]
  - Vehicle: 6w | RC: -158088.87 | Cost: 1911.13 | Route: [0, 6, 17, 13, 12, 26, 7, 18, 8, 2, 11, 21, 19, 3, 5, 20, 14, 0]
  - Vehicle: 6w | RC: -158065.58 | Cost: 1934.42 | Route: [0, 17, 6, 13, 12, 26, 7, 18, 8, 2, 11, 21, 19, 3, 5, 20, 14, 0]
  - Vehicle: 6w | RC: -158041.81 | Cost: 1958.19 | Route: [0, 3, 20, 14, 19, 21, 11, 2, 8, 18, 26, 12, 13, 7, 9, 22, 5, 0]
  - Vehicle: 6w | RC: -158017.63 | Cost: 1982.37 | Route: [0, 19, 21, 11, 2, 8, 18, 7, 26, 12, 9, 22, 13, 5, 3, 20, 14, 0]
  - Vehicle: 6w | RC: -158007.79 | Cost: 1992.21 | Route: [0, 11, 21, 19, 2, 8, 18, 7, 26, 12, 9, 22, 13, 5, 3, 20, 14, 0]
  - Vehicle: 6w | RC: -157953.76 | Cost: 2046.24 | Route: [0, 25, 6, 17, 13, 26, 12, 9, 22, 21, 11, 2, 8, 18, 7, 19, 5, 0]
  - Vehicle: 10w | RC: -157920.76 | Cost: 2079.24 | Route: [0, 1, 18, 7, 26, 13, 12, 9, 22, 21, 11, 2, 8, 19, 5, 3, 20, 0]
  - Vehicle: 6w | RC: -157889.35 | Cost: 2110.65 | Route: [0, 24, 25, 6, 17, 13, 26, 12, 9, 22, 21, 11, 2, 8, 18, 7, 1, 0]
  - Vehicle: 10w | RC: -157802.50 | Cost: 2197.50 | Route: [0, 18, 7, 26, 13, 12, 9, 22, 21, 11, 2, 8, 19, 3, 5, 20, 14, 0]
  - Vehicle: 40ft | RC: -157762.77 | Cost: 2237.23 | Route: [0, 1, 18, 7, 26, 13, 12, 9, 22, 21, 11, 2, 8, 19, 3, 20, 14, 0]
  - Vehicle: 10w | RC: -157700.06 | Cost: 2299.94 | Route: [0, 7, 26, 13, 12, 9, 22, 21, 11, 2, 8, 18, 19, 3, 5, 20, 14, 0]
  - Vehicle: 10w | RC: -157689.92 | Cost: 2310.08 | Route: [0, 9, 22, 12, 13, 26, 7, 18, 8, 2, 11, 21, 19, 3, 5, 20, 14, 0]
  - Vehicle: 10w | RC: -157673.16 | Cost: 2326.84 | Route: [0, 26, 13, 12, 9, 22, 21, 11, 2, 8, 18, 7, 19, 3, 5, 20, 14, 0]
  - Vehicle: 10w | RC: -157654.59 | Cost: 2345.41 | Route: [0, 22, 9, 12, 13, 26, 7, 18, 8, 2, 11, 21, 19, 3, 5, 20, 14, 0]
  - Vehicle: 40ft | RC: -157635.50 | Cost: 2364.50 | Route: [0, 7, 26, 13, 12, 9, 22, 21, 11, 2, 8, 18, 19, 3, 20, 14, 1, 0]
  - Vehicle: 10w | RC: -157633.01 | Cost: 2366.99 | Route: [0, 13, 12, 9, 22, 21, 11, 2, 8, 18, 7, 26, 19, 3, 5, 20, 14, 0]
  - Vehicle: 40ft | RC: -157605.60 | Cost: 2394.40 | Route: [0, 26, 13, 12, 9, 22, 21, 11, 2, 8, 18, 7, 19, 3, 20, 14, 1, 0]
  - Vehicle: 10w | RC: -157575.78 | Cost: 2424.22 | Route: [0, 12, 9, 22, 21, 11, 2, 8, 18, 7, 26, 13, 19, 3, 5, 20, 14, 0]
  - Vehicle: 40ft | RC: -157560.74 | Cost: 2439.26 | Route: [0, 13, 12, 9, 22, 21, 11, 2, 8, 18, 7, 26, 19, 3, 20, 14, 1, 0]
  - Vehicle: 10w | RC: -157551.14 | Cost: 2448.86 | Route: [0, 6, 17, 13, 12, 26, 7, 18, 8, 2, 11, 21, 19, 3, 5, 20, 14, 0]
  - Vehicle: 10w | RC: -157521.28 | Cost: 2478.72 | Route: [0, 17, 6, 13, 12, 26, 7, 18, 8, 2, 11, 21, 19, 3, 5, 20, 14, 0]
  - Vehicle: 40ft | RC: -157497.14 | Cost: 2502.86 | Route: [0, 12, 9, 22, 21, 11, 2, 8, 18, 7, 26, 13, 19, 3, 20, 14, 1, 0]
  - Vehicle: 10w | RC: -157490.59 | Cost: 2509.41 | Route: [0, 3, 20, 14, 19, 21, 11, 2, 8, 18, 26, 12, 13, 7, 9, 22, 5, 0]
  - Vehicle: 40ft | RC: -157468.61 | Cost: 2531.39 | Route: [0, 2, 8, 18, 7, 26, 12, 9, 22, 21, 11, 19, 3, 20, 14, 13, 1, 0]
  - Vehicle: 40ft | RC: -157462.17 | Cost: 2537.83 | Route: [0, 8, 2, 11, 21, 19, 3, 20, 14, 22, 9, 12, 13, 26, 7, 18, 4, 0]
  - Vehicle: 10w | RC: -157459.61 | Cost: 2540.39 | Route: [0, 19, 21, 11, 2, 8, 18, 7, 26, 12, 9, 22, 13, 5, 3, 20, 14, 0]
  - Vehicle: 10w | RC: -157447.02 | Cost: 2552.98 | Route: [0, 11, 21, 19, 2, 8, 18, 7, 26, 12, 9, 22, 13, 5, 3, 20, 14, 0]
  - Vehicle: 10w | RC: -157377.48 | Cost: 2622.52 | Route: [0, 25, 6, 17, 13, 26, 12, 9, 22, 21, 11, 2, 8, 18, 7, 19, 5, 0]
  - Vehicle: 40ft | RC: -157350.54 | Cost: 2649.46 | Route: [0, 18, 7, 26, 13, 12, 9, 22, 21, 11, 2, 8, 19, 3, 20, 14, 4, 0]
  - Vehicle: 40ft | RC: -157344.05 | Cost: 2655.95 | Route: [0, 4, 18, 7, 26, 13, 12, 9, 22, 21, 11, 2, 8, 19, 3, 20, 14, 0]
  - Vehicle: 10w | RC: -157341.28 | Cost: 2658.72 | Route: [0, 21, 11, 2, 8, 18, 7, 26, 12, 9, 22, 13, 19, 3, 5, 20, 14, 0]
  - Vehicle: 10w | RC: -157294.80 | Cost: 2705.20 | Route: [0, 24, 25, 6, 17, 13, 26, 12, 9, 22, 21, 11, 2, 8, 18, 7, 1, 0]
  - Vehicle: 40ft | RC: -157275.79 | Cost: 2724.21 | Route: [0, 6, 17, 13, 12, 26, 7, 18, 8, 2, 11, 21, 19, 3, 20, 14, 9, 0]
  - Vehicle: 40ft | RC: -157270.25 | Cost: 2729.75 | Route: [0, 3, 20, 14, 19, 21, 11, 2, 8, 18, 26, 12, 13, 7, 9, 22, 17, 0]
  - Vehicle: 40ft | RC: -157242.23 | Cost: 2757.77 | Route: [0, 17, 6, 13, 12, 26, 7, 18, 8, 2, 11, 21, 19, 3, 20, 14, 9, 0]
  - Vehicle: 40ft | RC: -157227.29 | Cost: 2772.71 | Route: [0, 19, 21, 11, 2, 8, 18, 7, 26, 12, 9, 22, 13, 17, 6, 4, 15, 0]
  - Vehicle: 40ft | RC: -157225.74 | Cost: 2774.26 | Route: [0, 9, 22, 12, 13, 26, 7, 18, 8, 2, 11, 21, 19, 3, 20, 14, 4, 0]
  - Vehicle: 40ft | RC: -157220.99 | Cost: 2779.01 | Route: [0, 14, 20, 3, 19, 21, 11, 2, 8, 18, 26, 12, 13, 7, 9, 22, 17, 0]
  - Vehicle: 40ft | RC: -157186.54 | Cost: 2813.46 | Route: [0, 22, 9, 12, 13, 26, 7, 18, 8, 2, 11, 21, 19, 3, 20, 14, 4, 0]
  - Vehicle: 40ft | RC: -157129.18 | Cost: 2870.82 | Route: [0, 10, 3, 19, 21, 11, 2, 8, 18, 26, 13, 12, 9, 22, 7, 4, 15, 0]
  - Vehicle: 40ft | RC: -156956.43 | Cost: 3043.57 | Route: [0, 21, 11, 2, 8, 18, 7, 26, 12, 9, 22, 13, 19, 3, 20, 14, 10, 0]
  - Vehicle: 40ft | RC: -156863.93 | Cost: 3136.07 | Route: [0, 25, 6, 17, 13, 26, 12, 9, 22, 21, 11, 2, 8, 18, 7, 19, 3, 0]
  - Vehicle: 40ft | RC: -156858.63 | Cost: 3141.37 | Route: [0, 24, 25, 6, 17, 13, 26, 12, 9, 22, 21, 11, 19, 2, 8, 18, 7, 0]
  - Vehicle: 4w | RC: -148433.69 | Cost: 1566.31 | Route: [0, 2, 8, 18, 7, 26, 12, 9, 22, 21, 11, 19, 3, 5, 20, 13, 0]
  - Vehicle: 4w | RC: -148361.58 | Cost: 1638.42 | Route: [0, 21, 11, 2, 8, 18, 7, 26, 12, 9, 22, 19, 3, 5, 20, 13, 0]
  - Vehicle: 6w | RC: -148144.21 | Cost: 1855.79 | Route: [0, 2, 8, 18, 7, 26, 12, 9, 22, 21, 11, 19, 3, 5, 20, 13, 0]
  - Vehicle: 10w | RC: -148103.63 | Cost: 1896.37 | Route: [0, 8, 2, 11, 21, 19, 3, 5, 18, 26, 13, 12, 9, 22, 7, 1, 0]
  - Vehicle: 6w | RC: -148060.00 | Cost: 1940.00 | Route: [0, 21, 11, 2, 8, 18, 7, 26, 12, 9, 22, 19, 3, 5, 20, 13, 0]
  - Vehicle: 40ft | RC: -147692.48 | Cost: 2307.52 | Route: [0, 11, 21, 19, 2, 8, 18, 7, 26, 12, 9, 22, 13, 1, 4, 15, 0]
  - Vehicle: 10w | RC: -147622.10 | Cost: 2377.90 | Route: [0, 2, 8, 18, 7, 26, 12, 9, 22, 21, 11, 19, 3, 5, 20, 13, 0]
  - Vehicle: 4w | RC: -137493.51 | Cost: 2506.49 | Route: [0, 23, 17, 13, 26, 12, 7, 18, 8, 2, 11, 21, 19, 5, 3, 0]
  - Vehicle: 6w | RC: -137046.35 | Cost: 2953.65 | Route: [0, 23, 17, 13, 26, 12, 7, 18, 8, 2, 11, 21, 19, 5, 3, 0]
  - Vehicle: 10w | RC: -136210.86 | Cost: 3789.14 | Route: [0, 23, 17, 13, 26, 12, 7, 18, 8, 2, 11, 21, 19, 5, 3, 0]
  - Vehicle: 40ft | RC: -135610.81 | Cost: 4389.19 | Route: [0, 23, 17, 13, 26, 12, 7, 18, 8, 2, 11, 21, 19, 3, 10, 0]
  - Vehicle: 4w | RC: -127250.94 | Cost: 2749.06 | Route: [0, 16, 17, 6, 13, 12, 26, 7, 18, 8, 2, 21, 19, 11, 0]
  - Vehicle: 6w | RC: -126763.81 | Cost: 3236.19 | Route: [0, 16, 17, 6, 13, 12, 26, 7, 18, 8, 2, 21, 19, 11, 0]
  - Vehicle: 10w | RC: -125847.46 | Cost: 4152.54 | Route: [0, 16, 17, 6, 13, 12, 26, 7, 18, 8, 2, 21, 19, 11, 0]
  - Vehicle: 40ft | RC: -125337.70 | Cost: 4662.30 | Route: [0, 16, 17, 6, 13, 12, 26, 7, 18, 8, 2, 21, 19, 11, 0]
  - Vehicle: AUV | RC: -98171.23 | Cost: 1828.77 | Route: [0, 24, 25, 6, 12, 7, 18, 8, 21, 20, 10, 0]
  - Vehicle: AUV | RC: -98161.71 | Cost: 1838.29 | Route: [0, 10, 20, 21, 8, 18, 7, 12, 6, 24, 25, 0]
  - Vehicle: AUV | RC: -98043.47 | Cost: 1956.53 | Route: [0, 12, 7, 18, 8, 21, 20, 10, 6, 24, 25, 0]
  - Vehicle: AUV | RC: -97997.67 | Cost: 2002.33 | Route: [0, 8, 18, 7, 12, 21, 20, 10, 6, 24, 25, 0]
  - Vehicle: AUV | RC: -97995.39 | Cost: 2004.61 | Route: [0, 21, 8, 18, 7, 12, 6, 24, 25, 20, 10, 0]
  - Vehicle: AUV | RC: -97957.57 | Cost: 2042.43 | Route: [0, 18, 8, 21, 12, 7, 20, 10, 6, 24, 25, 0]
  - Vehicle: AUV | RC: -97944.04 | Cost: 2055.96 | Route: [0, 6, 12, 7, 18, 8, 21, 20, 10, 24, 25, 0]
  - Vehicle: AUV | RC: -97843.06 | Cost: 2156.94 | Route: [0, 20, 21, 8, 18, 7, 12, 6, 24, 25, 10, 0]
  - Vehicle: AUV | RC: -88494.40 | Cost: 1505.60 | Route: [0, 25, 6, 12, 7, 18, 8, 21, 20, 10, 0]
  - Vehicle: AUV | RC: -87789.18 | Cost: 2210.82 | Route: [0, 7, 18, 8, 21, 12, 6, 20, 10, 24, 0]
  - Vehicle: AUV | RC: -87424.49 | Cost: 2575.51 | Route: [0, 16, 6, 12, 7, 18, 8, 21, 20, 10, 0]
  - Vehicle: MC | RC: -19729.91 | Cost: 270.09 | Route: [0, 8, 6, 0]
  - Vehicle: MC | RC: -19716.25 | Cost: 283.75 | Route: [0, 6, 8, 0]

[Iteration 2] RMP Objective: 9526.06
[Iteration 2] POMO generated 97 negative RC columns.
[Iteration 2] Adding Columns:
  - Vehicle: 4w | RC: -4450.93 | Cost: 3106.61 | Route: [0, 16, 23, 15, 18, 7, 26, 13, 12, 8, 2, 14, 0]
  - Vehicle: 6w | RC: -3295.47 | Cost: 3233.88 | Route: [0, 16, 23, 15, 18, 7, 26, 13, 1, 8, 2, 11, 0]
  - Vehicle: 4w | RC: -3036.13 | Cost: 2423.31 | Route: [0, 23, 25, 6, 13, 26, 7, 18, 15, 4, 1, 8, 0]
  - Vehicle: 6w | RC: -2603.63 | Cost: 2855.80 | Route: [0, 23, 25, 6, 13, 26, 7, 18, 15, 4, 1, 8, 0]
  - Vehicle: 10w | RC: -2374.54 | Cost: 4154.80 | Route: [0, 16, 23, 15, 1, 18, 7, 26, 13, 12, 8, 2, 0]
  - Vehicle: 4w | RC: -2304.27 | Cost: 1816.62 | Route: [0, 25, 6, 13, 26, 7, 18, 8, 2, 14, 19, 15, 4, 1, 0]
  - Vehicle: 4w | RC: -2149.76 | Cost: 2154.55 | Route: [0, 6, 25, 24, 12, 26, 18, 15, 8, 2, 14, 19, 0]
  - Vehicle: 4w | RC: -2096.67 | Cost: 2207.64 | Route: [0, 24, 25, 6, 13, 26, 18, 15, 8, 2, 14, 19, 0]
  - Vehicle: 40ft | RC: -1864.63 | Cost: 4664.71 | Route: [0, 16, 23, 15, 1, 18, 7, 26, 13, 12, 8, 2, 0]
  - Vehicle: 6w | RC: -1830.08 | Cost: 2151.06 | Route: [0, 25, 6, 13, 26, 7, 18, 15, 8, 2, 14, 19, 0]
  - Vehicle: 10w | RC: -1795.86 | Cost: 3663.57 | Route: [0, 23, 25, 6, 13, 26, 7, 18, 15, 4, 1, 8, 0]
  - Vehicle: 6w | RC: -1761.96 | Cost: 2542.35 | Route: [0, 6, 25, 24, 12, 26, 18, 15, 8, 2, 14, 19, 0]
  - Vehicle: 6w | RC: -1700.99 | Cost: 2603.32 | Route: [0, 24, 25, 6, 13, 26, 18, 15, 8, 2, 14, 19, 0]
  - Vehicle: AUV | RC: -1634.37 | Cost: 2077.00 | Route: [0, 16, 25, 6, 7, 18, 8, 0]
  - Vehicle: 4w | RC: -1583.33 | Cost: 1216.83 | Route: [0, 1, 15, 18, 8, 2, 14, 19, 11, 26, 13, 12, 0]
  - Vehicle: 4w | RC: -1511.22 | Cost: 1149.19 | Route: [0, 15, 18, 8, 2, 14, 19, 11, 7, 26, 13, 0]
  - Vehicle: 4w | RC: -1496.40 | Cost: 1164.00 | Route: [0, 4, 15, 18, 8, 2, 14, 19, 11, 7, 26, 13, 0]
  - Vehicle: 4w | RC: -1463.11 | Cost: 1197.29 | Route: [0, 13, 26, 7, 18, 15, 8, 2, 14, 19, 0]
  - Vehicle: 4w | RC: -1406.07 | Cost: 1254.34 | Route: [0, 3, 14, 19, 2, 8, 18, 15, 7, 26, 13, 0]
  - Vehicle: 4w | RC: -1401.00 | Cost: 1259.41 | Route: [0, 20, 14, 19, 2, 8, 18, 15, 7, 26, 13, 0]
  - Vehicle: 4w | RC: -1397.96 | Cost: 1262.44 | Route: [0, 12, 26, 7, 18, 15, 8, 2, 14, 19, 0]
  - Vehicle: 4w | RC: -1397.64 | Cost: 1262.77 | Route: [0, 19, 14, 3, 2, 8, 18, 15, 7, 26, 13, 0]
  - Vehicle: 4w | RC: -1375.96 | Cost: 1284.44 | Route: [0, 21, 14, 19, 2, 8, 18, 15, 7, 26, 13, 0]
  - Vehicle: 4w | RC: -1370.63 | Cost: 1474.64 | Route: [0, 10, 14, 19, 2, 8, 18, 15, 7, 26, 13, 0]
  - Vehicle: 6w | RC: -1354.09 | Cost: 1446.07 | Route: [0, 1, 15, 18, 8, 2, 14, 19, 11, 26, 13, 12, 0]
  - Vehicle: 4w | RC: -1344.40 | Cost: 1316.00 | Route: [0, 5, 14, 19, 2, 8, 18, 15, 7, 26, 13, 0]
  - Vehicle: 40ft | RC: -1340.96 | Cost: 4118.48 | Route: [0, 23, 25, 6, 13, 26, 7, 18, 15, 4, 1, 8, 0]
  - Vehicle: 6w | RC: -1277.60 | Cost: 1382.81 | Route: [0, 4, 15, 18, 8, 2, 14, 19, 11, 7, 26, 13, 0]
  - Vehicle: 6w | RC: -1262.38 | Cost: 1537.78 | Route: [0, 3, 14, 19, 2, 8, 18, 15, 1, 7, 26, 13, 0]
  - Vehicle: 6w | RC: -1256.79 | Cost: 1543.37 | Route: [0, 20, 14, 19, 2, 8, 18, 15, 1, 7, 26, 13, 0]
  - Vehicle: 6w | RC: -1252.18 | Cost: 1547.97 | Route: [0, 19, 14, 3, 2, 8, 18, 15, 1, 7, 26, 13, 0]
  - Vehicle: 4w | RC: -1243.40 | Cost: 1417.00 | Route: [0, 17, 13, 26, 7, 18, 8, 2, 14, 19, 11, 15, 4, 0]
  - Vehicle: 6w | RC: -1239.40 | Cost: 1421.01 | Route: [0, 13, 26, 7, 18, 15, 8, 2, 14, 19, 0]
  - Vehicle: 4w | RC: -1235.15 | Cost: 1425.26 | Route: [0, 9, 12, 26, 7, 18, 15, 8, 2, 14, 19, 0]
  - Vehicle: 6w | RC: -1226.81 | Cost: 1573.35 | Route: [0, 21, 14, 19, 2, 8, 18, 15, 1, 7, 26, 13, 0]
  - Vehicle: 10w | RC: -1223.21 | Cost: 2757.93 | Route: [0, 25, 6, 13, 26, 7, 18, 15, 8, 2, 14, 19, 0]
  - Vehicle: 6w | RC: -1221.68 | Cost: 1438.73 | Route: [0, 26, 7, 18, 15, 8, 2, 14, 19, 11, 0]
  - Vehicle: 6w | RC: -1205.35 | Cost: 1455.05 | Route: [0, 15, 18, 8, 2, 14, 19, 11, 7, 26, 13, 12, 0]
  - Vehicle: 6w | RC: -1189.99 | Cost: 1610.17 | Route: [0, 5, 14, 19, 2, 8, 18, 15, 1, 7, 26, 13, 0]
  - Vehicle: 6w | RC: -1189.63 | Cost: 1795.40 | Route: [0, 10, 14, 19, 2, 8, 18, 15, 1, 7, 26, 13, 0]
  - Vehicle: 6w | RC: -1163.27 | Cost: 1497.14 | Route: [0, 12, 26, 7, 18, 15, 8, 2, 14, 19, 0]
  - Vehicle: 4w | RC: -1137.61 | Cost: 1522.80 | Route: [0, 22, 9, 12, 26, 18, 15, 8, 2, 14, 19, 11, 0]
  - Vehicle: 6w | RC: -1081.52 | Cost: 1718.64 | Route: [0, 17, 13, 26, 7, 18, 8, 2, 14, 19, 11, 15, 4, 1, 0]
  - Vehicle: 10w | RC: -1043.78 | Cost: 3260.53 | Route: [0, 6, 25, 24, 12, 26, 18, 15, 8, 2, 14, 19, 0]
  - Vehicle: 40ft | RC: -1012.53 | Cost: 3108.37 | Route: [0, 25, 6, 13, 26, 7, 18, 8, 2, 14, 19, 15, 4, 1, 0]
  - Vehicle: 6w | RC: -972.43 | Cost: 1687.97 | Route: [0, 9, 12, 26, 7, 18, 15, 8, 2, 14, 19, 0]
  - Vehicle: 10w | RC: -965.11 | Cost: 3339.20 | Route: [0, 24, 25, 6, 13, 26, 18, 15, 8, 2, 14, 19, 0]
  - Vehicle: 10w | RC: -948.48 | Cost: 1851.68 | Route: [0, 1, 15, 18, 8, 2, 14, 19, 11, 26, 13, 12, 0]
  - Vehicle: 10w | RC: -889.59 | Cost: 1770.81 | Route: [0, 4, 15, 18, 8, 2, 14, 19, 11, 7, 26, 13, 0]
  - Vehicle: 6w | RC: -888.85 | Cost: 1771.56 | Route: [0, 22, 9, 12, 26, 7, 18, 15, 8, 2, 14, 19, 0]
  - Vehicle: 10w | RC: -840.30 | Cost: 1820.11 | Route: [0, 13, 26, 7, 18, 15, 8, 2, 14, 19, 0]
  - Vehicle: 10w | RC: -830.38 | Cost: 1969.78 | Route: [0, 3, 14, 19, 2, 8, 18, 15, 1, 7, 26, 13, 0]
  - Vehicle: 10w | RC: -823.10 | Cost: 1977.06 | Route: [0, 20, 14, 19, 2, 8, 18, 15, 1, 7, 26, 13, 0]
  - Vehicle: 10w | RC: -817.56 | Cost: 1842.84 | Route: [0, 26, 7, 18, 15, 8, 2, 14, 19, 11, 0]
  - Vehicle: 10w | RC: -796.79 | Cost: 1863.61 | Route: [0, 15, 18, 8, 2, 14, 19, 11, 7, 26, 13, 12, 0]
  - Vehicle: 10w | RC: -784.78 | Cost: 2015.38 | Route: [0, 21, 14, 19, 2, 8, 18, 15, 1, 7, 26, 13, 0]
  - Vehicle: 10w | RC: -742.46 | Cost: 1917.95 | Route: [0, 12, 26, 7, 18, 15, 8, 2, 14, 19, 0]
  - Vehicle: 10w | RC: -737.44 | Cost: 2062.72 | Route: [0, 5, 14, 19, 2, 8, 18, 15, 1, 7, 26, 13, 0]
  - Vehicle: 10w | RC: -701.79 | Cost: 2098.37 | Route: [0, 19, 14, 3, 2, 8, 18, 15, 1, 7, 26, 13, 12, 0]
  - Vehicle: 4w | RC: -698.31 | Cost: 794.15 | Route: [0, 8, 2, 18, 15, 7, 26, 13, 0]
  - Vehicle: 40ft | RC: -698.29 | Cost: 2101.87 | Route: [0, 1, 15, 18, 8, 2, 14, 19, 11, 26, 13, 12, 0]
  - Vehicle: 4w | RC: -697.05 | Cost: 795.41 | Route: [0, 2, 8, 18, 15, 7, 26, 13, 0]
  - Vehicle: 10w | RC: -684.20 | Cost: 2300.83 | Route: [0, 10, 14, 19, 2, 8, 18, 15, 1, 7, 26, 13, 0]
  - Vehicle: AUV | RC: -656.11 | Cost: 987.80 | Route: [0, 6, 25, 24, 12, 0]
  - Vehicle: 40ft | RC: -650.92 | Cost: 2009.49 | Route: [0, 4, 15, 18, 8, 2, 14, 19, 11, 7, 26, 13, 0]
  - Vehicle: 4w | RC: -644.73 | Cost: 847.72 | Route: [0, 11, 2, 8, 18, 15, 7, 26, 13, 0]
  - Vehicle: 6w | RC: -634.34 | Cost: 997.87 | Route: [0, 8, 2, 18, 15, 1, 7, 26, 13, 0]
  - Vehicle: 40ft | RC: -633.60 | Cost: 2026.81 | Route: [0, 15, 18, 8, 2, 14, 19, 11, 26, 13, 7, 0]
  - Vehicle: 40ft | RC: -633.51 | Cost: 3670.80 | Route: [0, 6, 25, 24, 12, 26, 18, 15, 8, 2, 14, 19, 0]
  - Vehicle: 6w | RC: -632.91 | Cost: 999.30 | Route: [0, 2, 8, 18, 15, 1, 7, 26, 13, 0]
  - Vehicle: AUV | RC: -599.70 | Cost: 1044.20 | Route: [0, 25, 24, 6, 12, 0]
  - Vehicle: 10w | RC: -598.56 | Cost: 2201.60 | Route: [0, 17, 13, 26, 7, 18, 8, 2, 14, 19, 11, 15, 4, 1, 0]
  - Vehicle: 6w | RC: -597.70 | Cost: 1034.51 | Route: [0, 11, 2, 8, 18, 15, 1, 7, 26, 0]
  - Vehicle: 40ft | RC: -597.14 | Cost: 2063.27 | Route: [0, 13, 26, 7, 18, 15, 8, 2, 14, 19, 0]
  - Vehicle: AUV | RC: -585.22 | Cost: 1058.68 | Route: [0, 24, 25, 6, 12, 0]
  - Vehicle: 40ft | RC: -579.25 | Cost: 2220.91 | Route: [0, 8, 2, 14, 19, 11, 18, 15, 1, 7, 26, 13, 0]
  - Vehicle: 40ft | RC: -568.05 | Cost: 2232.11 | Route: [0, 3, 14, 19, 2, 8, 18, 15, 1, 7, 26, 13, 0]
  - Vehicle: 40ft | RC: -560.47 | Cost: 2239.69 | Route: [0, 20, 14, 19, 2, 8, 18, 15, 1, 7, 26, 13, 0]
  - Vehicle: 40ft | RC: -553.05 | Cost: 2247.11 | Route: [0, 19, 14, 3, 2, 8, 18, 15, 1, 7, 26, 13, 0]
  - Vehicle: 40ft | RC: -516.69 | Cost: 2283.47 | Route: [0, 21, 14, 19, 2, 8, 18, 15, 1, 7, 26, 13, 0]
  - Vehicle: 40ft | RC: -500.98 | Cost: 3803.33 | Route: [0, 24, 25, 6, 13, 26, 7, 18, 15, 8, 14, 19, 2, 0]
  - Vehicle: 10w | RC: -497.35 | Cost: 2163.06 | Route: [0, 9, 12, 26, 7, 18, 15, 8, 2, 14, 19, 0]
  - Vehicle: 40ft | RC: -488.24 | Cost: 2172.17 | Route: [0, 12, 26, 7, 18, 15, 8, 2, 14, 19, 0]
  - Vehicle: 10w | RC: -390.12 | Cost: 2270.29 | Route: [0, 22, 9, 12, 26, 7, 18, 15, 8, 2, 14, 19, 0]
  - Vehicle: 40ft | RC: -384.16 | Cost: 2600.86 | Route: [0, 10, 14, 19, 2, 8, 18, 15, 1, 7, 26, 13, 0]
  - Vehicle: 10w | RC: -355.74 | Cost: 1276.47 | Route: [0, 8, 2, 18, 15, 1, 7, 26, 13, 0]
  - Vehicle: 10w | RC: -353.89 | Cost: 1278.32 | Route: [0, 2, 8, 18, 15, 1, 7, 26, 13, 0]
  - Vehicle: 40ft | RC: -322.54 | Cost: 2477.62 | Route: [0, 17, 13, 26, 7, 18, 8, 2, 14, 19, 11, 15, 1, 0]
  - Vehicle: 10w | RC: -308.67 | Cost: 1323.54 | Route: [0, 11, 2, 8, 18, 15, 1, 7, 26, 0]
  - Vehicle: 40ft | RC: -214.52 | Cost: 2445.89 | Route: [0, 9, 12, 26, 7, 18, 15, 8, 2, 14, 19, 0]
  - Vehicle: 4w | RC: -199.45 | Cost: 968.50 | Route: [0, 18, 8, 2, 14, 19, 11, 7, 26, 13, 12, 0]
  - Vehicle: 4w | RC: -179.77 | Cost: 988.18 | Route: [0, 14, 19, 2, 8, 18, 7, 26, 13, 12, 0]
  - Vehicle: 4w | RC: -178.95 | Cost: 989.00 | Route: [0, 26, 7, 18, 8, 2, 14, 19, 11, 21, 0]
  - Vehicle: 40ft | RC: -173.16 | Cost: 1459.05 | Route: [0, 2, 8, 18, 15, 1, 7, 26, 13, 0]
  - Vehicle: 4w | RC: -167.74 | Cost: 1000.20 | Route: [0, 7, 18, 8, 2, 14, 19, 11, 26, 13, 12, 0]
  - Vehicle: 40ft | RC: -122.61 | Cost: 1509.60 | Route: [0, 11, 2, 8, 18, 15, 1, 7, 26, 0]
  - Vehicle: 6w | RC: -14.40 | Cost: 1153.55 | Route: [0, 18, 8, 2, 14, 19, 11, 7, 26, 13, 12, 0]

[Iteration 3] RMP Objective: 6953.58
[Iteration 3] POMO generated 47 negative RC columns.
[Iteration 3] Adding Columns:
  - Vehicle: 4w | RC: -1936.01 | Cost: 2710.82 | Route: [0, 16, 23, 17, 13, 4, 1, 18, 7, 26, 12, 0]
  - Vehicle: 6w | RC: -1456.15 | Cost: 3190.68 | Route: [0, 16, 23, 17, 13, 4, 1, 18, 7, 26, 12, 0]
  - Vehicle: 4w | RC: -1232.56 | Cost: 2159.43 | Route: [0, 24, 17, 13, 26, 7, 18, 8, 3, 20, 5, 4, 15, 1, 0]
  - Vehicle: 4w | RC: -1055.73 | Cost: 2204.93 | Route: [0, 25, 24, 17, 13, 26, 18, 8, 2, 3, 20, 5, 4, 15, 0]
  - Vehicle: 4w | RC: -916.23 | Cost: 1487.96 | Route: [0, 17, 13, 26, 7, 18, 8, 2, 3, 20, 5, 4, 1, 0]
  - Vehicle: 4w | RC: -915.24 | Cost: 1812.62 | Route: [0, 9, 12, 26, 7, 18, 8, 2, 3, 20, 10, 4, 17, 0]
  - Vehicle: 6w | RC: -852.67 | Cost: 2539.32 | Route: [0, 24, 17, 13, 26, 7, 18, 8, 3, 20, 5, 4, 1, 0]
  - Vehicle: 4w | RC: -844.31 | Cost: 1883.55 | Route: [0, 22, 9, 12, 26, 7, 18, 8, 2, 3, 20, 10, 4, 17, 0]
  - Vehicle: 4w | RC: -815.52 | Cost: 1588.66 | Route: [0, 1, 18, 8, 2, 3, 20, 19, 11, 26, 13, 17, 7, 4, 0]
  - Vehicle: 4w | RC: -792.47 | Cost: 1611.72 | Route: [0, 8, 2, 3, 20, 19, 11, 26, 13, 7, 18, 4, 1, 17, 0]
  - Vehicle: 4w | RC: -754.02 | Cost: 1518.84 | Route: [0, 18, 8, 2, 3, 20, 19, 11, 26, 13, 7, 4, 17, 0]
  - Vehicle: 4w | RC: -722.31 | Cost: 1550.56 | Route: [0, 6, 17, 13, 26, 7, 18, 8, 2, 3, 20, 5, 4, 15, 0]
  - Vehicle: 4w | RC: -705.81 | Cost: 2641.66 | Route: [0, 23, 6, 17, 13, 26, 7, 18, 8, 2, 3, 20, 10, 5, 0]
  - Vehicle: 4w | RC: -697.52 | Cost: 1575.35 | Route: [0, 4, 18, 8, 2, 3, 20, 19, 11, 26, 13, 17, 12, 0]
  - Vehicle: 4w | RC: -696.19 | Cost: 1576.67 | Route: [0, 15, 4, 18, 8, 2, 3, 20, 19, 11, 26, 13, 17, 12, 0]
  - Vehicle: 6w | RC: -672.22 | Cost: 2588.44 | Route: [0, 25, 24, 17, 13, 26, 7, 18, 8, 3, 20, 5, 4, 15, 0]
  - Vehicle: 6w | RC: -640.91 | Cost: 1763.28 | Route: [0, 17, 13, 26, 7, 18, 8, 2, 3, 20, 5, 4, 1, 0]
  - Vehicle: 6w | RC: -585.62 | Cost: 2142.24 | Route: [0, 9, 12, 26, 7, 18, 8, 2, 3, 20, 10, 4, 17, 0]
  - Vehicle: 10w | RC: -552.55 | Cost: 4094.28 | Route: [0, 16, 23, 17, 13, 4, 1, 18, 7, 26, 12, 0]
  - Vehicle: 4w | RC: -543.32 | Cost: 1436.13 | Route: [0, 10, 20, 3, 19, 2, 8, 18, 7, 26, 13, 17, 0]
  - Vehicle: 6w | RC: -521.88 | Cost: 1882.30 | Route: [0, 1, 18, 8, 2, 3, 20, 19, 11, 26, 13, 17, 7, 4, 0]
  - Vehicle: 6w | RC: -502.03 | Cost: 2225.82 | Route: [0, 22, 9, 12, 26, 7, 18, 8, 2, 3, 20, 10, 4, 17, 0]
  - Vehicle: 6w | RC: -495.27 | Cost: 1908.92 | Route: [0, 8, 2, 3, 20, 19, 11, 26, 13, 7, 18, 4, 1, 17, 0]
  - Vehicle: 6w | RC: -473.94 | Cost: 1798.93 | Route: [0, 18, 8, 2, 3, 20, 19, 11, 26, 13, 7, 4, 17, 0]
  - Vehicle: 6w | RC: -408.38 | Cost: 1864.49 | Route: [0, 4, 18, 8, 2, 3, 20, 19, 11, 26, 13, 17, 12, 0]
  - Vehicle: 6w | RC: -405.99 | Cost: 1866.88 | Route: [0, 15, 4, 18, 8, 2, 3, 20, 19, 11, 26, 13, 17, 12, 0]
  - Vehicle: AUV | RC: -362.53 | Cost: 2359.80 | Route: [0, 16, 24, 12, 7, 18, 8, 0]
  - Vehicle: 4w | RC: -346.12 | Cost: 1182.38 | Route: [0, 14, 20, 3, 5, 2, 8, 18, 7, 26, 13, 17, 0]
  - Vehicle: 4w | RC: -315.84 | Cost: 1208.61 | Route: [0, 7, 18, 8, 2, 3, 20, 19, 11, 26, 13, 17, 0]
  - Vehicle: 4w | RC: -313.12 | Cost: 1211.33 | Route: [0, 3, 20, 19, 2, 8, 18, 7, 26, 13, 12, 17, 0]
  - Vehicle: 4w | RC: -281.01 | Cost: 1243.45 | Route: [0, 20, 3, 19, 2, 8, 18, 7, 26, 13, 12, 17, 0]
  - Vehicle: 6w | RC: -279.17 | Cost: 1700.28 | Route: [0, 10, 20, 3, 19, 2, 8, 18, 7, 26, 13, 17, 0]
  - Vehicle: 4w | RC: -271.34 | Cost: 1253.11 | Route: [0, 26, 7, 18, 8, 2, 3, 20, 19, 11, 13, 17, 0]
  - Vehicle: 4w | RC: -241.13 | Cost: 1283.33 | Route: [0, 5, 3, 20, 19, 2, 8, 18, 7, 26, 13, 12, 17, 0]
  - Vehicle: 6w | RC: -236.24 | Cost: 3111.23 | Route: [0, 23, 6, 17, 13, 26, 7, 18, 8, 2, 3, 20, 10, 5, 0]
  - Vehicle: 4w | RC: -223.74 | Cost: 1300.72 | Route: [0, 19, 3, 20, 5, 8, 18, 7, 26, 13, 12, 17, 0]
  - Vehicle: 4w | RC: -217.58 | Cost: 1306.87 | Route: [0, 21, 3, 20, 19, 2, 8, 18, 7, 26, 13, 12, 17, 0]
  - Vehicle: 4w | RC: -193.29 | Cost: 1331.16 | Route: [0, 12, 26, 7, 18, 8, 2, 3, 20, 19, 11, 13, 17, 0]
  - Vehicle: 10w | RC: -144.92 | Cost: 2259.27 | Route: [0, 17, 13, 26, 7, 18, 8, 2, 3, 20, 5, 4, 1, 0]
  - Vehicle: 10w | RC: -135.35 | Cost: 3256.63 | Route: [0, 24, 17, 13, 26, 7, 18, 8, 3, 20, 5, 4, 1, 0]
  - Vehicle: 40ft | RC: -117.90 | Cost: 2741.27 | Route: [0, 17, 13, 26, 7, 18, 8, 2, 3, 20, 10, 4, 1, 0]
  - Vehicle: 6w | RC: -87.05 | Cost: 1437.40 | Route: [0, 3, 20, 19, 2, 8, 18, 7, 26, 13, 12, 17, 0]
  - Vehicle: AUV | RC: -72.79 | Cost: 915.01 | Route: [0, 6, 24, 12, 0]
  - Vehicle: 40ft | RC: -50.66 | Cost: 4596.17 | Route: [0, 16, 23, 17, 13, 4, 1, 18, 7, 26, 12, 0]
  - Vehicle: 6w | RC: -49.79 | Cost: 1474.67 | Route: [0, 20, 3, 19, 2, 8, 18, 7, 26, 13, 12, 17, 0]
  - Vehicle: 6w | RC: -2.09 | Cost: 1522.36 | Route: [0, 6, 17, 13, 26, 7, 18, 8, 2, 3, 20, 19, 0]
  - Vehicle: 6w | RC: -2.05 | Cost: 1522.41 | Route: [0, 5, 3, 20, 19, 2, 8, 18, 7, 26, 13, 12, 17, 0]

[Iteration 4] RMP Objective: 6047.88
[Iteration 4] POMO generated 55 negative RC columns.
[Iteration 4] Adding Columns:
  - Vehicle: 4w | RC: -1049.14 | Cost: 1924.73 | Route: [0, 15, 10, 20, 14, 19, 5, 2, 8, 18, 26, 9, 17, 6, 0]
  - Vehicle: 4w | RC: -1036.90 | Cost: 2758.83 | Route: [0, 16, 23, 17, 6, 9, 12, 13, 26, 18, 15, 4, 1, 0]
  - Vehicle: 4w | RC: -954.41 | Cost: 1610.46 | Route: [0, 18, 8, 19, 5, 10, 20, 14, 21, 9, 12, 17, 6, 0]
  - Vehicle: 4w | RC: -941.94 | Cost: 1622.92 | Route: [0, 1, 18, 8, 19, 5, 10, 20, 14, 21, 9, 12, 17, 6, 0]
  - Vehicle: 4w | RC: -907.07 | Cost: 1657.80 | Route: [0, 7, 18, 8, 19, 5, 10, 20, 14, 21, 9, 12, 17, 6, 0]
  - Vehicle: 4w | RC: -898.69 | Cost: 1666.18 | Route: [0, 19, 5, 10, 20, 14, 21, 9, 12, 26, 13, 17, 6, 0]
  - Vehicle: 4w | RC: -891.37 | Cost: 1673.50 | Route: [0, 2, 19, 5, 10, 20, 14, 21, 9, 12, 26, 17, 6, 0]
  - Vehicle: 4w | RC: -880.68 | Cost: 1684.18 | Route: [0, 8, 19, 5, 10, 20, 14, 21, 9, 12, 26, 17, 6, 0]
  - Vehicle: 4w | RC: -879.16 | Cost: 1685.70 | Route: [0, 11, 19, 5, 10, 20, 14, 21, 9, 12, 26, 17, 6, 0]
  - Vehicle: 4w | RC: -869.32 | Cost: 1852.22 | Route: [0, 4, 15, 10, 20, 14, 19, 5, 2, 8, 18, 26, 9, 17, 0]
  - Vehicle: 4w | RC: -837.25 | Cost: 1727.62 | Route: [0, 5, 10, 20, 14, 19, 2, 8, 18, 26, 9, 12, 17, 6, 0]
  - Vehicle: 4w | RC: -761.45 | Cost: 1803.42 | Route: [0, 10, 20, 14, 19, 5, 2, 8, 18, 26, 9, 12, 17, 6, 0]
  - Vehicle: 4w | RC: -712.19 | Cost: 1852.68 | Route: [0, 21, 19, 5, 10, 20, 14, 2, 8, 18, 26, 9, 12, 17, 6, 0]
  - Vehicle: 4w | RC: -706.49 | Cost: 1858.37 | Route: [0, 20, 14, 19, 5, 10, 2, 8, 18, 26, 9, 12, 17, 6, 0]
  - Vehicle: 6w | RC: -699.49 | Cost: 2274.38 | Route: [0, 15, 10, 20, 14, 19, 5, 2, 8, 18, 26, 9, 17, 6, 0]
  - Vehicle: 4w | RC: -696.96 | Cost: 1867.90 | Route: [0, 3, 20, 14, 19, 5, 10, 2, 8, 18, 26, 9, 12, 17, 6, 0]
  - Vehicle: 4w | RC: -673.87 | Cost: 1638.67 | Route: [0, 13, 26, 7, 18, 8, 19, 5, 10, 20, 14, 21, 9, 12, 17, 0]
  - Vehicle: 6w | RC: -658.82 | Cost: 1906.04 | Route: [0, 18, 8, 19, 5, 10, 20, 14, 21, 9, 12, 17, 6, 0]
  - Vehicle: 6w | RC: -642.59 | Cost: 1922.27 | Route: [0, 1, 18, 8, 19, 5, 10, 20, 14, 21, 9, 12, 17, 6, 0]
  - Vehicle: 6w | RC: -594.08 | Cost: 1970.78 | Route: [0, 19, 5, 10, 20, 14, 21, 9, 12, 26, 13, 17, 6, 0]
  - Vehicle: 6w | RC: -585.29 | Cost: 1979.57 | Route: [0, 2, 19, 5, 10, 20, 14, 21, 9, 12, 26, 17, 6, 0]
  - Vehicle: 6w | RC: -572.74 | Cost: 1992.12 | Route: [0, 8, 19, 5, 10, 20, 14, 21, 9, 12, 26, 17, 6, 0]
  - Vehicle: 6w | RC: -570.93 | Cost: 1993.94 | Route: [0, 11, 19, 5, 10, 20, 14, 21, 9, 12, 26, 17, 6, 0]
  - Vehicle: 6w | RC: -547.66 | Cost: 3248.07 | Route: [0, 16, 23, 17, 6, 9, 12, 13, 26, 18, 15, 4, 1, 0]
  - Vehicle: 6w | RC: -532.07 | Cost: 2189.47 | Route: [0, 4, 15, 10, 20, 14, 19, 5, 2, 8, 18, 26, 9, 17, 0]
  - Vehicle: 4w | RC: -530.42 | Cost: 1506.33 | Route: [0, 14, 20, 5, 19, 2, 8, 18, 26, 9, 12, 13, 17, 6, 0]
  - Vehicle: 6w | RC: -521.76 | Cost: 2043.10 | Route: [0, 5, 10, 20, 14, 19, 2, 8, 18, 26, 9, 12, 17, 6, 0]
  - Vehicle: 4w | RC: -469.89 | Cost: 1842.65 | Route: [0, 9, 12, 26, 7, 18, 8, 19, 5, 10, 20, 14, 21, 13, 17, 0]
  - Vehicle: 4w | RC: -436.66 | Cost: 2197.40 | Route: [0, 25, 24, 6, 17, 13, 26, 9, 12, 7, 18, 8, 19, 14, 20, 0]
  - Vehicle: 6w | RC: -433.52 | Cost: 2131.34 | Route: [0, 10, 20, 14, 19, 5, 2, 8, 18, 26, 9, 12, 17, 6, 0]
  - Vehicle: 4w | RC: -419.53 | Cost: 2214.53 | Route: [0, 24, 25, 6, 17, 13, 26, 9, 12, 7, 18, 8, 19, 14, 20, 0]
  - Vehicle: 6w | RC: -374.69 | Cost: 2190.17 | Route: [0, 21, 19, 5, 10, 20, 14, 2, 8, 18, 26, 9, 12, 17, 6, 0]
  - Vehicle: 6w | RC: -372.31 | Cost: 1940.23 | Route: [0, 13, 26, 7, 18, 8, 19, 5, 10, 20, 14, 21, 9, 12, 17, 0]
  - Vehicle: 6w | RC: -369.21 | Cost: 2195.65 | Route: [0, 20, 14, 19, 5, 10, 2, 8, 18, 26, 9, 12, 17, 6, 0]
  - Vehicle: 6w | RC: -357.18 | Cost: 2207.68 | Route: [0, 3, 20, 14, 19, 5, 10, 2, 8, 18, 26, 9, 12, 17, 6, 0]
  - Vehicle: 4w | RC: -330.40 | Cost: 1609.86 | Route: [0, 26, 13, 9, 12, 7, 18, 8, 19, 5, 10, 20, 14, 2, 0]
  - Vehicle: 4w | RC: -301.49 | Cost: 1638.77 | Route: [0, 12, 9, 26, 7, 18, 8, 19, 5, 10, 20, 14, 21, 2, 13, 0]
  - Vehicle: 4w | RC: -273.45 | Cost: 1666.80 | Route: [0, 22, 9, 12, 26, 7, 18, 8, 19, 5, 10, 20, 14, 21, 2, 0]
  - Vehicle: 6w | RC: -253.19 | Cost: 1783.57 | Route: [0, 14, 20, 5, 19, 2, 8, 18, 26, 9, 12, 13, 17, 6, 0]
  - Vehicle: 4w | RC: -219.25 | Cost: 828.93 | Route: [0, 6, 17, 13, 26, 9, 12, 0]
  - Vehicle: 4w | RC: -199.50 | Cost: 848.68 | Route: [0, 17, 6, 13, 26, 9, 12, 0]
  - Vehicle: 6w | RC: -133.95 | Cost: 2178.59 | Route: [0, 9, 12, 26, 7, 18, 8, 19, 5, 10, 20, 14, 21, 13, 17, 0]
  - Vehicle: 10w | RC: -122.00 | Cost: 2442.86 | Route: [0, 18, 8, 19, 5, 10, 20, 14, 21, 9, 12, 17, 6, 0]
  - Vehicle: 10w | RC: -101.62 | Cost: 2463.24 | Route: [0, 1, 18, 8, 19, 5, 10, 20, 14, 21, 9, 12, 17, 6, 0]
  - Vehicle: 6w | RC: -60.90 | Cost: 987.29 | Route: [0, 6, 17, 13, 26, 9, 12, 0]
  - Vehicle: 10w | RC: -57.91 | Cost: 2915.95 | Route: [0, 15, 10, 20, 14, 19, 5, 2, 8, 18, 26, 9, 17, 6, 0]
  - Vehicle: 6w | RC: -40.48 | Cost: 2593.59 | Route: [0, 25, 24, 6, 17, 13, 26, 9, 12, 7, 18, 8, 19, 14, 20, 0]
  - Vehicle: 10w | RC: -38.69 | Cost: 2526.17 | Route: [0, 19, 5, 10, 20, 14, 21, 9, 12, 26, 13, 17, 6, 0]
  - Vehicle: 6w | RC: -37.61 | Cost: 1010.57 | Route: [0, 17, 6, 13, 26, 9, 12, 0]
  - Vehicle: 6w | RC: -34.49 | Cost: 1905.77 | Route: [0, 26, 13, 9, 12, 7, 18, 8, 19, 5, 10, 20, 14, 2, 0]
  - Vehicle: 10w | RC: -27.46 | Cost: 2537.40 | Route: [0, 2, 19, 5, 10, 20, 14, 21, 9, 12, 26, 17, 6, 0]
  - Vehicle: 6w | RC: -21.11 | Cost: 2612.95 | Route: [0, 24, 25, 6, 17, 13, 26, 9, 12, 7, 18, 8, 19, 14, 20, 0]
  - Vehicle: 10w | RC: -11.34 | Cost: 2553.52 | Route: [0, 8, 19, 5, 10, 20, 14, 21, 9, 12, 26, 17, 6, 0]
  - Vehicle: 10w | RC: -9.03 | Cost: 2555.84 | Route: [0, 11, 19, 5, 10, 20, 14, 21, 9, 12, 26, 17, 6, 0]
  - Vehicle: 6w | RC: -0.22 | Cost: 1940.04 | Route: [0, 12, 9, 26, 7, 18, 8, 19, 5, 10, 20, 14, 21, 2, 13, 0]

[Iteration 5] RMP Objective: 5942.60
[Iteration 5] POMO generated 59 negative RC columns.
[Iteration 5] Adding Columns:
  - Vehicle: 4w | RC: -1009.57 | Cost: 3014.25 | Route: [0, 16, 23, 17, 13, 26, 11, 8, 18, 7, 2, 3, 10, 0]
  - Vehicle: 4w | RC: -1002.50 | Cost: 2124.12 | Route: [0, 25, 24, 22, 11, 2, 8, 3, 14, 10, 5, 18, 1, 0]
  - Vehicle: 4w | RC: -742.21 | Cost: 2229.82 | Route: [0, 24, 25, 17, 13, 26, 11, 2, 8, 3, 14, 10, 5, 19, 0]
  - Vehicle: 4w | RC: -734.38 | Cost: 1404.45 | Route: [0, 22, 11, 2, 8, 3, 14, 10, 5, 19, 21, 0]
  - Vehicle: 4w | RC: -733.00 | Cost: 1405.83 | Route: [0, 9, 22, 11, 2, 8, 3, 14, 10, 5, 19, 21, 0]
  - Vehicle: 4w | RC: -729.16 | Cost: 1409.66 | Route: [0, 18, 8, 11, 2, 3, 14, 10, 5, 19, 21, 22, 9, 0]
  - Vehicle: 4w | RC: -725.83 | Cost: 1413.00 | Route: [0, 7, 8, 11, 2, 3, 14, 10, 5, 19, 21, 22, 9, 0]
  - Vehicle: 4w | RC: -715.92 | Cost: 1422.91 | Route: [0, 1, 18, 8, 11, 2, 3, 14, 10, 5, 19, 22, 9, 12, 26, 0]
  - Vehicle: 4w | RC: -698.68 | Cost: 1440.15 | Route: [0, 13, 26, 7, 8, 11, 2, 3, 14, 10, 5, 19, 22, 0]
  - Vehicle: AUV | RC: -693.36 | Cost: 2802.76 | Route: [0, 16, 25, 24, 12, 7, 18, 8, 10, 21, 0]
  - Vehicle: 4w | RC: -687.87 | Cost: 1450.96 | Route: [0, 26, 7, 8, 11, 2, 3, 14, 10, 5, 19, 22, 9, 0]
  - Vehicle: 4w | RC: -676.28 | Cost: 1203.38 | Route: [0, 20, 14, 3, 10, 5, 11, 2, 8, 18, 7, 26, 0]
  - Vehicle: 4w | RC: -658.14 | Cost: 1164.37 | Route: [0, 10, 3, 14, 11, 2, 8, 18, 7, 26, 0]
  - Vehicle: 4w | RC: -654.43 | Cost: 1168.07 | Route: [0, 14, 3, 10, 5, 11, 2, 8, 18, 7, 26, 0]
  - Vehicle: 4w | RC: -648.79 | Cost: 1490.04 | Route: [0, 11, 2, 8, 3, 14, 10, 5, 19, 21, 22, 9, 12, 26, 7, 18, 0]
  - Vehicle: 4w | RC: -645.00 | Cost: 1493.83 | Route: [0, 8, 11, 2, 3, 14, 10, 5, 19, 21, 22, 9, 12, 26, 7, 18, 0]
  - Vehicle: 4w | RC: -643.70 | Cost: 1656.86 | Route: [0, 17, 13, 26, 11, 2, 8, 3, 14, 10, 5, 19, 22, 0]
  - Vehicle: 4w | RC: -633.71 | Cost: 1505.12 | Route: [0, 2, 11, 8, 3, 14, 10, 5, 19, 21, 22, 9, 12, 26, 7, 18, 0]
  - Vehicle: 4w | RC: -633.53 | Cost: 1505.30 | Route: [0, 12, 26, 7, 8, 11, 2, 3, 14, 10, 5, 19, 22, 0]
  - Vehicle: 4w | RC: -632.37 | Cost: 1247.29 | Route: [0, 3, 14, 20, 10, 5, 11, 2, 8, 18, 7, 26, 13, 0]
  - Vehicle: 6w | RC: -606.39 | Cost: 2520.23 | Route: [0, 25, 24, 22, 11, 2, 8, 3, 14, 10, 5, 18, 7, 0]
  - Vehicle: 4w | RC: -593.41 | Cost: 1545.42 | Route: [0, 21, 11, 2, 8, 3, 14, 10, 5, 19, 22, 9, 12, 26, 7, 18, 0]
  - Vehicle: 4w | RC: -585.51 | Cost: 1237.00 | Route: [0, 5, 10, 3, 14, 11, 2, 8, 18, 7, 26, 0]
  - Vehicle: 4w | RC: -567.33 | Cost: 1303.19 | Route: [0, 15, 10, 3, 14, 11, 2, 8, 18, 7, 26, 0]
  - Vehicle: 4w | RC: -562.09 | Cost: 1317.57 | Route: [0, 19, 3, 14, 20, 10, 5, 11, 2, 8, 18, 7, 26, 13, 0]
  - Vehicle: 4w | RC: -532.99 | Cost: 1767.57 | Route: [0, 6, 17, 13, 26, 11, 2, 8, 3, 14, 10, 5, 19, 22, 9, 0]
  - Vehicle: 4w | RC: -508.55 | Cost: 1313.96 | Route: [0, 4, 10, 3, 14, 11, 2, 8, 18, 7, 26, 0]
  - Vehicle: 6w | RC: -477.66 | Cost: 3546.16 | Route: [0, 16, 23, 17, 13, 26, 11, 8, 18, 7, 2, 3, 10, 0]
  - Vehicle: 6w | RC: -475.50 | Cost: 1663.33 | Route: [0, 22, 11, 2, 8, 3, 14, 10, 5, 19, 21, 0]
  - Vehicle: 6w | RC: -473.23 | Cost: 1665.60 | Route: [0, 9, 22, 11, 2, 8, 3, 14, 10, 5, 19, 21, 0]
  - Vehicle: 6w | RC: -463.69 | Cost: 1675.14 | Route: [0, 7, 8, 11, 2, 3, 14, 10, 5, 19, 21, 22, 9, 0]
  - Vehicle: 6w | RC: -451.76 | Cost: 1427.90 | Route: [0, 20, 14, 3, 10, 5, 11, 2, 8, 18, 7, 26, 0]
  - Vehicle: 6w | RC: -450.07 | Cost: 1688.76 | Route: [0, 1, 18, 8, 11, 2, 3, 14, 10, 5, 19, 22, 9, 12, 26, 0]
  - Vehicle: 6w | RC: -441.30 | Cost: 1381.21 | Route: [0, 10, 3, 14, 11, 2, 8, 18, 7, 26, 0]
  - Vehicle: 6w | RC: -436.39 | Cost: 1386.12 | Route: [0, 14, 3, 10, 5, 11, 2, 8, 18, 7, 26, 0]
  - Vehicle: 6w | RC: -431.92 | Cost: 1706.91 | Route: [0, 13, 26, 7, 8, 11, 2, 3, 14, 10, 5, 19, 22, 0]
  - Vehicle: 6w | RC: -419.32 | Cost: 1719.51 | Route: [0, 26, 7, 8, 11, 2, 3, 14, 10, 5, 19, 22, 9, 0]
  - Vehicle: 6w | RC: -414.62 | Cost: 1724.21 | Route: [0, 18, 8, 11, 2, 3, 14, 10, 5, 19, 21, 22, 9, 12, 26, 7, 0]
  - Vehicle: 6w | RC: -399.49 | Cost: 1480.17 | Route: [0, 3, 14, 20, 10, 5, 11, 2, 8, 18, 7, 26, 13, 0]
  - Vehicle: 6w | RC: -372.27 | Cost: 1766.56 | Route: [0, 11, 2, 8, 3, 14, 10, 5, 19, 21, 22, 9, 12, 26, 7, 18, 0]
  - Vehicle: 6w | RC: -367.71 | Cost: 1771.12 | Route: [0, 8, 11, 2, 3, 14, 10, 5, 19, 21, 22, 9, 12, 26, 7, 18, 0]
  - Vehicle: 6w | RC: -355.79 | Cost: 1783.04 | Route: [0, 12, 26, 7, 8, 11, 2, 3, 14, 10, 5, 19, 22, 0]
  - Vehicle: 6w | RC: -355.24 | Cost: 1467.27 | Route: [0, 5, 10, 3, 14, 11, 2, 8, 18, 7, 26, 0]
  - Vehicle: 6w | RC: -354.54 | Cost: 1784.29 | Route: [0, 2, 11, 8, 3, 14, 10, 5, 19, 21, 22, 9, 12, 26, 7, 18, 0]
  - Vehicle: AUV | RC: -350.12 | Cost: 1421.50 | Route: [0, 25, 24, 12, 7, 8, 10, 0]
  - Vehicle: 6w | RC: -341.70 | Cost: 2630.33 | Route: [0, 24, 25, 17, 13, 26, 11, 2, 8, 3, 14, 10, 5, 19, 0]
  - Vehicle: 6w | RC: -316.36 | Cost: 1563.30 | Route: [0, 19, 3, 14, 20, 10, 5, 11, 2, 8, 18, 7, 26, 13, 0]
  - Vehicle: 6w | RC: -307.58 | Cost: 1831.25 | Route: [0, 21, 11, 2, 8, 3, 14, 10, 5, 19, 22, 9, 12, 26, 7, 18, 0]
  - Vehicle: 6w | RC: -298.61 | Cost: 1571.90 | Route: [0, 15, 10, 3, 14, 11, 2, 8, 18, 7, 26, 13, 0]
  - Vehicle: 6w | RC: -298.48 | Cost: 2002.08 | Route: [0, 17, 13, 26, 7, 8, 11, 2, 3, 14, 10, 5, 19, 22, 9, 0]
  - Vehicle: 6w | RC: -238.31 | Cost: 1584.20 | Route: [0, 4, 10, 3, 14, 11, 2, 8, 18, 7, 26, 13, 0]
  - Vehicle: 6w | RC: -224.53 | Cost: 2076.03 | Route: [0, 6, 17, 13, 26, 7, 8, 11, 2, 3, 14, 10, 5, 19, 22, 0]
  - Vehicle: AUV | RC: -162.44 | Cost: 621.38 | Route: [0, 18, 8, 10, 0]
  - Vehicle: AUV | RC: -159.72 | Cost: 624.11 | Route: [0, 7, 8, 10, 0]
  - Vehicle: 10w | RC: -53.17 | Cost: 1769.33 | Route: [0, 10, 3, 14, 11, 2, 8, 18, 7, 26, 0]
  - Vehicle: 10w | RC: -50.63 | Cost: 1829.03 | Route: [0, 20, 14, 3, 10, 5, 11, 2, 8, 18, 7, 26, 0]
  - Vehicle: 10w | RC: -47.03 | Cost: 1775.48 | Route: [0, 14, 3, 10, 5, 11, 2, 8, 18, 7, 26, 0]
  - Vehicle: 10w | RC: -7.35 | Cost: 2131.48 | Route: [0, 22, 11, 2, 8, 3, 14, 10, 5, 19, 21, 0]
  - Vehicle: 10w | RC: -4.62 | Cost: 2134.21 | Route: [0, 9, 22, 11, 2, 8, 3, 14, 10, 5, 19, 21, 0]

[Iteration 6] RMP Objective: 5565.56
[Iteration 6] POMO generated 23 negative RC columns.
[Iteration 6] Adding Columns:
  - Vehicle: 4w | RC: -741.26 | Cost: 2970.68 | Route: [0, 16, 23, 17, 13, 22, 19, 20, 3, 8, 18, 7, 0]
  - Vehicle: 4w | RC: -489.33 | Cost: 1841.86 | Route: [0, 22, 21, 19, 3, 20, 14, 11, 2, 8, 18, 7, 26, 13, 17, 25, 0]
  - Vehicle: 4w | RC: -365.84 | Cost: 1918.63 | Route: [0, 25, 24, 22, 11, 19, 20, 3, 2, 8, 18, 7, 26, 0]
  - Vehicle: 6w | RC: -217.32 | Cost: 3494.62 | Route: [0, 16, 23, 17, 13, 22, 19, 20, 3, 8, 18, 7, 0]
  - Vehicle: 4w | RC: -215.00 | Cost: 1817.07 | Route: [0, 24, 25, 17, 13, 26, 7, 8, 19, 11, 22, 21, 0]
  - Vehicle: 4w | RC: -214.88 | Cost: 2773.21 | Route: [0, 23, 25, 17, 13, 26, 7, 18, 8, 19, 20, 3, 22, 0]
  - Vehicle: 6w | RC: -166.05 | Cost: 2165.14 | Route: [0, 12, 22, 21, 19, 3, 20, 14, 11, 2, 8, 18, 26, 13, 17, 25, 0]
  - Vehicle: 6w | RC: -152.69 | Cost: 2178.50 | Route: [0, 22, 21, 19, 3, 20, 14, 11, 2, 8, 18, 7, 26, 13, 17, 25, 0]
  - Vehicle: 4w | RC: -106.64 | Cost: 1169.67 | Route: [0, 12, 22, 21, 19, 20, 3, 2, 8, 18, 7, 26, 0]
  - Vehicle: 4w | RC: -86.93 | Cost: 1189.38 | Route: [0, 9, 22, 21, 19, 20, 3, 2, 8, 18, 7, 26, 13, 0]
  - Vehicle: 4w | RC: -64.83 | Cost: 1486.26 | Route: [0, 11, 19, 20, 3, 2, 8, 18, 26, 22, 9, 12, 13, 17, 0]
  - Vehicle: 4w | RC: -59.23 | Cost: 1333.21 | Route: [0, 14, 20, 3, 19, 11, 22, 9, 12, 26, 13, 7, 18, 8, 2, 0]
  - Vehicle: AUV | RC: -54.51 | Cost: 933.28 | Route: [0, 25, 24, 12, 0]
  - Vehicle: 4w | RC: -53.22 | Cost: 716.94 | Route: [0, 1, 18, 8, 2, 19, 11, 22, 12, 26, 0]
  - Vehicle: 4w | RC: -52.99 | Cost: 1020.64 | Route: [0, 15, 4, 18, 8, 19, 11, 22, 9, 12, 26, 13, 0]
  - Vehicle: AUV | RC: -44.56 | Cost: 2331.71 | Route: [0, 16, 25, 24, 12, 7, 18, 8, 0]
  - Vehicle: 6w | RC: -42.86 | Cost: 2810.47 | Route: [0, 24, 25, 17, 13, 26, 7, 8, 19, 11, 22, 21, 20, 10, 0]
  - Vehicle: 4w | RC: -37.81 | Cost: 986.76 | Route: [0, 17, 13, 26, 7, 8, 2, 19, 11, 22, 0]
  - Vehicle: 4w | RC: -36.79 | Cost: 1534.01 | Route: [0, 21, 11, 19, 20, 3, 2, 8, 18, 26, 22, 12, 13, 17, 0]
  - Vehicle: 4w | RC: -35.58 | Cost: 1687.59 | Route: [0, 10, 20, 3, 19, 11, 22, 9, 12, 26, 13, 7, 18, 8, 2, 21, 0]
  - Vehicle: 6w | RC: -18.31 | Cost: 2266.16 | Route: [0, 25, 24, 22, 11, 19, 20, 3, 2, 8, 18, 7, 26, 0]
  - Vehicle: 4w | RC: -14.94 | Cost: 755.22 | Route: [0, 18, 8, 2, 19, 11, 22, 9, 12, 26, 7, 0]
  - Vehicle: 4w | RC: -5.78 | Cost: 1290.90 | Route: [0, 19, 20, 3, 11, 22, 9, 12, 26, 7, 18, 8, 2, 0]

[Iteration 7] RMP Objective: 5458.95
[Iteration 7] POMO generated 27 negative RC columns.
[Iteration 7] Adding Columns:
  - Vehicle: 4w | RC: -752.88 | Cost: 2119.58 | Route: [0, 25, 24, 22, 21, 11, 19, 14, 20, 5, 15, 4, 18, 0]
  - Vehicle: 4w | RC: -568.80 | Cost: 1675.19 | Route: [0, 10, 20, 14, 19, 21, 11, 22, 9, 12, 26, 7, 18, 15, 4, 1, 0]
  - Vehicle: 4w | RC: -447.93 | Cost: 1441.38 | Route: [0, 3, 14, 20, 19, 21, 11, 22, 9, 12, 26, 7, 18, 15, 4, 0]
  - Vehicle: 4w | RC: -443.70 | Cost: 2105.39 | Route: [0, 4, 15, 18, 8, 11, 21, 19, 14, 20, 5, 2, 22, 24, 0]
  - Vehicle: 4w | RC: -435.01 | Cost: 2090.57 | Route: [0, 15, 18, 8, 11, 21, 19, 14, 20, 5, 2, 22, 24, 0]
  - Vehicle: 4w | RC: -433.90 | Cost: 1513.83 | Route: [0, 5, 20, 14, 19, 21, 11, 22, 9, 12, 26, 7, 18, 15, 4, 1, 0]
  - Vehicle: 6w | RC: -370.73 | Cost: 2501.73 | Route: [0, 25, 24, 22, 21, 11, 19, 14, 20, 5, 15, 4, 18, 0]
  - Vehicle: 6w | RC: -260.18 | Cost: 1983.81 | Route: [0, 10, 20, 14, 19, 21, 11, 22, 9, 12, 26, 7, 18, 15, 4, 1, 0]
  - Vehicle: 4w | RC: -218.82 | Cost: 1193.33 | Route: [0, 9, 22, 21, 11, 19, 14, 20, 5, 8, 18, 7, 26, 0]
  - Vehicle: 4w | RC: -216.22 | Cost: 1195.93 | Route: [0, 12, 22, 21, 11, 19, 14, 20, 5, 8, 18, 7, 26, 0]
  - Vehicle: 4w | RC: -192.71 | Cost: 1219.44 | Route: [0, 22, 21, 11, 19, 14, 20, 5, 8, 2, 18, 7, 26, 0]
  - Vehicle: 6w | RC: -180.41 | Cost: 1708.90 | Route: [0, 3, 14, 20, 19, 21, 11, 22, 9, 12, 26, 7, 18, 15, 4, 0]
  - Vehicle: 6w | RC: -152.33 | Cost: 1795.40 | Route: [0, 5, 20, 14, 19, 21, 11, 22, 9, 12, 26, 7, 18, 15, 4, 1, 0]
  - Vehicle: AUV | RC: -98.83 | Cost: 2703.09 | Route: [0, 16, 25, 24, 12, 21, 20, 18, 7, 0]
  - Vehicle: 4w | RC: -82.86 | Cost: 1001.36 | Route: [0, 26, 7, 11, 21, 19, 14, 20, 5, 2, 8, 18, 0]
  - Vehicle: 4w | RC: -65.10 | Cost: 1288.63 | Route: [0, 14, 20, 19, 21, 11, 22, 9, 12, 26, 7, 18, 8, 2, 0]
  - Vehicle: 4w | RC: -65.07 | Cost: 1639.36 | Route: [0, 24, 25, 17, 13, 26, 11, 21, 22, 12, 0]
  - Vehicle: 6w | RC: -63.09 | Cost: 2486.00 | Route: [0, 4, 15, 18, 8, 11, 21, 19, 14, 20, 5, 2, 22, 24, 0]
  - Vehicle: 4w | RC: -62.76 | Cost: 1290.97 | Route: [0, 20, 14, 19, 21, 11, 22, 9, 12, 26, 7, 18, 8, 2, 0]
  - Vehicle: 6w | RC: -57.43 | Cost: 2468.15 | Route: [0, 15, 18, 8, 11, 21, 19, 14, 20, 5, 2, 22, 24, 0]
  - Vehicle: 4w | RC: -47.60 | Cost: 1974.46 | Route: [0, 11, 21, 19, 14, 20, 5, 2, 8, 18, 7, 26, 22, 24, 0]
  - Vehicle: 4w | RC: -37.53 | Cost: 1984.54 | Route: [0, 18, 8, 11, 21, 19, 14, 20, 5, 2, 7, 26, 13, 22, 24, 0]
  - Vehicle: 4w | RC: -35.19 | Cost: 1049.02 | Route: [0, 13, 26, 11, 21, 19, 14, 20, 5, 2, 8, 18, 7, 0]
  - Vehicle: 4w | RC: -32.52 | Cost: 1989.55 | Route: [0, 2, 11, 21, 19, 14, 20, 5, 8, 18, 7, 26, 22, 24, 0]
  - Vehicle: 4w | RC: -29.27 | Cost: 1992.79 | Route: [0, 8, 11, 21, 19, 14, 20, 5, 2, 18, 7, 26, 22, 24, 0]
  - Vehicle: 4w | RC: -17.47 | Cost: 2004.60 | Route: [0, 21, 11, 19, 14, 20, 5, 2, 8, 18, 7, 26, 22, 24, 0]
  - Vehicle: AUV | RC: -1.31 | Cost: 1110.39 | Route: [0, 25, 24, 12, 21, 0]

[Iteration 8] RMP Objective: 5347.90
[Iteration 8] POMO generated 13 negative RC columns.
[Iteration 8] Adding Columns:
  - Vehicle: 4w | RC: -711.35 | Cost: 2554.46 | Route: [0, 23, 25, 24, 22, 21, 19, 2, 8, 18, 7, 1, 0]
  - Vehicle: 4w | RC: -416.44 | Cost: 2808.49 | Route: [0, 16, 23, 4, 1, 2, 21, 19, 18, 7, 13, 0]
  - Vehicle: 6w | RC: -318.28 | Cost: 2940.36 | Route: [0, 23, 25, 24, 22, 21, 19, 2, 8, 18, 1, 0]
  - Vehicle: 4w | RC: -167.63 | Cost: 565.29 | Route: [0, 1, 18, 2, 19, 21, 11, 8, 0]
  - Vehicle: 4w | RC: -132.03 | Cost: 1553.64 | Route: [0, 25, 24, 22, 21, 19, 2, 8, 18, 7, 26, 0]
  - Vehicle: 4w | RC: -60.67 | Cost: 1014.80 | Route: [0, 10, 5, 19, 21, 2, 8, 18, 7, 26, 0]
  - Vehicle: 4w | RC: -58.64 | Cost: 817.35 | Route: [0, 4, 18, 2, 19, 21, 11, 8, 0]
  - Vehicle: 4w | RC: -57.32 | Cost: 818.67 | Route: [0, 15, 4, 18, 2, 19, 21, 11, 8, 0]
  - Vehicle: 6w | RC: -52.20 | Cost: 680.71 | Route: [0, 1, 18, 2, 19, 21, 11, 8, 0]
  - Vehicle: 4w | RC: -46.97 | Cost: 537.13 | Route: [0, 8, 2, 19, 21, 11, 0]
  - Vehicle: 4w | RC: -30.30 | Cost: 560.96 | Route: [0, 18, 2, 19, 21, 11, 8, 7, 0]
  - Vehicle: 4w | RC: -12.28 | Cost: 578.98 | Route: [0, 7, 2, 19, 21, 11, 8, 18, 0]
  - Vehicle: 4w | RC: -4.59 | Cost: 586.68 | Route: [0, 26, 7, 2, 19, 21, 11, 0]

[Iteration 9] RMP Objective: 5332.18
[Iteration 9] POMO generated 8 negative RC columns.
[Iteration 9] Adding Columns:
  - Vehicle: 4w | RC: -491.63 | Cost: 3092.34 | Route: [0, 16, 23, 15, 1, 2, 21, 19, 3, 20, 0]
  - Vehicle: 4w | RC: -336.59 | Cost: 2131.82 | Route: [0, 15, 18, 2, 19, 3, 20, 5, 21, 22, 9, 24, 25, 0]
  - Vehicle: 4w | RC: -156.30 | Cost: 1267.13 | Route: [0, 4, 15, 10, 3, 19, 2, 21, 11, 8, 18, 7, 0]
  - Vehicle: 4w | RC: -89.64 | Cost: 2099.86 | Route: [0, 24, 25, 6, 13, 26, 2, 21, 19, 3, 20, 14, 5, 8, 1, 0]
  - Vehicle: 4w | RC: -48.39 | Cost: 1505.25 | Route: [0, 25, 24, 22, 21, 19, 2, 8, 18, 7, 0]
  - Vehicle: 4w | RC: -19.97 | Cost: 980.06 | Route: [0, 8, 2, 19, 3, 20, 5, 21, 11, 0]
  - Vehicle: 4w | RC: -12.34 | Cost: 1028.49 | Route: [0, 14, 20, 3, 19, 21, 2, 8, 18, 7, 26, 0]
  - Vehicle: 4w | RC: -3.30 | Cost: 1003.89 | Route: [0, 18, 2, 19, 3, 20, 5, 21, 11, 8, 7, 0]

[Iteration 10] RMP Objective: 5320.21
[Iteration 10] POMO generated 6 negative RC columns.
[Iteration 10] Adding Columns:
  - Vehicle: 4w | RC: -249.17 | Cost: 2745.93 | Route: [0, 16, 23, 17, 13, 2, 21, 19, 5, 8, 18, 7, 1, 0]
  - Vehicle: 4w | RC: -147.29 | Cost: 2339.85 | Route: [0, 24, 25, 17, 26, 2, 21, 19, 5, 10, 20, 3, 8, 0]
  - Vehicle: 4w | RC: -115.35 | Cost: 2054.58 | Route: [0, 2, 19, 21, 5, 10, 20, 3, 8, 18, 7, 26, 17, 6, 25, 0]
  - Vehicle: 4w | RC: -65.45 | Cost: 1165.71 | Route: [0, 15, 4, 10, 5, 19, 21, 2, 8, 18, 7, 26, 0]
  - Vehicle: 4w | RC: -25.60 | Cost: 1322.04 | Route: [0, 8, 2, 19, 21, 5, 10, 20, 3, 11, 0]
  - Vehicle: 4w | RC: -6.65 | Cost: 1031.45 | Route: [0, 14, 20, 3, 5, 19, 21, 2, 8, 18, 7, 26, 0]

[Iteration 11] RMP Objective: 5310.05
[Iteration 11] POMO generated 5 negative RC columns.
[Iteration 11] Adding Columns:
  - Vehicle: 4w | RC: -379.07 | Cost: 2895.10 | Route: [0, 16, 23, 17, 13, 2, 21, 19, 3, 20, 14, 8, 0]
  - Vehicle: 4w | RC: -145.86 | Cost: 1203.42 | Route: [0, 10, 3, 20, 14, 21, 2, 8, 18, 7, 26, 0]
  - Vehicle: 4w | RC: -71.68 | Cost: 2101.24 | Route: [0, 24, 25, 17, 26, 2, 21, 19, 3, 20, 14, 5, 8, 18, 1, 0]
  - Vehicle: 4w | RC: -22.87 | Cost: 1436.56 | Route: [0, 25, 24, 22, 21, 2, 8, 18, 7, 0]
  - Vehicle: 4w | RC: -0.39 | Cost: 998.71 | Route: [0, 3, 20, 14, 19, 21, 2, 8, 18, 7, 26, 0]

[Iteration 12] RMP Objective: 5286.25
[Iteration 12] POMO generated 14 negative RC columns.
[Iteration 12] Adding Columns:
  - Vehicle: 4w | RC: -368.00 | Cost: 2265.75 | Route: [0, 25, 24, 9, 22, 21, 2, 8, 11, 19, 5, 10, 20, 0]
  - Vehicle: 4w | RC: -313.69 | Cost: 2813.42 | Route: [0, 16, 23, 4, 18, 2, 11, 22, 9, 13, 7, 26, 0]
  - Vehicle: 4w | RC: -288.81 | Cost: 1451.12 | Route: [0, 1, 18, 2, 11, 21, 19, 5, 10, 20, 22, 9, 12, 26, 7, 0]
  - Vehicle: 4w | RC: -263.50 | Cost: 1703.17 | Route: [0, 4, 18, 2, 11, 21, 19, 5, 10, 20, 22, 9, 12, 26, 7, 0]
  - Vehicle: 4w | RC: -143.21 | Cost: 1589.71 | Route: [0, 8, 2, 11, 21, 19, 5, 10, 20, 3, 22, 9, 12, 26, 7, 18, 0]
  - Vehicle: 4w | RC: -136.04 | Cost: 1448.87 | Route: [0, 15, 4, 10, 5, 2, 11, 21, 22, 9, 12, 26, 7, 18, 8, 0]
  - Vehicle: 4w | RC: -108.31 | Cost: 1599.32 | Route: [0, 5, 10, 20, 19, 2, 11, 21, 22, 9, 12, 26, 7, 18, 8, 0]
  - Vehicle: 4w | RC: -44.68 | Cost: 1688.25 | Route: [0, 18, 2, 11, 21, 19, 5, 10, 20, 3, 8, 7, 26, 13, 22, 9, 0]
  - Vehicle: 4w | RC: -35.63 | Cost: 1697.29 | Route: [0, 22, 9, 12, 26, 7, 2, 8, 11, 21, 19, 5, 10, 20, 3, 18, 0]
  - Vehicle: 4w | RC: -27.91 | Cost: 1297.95 | Route: [0, 10, 5, 2, 11, 21, 22, 9, 12, 26, 7, 18, 8, 0]
  - Vehicle: 4w | RC: -19.65 | Cost: 682.40 | Route: [0, 26, 7, 2, 11, 21, 22, 9, 12, 0]
  - Vehicle: 6w | RC: -18.14 | Cost: 1721.78 | Route: [0, 1, 18, 2, 11, 21, 19, 5, 10, 20, 22, 9, 12, 26, 7, 0]
  - Vehicle: 4w | RC: -17.24 | Cost: 684.81 | Route: [0, 12, 9, 22, 21, 11, 2, 8, 18, 7, 0]
  - Vehicle: 4w | RC: -5.45 | Cost: 1727.47 | Route: [0, 7, 2, 11, 21, 19, 5, 10, 20, 3, 8, 18, 26, 13, 22, 9, 0]

[Iteration 13] RMP Objective: 5263.90
[Iteration 13] POMO generated 19 negative RC columns.
[Iteration 13] Adding Columns:
  - Vehicle: 4w | RC: -830.85 | Cost: 3335.42 | Route: [0, 10, 3, 5, 21, 22, 9, 24, 25, 23, 16, 0]
  - Vehicle: 4w | RC: -528.10 | Cost: 2030.21 | Route: [0, 15, 4, 10, 3, 5, 21, 22, 9, 24, 25, 17, 0]
  - Vehicle: 4w | RC: -481.44 | Cost: 2844.73 | Route: [0, 16, 23, 25, 17, 7, 18, 26, 21, 22, 9, 13, 0]
  - Vehicle: 4w | RC: -374.12 | Cost: 1959.14 | Route: [0, 4, 15, 10, 3, 5, 21, 22, 9, 12, 7, 26, 13, 17, 25, 0]
  - Vehicle: 4w | RC: -311.93 | Cost: 2123.62 | Route: [0, 7, 2, 5, 3, 20, 10, 21, 22, 9, 24, 25, 0]
  - Vehicle: 4w | RC: -278.43 | Cost: 2157.12 | Route: [0, 18, 7, 2, 5, 3, 20, 10, 21, 22, 9, 24, 25, 0]
  - Vehicle: 4w | RC: -264.74 | Cost: 2170.81 | Route: [0, 13, 7, 2, 5, 3, 20, 10, 21, 22, 9, 24, 25, 0]
  - Vehicle: 4w | RC: -256.64 | Cost: 2178.91 | Route: [0, 26, 7, 2, 5, 3, 20, 10, 21, 22, 9, 24, 25, 0]
  - Vehicle: 6w | RC: -242.85 | Cost: 3923.42 | Route: [0, 10, 3, 5, 21, 22, 9, 24, 25, 23, 16, 0]
  - Vehicle: 4w | RC: -212.63 | Cost: 2179.32 | Route: [0, 8, 2, 5, 3, 20, 10, 21, 22, 9, 24, 25, 6, 0]
  - Vehicle: 4w | RC: -202.96 | Cost: 2818.01 | Route: [0, 5, 3, 20, 14, 21, 22, 9, 24, 25, 23, 0]
  - Vehicle: 4w | RC: -180.70 | Cost: 2254.85 | Route: [0, 12, 7, 2, 5, 3, 20, 10, 21, 22, 9, 24, 25, 0]
  - Vehicle: 4w | RC: -173.37 | Cost: 2225.12 | Route: [0, 25, 24, 22, 21, 3, 5, 10, 20, 19, 2, 7, 0]
  - Vehicle: 6w | RC: -161.35 | Cost: 2396.96 | Route: [0, 15, 4, 10, 3, 5, 21, 22, 9, 24, 25, 17, 0]
  - Vehicle: 6w | RC: -158.19 | Cost: 2400.12 | Route: [0, 4, 15, 10, 3, 5, 21, 22, 9, 24, 25, 17, 0]
  - Vehicle: 4w | RC: -148.55 | Cost: 3129.19 | Route: [0, 23, 25, 24, 22, 21, 3, 5, 20, 10, 0]
  - Vehicle: 4w | RC: -66.89 | Cost: 2020.10 | Route: [0, 11, 21, 3, 5, 10, 20, 19, 2, 7, 26, 13, 17, 6, 25, 0]
  - Vehicle: 4w | RC: -45.96 | Cost: 2329.62 | Route: [0, 24, 25, 6, 17, 7, 2, 21, 3, 20, 5, 10, 19, 0]
  - Vehicle: 4w | RC: -31.97 | Cost: 2020.44 | Route: [0, 21, 3, 5, 10, 20, 19, 2, 7, 26, 13, 17, 6, 25, 0]

[Iteration 14] RMP Objective: 5090.92
[Iteration 14] POMO generated 26 negative RC columns.
[Iteration 14] Adding Columns:
  - Vehicle: 4w | RC: -392.46 | Cost: 1264.44 | Route: [0, 1, 8, 2, 19, 3, 20, 14, 5, 11, 7, 18, 15, 4, 0]
  - Vehicle: 4w | RC: -378.14 | Cost: 1942.78 | Route: [0, 8, 2, 19, 3, 20, 14, 5, 11, 22, 24, 25, 6, 17, 0]
  - Vehicle: 4w | RC: -361.02 | Cost: 3016.98 | Route: [0, 16, 23, 6, 17, 7, 8, 2, 19, 20, 3, 15, 0]
  - Vehicle: 4w | RC: -358.01 | Cost: 2194.65 | Route: [0, 24, 25, 6, 17, 7, 8, 2, 19, 3, 20, 14, 5, 15, 0]
  - Vehicle: 4w | RC: -333.34 | Cost: 2541.24 | Route: [0, 23, 25, 6, 17, 7, 8, 2, 19, 20, 14, 3, 5, 11, 0]
  - Vehicle: 4w | RC: -303.35 | Cost: 2123.34 | Route: [0, 15, 8, 2, 19, 3, 20, 14, 5, 11, 22, 24, 25, 0]
  - Vehicle: 4w | RC: -277.99 | Cost: 1536.87 | Route: [0, 9, 22, 11, 2, 8, 19, 3, 20, 14, 5, 15, 1, 7, 0]
  - Vehicle: 4w | RC: -260.48 | Cost: 2166.22 | Route: [0, 25, 24, 22, 11, 2, 8, 19, 3, 20, 14, 5, 15, 0]
  - Vehicle: 4w | RC: -235.38 | Cost: 1579.48 | Route: [0, 22, 11, 2, 8, 19, 3, 20, 14, 5, 15, 1, 7, 18, 0]
  - Vehicle: 4w | RC: -230.71 | Cost: 1960.58 | Route: [0, 2, 8, 19, 3, 20, 14, 5, 11, 22, 24, 25, 6, 0]
  - Vehicle: 4w | RC: -200.52 | Cost: 1885.87 | Route: [0, 7, 8, 2, 19, 3, 20, 14, 5, 11, 22, 24, 25, 0]
  - Vehicle: 4w | RC: -153.33 | Cost: 1933.06 | Route: [0, 13, 7, 8, 2, 19, 3, 20, 14, 5, 11, 22, 24, 25, 0]
  - Vehicle: 4w | RC: -145.24 | Cost: 1941.15 | Route: [0, 26, 7, 8, 2, 19, 3, 20, 14, 5, 11, 22, 24, 25, 0]
  - Vehicle: 4w | RC: -140.38 | Cost: 1882.53 | Route: [0, 18, 8, 2, 19, 3, 20, 14, 5, 11, 22, 24, 25, 0]
  - Vehicle: 6w | RC: -131.96 | Cost: 1406.26 | Route: [0, 3, 20, 14, 19, 2, 8, 7, 18, 1, 15, 4, 0]
  - Vehicle: 4w | RC: -128.94 | Cost: 1580.14 | Route: [0, 17, 6, 13, 7, 8, 2, 19, 3, 20, 14, 5, 11, 22, 12, 1, 0]
  - Vehicle: 4w | RC: -119.87 | Cost: 2056.64 | Route: [0, 20, 14, 3, 19, 2, 8, 7, 18, 11, 22, 24, 25, 6, 0]
  - Vehicle: 4w | RC: -102.08 | Cost: 1795.76 | Route: [0, 19, 2, 8, 7, 18, 11, 22, 24, 25, 6, 17, 1, 0]
  - Vehicle: 6w | RC: -97.36 | Cost: 1440.86 | Route: [0, 14, 20, 3, 19, 2, 8, 7, 18, 1, 15, 4, 0]
  - Vehicle: 6w | RC: -88.55 | Cost: 1449.67 | Route: [0, 20, 14, 3, 19, 2, 8, 7, 18, 1, 15, 4, 0]
  - Vehicle: 4w | RC: -69.30 | Cost: 2017.09 | Route: [0, 12, 7, 8, 2, 19, 3, 20, 14, 5, 11, 22, 24, 25, 0]
  - Vehicle: 6w | RC: -39.17 | Cost: 1617.73 | Route: [0, 11, 2, 8, 19, 3, 20, 14, 5, 7, 18, 1, 15, 4, 0]
  - Vehicle: AUV | RC: -33.00 | Cost: 1119.98 | Route: [0, 25, 24, 6, 7, 8, 0]
  - Vehicle: AUV | RC: -32.47 | Cost: 1120.51 | Route: [0, 6, 25, 24, 12, 7, 8, 0]
  - Vehicle: 6w | RC: -25.09 | Cost: 2295.83 | Route: [0, 8, 2, 19, 3, 20, 14, 5, 11, 22, 24, 25, 6, 17, 0]
  - Vehicle: AUV | RC: -18.53 | Cost: 1134.46 | Route: [0, 24, 25, 6, 7, 8, 0]

[Iteration 15] RMP Objective: 4996.92
[Iteration 15] POMO generated 7 negative RC columns.
[Iteration 15] Adding Columns:
  - Vehicle: 4w | RC: -129.58 | Cost: 1557.11 | Route: [0, 25, 24, 17, 13, 7, 2, 11, 21, 19, 0]
  - Vehicle: 4w | RC: -112.45 | Cost: 1574.23 | Route: [0, 24, 25, 17, 13, 7, 2, 11, 21, 19, 0]
  - Vehicle: 4w | RC: -105.34 | Cost: 1268.20 | Route: [0, 10, 20, 14, 19, 2, 11, 21, 7, 13, 26, 0]
  - Vehicle: 4w | RC: -59.07 | Cost: 958.99 | Route: [0, 15, 4, 7, 13, 26, 2, 11, 21, 19, 0]
  - Vehicle: 4w | RC: -50.29 | Cost: 897.50 | Route: [0, 4, 15, 18, 7, 13, 26, 2, 11, 21, 0]
  - Vehicle: AUV | RC: -38.61 | Cost: 1064.22 | Route: [0, 25, 24, 6, 7, 18, 0]
  - Vehicle: AUV | RC: -21.29 | Cost: 1099.22 | Route: [0, 24, 25, 6, 12, 7, 0]

[Iteration 16] RMP Objective: 4982.30
[Iteration 16] POMO generated 5 negative RC columns.
[Iteration 16] Adding Columns:
  - Vehicle: 4w | RC: -144.52 | Cost: 782.75 | Route: [0, 15, 4, 18, 7, 2, 8, 13, 12, 0]
  - Vehicle: 4w | RC: -138.36 | Cost: 788.90 | Route: [0, 4, 15, 18, 7, 2, 8, 13, 12, 0]
  - Vehicle: 4w | RC: -111.13 | Cost: 1199.54 | Route: [0, 10, 20, 14, 2, 8, 7, 13, 12, 26, 0]
  - Vehicle: 4w | RC: -40.20 | Cost: 1474.64 | Route: [0, 25, 24, 22, 12, 13, 7, 2, 8, 18, 0]
  - Vehicle: 4w | RC: -35.87 | Cost: 1411.99 | Route: [0, 24, 25, 17, 13, 7, 2, 8, 18, 0]

[Iteration 17] RMP Objective: 4979.33
[Iteration 17] POMO generated 3 negative RC columns.
[Iteration 17] Adding Columns:
  - Vehicle: 4w | RC: -78.90 | Cost: 1267.30 | Route: [0, 10, 20, 14, 19, 21, 2, 8, 18, 7, 13, 26, 0]
  - Vehicle: 4w | RC: -29.56 | Cost: 1617.30 | Route: [0, 25, 24, 6, 17, 13, 7, 8, 2, 21, 19, 11, 0]
  - Vehicle: 4w | RC: -12.43 | Cost: 1634.43 | Route: [0, 24, 25, 6, 17, 13, 7, 8, 2, 21, 19, 11, 0]

[Iteration 18] RMP Objective: 4971.94
[Iteration 18] POMO generated 5 negative RC columns.
[Iteration 18] Adding Columns:
  - Vehicle: 4w | RC: -70.07 | Cost: 1537.14 | Route: [0, 24, 25, 6, 17, 13, 7, 8, 2, 11, 21, 0]
  - Vehicle: 4w | RC: -47.91 | Cost: 783.02 | Route: [0, 15, 4, 18, 7, 8, 2, 11, 21, 0]
  - Vehicle: 4w | RC: -41.75 | Cost: 789.17 | Route: [0, 4, 15, 18, 7, 8, 2, 11, 21, 0]
  - Vehicle: 4w | RC: -25.58 | Cost: 1501.21 | Route: [0, 25, 24, 17, 13, 7, 8, 2, 11, 21, 0]
  - Vehicle: 4w | RC: -4.89 | Cost: 1252.33 | Route: [0, 10, 20, 14, 21, 2, 8, 7, 18, 13, 26, 0]

[Iteration 19] RMP Objective: 4971.94
[Iteration 19] POMO generated 4 negative RC columns.
[Iteration 19] Adding Columns:
  - Vehicle: 4w | RC: -42.14 | Cost: 1563.26 | Route: [0, 24, 25, 6, 17, 13, 7, 8, 2, 11, 19, 0]
  - Vehicle: 4w | RC: -38.91 | Cost: 1216.48 | Route: [0, 10, 20, 14, 19, 2, 8, 7, 18, 13, 26, 0]
  - Vehicle: 4w | RC: -6.61 | Cost: 809.14 | Route: [0, 15, 4, 18, 7, 8, 2, 11, 19, 0]
  - Vehicle: 4w | RC: -0.46 | Cost: 815.29 | Route: [0, 4, 15, 18, 7, 8, 2, 11, 19, 0]

[Iteration 20] RMP Objective: 4971.94
[Iteration 20] POMO generated 2 negative RC columns.
[Iteration 20] Adding Columns:
  - Vehicle: 4w | RC: -198.12 | Cost: 2732.87 | Route: [0, 16, 23, 17, 13, 7, 12, 2, 18, 4, 15, 1, 0]
  - Vehicle: 4w | RC: -48.67 | Cost: 2539.47 | Route: [0, 23, 25, 24, 17, 13, 7, 2, 8, 18, 12, 0]

[Iteration 21] RMP Objective: 4965.50
[Iteration 21] POMO generated 21 negative RC columns.
[Iteration 21] Adding Columns:
  - Vehicle: 4w | RC: -414.60 | Cost: 1478.05 | Route: [0, 1, 8, 2, 11, 21, 19, 14, 20, 10, 4, 13, 12, 0]
  - Vehicle: 4w | RC: -386.37 | Cost: 1506.29 | Route: [0, 12, 13, 8, 2, 11, 21, 19, 14, 20, 10, 4, 1, 18, 0]
  - Vehicle: 4w | RC: -364.09 | Cost: 2333.21 | Route: [0, 24, 25, 6, 13, 8, 2, 11, 21, 19, 14, 20, 10, 4, 0]
  - Vehicle: 4w | RC: -363.21 | Cost: 1639.42 | Route: [0, 22, 12, 13, 8, 2, 11, 21, 19, 14, 20, 10, 4, 1, 0]
  - Vehicle: 4w | RC: -314.51 | Cost: 1488.20 | Route: [0, 7, 8, 2, 11, 21, 19, 14, 20, 10, 4, 13, 12, 0]
  - Vehicle: 4w | RC: -307.27 | Cost: 1648.76 | Route: [0, 9, 22, 21, 11, 8, 2, 19, 14, 20, 10, 4, 1, 13, 0]
  - Vehicle: 4w | RC: -295.21 | Cost: 1507.50 | Route: [0, 8, 2, 11, 21, 19, 14, 20, 10, 4, 18, 13, 12, 26, 0]
  - Vehicle: 4w | RC: -292.53 | Cost: 1510.18 | Route: [0, 18, 8, 2, 11, 21, 19, 14, 20, 10, 4, 13, 12, 26, 0]
  - Vehicle: 4w | RC: -279.60 | Cost: 1523.11 | Route: [0, 4, 8, 2, 11, 21, 19, 14, 20, 10, 18, 13, 12, 26, 0]
  - Vehicle: 4w | RC: -279.60 | Cost: 1524.43 | Route: [0, 15, 4, 8, 2, 11, 21, 19, 14, 20, 10, 18, 13, 12, 26, 0]
  - Vehicle: 4w | RC: -263.39 | Cost: 1539.32 | Route: [0, 2, 8, 11, 21, 19, 14, 20, 10, 4, 18, 13, 12, 26, 0]
  - Vehicle: 4w | RC: -223.77 | Cost: 1778.86 | Route: [0, 10, 14, 20, 19, 11, 8, 2, 21, 22, 12, 13, 26, 18, 4, 1, 0]
  - Vehicle: 4w | RC: -214.17 | Cost: 1588.54 | Route: [0, 21, 11, 8, 2, 19, 14, 20, 10, 4, 18, 13, 12, 26, 0]
  - Vehicle: 6w | RC: -140.52 | Cost: 1752.13 | Route: [0, 1, 8, 2, 11, 21, 19, 14, 20, 10, 4, 13, 12, 0]
  - Vehicle: 6w | RC: -107.27 | Cost: 1785.38 | Route: [0, 12, 13, 8, 2, 11, 21, 19, 14, 20, 10, 4, 1, 18, 0]
  - Vehicle: 4w | RC: -93.07 | Cost: 1819.61 | Route: [0, 5, 10, 14, 20, 19, 11, 8, 2, 21, 22, 12, 13, 26, 18, 4, 0]
  - Vehicle: 6w | RC: -61.67 | Cost: 1940.96 | Route: [0, 22, 12, 13, 8, 2, 11, 21, 19, 14, 20, 10, 4, 1, 0]
  - Vehicle: 4w | RC: -45.66 | Cost: 1564.41 | Route: [0, 3, 14, 20, 19, 11, 2, 8, 21, 22, 12, 13, 26, 7, 18, 4, 1, 0]
  - Vehicle: 6w | RC: -39.68 | Cost: 1763.03 | Route: [0, 7, 8, 2, 11, 21, 19, 14, 20, 10, 4, 13, 12, 0]
  - Vehicle: 6w | RC: -13.56 | Cost: 1789.15 | Route: [0, 18, 8, 2, 11, 21, 19, 14, 20, 10, 4, 13, 12, 26, 0]
  - Vehicle: 6w | RC: -4.00 | Cost: 1952.03 | Route: [0, 9, 22, 21, 11, 8, 2, 19, 14, 20, 10, 4, 1, 13, 0]

[Iteration 22] RMP Objective: 4954.36
[Iteration 22] POMO generated 27 negative RC columns.
[Iteration 22] Adding Columns:
  - Vehicle: 4w | RC: -592.19 | Cost: 2052.98 | Route: [0, 24, 6, 17, 13, 7, 8, 2, 11, 21, 19, 14, 20, 10, 1, 0]
  - Vehicle: 4w | RC: -450.14 | Cost: 1662.02 | Route: [0, 6, 17, 13, 7, 8, 2, 11, 21, 19, 14, 20, 10, 15, 1, 0]
  - Vehicle: 4w | RC: -393.39 | Cost: 1575.02 | Route: [0, 17, 13, 7, 8, 2, 11, 21, 19, 14, 20, 10, 15, 1, 0]
  - Vehicle: 4w | RC: -385.97 | Cost: 2108.87 | Route: [0, 25, 24, 6, 17, 13, 7, 8, 2, 11, 21, 19, 14, 20, 10, 0]
  - Vehicle: 4w | RC: -360.71 | Cost: 1423.06 | Route: [0, 13, 7, 8, 2, 11, 21, 19, 14, 20, 10, 15, 1, 18, 0]
  - Vehicle: 4w | RC: -359.67 | Cost: 1424.63 | Route: [0, 12, 13, 7, 8, 2, 11, 21, 19, 14, 20, 10, 15, 1, 0]
  - Vehicle: 4w | RC: -343.46 | Cost: 1440.31 | Route: [0, 1, 7, 8, 2, 11, 21, 19, 14, 20, 10, 15, 18, 13, 0]
  - Vehicle: 4w | RC: -305.78 | Cost: 1431.16 | Route: [0, 26, 7, 8, 2, 11, 21, 19, 14, 20, 10, 15, 1, 18, 0]
  - Vehicle: 4w | RC: -298.66 | Cost: 2548.19 | Route: [0, 23, 6, 17, 13, 7, 8, 2, 11, 21, 19, 14, 20, 10, 0]
  - Vehicle: 6w | RC: -220.40 | Cost: 2424.78 | Route: [0, 24, 6, 17, 13, 7, 8, 2, 11, 21, 19, 14, 20, 10, 1, 0]
  - Vehicle: 6w | RC: -143.61 | Cost: 1968.55 | Route: [0, 6, 17, 13, 7, 8, 2, 11, 21, 19, 14, 20, 10, 15, 1, 0]
  - Vehicle: 4w | RC: -118.47 | Cost: 1564.66 | Route: [0, 8, 2, 11, 21, 19, 14, 20, 10, 5, 7, 13, 26, 17, 6, 0]
  - Vehicle: 4w | RC: -102.61 | Cost: 1252.13 | Route: [0, 18, 8, 2, 11, 21, 19, 14, 20, 10, 5, 7, 13, 26, 0]
  - Vehicle: 6w | RC: -102.08 | Cost: 1866.33 | Route: [0, 17, 13, 7, 8, 2, 11, 21, 19, 14, 20, 10, 15, 1, 0]
  - Vehicle: 6w | RC: -95.23 | Cost: 1688.54 | Route: [0, 13, 7, 8, 2, 11, 21, 19, 14, 20, 10, 15, 1, 18, 0]
  - Vehicle: 6w | RC: -94.08 | Cost: 1690.23 | Route: [0, 12, 13, 7, 8, 2, 11, 21, 19, 14, 20, 10, 15, 1, 0]
  - Vehicle: 4w | RC: -86.65 | Cost: 1596.48 | Route: [0, 2, 8, 11, 21, 19, 14, 20, 10, 5, 7, 13, 26, 17, 6, 0]
  - Vehicle: 6w | RC: -74.86 | Cost: 1708.91 | Route: [0, 1, 7, 8, 2, 11, 21, 19, 14, 20, 10, 15, 18, 13, 0]
  - Vehicle: 4w | RC: -69.12 | Cost: 1285.62 | Route: [0, 7, 8, 2, 11, 21, 19, 14, 20, 10, 5, 18, 13, 26, 0]
  - Vehicle: 4w | RC: -58.13 | Cost: 2705.00 | Route: [0, 16, 23, 17, 6, 13, 7, 8, 1, 18, 26, 11, 0]
  - Vehicle: 6w | RC: -38.97 | Cost: 1697.97 | Route: [0, 26, 7, 8, 2, 11, 21, 19, 14, 20, 10, 15, 1, 18, 0]
  - Vehicle: 4w | RC: -37.43 | Cost: 1645.70 | Route: [0, 21, 11, 8, 2, 19, 14, 20, 10, 5, 7, 13, 26, 17, 6, 0]
  - Vehicle: AUV | RC: -31.80 | Cost: 1047.72 | Route: [0, 6, 24, 12, 7, 8, 0]
  - Vehicle: 4w | RC: -19.30 | Cost: 2160.42 | Route: [0, 4, 15, 10, 14, 19, 11, 8, 2, 7, 13, 26, 12, 24, 0]
  - Vehicle: AUV | RC: -13.28 | Cost: 1065.71 | Route: [0, 24, 6, 7, 8, 0]
  - Vehicle: 6w | RC: -4.76 | Cost: 2490.09 | Route: [0, 25, 24, 6, 17, 13, 7, 8, 2, 11, 21, 19, 14, 20, 10, 0]
  - Vehicle: 4w | RC: -4.44 | Cost: 1350.31 | Route: [0, 10, 14, 20, 19, 11, 8, 2, 21, 7, 13, 26, 0]

[Iteration 23] RMP Objective: 4921.58
[Iteration 23] POMO generated 15 negative RC columns.
[Iteration 23] Adding Columns:
  - Vehicle: 4w | RC: -235.60 | Cost: 2685.49 | Route: [0, 16, 23, 6, 17, 13, 7, 26, 8, 2, 22, 12, 18, 0]
  - Vehicle: 4w | RC: -135.34 | Cost: 986.86 | Route: [0, 15, 4, 8, 2, 7, 26, 13, 12, 22, 0]
  - Vehicle: 4w | RC: -133.83 | Cost: 732.74 | Route: [0, 26, 7, 8, 2, 19, 21, 22, 12, 13, 0]
  - Vehicle: 4w | RC: -129.19 | Cost: 993.01 | Route: [0, 4, 15, 8, 2, 7, 26, 13, 12, 22, 0]
  - Vehicle: 4w | RC: -121.81 | Cost: 716.67 | Route: [0, 1, 7, 26, 13, 12, 22, 21, 2, 8, 0]
  - Vehicle: 4w | RC: -121.55 | Cost: 745.02 | Route: [0, 13, 26, 7, 8, 2, 19, 21, 22, 12, 0]
  - Vehicle: 4w | RC: -114.57 | Cost: 681.72 | Route: [0, 7, 26, 13, 12, 22, 21, 2, 8, 0]
  - Vehicle: 4w | RC: -81.08 | Cost: 715.22 | Route: [0, 18, 7, 26, 13, 12, 22, 21, 2, 8, 0]
  - Vehicle: 4w | RC: -70.25 | Cost: 693.01 | Route: [0, 9, 22, 21, 2, 8, 7, 26, 13, 0]
  - Vehicle: 4w | RC: -60.46 | Cost: 1751.30 | Route: [0, 24, 25, 6, 17, 13, 26, 7, 8, 2, 19, 21, 22, 12, 0]
  - Vehicle: 4w | RC: -47.76 | Cost: 1299.90 | Route: [0, 14, 20, 3, 19, 2, 8, 7, 26, 13, 12, 22, 21, 0]
  - Vehicle: 4w | RC: -40.17 | Cost: 1307.49 | Route: [0, 20, 14, 3, 19, 2, 8, 7, 26, 13, 12, 22, 21, 0]
  - Vehicle: 4w | RC: -27.10 | Cost: 1455.72 | Route: [0, 25, 24, 22, 21, 2, 8, 7, 26, 13, 0]
  - Vehicle: 4w | RC: -17.44 | Cost: 1488.87 | Route: [0, 10, 3, 14, 19, 2, 8, 7, 26, 13, 12, 22, 21, 0]
  - Vehicle: 4w | RC: -0.53 | Cost: 2181.94 | Route: [0, 23, 6, 17, 13, 26, 7, 8, 2, 19, 21, 22, 0]

[Iteration 24] RMP Objective: 4911.22
[Iteration 24] POMO generated 9 negative RC columns.
[Iteration 24] Adding Columns:
  - Vehicle: 4w | RC: -72.23 | Cost: 1232.36 | Route: [0, 10, 20, 3, 19, 2, 8, 7, 26, 12, 13, 0]
  - Vehicle: 4w | RC: -58.90 | Cost: 998.67 | Route: [0, 14, 20, 3, 19, 2, 8, 7, 26, 12, 13, 0]
  - Vehicle: 4w | RC: -55.09 | Cost: 970.40 | Route: [0, 3, 20, 19, 2, 8, 7, 26, 12, 13, 0]
  - Vehicle: 4w | RC: -42.98 | Cost: 1042.40 | Route: [0, 5, 3, 20, 19, 2, 8, 7, 26, 12, 13, 0]
  - Vehicle: 4w | RC: -38.23 | Cost: 402.06 | Route: [0, 1, 7, 26, 13, 12, 0]
  - Vehicle: 4w | RC: -22.97 | Cost: 1002.52 | Route: [0, 20, 3, 19, 2, 8, 7, 26, 12, 13, 0]
  - Vehicle: 4w | RC: -18.33 | Cost: 666.46 | Route: [0, 15, 4, 18, 7, 26, 13, 12, 0]
  - Vehicle: 4w | RC: -3.51 | Cost: 1120.45 | Route: [0, 12, 26, 7, 8, 2, 19, 3, 20, 5, 21, 11, 0]
  - Vehicle: 4w | RC: -0.08 | Cost: 367.12 | Route: [0, 7, 26, 13, 12, 0]

[Iteration 25] RMP Objective: 4909.47
[Iteration 25] POMO generated 4 negative RC columns.
[Iteration 25] Adding Columns:
  - Vehicle: 4w | RC: -57.80 | Cost: 765.63 | Route: [0, 15, 4, 8, 2, 7, 26, 13, 12, 0]
  - Vehicle: 4w | RC: -39.29 | Cost: 2111.94 | Route: [0, 24, 25, 17, 26, 7, 8, 2, 19, 3, 20, 14, 21, 22, 12, 0]
  - Vehicle: 4w | RC: -31.34 | Cost: 1124.98 | Route: [0, 26, 7, 8, 2, 19, 3, 20, 14, 21, 22, 12, 13, 0]
  - Vehicle: AUV | RC: -17.62 | Cost: 2314.09 | Route: [0, 16, 25, 24, 12, 7, 8, 18, 0]

[Iteration 26] RMP Objective: 4906.88
[Iteration 26] POMO generated 2 negative RC columns.
[Iteration 26] Adding Columns:
  - Vehicle: AUV | RC: -17.62 | Cost: 2314.09 | Route: [0, 16, 25, 24, 12, 7, 8, 18, 0]
  - Vehicle: 4w | RC: -12.60 | Cost: 389.46 | Route: [0, 1, 7, 26, 12, 13, 0]
[Iteration 26] No new unique columns added. Terminating.

============================================================
ROOT NODE INFERENCE COMPLETE
============================================================
Final Root Node LP Objective : 4906.8810
Total CG Iterations          : 26
Total Columns in Pool        : 518
Total Execution Time         : 16.47 seconds
Results folder created        : D:\Uni Material\Code_Odyssey\Code\DQN\SOS-DQN-POMO-CG\results\2522_2023-05-17_260512_2221_cg
Markdown report saved         : 2522_2023-05-17_260512_2221_cg.md
