2026-04-13 16:44:52 [INFO] __main__: Run folder : D:/Uni Material/Code_Odyssey/Code/DQN/260407/results/benchmark_2522_2023-05-22_20260413_163358/pomo_rlcg\20260413_164452_2522_2023-05-22_pomo_rlcg
2026-04-13 16:44:52 [INFO] __main__: Config     : D:\Uni Material\Code_Odyssey\Code\DQN\260407\results\benchmark_2522_2023-05-22_20260413_163358\config_pomo_rlcg.yaml
2026-04-13 16:44:52 [INFO] __main__: Geometry file detected: D:\Uni Material\Code_Odyssey\Code\DQN\260407\data\distmatrix_2522\geometry_2522.json
2026-04-13 16:44:52 [INFO] __main__: Problem loaded: 16 customers, 6 vehicle types
2026-04-13 16:44:52 [INFO] __main__: Greedy warm-start: 13 initial routes.
2026-04-13 16:44:52 [INFO] __main__: Loaded pretrained model from D:\Uni Material\Code_Odyssey\Code\DQN\260407\results\benchmark_2522_2023-05-22_20260413_163358\pomo_model_epoch_120_state_dict.pt
2026-04-13 16:44:52 [INFO] src.branch_and_bound: 
=== B&B node 0  depth=0  LB=-inf  UB=inf ===
2026-04-13 16:44:52 [INFO] src.master_problem: RMP LP solved — obj=2687.2922, active_cols=3
2026-04-13 16:44:52 [INFO] src.branch_and_bound: CG iter 0: obj=2687.2922  cols=13
2026-04-13 16:44:52 [INFO] src.branch_and_bound:   +1 new columns
2026-04-13 16:44:52 [INFO] src.master_problem: RMP LP solved — obj=2687.2922, active_cols=3
2026-04-13 16:44:52 [INFO] src.branch_and_bound: CG iter 1: obj=2687.2922  cols=14
2026-04-13 16:44:53 [INFO] src.branch_and_bound:   +1 new columns
2026-04-13 16:44:53 [INFO] src.master_problem: RMP LP solved — obj=2687.2922, active_cols=3
2026-04-13 16:44:53 [INFO] src.branch_and_bound: CG iter 2: obj=2687.2922  cols=15
2026-04-13 16:44:53 [INFO] src.branch_and_bound:   +1 new columns
2026-04-13 16:44:53 [INFO] src.master_problem: RMP LP solved — obj=2687.2922, active_cols=3
2026-04-13 16:44:53 [INFO] src.branch_and_bound: CG iter 3: obj=2687.2922  cols=16
2026-04-13 16:44:53 [INFO] src.branch_and_bound:   +1 new columns
2026-04-13 16:44:53 [INFO] src.master_problem: RMP LP solved — obj=2687.2922, active_cols=3
2026-04-13 16:44:53 [INFO] src.branch_and_bound: CG iter 4: obj=2687.2922  cols=17
2026-04-13 16:44:54 [INFO] src.branch_and_bound:   +1 new columns
2026-04-13 16:44:54 [INFO] src.master_problem: RMP LP solved — obj=2687.2922, active_cols=3
2026-04-13 16:44:54 [INFO] src.branch_and_bound: CG iter 5: obj=2687.2922  cols=18
2026-04-13 16:44:54 [INFO] src.branch_and_bound:   +1 new columns
2026-04-13 16:44:54 [INFO] src.master_problem: RMP LP solved — obj=2687.2922, active_cols=3
2026-04-13 16:44:54 [INFO] src.branch_and_bound: CG iter 6: obj=2687.2922  cols=19
2026-04-13 16:44:55 [INFO] src.branch_and_bound:   +1 new columns
2026-04-13 16:44:55 [INFO] src.master_problem: RMP LP solved — obj=2687.2922, active_cols=3
2026-04-13 16:44:55 [INFO] src.branch_and_bound: CG iter 7: obj=2687.2922  cols=20
2026-04-13 16:44:55 [INFO] src.branch_and_bound:   +1 new columns
2026-04-13 16:44:55 [INFO] src.master_problem: RMP LP solved — obj=2687.2922, active_cols=3
2026-04-13 16:44:55 [INFO] src.branch_and_bound: CG iter 8: obj=2687.2922  cols=21
2026-04-13 16:44:55 [INFO] src.branch_and_bound:   +1 new columns
2026-04-13 16:44:55 [INFO] src.master_problem: RMP LP solved — obj=2687.2922, active_cols=3
2026-04-13 16:44:55 [INFO] src.branch_and_bound: CG iter 9: obj=2687.2922  cols=22
2026-04-13 16:44:56 [INFO] src.branch_and_bound:   +1 new columns
2026-04-13 16:44:56 [INFO] src.master_problem: RMP LP solved — obj=2687.2922, active_cols=3
2026-04-13 16:44:56 [INFO] src.branch_and_bound: CG iter 10: obj=2687.2922  cols=23
2026-04-13 16:44:56 [INFO] src.branch_and_bound:   +1 new columns
2026-04-13 16:44:56 [INFO] src.master_problem: RMP LP solved — obj=2687.2922, active_cols=3
2026-04-13 16:44:56 [INFO] src.branch_and_bound: CG iter 11: obj=2687.2922  cols=24
2026-04-13 16:44:57 [INFO] src.branch_and_bound:   +1 new columns
2026-04-13 16:44:57 [INFO] src.master_problem: RMP LP solved — obj=2687.2922, active_cols=3
2026-04-13 16:44:57 [INFO] src.branch_and_bound: CG iter 12: obj=2687.2922  cols=25
2026-04-13 16:44:57 [INFO] src.branch_and_bound:   +1 new columns
2026-04-13 16:44:57 [INFO] src.master_problem: RMP LP solved — obj=2687.2922, active_cols=3
2026-04-13 16:44:57 [INFO] src.branch_and_bound: CG iter 13: obj=2687.2922  cols=26
2026-04-13 16:44:58 [INFO] src.branch_and_bound:   +1 new columns
2026-04-13 16:44:58 [INFO] src.master_problem: RMP LP solved — obj=2687.2922, active_cols=3
2026-04-13 16:44:58 [INFO] src.branch_and_bound: CG iter 14: obj=2687.2922  cols=27
2026-04-13 16:44:58 [INFO] src.branch_and_bound:   +1 new columns
2026-04-13 16:44:58 [INFO] src.master_problem: RMP LP solved — obj=2687.2922, active_cols=3
2026-04-13 16:44:58 [INFO] src.branch_and_bound: CG iter 15: obj=2687.2922  cols=28
2026-04-13 16:44:59 [WARNING] src.pricing_orchestrator: POMO failed 3 strikes → DP fallback (call 1 / 16).
2026-04-13 16:45:04 [WARNING] src.dp_solver: DP solver hit label limit (100000) for 4w.
2026-04-13 16:45:09 [WARNING] src.dp_solver: DP solver hit label limit (100000) for 6w.
2026-04-13 16:45:14 [WARNING] src.dp_solver: DP solver hit label limit (100000) for 10w.
2026-04-13 16:45:19 [WARNING] src.dp_solver: DP solver hit label limit (100000) for 40ft.
2026-04-13 16:45:19 [INFO] src.branch_and_bound:   +1 new columns
2026-04-13 16:45:19 [INFO] src.master_problem: RMP LP solved — obj=2687.2922, active_cols=3
2026-04-13 16:45:19 [INFO] src.branch_and_bound: CG iter 16: obj=2687.2922  cols=29
2026-04-13 16:45:19 [INFO] src.branch_and_bound:   +1 new columns
2026-04-13 16:45:19 [INFO] src.master_problem: RMP LP solved — obj=2687.2922, active_cols=3
2026-04-13 16:45:19 [INFO] src.branch_and_bound: CG iter 17: obj=2687.2922  cols=30
2026-04-13 16:45:20 [INFO] src.branch_and_bound:   +1 new columns
2026-04-13 16:45:20 [INFO] src.master_problem: RMP LP solved — obj=2687.2922, active_cols=3
2026-04-13 16:45:20 [INFO] src.branch_and_bound: CG iter 18: obj=2687.2922  cols=31
2026-04-13 16:45:21 [INFO] src.branch_and_bound:   +1 new columns
2026-04-13 16:45:21 [INFO] src.master_problem: RMP LP solved — obj=2687.2922, active_cols=3
2026-04-13 16:45:21 [INFO] src.branch_and_bound: CG iter 19: obj=2687.2922  cols=32
2026-04-13 16:45:21 [INFO] src.branch_and_bound:   +1 new columns
2026-04-13 16:45:21 [INFO] src.master_problem: RMP LP solved — obj=2687.2922, active_cols=3
2026-04-13 16:45:22 [INFO] src.branch_and_bound: CG iter 20: obj=2687.2922  cols=33
2026-04-13 16:45:22 [WARNING] src.pricing_orchestrator: POMO failed 3 strikes → DP fallback (call 2 / 21).
2026-04-13 16:45:27 [WARNING] src.dp_solver: DP solver hit label limit (100000) for 4w.
2026-04-13 16:45:32 [WARNING] src.dp_solver: DP solver hit label limit (100000) for 6w.
2026-04-13 16:45:38 [WARNING] src.dp_solver: DP solver hit label limit (100000) for 10w.
2026-04-13 16:45:43 [WARNING] src.dp_solver: DP solver hit label limit (100000) for 40ft.
2026-04-13 16:45:43 [INFO] src.branch_and_bound:   +1 new columns
2026-04-13 16:45:43 [INFO] src.master_problem: RMP LP solved — obj=2687.2922, active_cols=3
2026-04-13 16:45:43 [INFO] src.branch_and_bound: CG iter 21: obj=2687.2922  cols=34
2026-04-13 16:45:43 [INFO] src.branch_and_bound:   +1 new columns
2026-04-13 16:45:43 [INFO] src.master_problem: RMP LP solved — obj=2687.2922, active_cols=3
2026-04-13 16:45:44 [INFO] src.branch_and_bound: CG iter 22: obj=2687.2922  cols=35
2026-04-13 16:45:44 [INFO] src.branch_and_bound:   +1 new columns
2026-04-13 16:45:44 [INFO] src.master_problem: RMP LP solved — obj=2687.2922, active_cols=3
2026-04-13 16:45:44 [INFO] src.branch_and_bound: CG iter 23: obj=2687.2922  cols=36
2026-04-13 16:45:44 [INFO] src.branch_and_bound:   +1 new columns
2026-04-13 16:45:44 [INFO] src.master_problem: RMP LP solved — obj=2687.2922, active_cols=3
2026-04-13 16:45:44 [INFO] src.branch_and_bound: CG iter 24: obj=2687.2922  cols=37
2026-04-13 16:45:45 [INFO] src.branch_and_bound:   +1 new columns
2026-04-13 16:45:45 [INFO] src.master_problem: RMP LP solved — obj=2687.2922, active_cols=3
2026-04-13 16:45:45 [INFO] src.branch_and_bound: CG iter 25: obj=2687.2922  cols=38
2026-04-13 16:45:45 [INFO] src.branch_and_bound:   +1 new columns
2026-04-13 16:45:45 [INFO] src.master_problem: RMP LP solved — obj=2687.2922, active_cols=3
2026-04-13 16:45:45 [INFO] src.branch_and_bound: CG iter 26: obj=2687.2922  cols=39
2026-04-13 16:45:46 [INFO] src.branch_and_bound:   +1 new columns
2026-04-13 16:45:46 [INFO] src.master_problem: RMP LP solved — obj=2687.2922, active_cols=3
2026-04-13 16:45:46 [INFO] src.branch_and_bound: CG iter 27: obj=2687.2922  cols=40
2026-04-13 16:45:46 [WARNING] src.pricing_orchestrator: POMO failed 3 strikes → DP fallback (call 3 / 28).
2026-04-13 16:45:51 [WARNING] src.dp_solver: DP solver hit label limit (100000) for 4w.
2026-04-13 16:45:56 [WARNING] src.dp_solver: DP solver hit label limit (100000) for 6w.
2026-04-13 16:46:01 [WARNING] src.dp_solver: DP solver hit label limit (100000) for 10w.
2026-04-13 16:46:06 [WARNING] src.dp_solver: DP solver hit label limit (100000) for 40ft.
2026-04-13 16:46:06 [INFO] src.branch_and_bound:   +1 new columns
2026-04-13 16:46:06 [INFO] src.master_problem: RMP LP solved — obj=2687.2922, active_cols=3
2026-04-13 16:46:06 [INFO] src.branch_and_bound: CG iter 28: obj=2687.2922  cols=41
2026-04-13 16:46:07 [WARNING] src.pricing_orchestrator: POMO failed 3 strikes → DP fallback (call 4 / 29).
2026-04-13 16:46:12 [WARNING] src.dp_solver: DP solver hit label limit (100000) for 4w.
2026-04-13 16:46:17 [WARNING] src.dp_solver: DP solver hit label limit (100000) for 6w.
2026-04-13 16:46:22 [WARNING] src.dp_solver: DP solver hit label limit (100000) for 10w.
2026-04-13 16:46:27 [WARNING] src.dp_solver: DP solver hit label limit (100000) for 40ft.
2026-04-13 16:46:28 [INFO] src.branch_and_bound:   +1 new columns
2026-04-13 16:46:28 [INFO] src.master_problem: RMP LP solved — obj=2687.2922, active_cols=3
2026-04-13 16:46:28 [INFO] src.branch_and_bound: CG iter 29: obj=2687.2922  cols=42
2026-04-13 16:46:28 [INFO] src.branch_and_bound:   +1 new columns
2026-04-13 16:46:28 [INFO] src.master_problem: RMP LP solved — obj=2687.2922, active_cols=3
2026-04-13 16:46:29 [INFO] src.branch_and_bound: CG iter 30: obj=2687.2922  cols=43
2026-04-13 16:46:29 [INFO] src.branch_and_bound:   +1 new columns
2026-04-13 16:46:29 [INFO] src.master_problem: RMP LP solved — obj=2687.2922, active_cols=3
2026-04-13 16:46:29 [INFO] src.branch_and_bound: CG iter 31: obj=2687.2922  cols=44
2026-04-13 16:46:30 [WARNING] src.pricing_orchestrator: POMO failed 3 strikes → DP fallback (call 5 / 32).
2026-04-13 16:46:35 [WARNING] src.dp_solver: DP solver hit label limit (100000) for 4w.
2026-04-13 16:46:41 [WARNING] src.dp_solver: DP solver hit label limit (100000) for 6w.
2026-04-13 16:46:46 [WARNING] src.dp_solver: DP solver hit label limit (100000) for 10w.
2026-04-13 16:46:52 [WARNING] src.dp_solver: DP solver hit label limit (100000) for 40ft.
2026-04-13 16:46:52 [INFO] src.branch_and_bound:   +1 new columns
2026-04-13 16:46:52 [INFO] src.master_problem: RMP LP solved — obj=2687.2922, active_cols=3
2026-04-13 16:46:52 [INFO] src.branch_and_bound: CG iter 32: obj=2687.2922  cols=45
2026-04-13 16:46:53 [INFO] src.branch_and_bound:   +1 new columns
2026-04-13 16:46:53 [INFO] src.master_problem: RMP LP solved — obj=2687.2922, active_cols=3
2026-04-13 16:46:53 [INFO] src.branch_and_bound: CG iter 33: obj=2687.2922  cols=46
2026-04-13 16:46:54 [WARNING] src.pricing_orchestrator: POMO failed 3 strikes → DP fallback (call 6 / 34).
2026-04-13 16:46:59 [WARNING] src.dp_solver: DP solver hit label limit (100000) for 4w.
2026-04-13 16:47:04 [WARNING] src.dp_solver: DP solver hit label limit (100000) for 6w.
2026-04-13 16:47:10 [WARNING] src.dp_solver: DP solver hit label limit (100000) for 10w.
2026-04-13 16:47:15 [WARNING] src.dp_solver: DP solver hit label limit (100000) for 40ft.
2026-04-13 16:47:15 [INFO] src.branch_and_bound:   +1 new columns
2026-04-13 16:47:15 [INFO] src.master_problem: RMP LP solved — obj=2657.6508, active_cols=7
2026-04-13 16:47:15 [INFO] src.branch_and_bound: CG iter 34: obj=2657.6508  cols=47
2026-04-13 16:47:16 [INFO] src.branch_and_bound:   +1 new columns
2026-04-13 16:47:16 [INFO] src.master_problem: RMP LP solved — obj=2657.6508, active_cols=7
2026-04-13 16:47:16 [INFO] src.branch_and_bound: CG iter 35: obj=2657.6508  cols=48
2026-04-13 16:47:16 [INFO] src.branch_and_bound:   +1 new columns
2026-04-13 16:47:16 [INFO] src.master_problem: RMP LP solved — obj=2657.6508, active_cols=7
2026-04-13 16:47:16 [INFO] src.branch_and_bound: CG iter 36: obj=2657.6508  cols=49
2026-04-13 16:47:17 [INFO] src.branch_and_bound:   +1 new columns
2026-04-13 16:47:17 [INFO] src.master_problem: RMP LP solved — obj=2620.0594, active_cols=5
2026-04-13 16:47:17 [INFO] src.branch_and_bound: CG iter 37: obj=2620.0594  cols=50
2026-04-13 16:47:17 [INFO] src.branch_and_bound:   +1 new columns
2026-04-13 16:47:17 [INFO] src.master_problem: RMP LP solved — obj=2620.0594, active_cols=5
2026-04-13 16:47:17 [INFO] src.branch_and_bound: CG iter 38: obj=2620.0594  cols=51
2026-04-13 16:47:18 [INFO] src.branch_and_bound:   +1 new columns
2026-04-13 16:47:18 [INFO] src.master_problem: RMP LP solved — obj=2620.0594, active_cols=5
2026-04-13 16:47:18 [INFO] src.branch_and_bound: CG iter 39: obj=2620.0594  cols=52
2026-04-13 16:47:19 [WARNING] src.pricing_orchestrator: POMO failed 3 strikes → DP fallback (call 7 / 40).
2026-04-13 16:47:24 [WARNING] src.dp_solver: DP solver hit label limit (100000) for 4w.
2026-04-13 16:47:29 [WARNING] src.dp_solver: DP solver hit label limit (100000) for 6w.
2026-04-13 16:47:35 [WARNING] src.dp_solver: DP solver hit label limit (100000) for 10w.
2026-04-13 16:47:40 [WARNING] src.dp_solver: DP solver hit label limit (100000) for 40ft.
2026-04-13 16:47:41 [INFO] src.branch_and_bound:   +1 new columns
2026-04-13 16:47:41 [INFO] src.master_problem: RMP LP solved — obj=2610.8267, active_cols=9
2026-04-13 16:47:41 [INFO] src.branch_and_bound: CG iter 40: obj=2610.8267  cols=53
2026-04-13 16:47:41 [WARNING] src.pricing_orchestrator: POMO failed 3 strikes → DP fallback (call 8 / 41).
2026-04-13 16:47:47 [WARNING] src.dp_solver: DP solver hit label limit (100000) for 4w.
2026-04-13 16:47:52 [WARNING] src.dp_solver: DP solver hit label limit (100000) for 6w.
2026-04-13 16:47:58 [WARNING] src.dp_solver: DP solver hit label limit (100000) for 10w.
2026-04-13 16:48:03 [WARNING] src.dp_solver: DP solver hit label limit (100000) for 40ft.
2026-04-13 16:48:04 [INFO] src.branch_and_bound:   +1 new columns
2026-04-13 16:48:04 [INFO] src.master_problem: RMP LP solved — obj=2610.8267, active_cols=9
2026-04-13 16:48:04 [INFO] src.branch_and_bound: CG iter 41: obj=2610.8267  cols=54
2026-04-13 16:48:04 [WARNING] src.pricing_orchestrator: POMO failed 3 strikes → DP fallback (call 9 / 42).
2026-04-13 16:48:10 [WARNING] src.dp_solver: DP solver hit label limit (100000) for 4w.
2026-04-13 16:48:15 [WARNING] src.dp_solver: DP solver hit label limit (100000) for 6w.
2026-04-13 16:48:20 [WARNING] src.dp_solver: DP solver hit label limit (100000) for 10w.
2026-04-13 16:48:26 [WARNING] src.dp_solver: DP solver hit label limit (100000) for 40ft.
2026-04-13 16:48:26 [INFO] src.branch_and_bound:   +1 new columns
2026-04-13 16:48:26 [INFO] src.master_problem: RMP LP solved — obj=2603.3270, active_cols=9
2026-04-13 16:48:26 [INFO] src.branch_and_bound: CG iter 42: obj=2603.3270  cols=55
2026-04-13 16:48:27 [INFO] src.branch_and_bound:   +1 new columns
2026-04-13 16:48:27 [INFO] src.master_problem: RMP LP solved — obj=2594.7147, active_cols=5
2026-04-13 16:48:27 [INFO] src.branch_and_bound: CG iter 43: obj=2594.7147  cols=56
2026-04-13 16:48:28 [WARNING] src.pricing_orchestrator: POMO failed 3 strikes → DP fallback (call 10 / 44).
2026-04-13 16:48:33 [WARNING] src.dp_solver: DP solver hit label limit (100000) for 4w.
2026-04-13 16:48:39 [WARNING] src.dp_solver: DP solver hit label limit (100000) for 6w.
2026-04-13 16:48:44 [WARNING] src.dp_solver: DP solver hit label limit (100000) for 10w.
2026-04-13 16:48:50 [WARNING] src.dp_solver: DP solver hit label limit (100000) for 40ft.
2026-04-13 16:48:50 [INFO] src.branch_and_bound:   +1 new columns
2026-04-13 16:48:50 [INFO] src.master_problem: RMP LP solved — obj=2593.8934, active_cols=9
2026-04-13 16:48:50 [INFO] src.branch_and_bound: CG iter 44: obj=2593.8934  cols=57
2026-04-13 16:48:51 [INFO] src.branch_and_bound:   +1 new columns
2026-04-13 16:48:51 [INFO] src.master_problem: RMP LP solved — obj=2593.8934, active_cols=9
2026-04-13 16:48:51 [INFO] src.branch_and_bound: CG iter 45: obj=2593.8934  cols=58
2026-04-13 16:48:52 [INFO] src.branch_and_bound:   +1 new columns
2026-04-13 16:48:52 [INFO] src.master_problem: RMP LP solved — obj=2585.7596, active_cols=10
2026-04-13 16:48:52 [INFO] src.branch_and_bound: CG iter 46: obj=2585.7596  cols=59
2026-04-13 16:48:52 [WARNING] src.pricing_orchestrator: POMO failed 3 strikes → DP fallback (call 11 / 47).
2026-04-13 16:48:58 [WARNING] src.dp_solver: DP solver hit label limit (100000) for 4w.
2026-04-13 16:49:03 [WARNING] src.dp_solver: DP solver hit label limit (100000) for 6w.
2026-04-13 16:49:09 [WARNING] src.dp_solver: DP solver hit label limit (100000) for 10w.
2026-04-13 16:49:14 [WARNING] src.dp_solver: DP solver hit label limit (100000) for 40ft.
2026-04-13 16:49:14 [INFO] src.branch_and_bound:   +1 new columns
2026-04-13 16:49:14 [INFO] src.master_problem: RMP LP solved — obj=2585.7596, active_cols=10
2026-04-13 16:49:14 [INFO] src.branch_and_bound: CG iter 47: obj=2585.7596  cols=60
2026-04-13 16:49:15 [WARNING] src.pricing_orchestrator: POMO failed 3 strikes → DP fallback (call 12 / 48).
2026-04-13 16:49:20 [WARNING] src.dp_solver: DP solver hit label limit (100000) for 4w.
2026-04-13 16:49:26 [WARNING] src.dp_solver: DP solver hit label limit (100000) for 6w.
2026-04-13 16:49:31 [WARNING] src.dp_solver: DP solver hit label limit (100000) for 10w.
2026-04-13 16:49:37 [WARNING] src.dp_solver: DP solver hit label limit (100000) for 40ft.
2026-04-13 16:49:37 [INFO] src.branch_and_bound:   +1 new columns
2026-04-13 16:49:37 [INFO] src.master_problem: RMP LP solved — obj=2576.2464, active_cols=7
2026-04-13 16:49:37 [INFO] src.branch_and_bound: CG iter 48: obj=2576.2464  cols=61
2026-04-13 16:49:38 [INFO] src.branch_and_bound:   +1 new columns
2026-04-13 16:49:38 [INFO] src.master_problem: RMP LP solved — obj=2576.2464, active_cols=7
2026-04-13 16:49:38 [INFO] src.branch_and_bound: CG iter 49: obj=2576.2464  cols=62
2026-04-13 16:49:39 [WARNING] src.pricing_orchestrator: POMO failed 3 strikes → DP fallback (call 13 / 50).
2026-04-13 16:49:44 [WARNING] src.dp_solver: DP solver hit label limit (100000) for 4w.
2026-04-13 16:49:49 [WARNING] src.dp_solver: DP solver hit label limit (100000) for 6w.
2026-04-13 16:49:55 [WARNING] src.dp_solver: DP solver hit label limit (100000) for 10w.
2026-04-13 16:50:01 [WARNING] src.dp_solver: DP solver hit label limit (100000) for 40ft.
2026-04-13 16:50:01 [INFO] src.branch_and_bound:   +1 new columns
2026-04-13 16:50:01 [INFO] src.master_problem: RMP LP solved — obj=2576.2464, active_cols=7
2026-04-13 16:50:01 [INFO] src.branch_and_bound: CG iter 50: obj=2576.2464  cols=63
2026-04-13 16:50:01 [INFO] src.branch_and_bound:   +1 new columns
2026-04-13 16:50:01 [INFO] src.master_problem: RMP LP solved — obj=2576.2464, active_cols=7
2026-04-13 16:50:01 [INFO] src.branch_and_bound: CG iter 51: obj=2576.2464  cols=64
2026-04-13 16:50:02 [WARNING] src.pricing_orchestrator: POMO failed 3 strikes → DP fallback (call 14 / 52).
2026-04-13 16:50:08 [WARNING] src.dp_solver: DP solver hit label limit (100000) for 4w.
2026-04-13 16:50:13 [WARNING] src.dp_solver: DP solver hit label limit (100000) for 6w.
2026-04-13 16:50:18 [WARNING] src.dp_solver: DP solver hit label limit (100000) for 10w.
2026-04-13 16:50:25 [WARNING] src.dp_solver: DP solver hit label limit (100000) for 40ft.
2026-04-13 16:50:25 [INFO] src.branch_and_bound:   +1 new columns
2026-04-13 16:50:25 [INFO] src.master_problem: RMP LP solved — obj=2576.2464, active_cols=7
2026-04-13 16:50:25 [INFO] src.branch_and_bound: CG iter 52: obj=2576.2464  cols=65
2026-04-13 16:50:26 [INFO] src.branch_and_bound:   +1 new columns
2026-04-13 16:50:26 [INFO] src.master_problem: RMP LP solved — obj=2572.4211, active_cols=11
2026-04-13 16:50:26 [INFO] src.branch_and_bound: CG iter 53: obj=2572.4211  cols=66
2026-04-13 16:50:26 [INFO] src.branch_and_bound: CG converged after 54 iterations.
2026-04-13 16:50:26 [INFO] src.branch_and_bound:   branching on arc (2,14)  flow=0.6000
2026-04-13 16:50:27 [INFO] src.branch_and_bound: 
=== B&B node 1  depth=1  LB=2572.4211  UB=inf ===
2026-04-13 16:50:27 [INFO] src.master_problem: RMP LP solved — obj=2807.7182, active_cols=3
2026-04-13 16:50:27 [INFO] src.branch_and_bound: CG iter 0: obj=2807.7182  cols=66
2026-04-13 16:50:27 [INFO] src.branch_and_bound:   +1 new columns
2026-04-13 16:50:27 [INFO] src.master_problem: RMP LP solved — obj=2802.4851, active_cols=8
2026-04-13 16:50:27 [INFO] src.branch_and_bound: CG iter 1: obj=2802.4851  cols=67
2026-04-13 16:50:27 [INFO] src.branch_and_bound:   +1 new columns
2026-04-13 16:50:27 [INFO] src.master_problem: RMP LP solved — obj=2802.4851, active_cols=8
2026-04-13 16:50:27 [INFO] src.branch_and_bound: CG iter 2: obj=2802.4851  cols=68
2026-04-13 16:50:28 [INFO] src.branch_and_bound:   +1 new columns
2026-04-13 16:50:28 [INFO] src.master_problem: RMP LP solved — obj=2765.9028, active_cols=9
2026-04-13 16:50:28 [INFO] src.branch_and_bound: CG iter 3: obj=2765.9028  cols=69
2026-04-13 16:50:28 [INFO] src.branch_and_bound:   +1 new columns
2026-04-13 16:50:28 [INFO] src.master_problem: RMP LP solved — obj=2765.9028, active_cols=9
2026-04-13 16:50:28 [INFO] src.branch_and_bound: CG iter 4: obj=2765.9028  cols=70
2026-04-13 16:50:29 [INFO] src.branch_and_bound:   +1 new columns
2026-04-13 16:50:29 [INFO] src.master_problem: RMP LP solved — obj=2765.9028, active_cols=9
2026-04-13 16:50:29 [INFO] src.branch_and_bound: CG iter 5: obj=2765.9028  cols=71
2026-04-13 16:50:30 [WARNING] src.pricing_orchestrator: POMO failed 3 strikes → DP fallback (call 15 / 60).
2026-04-13 16:50:35 [WARNING] src.dp_solver: DP solver hit label limit (100000) for 4w.
2026-04-13 16:50:41 [WARNING] src.dp_solver: DP solver hit label limit (100000) for 6w.
2026-04-13 16:50:47 [WARNING] src.dp_solver: DP solver hit label limit (100000) for 10w.
2026-04-13 16:50:53 [WARNING] src.dp_solver: DP solver hit label limit (100000) for 40ft.
2026-04-13 16:50:53 [INFO] src.branch_and_bound:   +1 new columns
2026-04-13 16:50:53 [INFO] src.master_problem: RMP LP solved — obj=2732.7262, active_cols=10
2026-04-13 16:50:53 [INFO] src.branch_and_bound: CG iter 6: obj=2732.7262  cols=72
2026-04-13 16:50:54 [WARNING] src.pricing_orchestrator: POMO failed 3 strikes → DP fallback (call 16 / 61).
2026-04-13 16:50:59 [WARNING] src.dp_solver: DP solver hit label limit (100000) for 4w.
2026-04-13 16:51:04 [WARNING] src.dp_solver: DP solver hit label limit (100000) for 6w.
2026-04-13 16:51:09 [WARNING] src.dp_solver: DP solver hit label limit (100000) for 10w.
2026-04-13 16:51:14 [WARNING] src.dp_solver: DP solver hit label limit (100000) for 40ft.
2026-04-13 16:51:14 [INFO] src.branch_and_bound:   +1 new columns
2026-04-13 16:51:14 [INFO] src.master_problem: RMP LP solved — obj=2720.6885, active_cols=11
2026-04-13 16:51:15 [INFO] src.branch_and_bound: CG iter 7: obj=2720.6885  cols=73
2026-04-13 16:51:15 [INFO] src.branch_and_bound:   +1 new columns
2026-04-13 16:51:15 [INFO] src.master_problem: RMP LP solved — obj=2720.6885, active_cols=11
2026-04-13 16:51:15 [INFO] src.branch_and_bound: CG iter 8: obj=2720.6885  cols=74
2026-04-13 16:51:15 [WARNING] src.pricing_orchestrator: POMO failed 3 strikes → DP fallback (call 17 / 63).
2026-04-13 16:51:20 [WARNING] src.dp_solver: DP solver hit label limit (100000) for 4w.
2026-04-13 16:51:25 [WARNING] src.dp_solver: DP solver hit label limit (100000) for 6w.
2026-04-13 16:51:30 [WARNING] src.dp_solver: DP solver hit label limit (100000) for 10w.
2026-04-13 16:51:35 [WARNING] src.dp_solver: DP solver hit label limit (100000) for 40ft.
2026-04-13 16:51:36 [INFO] src.branch_and_bound:   +1 new columns
2026-04-13 16:51:36 [INFO] src.master_problem: RMP LP solved — obj=2720.6885, active_cols=11
2026-04-13 16:51:36 [INFO] src.branch_and_bound: CG iter 9: obj=2720.6885  cols=75
2026-04-13 16:51:36 [INFO] src.branch_and_bound:   +1 new columns
2026-04-13 16:51:36 [INFO] src.master_problem: RMP LP solved — obj=2701.5609, active_cols=11
2026-04-13 16:51:36 [INFO] src.branch_and_bound: CG iter 10: obj=2701.5609  cols=76
2026-04-13 16:51:37 [INFO] src.branch_and_bound:   +1 new columns
2026-04-13 16:51:37 [INFO] src.master_problem: RMP LP solved — obj=2701.5609, active_cols=11
2026-04-13 16:51:37 [INFO] src.branch_and_bound: CG iter 11: obj=2701.5609  cols=77
2026-04-13 16:51:38 [INFO] src.branch_and_bound: CG converged after 12 iterations.
2026-04-13 16:51:38 [INFO] src.branch_and_bound:   branching on arc (0,4)  flow=0.5833
2026-04-13 16:51:38 [INFO] src.branch_and_bound: 
=== B&B node 2  depth=1  LB=2572.4211  UB=inf ===
2026-04-13 16:51:38 [INFO] src.master_problem: RMP LP solved — obj=2687.2922, active_cols=3
2026-04-13 16:51:38 [INFO] src.branch_and_bound: CG iter 0: obj=2687.2922  cols=77
2026-04-13 16:51:38 [INFO] src.branch_and_bound:   +1 new columns
2026-04-13 16:51:38 [INFO] src.master_problem: RMP LP solved — obj=2687.2922, active_cols=3
2026-04-13 16:51:38 [INFO] src.branch_and_bound: CG iter 1: obj=2687.2922  cols=78
2026-04-13 16:51:38 [INFO] src.branch_and_bound: CG converged after 2 iterations.
2026-04-13 16:51:38 [INFO] src.branch_and_bound:   ★ new incumbent: cost=2687.2922
2026-04-13 16:51:38 [INFO] __main__: 
============================================================
2026-04-13 16:51:38 [INFO] __main__: SOLUTION SUMMARY
2026-04-13 16:51:38 [INFO] __main__: ============================================================
2026-04-13 16:51:38 [INFO] __main__: Total cost          : 2687.2922
2026-04-13 16:51:38 [INFO] __main__: Number of routes    : 3
2026-04-13 16:51:38 [INFO] __main__: B&B nodes explored  : 3
2026-04-13 16:51:38 [INFO] __main__: Total columns       : 78
2026-04-13 16:51:38 [INFO] __main__: Wall-clock time (s) : 406.66
2026-04-13 16:51:38 [INFO] __main__:   Route 2 [4w] : ['70022681', '70130334', '70022760', '70352881', '70085373', '70131370', '70022295', '70360301', '70022351']  cost=616.45
2026-04-13 16:51:38 [INFO] __main__:   Route 3 [4w] : ['70082205', '70022293', '70028192', '70409000', '70434135', '70245228']  cost=1680.52
2026-04-13 16:51:38 [INFO] __main__:   Route 4 [4w] : ['70023045']  cost=390.33
2026-04-13 16:51:38 [INFO] __main__: Results saved to D:/Uni Material/Code_Odyssey/Code/DQN/260407/results/benchmark_2522_2023-05-22_20260413_163358/pomo_rlcg\20260413_164452_2522_2023-05-22_pomo_rlcg
