2026-04-13 17:03:58 [INFO] __main__: Run folder : D:/Uni Material/Code_Odyssey/Code/DQN/260407/results/benchmark_2522_2023-01-13_20260413_163421/pomo_only\20260413_170358_2522_2023-01-13_pomo_only
2026-04-13 17:03:58 [INFO] __main__: Config     : D:\Uni Material\Code_Odyssey\Code\DQN\260407\results\benchmark_2522_2023-01-13_20260413_163421\config_pomo_only.yaml
2026-04-13 17:03:58 [INFO] __main__: Geometry file detected: D:\Uni Material\Code_Odyssey\Code\DQN\260407\data\distmatrix_2522\geometry_2522.json
2026-04-13 17:03:58 [INFO] __main__: Problem loaded: 32 customers, 6 vehicle types
2026-04-13 17:03:58 [INFO] __main__: Greedy warm-start: 20 initial routes.
2026-04-13 17:03:59 [INFO] __main__: Loaded pretrained model from D:\Uni Material\Code_Odyssey\Code\DQN\260407\results\benchmark_2522_2023-01-13_20260413_163421\pomo_model_epoch_120_state_dict.pt
2026-04-13 17:03:59 [INFO] src.branch_and_bound: 
=== B&B node 0  depth=0  LB=-inf  UB=inf ===
2026-04-13 17:03:59 [INFO] src.master_problem: RMP LP solved — obj=1384.3154, active_cols=4
2026-04-13 17:03:59 [INFO] src.branch_and_bound: CG iter 0: obj=1384.3154  cols=20
2026-04-13 17:03:59 [INFO] src.branch_and_bound:   +145 new columns
2026-04-13 17:03:59 [INFO] src.master_problem: RMP LP solved — obj=1384.3154, active_cols=4
2026-04-13 17:03:59 [INFO] src.branch_and_bound: CG iter 1: obj=1384.3154  cols=165
2026-04-13 17:04:00 [INFO] src.branch_and_bound:   +101 new columns
2026-04-13 17:04:00 [INFO] src.master_problem: RMP LP solved — obj=1384.3154, active_cols=4
2026-04-13 17:04:00 [INFO] src.branch_and_bound: CG iter 2: obj=1384.3154  cols=266
2026-04-13 17:04:01 [INFO] src.branch_and_bound:   +80 new columns
2026-04-13 17:04:01 [INFO] src.master_problem: RMP LP solved — obj=1384.3154, active_cols=4
2026-04-13 17:04:01 [INFO] src.branch_and_bound: CG iter 3: obj=1384.3154  cols=346
2026-04-13 17:04:01 [INFO] src.branch_and_bound:   +67 new columns
2026-04-13 17:04:01 [INFO] src.master_problem: RMP LP solved — obj=1384.3154, active_cols=4
2026-04-13 17:04:01 [INFO] src.branch_and_bound: CG iter 4: obj=1384.3154  cols=413
2026-04-13 17:04:02 [INFO] src.branch_and_bound:   +57 new columns
2026-04-13 17:04:02 [INFO] src.master_problem: RMP LP solved — obj=1384.3154, active_cols=4
2026-04-13 17:04:02 [INFO] src.branch_and_bound: CG iter 5: obj=1384.3154  cols=470
2026-04-13 17:04:02 [INFO] src.branch_and_bound:   +31 new columns
2026-04-13 17:04:03 [INFO] src.master_problem: RMP LP solved — obj=1384.3154, active_cols=4
2026-04-13 17:04:03 [INFO] src.branch_and_bound: CG iter 6: obj=1384.3154  cols=501
2026-04-13 17:04:03 [INFO] src.branch_and_bound:   +53 new columns
2026-04-13 17:04:03 [INFO] src.master_problem: RMP LP solved — obj=1384.3154, active_cols=4
2026-04-13 17:04:03 [INFO] src.branch_and_bound: CG iter 7: obj=1384.3154  cols=554
2026-04-13 17:04:04 [INFO] src.branch_and_bound:   +49 new columns
2026-04-13 17:04:04 [INFO] src.master_problem: RMP LP solved — obj=1384.3154, active_cols=4
2026-04-13 17:04:04 [INFO] src.branch_and_bound: CG iter 8: obj=1384.3154  cols=603
2026-04-13 17:04:04 [INFO] src.branch_and_bound:   +33 new columns
2026-04-13 17:04:04 [INFO] src.master_problem: RMP LP solved — obj=1384.3154, active_cols=4
2026-04-13 17:04:04 [INFO] src.branch_and_bound: CG iter 9: obj=1384.3154  cols=636
2026-04-13 17:04:05 [INFO] src.branch_and_bound:   +25 new columns
2026-04-13 17:04:05 [INFO] src.master_problem: RMP LP solved — obj=1384.3154, active_cols=4
2026-04-13 17:04:05 [INFO] src.branch_and_bound: CG iter 10: obj=1384.3154  cols=661
2026-04-13 17:04:06 [INFO] src.branch_and_bound:   +50 new columns
2026-04-13 17:04:06 [INFO] src.master_problem: RMP LP solved — obj=1384.3154, active_cols=4
2026-04-13 17:04:06 [INFO] src.branch_and_bound: CG iter 11: obj=1384.3154  cols=711
2026-04-13 17:04:06 [INFO] src.branch_and_bound:   +23 new columns
2026-04-13 17:04:06 [INFO] src.master_problem: RMP LP solved — obj=1384.3154, active_cols=4
2026-04-13 17:04:06 [INFO] src.branch_and_bound: CG iter 12: obj=1384.3154  cols=734
2026-04-13 17:04:07 [INFO] src.branch_and_bound:   +23 new columns
2026-04-13 17:04:07 [INFO] src.master_problem: RMP LP solved — obj=1384.3154, active_cols=4
2026-04-13 17:04:07 [INFO] src.branch_and_bound: CG iter 13: obj=1384.3154  cols=757
2026-04-13 17:04:08 [INFO] src.branch_and_bound:   +43 new columns
2026-04-13 17:04:08 [INFO] src.master_problem: RMP LP solved — obj=1384.3154, active_cols=4
2026-04-13 17:04:08 [INFO] src.branch_and_bound: CG iter 14: obj=1384.3154  cols=800
2026-04-13 17:04:08 [INFO] src.branch_and_bound:   +17 new columns
2026-04-13 17:04:08 [INFO] src.master_problem: RMP LP solved — obj=1384.3154, active_cols=4
2026-04-13 17:04:08 [INFO] src.branch_and_bound: CG iter 15: obj=1384.3154  cols=817
2026-04-13 17:04:09 [INFO] src.branch_and_bound:   +27 new columns
2026-04-13 17:04:09 [INFO] src.master_problem: RMP LP solved — obj=1384.3154, active_cols=4
2026-04-13 17:04:09 [INFO] src.branch_and_bound: CG iter 16: obj=1384.3154  cols=844
2026-04-13 17:04:09 [INFO] src.branch_and_bound:   +26 new columns
2026-04-13 17:04:10 [INFO] src.master_problem: RMP LP solved — obj=1384.3154, active_cols=4
2026-04-13 17:04:10 [INFO] src.branch_and_bound: CG iter 17: obj=1384.3154  cols=870
2026-04-13 17:04:10 [INFO] src.branch_and_bound:   +46 new columns
2026-04-13 17:04:10 [INFO] src.master_problem: RMP LP solved — obj=1384.3154, active_cols=4
2026-04-13 17:04:10 [INFO] src.branch_and_bound: CG iter 18: obj=1384.3154  cols=916
2026-04-13 17:04:11 [INFO] src.branch_and_bound:   +17 new columns
2026-04-13 17:04:11 [INFO] src.master_problem: RMP LP solved — obj=1384.3154, active_cols=4
2026-04-13 17:04:11 [INFO] src.branch_and_bound: CG iter 19: obj=1384.3154  cols=933
2026-04-13 17:04:11 [INFO] src.branch_and_bound:   +27 new columns
2026-04-13 17:04:11 [INFO] src.master_problem: RMP LP solved — obj=1384.3154, active_cols=4
2026-04-13 17:04:11 [INFO] src.branch_and_bound: CG iter 20: obj=1384.3154  cols=960
2026-04-13 17:04:12 [INFO] src.branch_and_bound:   +14 new columns
2026-04-13 17:04:12 [INFO] src.master_problem: RMP LP solved — obj=1384.3154, active_cols=4
2026-04-13 17:04:12 [INFO] src.branch_and_bound: CG iter 21: obj=1384.3154  cols=974
2026-04-13 17:04:13 [INFO] src.branch_and_bound:   +20 new columns
2026-04-13 17:04:13 [INFO] src.master_problem: RMP LP solved — obj=1384.3154, active_cols=4
2026-04-13 17:04:13 [INFO] src.branch_and_bound: CG iter 22: obj=1384.3154  cols=994
2026-04-13 17:04:13 [INFO] src.branch_and_bound:   +8 new columns
2026-04-13 17:04:13 [INFO] src.master_problem: RMP LP solved — obj=1384.3154, active_cols=4
2026-04-13 17:04:13 [INFO] src.branch_and_bound: CG iter 23: obj=1384.3154  cols=1002
2026-04-13 17:04:14 [INFO] src.branch_and_bound:   +38 new columns
2026-04-13 17:04:14 [INFO] src.master_problem: RMP LP solved — obj=1384.3154, active_cols=4
2026-04-13 17:04:14 [INFO] src.branch_and_bound: CG iter 24: obj=1384.3154  cols=1040
2026-04-13 17:04:15 [INFO] src.branch_and_bound:   +36 new columns
2026-04-13 17:04:15 [INFO] src.master_problem: RMP LP solved — obj=1384.3154, active_cols=4
2026-04-13 17:04:15 [INFO] src.branch_and_bound: CG iter 25: obj=1384.3154  cols=1076
2026-04-13 17:04:16 [INFO] src.branch_and_bound:   +11 new columns
2026-04-13 17:04:16 [INFO] src.master_problem: RMP LP solved — obj=1384.3154, active_cols=4
2026-04-13 17:04:16 [INFO] src.branch_and_bound: CG iter 26: obj=1384.3154  cols=1087
2026-04-13 17:04:16 [INFO] src.branch_and_bound:   +38 new columns
2026-04-13 17:04:16 [INFO] src.master_problem: RMP LP solved — obj=1384.3154, active_cols=4
2026-04-13 17:04:17 [INFO] src.branch_and_bound: CG iter 27: obj=1384.3154  cols=1125
2026-04-13 17:04:17 [INFO] src.branch_and_bound:   +8 new columns
2026-04-13 17:04:17 [INFO] src.master_problem: RMP LP solved — obj=1384.3154, active_cols=4
2026-04-13 17:04:17 [INFO] src.branch_and_bound: CG iter 28: obj=1384.3154  cols=1133
2026-04-13 17:04:18 [INFO] src.branch_and_bound:   +39 new columns
2026-04-13 17:04:18 [INFO] src.master_problem: RMP LP solved — obj=1384.3154, active_cols=4
2026-04-13 17:04:18 [INFO] src.branch_and_bound: CG iter 29: obj=1384.3154  cols=1172
2026-04-13 17:04:19 [INFO] src.branch_and_bound:   +13 new columns
2026-04-13 17:04:19 [INFO] src.master_problem: RMP LP solved — obj=1384.3154, active_cols=4
2026-04-13 17:04:19 [INFO] src.branch_and_bound: CG iter 30: obj=1384.3154  cols=1185
2026-04-13 17:04:20 [INFO] src.branch_and_bound:   +16 new columns
2026-04-13 17:04:20 [INFO] src.master_problem: RMP LP solved — obj=1384.3154, active_cols=4
2026-04-13 17:04:20 [INFO] src.branch_and_bound: CG iter 31: obj=1384.3154  cols=1201
2026-04-13 17:04:20 [INFO] src.branch_and_bound:   +15 new columns
2026-04-13 17:04:21 [INFO] src.master_problem: RMP LP solved — obj=1384.3154, active_cols=4
2026-04-13 17:04:21 [INFO] src.branch_and_bound: CG iter 32: obj=1384.3154  cols=1216
2026-04-13 17:04:21 [INFO] src.branch_and_bound:   +43 new columns
2026-04-13 17:04:21 [INFO] src.master_problem: RMP LP solved — obj=1384.3154, active_cols=4
2026-04-13 17:04:21 [INFO] src.branch_and_bound: CG iter 33: obj=1384.3154  cols=1259
2026-04-13 17:04:22 [INFO] src.branch_and_bound:   +2 new columns
2026-04-13 17:04:22 [INFO] src.master_problem: RMP LP solved — obj=1384.3154, active_cols=4
2026-04-13 17:04:22 [INFO] src.branch_and_bound: CG iter 34: obj=1384.3154  cols=1261
2026-04-13 17:04:23 [INFO] src.branch_and_bound:   +26 new columns
2026-04-13 17:04:23 [INFO] src.master_problem: RMP LP solved — obj=1384.3154, active_cols=4
2026-04-13 17:04:23 [INFO] src.branch_and_bound: CG iter 35: obj=1384.3154  cols=1287
2026-04-13 17:04:23 [INFO] src.branch_and_bound:   +20 new columns
2026-04-13 17:04:23 [INFO] src.master_problem: RMP LP solved — obj=1384.3154, active_cols=4
2026-04-13 17:04:24 [INFO] src.branch_and_bound: CG iter 36: obj=1384.3154  cols=1307
2026-04-13 17:04:24 [INFO] src.branch_and_bound:   +25 new columns
2026-04-13 17:04:24 [INFO] src.master_problem: RMP LP solved — obj=1384.3154, active_cols=4
2026-04-13 17:04:24 [INFO] src.branch_and_bound: CG iter 37: obj=1384.3154  cols=1332
2026-04-13 17:04:25 [INFO] src.branch_and_bound:   +21 new columns
2026-04-13 17:04:25 [INFO] src.master_problem: RMP LP solved — obj=1384.3154, active_cols=4
2026-04-13 17:04:25 [INFO] src.branch_and_bound: CG iter 38: obj=1384.3154  cols=1353
2026-04-13 17:04:26 [INFO] src.branch_and_bound:   +23 new columns
2026-04-13 17:04:26 [INFO] src.master_problem: RMP LP solved — obj=1384.3154, active_cols=4
2026-04-13 17:04:26 [INFO] src.branch_and_bound: CG iter 39: obj=1384.3154  cols=1376
2026-04-13 17:04:26 [INFO] src.branch_and_bound:   +13 new columns
2026-04-13 17:04:26 [INFO] src.master_problem: RMP LP solved — obj=1384.3154, active_cols=4
2026-04-13 17:04:27 [INFO] src.branch_and_bound: CG iter 40: obj=1384.3154  cols=1389
2026-04-13 17:04:27 [INFO] src.branch_and_bound:   +27 new columns
2026-04-13 17:04:27 [INFO] src.master_problem: RMP LP solved — obj=1384.3154, active_cols=4
2026-04-13 17:04:27 [INFO] src.branch_and_bound: CG iter 41: obj=1384.3154  cols=1416
2026-04-13 17:04:28 [INFO] src.branch_and_bound:   +9 new columns
2026-04-13 17:04:28 [INFO] src.master_problem: RMP LP solved — obj=1384.3154, active_cols=4
2026-04-13 17:04:28 [INFO] src.branch_and_bound: CG iter 42: obj=1384.3154  cols=1425
2026-04-13 17:04:29 [INFO] src.branch_and_bound:   +1 new columns
2026-04-13 17:04:29 [INFO] src.master_problem: RMP LP solved — obj=1384.3154, active_cols=4
2026-04-13 17:04:29 [INFO] src.branch_and_bound: CG iter 43: obj=1384.3154  cols=1426
2026-04-13 17:04:30 [INFO] src.branch_and_bound:   +22 new columns
2026-04-13 17:04:30 [INFO] src.master_problem: RMP LP solved — obj=1384.3154, active_cols=4
2026-04-13 17:04:30 [INFO] src.branch_and_bound: CG iter 44: obj=1384.3154  cols=1448
2026-04-13 17:04:30 [INFO] src.branch_and_bound:   +30 new columns
2026-04-13 17:04:30 [INFO] src.master_problem: RMP LP solved — obj=1384.3154, active_cols=4
2026-04-13 17:04:31 [INFO] src.branch_and_bound: CG iter 45: obj=1384.3154  cols=1478
2026-04-13 17:04:31 [INFO] src.branch_and_bound:   +26 new columns
2026-04-13 17:04:31 [INFO] src.master_problem: RMP LP solved — obj=1384.3154, active_cols=4
2026-04-13 17:04:31 [INFO] src.branch_and_bound: CG iter 46: obj=1384.3154  cols=1504
2026-04-13 17:04:32 [INFO] src.branch_and_bound:   +2 new columns
2026-04-13 17:04:32 [INFO] src.master_problem: RMP LP solved — obj=1384.3154, active_cols=4
2026-04-13 17:04:32 [INFO] src.branch_and_bound: CG iter 47: obj=1384.3154  cols=1506
2026-04-13 17:04:33 [INFO] src.branch_and_bound:   +6 new columns
2026-04-13 17:04:33 [INFO] src.master_problem: RMP LP solved — obj=1384.3154, active_cols=4
2026-04-13 17:04:33 [INFO] src.branch_and_bound: CG iter 48: obj=1384.3154  cols=1512
2026-04-13 17:04:34 [INFO] src.branch_and_bound:   +22 new columns
2026-04-13 17:04:34 [INFO] src.master_problem: RMP LP solved — obj=1384.3154, active_cols=4
2026-04-13 17:04:34 [INFO] src.branch_and_bound: CG iter 49: obj=1384.3154  cols=1534
2026-04-13 17:04:35 [INFO] src.branch_and_bound:   +38 new columns
2026-04-13 17:04:35 [INFO] src.master_problem: RMP LP solved — obj=1384.3154, active_cols=4
2026-04-13 17:04:35 [INFO] src.branch_and_bound: CG iter 50: obj=1384.3154  cols=1572
2026-04-13 17:04:35 [INFO] src.branch_and_bound:   +30 new columns
2026-04-13 17:04:35 [INFO] src.master_problem: RMP LP solved — obj=1384.3154, active_cols=4
2026-04-13 17:04:35 [INFO] src.branch_and_bound: CG iter 51: obj=1384.3154  cols=1602
2026-04-13 17:04:36 [INFO] src.branch_and_bound:   +24 new columns
2026-04-13 17:04:36 [INFO] src.master_problem: RMP LP solved — obj=1384.3154, active_cols=4
2026-04-13 17:04:36 [INFO] src.branch_and_bound: CG iter 52: obj=1384.3154  cols=1626
2026-04-13 17:04:37 [INFO] src.branch_and_bound:   +23 new columns
2026-04-13 17:04:37 [INFO] src.master_problem: RMP LP solved — obj=1384.3154, active_cols=4
2026-04-13 17:04:37 [INFO] src.branch_and_bound: CG iter 53: obj=1384.3154  cols=1649
2026-04-13 17:04:37 [INFO] src.branch_and_bound:   +18 new columns
2026-04-13 17:04:37 [INFO] src.master_problem: RMP LP solved — obj=1384.3154, active_cols=4
2026-04-13 17:04:37 [INFO] src.branch_and_bound: CG iter 54: obj=1384.3154  cols=1667
2026-04-13 17:04:38 [INFO] src.branch_and_bound:   +12 new columns
2026-04-13 17:04:38 [INFO] src.master_problem: RMP LP solved — obj=1384.3154, active_cols=4
2026-04-13 17:04:38 [INFO] src.branch_and_bound: CG iter 55: obj=1384.3154  cols=1679
2026-04-13 17:04:39 [INFO] src.branch_and_bound:   +16 new columns
2026-04-13 17:04:39 [INFO] src.master_problem: RMP LP solved — obj=1384.3154, active_cols=4
2026-04-13 17:04:39 [INFO] src.branch_and_bound: CG iter 56: obj=1384.3154  cols=1695
2026-04-13 17:04:39 [INFO] src.branch_and_bound:   +22 new columns
2026-04-13 17:04:39 [INFO] src.master_problem: RMP LP solved — obj=1384.3154, active_cols=4
2026-04-13 17:04:40 [INFO] src.branch_and_bound: CG iter 57: obj=1384.3154  cols=1717
2026-04-13 17:04:40 [INFO] src.branch_and_bound:   +15 new columns
2026-04-13 17:04:40 [INFO] src.master_problem: RMP LP solved — obj=1384.3154, active_cols=4
2026-04-13 17:04:40 [INFO] src.branch_and_bound: CG iter 58: obj=1384.3154  cols=1732
2026-04-13 17:04:41 [INFO] src.branch_and_bound:   +2 new columns
2026-04-13 17:04:41 [INFO] src.master_problem: RMP LP solved — obj=1384.3154, active_cols=4
2026-04-13 17:04:41 [INFO] src.branch_and_bound: CG iter 59: obj=1384.3154  cols=1734
2026-04-13 17:04:42 [INFO] src.branch_and_bound:   +3 new columns
2026-04-13 17:04:42 [INFO] src.master_problem: RMP LP solved — obj=1384.3154, active_cols=4
2026-04-13 17:04:43 [INFO] src.branch_and_bound: CG iter 60: obj=1384.3154  cols=1737
2026-04-13 17:04:44 [INFO] src.branch_and_bound:   +2 new columns
2026-04-13 17:04:44 [INFO] src.master_problem: RMP LP solved — obj=1384.3154, active_cols=4
2026-04-13 17:04:44 [INFO] src.branch_and_bound: CG iter 61: obj=1384.3154  cols=1739
2026-04-13 17:04:44 [INFO] src.branch_and_bound:   +1 new columns
2026-04-13 17:04:44 [INFO] src.master_problem: RMP LP solved — obj=1384.3154, active_cols=4
2026-04-13 17:04:44 [INFO] src.branch_and_bound: CG iter 62: obj=1384.3154  cols=1740
2026-04-13 17:04:45 [INFO] src.branch_and_bound:   +1 new columns
2026-04-13 17:04:45 [INFO] src.master_problem: RMP LP solved — obj=1384.3154, active_cols=4
2026-04-13 17:04:45 [INFO] src.branch_and_bound: CG iter 63: obj=1384.3154  cols=1741
2026-04-13 17:04:46 [INFO] src.branch_and_bound:   +2 new columns
2026-04-13 17:04:46 [INFO] src.master_problem: RMP LP solved — obj=1384.3154, active_cols=4
2026-04-13 17:04:46 [INFO] src.branch_and_bound: CG iter 64: obj=1384.3154  cols=1743
2026-04-13 17:04:47 [INFO] src.branch_and_bound:   +3 new columns
2026-04-13 17:04:47 [INFO] src.master_problem: RMP LP solved — obj=1384.3154, active_cols=4
2026-04-13 17:04:47 [INFO] src.branch_and_bound: CG iter 65: obj=1384.3154  cols=1746
2026-04-13 17:04:48 [INFO] src.branch_and_bound:   +2 new columns
2026-04-13 17:04:48 [INFO] src.master_problem: RMP LP solved — obj=1384.3154, active_cols=4
2026-04-13 17:04:48 [INFO] src.branch_and_bound: CG iter 66: obj=1384.3154  cols=1748
2026-04-13 17:04:49 [INFO] src.branch_and_bound:   +9 new columns
2026-04-13 17:04:49 [INFO] src.master_problem: RMP LP solved — obj=1384.3154, active_cols=4
2026-04-13 17:04:49 [INFO] src.branch_and_bound: CG iter 67: obj=1384.3154  cols=1757
2026-04-13 17:04:49 [INFO] src.branch_and_bound:   +10 new columns
2026-04-13 17:04:49 [INFO] src.master_problem: RMP LP solved — obj=1384.3154, active_cols=4
2026-04-13 17:04:50 [INFO] src.branch_and_bound: CG iter 68: obj=1384.3154  cols=1767
2026-04-13 17:04:50 [INFO] src.branch_and_bound:   +15 new columns
2026-04-13 17:04:50 [INFO] src.master_problem: RMP LP solved — obj=1384.3154, active_cols=4
2026-04-13 17:04:50 [INFO] src.branch_and_bound: CG iter 69: obj=1384.3154  cols=1782
2026-04-13 17:04:51 [INFO] src.branch_and_bound:   +3 new columns
2026-04-13 17:04:51 [INFO] src.master_problem: RMP LP solved — obj=1384.3154, active_cols=4
2026-04-13 17:04:51 [INFO] src.branch_and_bound: CG iter 70: obj=1384.3154  cols=1785
2026-04-13 17:04:52 [INFO] src.branch_and_bound:   +46 new columns
2026-04-13 17:04:52 [INFO] src.master_problem: RMP LP solved — obj=1384.3154, active_cols=4
2026-04-13 17:04:52 [INFO] src.branch_and_bound: CG iter 71: obj=1384.3154  cols=1831
2026-04-13 17:04:53 [INFO] src.branch_and_bound:   +19 new columns
2026-04-13 17:04:53 [INFO] src.master_problem: RMP LP solved — obj=1384.3154, active_cols=4
2026-04-13 17:04:53 [INFO] src.branch_and_bound: CG iter 72: obj=1384.3154  cols=1850
2026-04-13 17:04:53 [INFO] src.branch_and_bound:   +23 new columns
2026-04-13 17:04:54 [INFO] src.master_problem: RMP LP solved — obj=1384.3154, active_cols=4
2026-04-13 17:04:54 [INFO] src.branch_and_bound: CG iter 73: obj=1384.3154  cols=1873
2026-04-13 17:04:54 [INFO] src.branch_and_bound:   +22 new columns
2026-04-13 17:04:54 [INFO] src.master_problem: RMP LP solved — obj=1384.3154, active_cols=4
2026-04-13 17:04:54 [INFO] src.branch_and_bound: CG iter 74: obj=1384.3154  cols=1895
2026-04-13 17:04:55 [INFO] src.branch_and_bound:   +23 new columns
2026-04-13 17:04:55 [INFO] src.master_problem: RMP LP solved — obj=1384.3154, active_cols=4
2026-04-13 17:04:55 [INFO] src.branch_and_bound: CG iter 75: obj=1384.3154  cols=1918
2026-04-13 17:04:56 [INFO] src.branch_and_bound:   +5 new columns
2026-04-13 17:04:56 [INFO] src.master_problem: RMP LP solved — obj=1384.3154, active_cols=4
2026-04-13 17:04:56 [INFO] src.branch_and_bound: CG iter 76: obj=1384.3154  cols=1923
2026-04-13 17:04:56 [INFO] src.branch_and_bound:   +5 new columns
2026-04-13 17:04:56 [INFO] src.master_problem: RMP LP solved — obj=1384.3154, active_cols=4
2026-04-13 17:04:57 [INFO] src.branch_and_bound: CG iter 77: obj=1384.3154  cols=1928
2026-04-13 17:04:57 [INFO] src.branch_and_bound:   +4 new columns
2026-04-13 17:04:57 [INFO] src.master_problem: RMP LP solved — obj=1384.3154, active_cols=4
2026-04-13 17:04:57 [INFO] src.branch_and_bound: CG iter 78: obj=1384.3154  cols=1932
2026-04-13 17:04:58 [INFO] src.branch_and_bound:   +5 new columns
2026-04-13 17:04:58 [INFO] src.master_problem: RMP LP solved — obj=1384.3154, active_cols=4
2026-04-13 17:04:58 [INFO] src.branch_and_bound: CG iter 79: obj=1384.3154  cols=1937
2026-04-13 17:04:58 [INFO] src.branch_and_bound:   +7 new columns
2026-04-13 17:04:58 [INFO] src.master_problem: RMP LP solved — obj=1384.3154, active_cols=4
2026-04-13 17:04:59 [INFO] src.branch_and_bound: CG iter 80: obj=1384.3154  cols=1944
2026-04-13 17:04:59 [INFO] src.branch_and_bound:   +26 new columns
2026-04-13 17:04:59 [INFO] src.master_problem: RMP LP solved — obj=1384.3154, active_cols=4
2026-04-13 17:04:59 [INFO] src.branch_and_bound: CG iter 81: obj=1384.3154  cols=1970
2026-04-13 17:05:00 [INFO] src.branch_and_bound:   +8 new columns
2026-04-13 17:05:00 [INFO] src.master_problem: RMP LP solved — obj=1384.3154, active_cols=4
2026-04-13 17:05:00 [INFO] src.branch_and_bound: CG iter 82: obj=1384.3154  cols=1978
2026-04-13 17:05:01 [INFO] src.branch_and_bound:   +21 new columns
2026-04-13 17:05:01 [INFO] src.master_problem: RMP LP solved — obj=1384.3154, active_cols=4
2026-04-13 17:05:01 [INFO] src.branch_and_bound: CG iter 83: obj=1384.3154  cols=1999
2026-04-13 17:05:01 [INFO] src.branch_and_bound:   +16 new columns
2026-04-13 17:05:01 [INFO] src.master_problem: RMP LP solved — obj=1384.3154, active_cols=4
2026-04-13 17:05:02 [INFO] src.branch_and_bound: CG iter 84: obj=1384.3154  cols=2015
2026-04-13 17:05:02 [INFO] src.branch_and_bound:   +6 new columns
2026-04-13 17:05:02 [INFO] src.master_problem: RMP LP solved — obj=1384.3154, active_cols=4
2026-04-13 17:05:02 [INFO] src.branch_and_bound: CG iter 85: obj=1384.3154  cols=2021
2026-04-13 17:05:03 [INFO] src.branch_and_bound:   +3 new columns
2026-04-13 17:05:03 [INFO] src.master_problem: RMP LP solved — obj=1384.3154, active_cols=4
2026-04-13 17:05:03 [INFO] src.branch_and_bound: CG iter 86: obj=1384.3154  cols=2024
2026-04-13 17:05:04 [INFO] src.branch_and_bound:   +9 new columns
2026-04-13 17:05:04 [INFO] src.master_problem: RMP LP solved — obj=1384.3154, active_cols=4
2026-04-13 17:05:04 [INFO] src.branch_and_bound: CG iter 87: obj=1384.3154  cols=2033
2026-04-13 17:05:04 [INFO] src.branch_and_bound:   +31 new columns
2026-04-13 17:05:04 [INFO] src.master_problem: RMP LP solved — obj=1384.3154, active_cols=4
2026-04-13 17:05:04 [INFO] src.branch_and_bound: CG iter 88: obj=1384.3154  cols=2064
2026-04-13 17:05:05 [INFO] src.branch_and_bound:   +15 new columns
2026-04-13 17:05:05 [INFO] src.master_problem: RMP LP solved — obj=1384.3154, active_cols=4
2026-04-13 17:05:05 [INFO] src.branch_and_bound: CG iter 89: obj=1384.3154  cols=2079
2026-04-13 17:05:06 [INFO] src.branch_and_bound:   +28 new columns
2026-04-13 17:05:06 [INFO] src.master_problem: RMP LP solved — obj=1384.3154, active_cols=4
2026-04-13 17:05:06 [INFO] src.branch_and_bound: CG iter 90: obj=1384.3154  cols=2107
2026-04-13 17:05:06 [INFO] src.branch_and_bound:   +2 new columns
2026-04-13 17:05:07 [INFO] src.master_problem: RMP LP solved — obj=1384.3154, active_cols=4
2026-04-13 17:05:07 [INFO] src.branch_and_bound: CG iter 91: obj=1384.3154  cols=2109
2026-04-13 17:05:07 [INFO] src.branch_and_bound:   +9 new columns
2026-04-13 17:05:07 [INFO] src.master_problem: RMP LP solved — obj=1384.3154, active_cols=4
2026-04-13 17:05:07 [INFO] src.branch_and_bound: CG iter 92: obj=1384.3154  cols=2118
2026-04-13 17:05:08 [INFO] src.branch_and_bound:   +11 new columns
2026-04-13 17:05:08 [INFO] src.master_problem: RMP LP solved — obj=1384.3154, active_cols=4
2026-04-13 17:05:08 [INFO] src.branch_and_bound: CG iter 93: obj=1384.3154  cols=2129
2026-04-13 17:05:09 [INFO] src.branch_and_bound:   +1 new columns
2026-04-13 17:05:09 [INFO] src.master_problem: RMP LP solved — obj=1384.3154, active_cols=4
2026-04-13 17:05:09 [INFO] src.branch_and_bound: CG iter 94: obj=1384.3154  cols=2130
2026-04-13 17:05:09 [INFO] src.branch_and_bound:   +2 new columns
2026-04-13 17:05:09 [INFO] src.master_problem: RMP LP solved — obj=1384.3154, active_cols=4
2026-04-13 17:05:09 [INFO] src.branch_and_bound: CG iter 95: obj=1384.3154  cols=2132
2026-04-13 17:05:10 [INFO] src.branch_and_bound:   +10 new columns
2026-04-13 17:05:10 [INFO] src.master_problem: RMP LP solved — obj=1384.3154, active_cols=4
2026-04-13 17:05:10 [INFO] src.branch_and_bound: CG iter 96: obj=1384.3154  cols=2142
2026-04-13 17:05:11 [INFO] src.branch_and_bound:   +4 new columns
2026-04-13 17:05:11 [INFO] src.master_problem: RMP LP solved — obj=1384.3154, active_cols=4
2026-04-13 17:05:11 [INFO] src.branch_and_bound: CG iter 97: obj=1384.3154  cols=2146
2026-04-13 17:05:12 [INFO] src.branch_and_bound:   +18 new columns
2026-04-13 17:05:12 [INFO] src.master_problem: RMP LP solved — obj=1384.3154, active_cols=4
2026-04-13 17:05:12 [INFO] src.branch_and_bound: CG iter 98: obj=1384.3154  cols=2164
2026-04-13 17:05:13 [INFO] src.branch_and_bound:   +26 new columns
2026-04-13 17:05:13 [INFO] src.master_problem: RMP LP solved — obj=1384.3154, active_cols=4
2026-04-13 17:05:13 [INFO] src.branch_and_bound: CG iter 99: obj=1384.3154  cols=2190
2026-04-13 17:05:13 [INFO] src.branch_and_bound:   +6 new columns
2026-04-13 17:05:13 [INFO] src.branch_and_bound:   ★ new incumbent: cost=1384.3154
2026-04-13 17:05:13 [INFO] __main__: 
============================================================
2026-04-13 17:05:13 [INFO] __main__: SOLUTION SUMMARY
2026-04-13 17:05:13 [INFO] __main__: ============================================================
2026-04-13 17:05:13 [INFO] __main__: Total cost          : 1384.3154
2026-04-13 17:05:13 [INFO] __main__: Number of routes    : 4
2026-04-13 17:05:13 [INFO] __main__: B&B nodes explored  : 1
2026-04-13 17:05:13 [INFO] __main__: Total columns       : 2196
2026-04-13 17:05:13 [INFO] __main__: Wall-clock time (s) : 75.04
2026-04-13 17:05:13 [INFO] __main__:   Route 0 [AUV] : ['70034004', '70244565', '70133553', '70031292', '70081032', '70428043', '70155196', '70521405', '70351598']  cost=455.21
2026-04-13 17:05:13 [INFO] __main__:   Route 1 [AUV] : ['70408061', '70019392', '70435202', '70401488', '70043420', '70019391', '70556250', '70398370', '70535019']  cost=319.28
2026-04-13 17:05:13 [INFO] __main__:   Route 2 [AUV] : ['70494786', '70390788', '70494785', '70019549', '70398392', '70031293', '70019384', '70494791', '70130675']  cost=337.19
2026-04-13 17:05:13 [INFO] __main__:   Route 3 [AUV] : ['70019315', '70373907', '70490240', '70408280', '70464520']  cost=272.63
2026-04-13 17:05:13 [INFO] __main__: Results saved to D:/Uni Material/Code_Odyssey/Code/DQN/260407/results/benchmark_2522_2023-01-13_20260413_163421/pomo_only\20260413_170358_2522_2023-01-13_pomo_only
