Results folder created        : D:\Uni Material\Code_Odyssey\Code\DQN\SOS-DQN-POMO-CG\results\2522_2023-05-17_260512_2205_cg
Loading problem data...
Using device: cpu
Loading POMO model from d:\Uni Material\Code_Odyssey\Code\DQN\SOS-DQN-POMO-CG\results\train_20260421_204908_pomo_training\pretrained_pomo\model_epoch_200.pt...
Building initial dummy basis...
Starting Root Node Column Generation...

[Iteration 1] RMP Objective: 2600000.00
[Iteration 1] POMO generated 116 negative RC columns.
[Iteration 1] Adding Columns:
  - Vehicle: 4w | RC: -1698587.85 | Cost: 1412.15 | Route: [0, 5, 3, 20, 14, 19, 21, 11, 2, 8, 18, 26, 13, 12, 9, 22, 7, 1, 0]
  - Vehicle: 4w | RC: -1698387.62 | Cost: 1612.38 | Route: [0, 14, 20, 3, 5, 19, 21, 11, 2, 8, 18, 26, 13, 12, 9, 22, 7, 4, 0]
  - Vehicle: 4w | RC: -1698382.96 | Cost: 1617.04 | Route: [0, 4, 18, 7, 26, 13, 12, 9, 22, 21, 11, 2, 8, 19, 5, 3, 20, 14, 0]
  - Vehicle: 4w | RC: -1698380.13 | Cost: 1619.87 | Route: [0, 15, 4, 18, 7, 26, 13, 12, 9, 22, 21, 11, 2, 8, 19, 5, 3, 20, 0]
  - Vehicle: 4w | RC: -1698380.03 | Cost: 1619.97 | Route: [0, 20, 14, 3, 5, 19, 21, 11, 2, 8, 18, 26, 13, 12, 9, 22, 7, 4, 0]
  - Vehicle: 6w | RC: -1698322.89 | Cost: 1677.11 | Route: [0, 5, 3, 20, 14, 19, 21, 11, 2, 8, 18, 26, 13, 12, 9, 22, 7, 1, 0]
  - Vehicle: 4w | RC: -1698322.68 | Cost: 1677.32 | Route: [0, 10, 3, 5, 19, 21, 11, 2, 8, 18, 26, 13, 12, 9, 22, 7, 4, 15, 0]
  - Vehicle: 6w | RC: -1698089.90 | Cost: 1910.10 | Route: [0, 14, 20, 3, 5, 19, 21, 11, 2, 8, 18, 26, 13, 12, 9, 22, 7, 4, 0]
  - Vehicle: 6w | RC: -1698083.80 | Cost: 1916.20 | Route: [0, 4, 18, 7, 26, 13, 12, 9, 22, 21, 11, 2, 8, 19, 5, 3, 20, 14, 0]
  - Vehicle: 6w | RC: -1698081.08 | Cost: 1918.92 | Route: [0, 20, 14, 3, 5, 19, 21, 11, 2, 8, 18, 26, 13, 12, 9, 22, 7, 4, 0]
  - Vehicle: 6w | RC: -1698080.32 | Cost: 1919.68 | Route: [0, 15, 4, 18, 7, 26, 13, 12, 9, 22, 21, 11, 2, 8, 19, 5, 3, 20, 0]
  - Vehicle: 6w | RC: -1698013.76 | Cost: 1986.24 | Route: [0, 10, 3, 5, 19, 21, 11, 2, 8, 18, 26, 13, 12, 9, 22, 7, 4, 15, 0]
  - Vehicle: 10w | RC: -1697852.18 | Cost: 2147.82 | Route: [0, 5, 3, 20, 14, 19, 21, 11, 2, 8, 18, 26, 13, 12, 9, 22, 7, 1, 0]
  - Vehicle: 10w | RC: -1697552.44 | Cost: 2447.56 | Route: [0, 14, 20, 3, 5, 19, 21, 11, 2, 8, 18, 26, 13, 12, 9, 22, 7, 4, 0]
  - Vehicle: 10w | RC: -1697544.78 | Cost: 2455.22 | Route: [0, 4, 18, 7, 26, 13, 12, 9, 22, 21, 11, 2, 8, 19, 5, 3, 20, 14, 0]
  - Vehicle: 10w | RC: -1697541.10 | Cost: 2458.90 | Route: [0, 20, 14, 3, 5, 19, 21, 11, 2, 8, 18, 26, 13, 12, 9, 22, 7, 4, 0]
  - Vehicle: 10w | RC: -1697540.36 | Cost: 2459.64 | Route: [0, 15, 4, 18, 7, 26, 13, 12, 9, 22, 21, 11, 2, 8, 19, 5, 3, 20, 0]
  - Vehicle: 10w | RC: -1697454.65 | Cost: 2545.35 | Route: [0, 10, 3, 5, 19, 21, 11, 2, 8, 18, 26, 13, 12, 9, 22, 7, 4, 15, 0]
  - Vehicle: 40ft | RC: -1697339.59 | Cost: 2660.41 | Route: [0, 15, 4, 18, 7, 26, 13, 12, 9, 22, 21, 11, 2, 8, 19, 3, 20, 14, 0]
  - Vehicle: 40ft | RC: -1697211.15 | Cost: 2788.85 | Route: [0, 20, 14, 3, 19, 21, 11, 2, 8, 18, 26, 13, 12, 9, 22, 7, 4, 15, 0]
  - Vehicle: 4w | RC: -1598633.51 | Cost: 1366.49 | Route: [0, 1, 18, 7, 26, 13, 12, 9, 22, 21, 11, 2, 8, 19, 5, 3, 20, 0]
  - Vehicle: 4w | RC: -1598554.25 | Cost: 1445.75 | Route: [0, 18, 7, 26, 13, 12, 9, 22, 21, 11, 2, 8, 19, 3, 5, 20, 14, 0]
  - Vehicle: 4w | RC: -1598507.54 | Cost: 1492.46 | Route: [0, 8, 2, 11, 21, 19, 3, 5, 18, 26, 13, 12, 9, 22, 7, 4, 15, 0]
  - Vehicle: 4w | RC: -1598486.13 | Cost: 1513.87 | Route: [0, 7, 26, 13, 12, 9, 22, 21, 11, 2, 8, 18, 19, 3, 5, 20, 14, 0]
  - Vehicle: 4w | RC: -1598479.08 | Cost: 1520.92 | Route: [0, 9, 22, 12, 13, 26, 7, 18, 8, 2, 11, 21, 19, 3, 5, 20, 14, 0]
  - Vehicle: 4w | RC: -1598468.20 | Cost: 1531.80 | Route: [0, 26, 13, 12, 9, 22, 21, 11, 2, 8, 18, 7, 19, 3, 5, 20, 14, 0]
  - Vehicle: 4w | RC: -1598455.50 | Cost: 1544.50 | Route: [0, 22, 9, 12, 13, 26, 7, 18, 8, 2, 11, 21, 19, 3, 5, 20, 14, 0]
  - Vehicle: 4w | RC: -1598441.54 | Cost: 1558.46 | Route: [0, 13, 12, 9, 22, 21, 11, 2, 8, 18, 7, 26, 19, 3, 5, 20, 14, 0]
  - Vehicle: 4w | RC: -1598403.40 | Cost: 1596.60 | Route: [0, 12, 9, 22, 21, 11, 2, 8, 18, 7, 26, 13, 19, 3, 5, 20, 14, 0]
  - Vehicle: 4w | RC: -1598386.83 | Cost: 1613.17 | Route: [0, 6, 17, 13, 12, 26, 7, 18, 8, 2, 11, 21, 19, 3, 5, 20, 14, 0]
  - Vehicle: 6w | RC: -1598376.25 | Cost: 1623.75 | Route: [0, 1, 18, 7, 26, 13, 12, 9, 22, 21, 11, 2, 8, 19, 5, 3, 20, 0]
  - Vehicle: 4w | RC: -1598372.94 | Cost: 1627.06 | Route: [0, 3, 20, 14, 19, 21, 11, 2, 8, 18, 26, 13, 12, 9, 22, 7, 5, 0]
  - Vehicle: 4w | RC: -1598367.08 | Cost: 1632.92 | Route: [0, 17, 6, 13, 12, 26, 7, 18, 8, 2, 11, 21, 19, 3, 5, 20, 14, 0]
  - Vehicle: 4w | RC: -1598325.95 | Cost: 1674.05 | Route: [0, 19, 21, 11, 2, 8, 18, 7, 26, 12, 9, 22, 13, 5, 3, 20, 14, 0]
  - Vehicle: 4w | RC: -1598317.68 | Cost: 1682.32 | Route: [0, 11, 21, 19, 2, 8, 18, 7, 26, 12, 9, 22, 13, 5, 3, 20, 14, 0]
  - Vehicle: 6w | RC: -1598284.42 | Cost: 1715.58 | Route: [0, 18, 7, 26, 13, 12, 9, 22, 21, 11, 2, 8, 19, 3, 5, 20, 14, 0]
  - Vehicle: 4w | RC: -1598271.14 | Cost: 1728.86 | Route: [0, 25, 6, 17, 13, 26, 12, 9, 22, 21, 11, 2, 8, 18, 7, 19, 5, 0]
  - Vehicle: 6w | RC: -1598229.82 | Cost: 1770.18 | Route: [0, 8, 2, 11, 21, 19, 3, 5, 18, 26, 13, 12, 9, 22, 7, 4, 15, 0]
  - Vehicle: 4w | RC: -1598216.34 | Cost: 1783.66 | Route: [0, 24, 25, 6, 17, 13, 26, 12, 9, 22, 21, 11, 2, 8, 18, 7, 1, 0]
  - Vehicle: 6w | RC: -1598204.68 | Cost: 1795.32 | Route: [0, 7, 26, 13, 12, 9, 22, 21, 11, 2, 8, 18, 19, 3, 5, 20, 14, 0]
  - Vehicle: 6w | RC: -1598196.90 | Cost: 1803.10 | Route: [0, 9, 22, 12, 13, 26, 7, 18, 8, 2, 11, 21, 19, 3, 5, 20, 14, 0]
  - Vehicle: 6w | RC: -1598183.76 | Cost: 1816.24 | Route: [0, 26, 13, 12, 9, 22, 21, 11, 2, 8, 18, 7, 19, 3, 5, 20, 14, 0]
  - Vehicle: 6w | RC: -1598169.43 | Cost: 1830.57 | Route: [0, 22, 9, 12, 13, 26, 7, 18, 8, 2, 11, 21, 19, 3, 5, 20, 14, 0]
  - Vehicle: 6w | RC: -1598152.50 | Cost: 1847.50 | Route: [0, 13, 12, 9, 22, 21, 11, 2, 8, 18, 7, 26, 19, 3, 5, 20, 14, 0]
  - Vehicle: 6w | RC: -1598107.98 | Cost: 1892.02 | Route: [0, 12, 9, 22, 21, 11, 2, 8, 18, 7, 26, 13, 19, 3, 5, 20, 14, 0]
  - Vehicle: 6w | RC: -1598088.87 | Cost: 1911.13 | Route: [0, 6, 17, 13, 12, 26, 7, 18, 8, 2, 11, 21, 19, 3, 5, 20, 14, 0]
  - Vehicle: 6w | RC: -1598065.58 | Cost: 1934.42 | Route: [0, 17, 6, 13, 12, 26, 7, 18, 8, 2, 11, 21, 19, 3, 5, 20, 14, 0]
  - Vehicle: 6w | RC: -1598041.81 | Cost: 1958.19 | Route: [0, 3, 20, 14, 19, 21, 11, 2, 8, 18, 26, 12, 13, 7, 9, 22, 5, 0]
  - Vehicle: 6w | RC: -1598017.63 | Cost: 1982.37 | Route: [0, 19, 21, 11, 2, 8, 18, 7, 26, 12, 9, 22, 13, 5, 3, 20, 14, 0]
  - Vehicle: 6w | RC: -1598007.79 | Cost: 1992.21 | Route: [0, 11, 21, 19, 2, 8, 18, 7, 26, 12, 9, 22, 13, 5, 3, 20, 14, 0]
  - Vehicle: 6w | RC: -1597953.76 | Cost: 2046.24 | Route: [0, 25, 6, 17, 13, 26, 12, 9, 22, 21, 11, 2, 8, 18, 7, 19, 5, 0]
  - Vehicle: 10w | RC: -1597920.76 | Cost: 2079.24 | Route: [0, 1, 18, 7, 26, 13, 12, 9, 22, 21, 11, 2, 8, 19, 5, 3, 20, 0]
  - Vehicle: 6w | RC: -1597889.35 | Cost: 2110.65 | Route: [0, 24, 25, 6, 17, 13, 26, 12, 9, 22, 21, 11, 2, 8, 18, 7, 1, 0]
  - Vehicle: 10w | RC: -1597802.50 | Cost: 2197.50 | Route: [0, 18, 7, 26, 13, 12, 9, 22, 21, 11, 2, 8, 19, 3, 5, 20, 14, 0]
  - Vehicle: 40ft | RC: -1597762.77 | Cost: 2237.23 | Route: [0, 1, 18, 7, 26, 13, 12, 9, 22, 21, 11, 2, 8, 19, 3, 20, 14, 0]
  - Vehicle: 10w | RC: -1597700.06 | Cost: 2299.94 | Route: [0, 7, 26, 13, 12, 9, 22, 21, 11, 2, 8, 18, 19, 3, 5, 20, 14, 0]
  - Vehicle: 10w | RC: -1597689.92 | Cost: 2310.08 | Route: [0, 9, 22, 12, 13, 26, 7, 18, 8, 2, 11, 21, 19, 3, 5, 20, 14, 0]
  - Vehicle: 10w | RC: -1597673.16 | Cost: 2326.84 | Route: [0, 26, 13, 12, 9, 22, 21, 11, 2, 8, 18, 7, 19, 3, 5, 20, 14, 0]
  - Vehicle: 10w | RC: -1597654.59 | Cost: 2345.41 | Route: [0, 22, 9, 12, 13, 26, 7, 18, 8, 2, 11, 21, 19, 3, 5, 20, 14, 0]
  - Vehicle: 40ft | RC: -1597635.50 | Cost: 2364.50 | Route: [0, 7, 26, 13, 12, 9, 22, 21, 11, 2, 8, 18, 19, 3, 20, 14, 1, 0]
  - Vehicle: 10w | RC: -1597633.01 | Cost: 2366.99 | Route: [0, 13, 12, 9, 22, 21, 11, 2, 8, 18, 7, 26, 19, 3, 5, 20, 14, 0]
  - Vehicle: 40ft | RC: -1597605.60 | Cost: 2394.40 | Route: [0, 26, 13, 12, 9, 22, 21, 11, 2, 8, 18, 7, 19, 3, 20, 14, 1, 0]
  - Vehicle: 10w | RC: -1597575.78 | Cost: 2424.22 | Route: [0, 12, 9, 22, 21, 11, 2, 8, 18, 7, 26, 13, 19, 3, 5, 20, 14, 0]
  - Vehicle: 40ft | RC: -1597560.74 | Cost: 2439.26 | Route: [0, 13, 12, 9, 22, 21, 11, 2, 8, 18, 7, 26, 19, 3, 20, 14, 1, 0]
  - Vehicle: 10w | RC: -1597551.14 | Cost: 2448.86 | Route: [0, 6, 17, 13, 12, 26, 7, 18, 8, 2, 11, 21, 19, 3, 5, 20, 14, 0]
  - Vehicle: 10w | RC: -1597521.28 | Cost: 2478.72 | Route: [0, 17, 6, 13, 12, 26, 7, 18, 8, 2, 11, 21, 19, 3, 5, 20, 14, 0]
  - Vehicle: 40ft | RC: -1597497.14 | Cost: 2502.86 | Route: [0, 12, 9, 22, 21, 11, 2, 8, 18, 7, 26, 13, 19, 3, 20, 14, 1, 0]
  - Vehicle: 10w | RC: -1597490.59 | Cost: 2509.41 | Route: [0, 3, 20, 14, 19, 21, 11, 2, 8, 18, 26, 12, 13, 7, 9, 22, 5, 0]
  - Vehicle: 40ft | RC: -1597468.61 | Cost: 2531.39 | Route: [0, 2, 8, 18, 7, 26, 12, 9, 22, 21, 11, 19, 3, 20, 14, 13, 1, 0]
  - Vehicle: 40ft | RC: -1597462.17 | Cost: 2537.83 | Route: [0, 8, 2, 11, 21, 19, 3, 20, 14, 22, 9, 12, 13, 26, 7, 18, 4, 0]
  - Vehicle: 10w | RC: -1597459.61 | Cost: 2540.39 | Route: [0, 19, 21, 11, 2, 8, 18, 7, 26, 12, 9, 22, 13, 5, 3, 20, 14, 0]
  - Vehicle: 10w | RC: -1597447.02 | Cost: 2552.98 | Route: [0, 11, 21, 19, 2, 8, 18, 7, 26, 12, 9, 22, 13, 5, 3, 20, 14, 0]
  - Vehicle: 10w | RC: -1597377.48 | Cost: 2622.52 | Route: [0, 25, 6, 17, 13, 26, 12, 9, 22, 21, 11, 2, 8, 18, 7, 19, 5, 0]
  - Vehicle: 40ft | RC: -1597350.54 | Cost: 2649.46 | Route: [0, 18, 7, 26, 13, 12, 9, 22, 21, 11, 2, 8, 19, 3, 20, 14, 4, 0]
  - Vehicle: 40ft | RC: -1597344.05 | Cost: 2655.95 | Route: [0, 4, 18, 7, 26, 13, 12, 9, 22, 21, 11, 2, 8, 19, 3, 20, 14, 0]
  - Vehicle: 10w | RC: -1597341.28 | Cost: 2658.72 | Route: [0, 21, 11, 2, 8, 18, 7, 26, 12, 9, 22, 13, 19, 3, 5, 20, 14, 0]
  - Vehicle: 10w | RC: -1597294.80 | Cost: 2705.20 | Route: [0, 24, 25, 6, 17, 13, 26, 12, 9, 22, 21, 11, 2, 8, 18, 7, 1, 0]
  - Vehicle: 40ft | RC: -1597275.79 | Cost: 2724.21 | Route: [0, 6, 17, 13, 12, 26, 7, 18, 8, 2, 11, 21, 19, 3, 20, 14, 9, 0]
  - Vehicle: 40ft | RC: -1597270.25 | Cost: 2729.75 | Route: [0, 3, 20, 14, 19, 21, 11, 2, 8, 18, 26, 12, 13, 7, 9, 22, 17, 0]
  - Vehicle: 40ft | RC: -1597242.23 | Cost: 2757.77 | Route: [0, 17, 6, 13, 12, 26, 7, 18, 8, 2, 11, 21, 19, 3, 20, 14, 9, 0]
  - Vehicle: 40ft | RC: -1597227.29 | Cost: 2772.71 | Route: [0, 19, 21, 11, 2, 8, 18, 7, 26, 12, 9, 22, 13, 17, 6, 4, 15, 0]
  - Vehicle: 40ft | RC: -1597225.74 | Cost: 2774.26 | Route: [0, 9, 22, 12, 13, 26, 7, 18, 8, 2, 11, 21, 19, 3, 20, 14, 4, 0]
  - Vehicle: 40ft | RC: -1597220.99 | Cost: 2779.01 | Route: [0, 14, 20, 3, 19, 21, 11, 2, 8, 18, 26, 12, 13, 7, 9, 22, 17, 0]
  - Vehicle: 40ft | RC: -1597186.54 | Cost: 2813.46 | Route: [0, 22, 9, 12, 13, 26, 7, 18, 8, 2, 11, 21, 19, 3, 20, 14, 4, 0]
  - Vehicle: 40ft | RC: -1597129.18 | Cost: 2870.82 | Route: [0, 10, 3, 19, 21, 11, 2, 8, 18, 26, 13, 12, 9, 22, 7, 4, 15, 0]
  - Vehicle: 40ft | RC: -1596956.43 | Cost: 3043.57 | Route: [0, 21, 11, 2, 8, 18, 7, 26, 12, 9, 22, 13, 19, 3, 20, 14, 10, 0]
  - Vehicle: 40ft | RC: -1596863.93 | Cost: 3136.07 | Route: [0, 25, 6, 17, 13, 26, 12, 9, 22, 21, 11, 2, 8, 18, 7, 19, 3, 0]
  - Vehicle: 40ft | RC: -1596858.63 | Cost: 3141.37 | Route: [0, 24, 25, 6, 17, 13, 26, 12, 9, 22, 21, 11, 19, 2, 8, 18, 7, 0]
  - Vehicle: 4w | RC: -1498433.69 | Cost: 1566.31 | Route: [0, 2, 8, 18, 7, 26, 12, 9, 22, 21, 11, 19, 3, 5, 20, 13, 0]
  - Vehicle: 4w | RC: -1498361.58 | Cost: 1638.42 | Route: [0, 21, 11, 2, 8, 18, 7, 26, 12, 9, 22, 19, 3, 5, 20, 13, 0]
  - Vehicle: 6w | RC: -1498144.21 | Cost: 1855.79 | Route: [0, 2, 8, 18, 7, 26, 12, 9, 22, 21, 11, 19, 3, 5, 20, 13, 0]
  - Vehicle: 10w | RC: -1498103.63 | Cost: 1896.37 | Route: [0, 8, 2, 11, 21, 19, 3, 5, 18, 26, 13, 12, 9, 22, 7, 1, 0]
  - Vehicle: 6w | RC: -1498060.00 | Cost: 1940.00 | Route: [0, 21, 11, 2, 8, 18, 7, 26, 12, 9, 22, 19, 3, 5, 20, 13, 0]
  - Vehicle: 40ft | RC: -1497692.48 | Cost: 2307.52 | Route: [0, 11, 21, 19, 2, 8, 18, 7, 26, 12, 9, 22, 13, 1, 4, 15, 0]
  - Vehicle: 10w | RC: -1497622.10 | Cost: 2377.90 | Route: [0, 2, 8, 18, 7, 26, 12, 9, 22, 21, 11, 19, 3, 5, 20, 13, 0]
  - Vehicle: 4w | RC: -1397493.51 | Cost: 2506.49 | Route: [0, 23, 17, 13, 26, 12, 7, 18, 8, 2, 11, 21, 19, 5, 3, 0]
  - Vehicle: 6w | RC: -1397046.35 | Cost: 2953.65 | Route: [0, 23, 17, 13, 26, 12, 7, 18, 8, 2, 11, 21, 19, 5, 3, 0]
  - Vehicle: 10w | RC: -1396210.86 | Cost: 3789.14 | Route: [0, 23, 17, 13, 26, 12, 7, 18, 8, 2, 11, 21, 19, 5, 3, 0]
  - Vehicle: 40ft | RC: -1395610.81 | Cost: 4389.19 | Route: [0, 23, 17, 13, 26, 12, 7, 18, 8, 2, 11, 21, 19, 3, 10, 0]
  - Vehicle: 4w | RC: -1297250.94 | Cost: 2749.06 | Route: [0, 16, 17, 6, 13, 12, 26, 7, 18, 8, 2, 21, 19, 11, 0]
  - Vehicle: 6w | RC: -1296763.81 | Cost: 3236.19 | Route: [0, 16, 17, 6, 13, 12, 26, 7, 18, 8, 2, 21, 19, 11, 0]
  - Vehicle: 10w | RC: -1295847.46 | Cost: 4152.54 | Route: [0, 16, 17, 6, 13, 12, 26, 7, 18, 8, 2, 21, 19, 11, 0]
  - Vehicle: 40ft | RC: -1295337.70 | Cost: 4662.30 | Route: [0, 16, 17, 6, 13, 12, 26, 7, 18, 8, 2, 21, 19, 11, 0]
  - Vehicle: AUV | RC: -998171.23 | Cost: 1828.77 | Route: [0, 24, 25, 6, 12, 7, 18, 8, 21, 20, 10, 0]
  - Vehicle: AUV | RC: -998161.71 | Cost: 1838.29 | Route: [0, 10, 20, 21, 8, 18, 7, 12, 6, 24, 25, 0]
  - Vehicle: AUV | RC: -998043.47 | Cost: 1956.53 | Route: [0, 12, 7, 18, 8, 21, 20, 10, 6, 24, 25, 0]
  - Vehicle: AUV | RC: -997997.67 | Cost: 2002.33 | Route: [0, 8, 18, 7, 12, 21, 20, 10, 6, 24, 25, 0]
  - Vehicle: AUV | RC: -997995.39 | Cost: 2004.61 | Route: [0, 21, 8, 18, 7, 12, 6, 24, 25, 20, 10, 0]
  - Vehicle: AUV | RC: -997957.57 | Cost: 2042.43 | Route: [0, 18, 8, 21, 12, 7, 20, 10, 6, 24, 25, 0]
  - Vehicle: AUV | RC: -997944.04 | Cost: 2055.96 | Route: [0, 6, 12, 7, 18, 8, 21, 20, 10, 24, 25, 0]
  - Vehicle: AUV | RC: -997843.06 | Cost: 2156.94 | Route: [0, 20, 21, 8, 18, 7, 12, 6, 24, 25, 10, 0]
  - Vehicle: AUV | RC: -898494.40 | Cost: 1505.60 | Route: [0, 25, 6, 12, 7, 18, 8, 21, 20, 10, 0]
  - Vehicle: AUV | RC: -897789.18 | Cost: 2210.82 | Route: [0, 7, 18, 8, 21, 12, 6, 20, 10, 24, 0]
  - Vehicle: AUV | RC: -897424.49 | Cost: 2575.51 | Route: [0, 16, 6, 12, 7, 18, 8, 21, 20, 10, 0]
  - Vehicle: MC | RC: -199729.91 | Cost: 270.09 | Route: [0, 8, 6, 0]
  - Vehicle: MC | RC: -199716.25 | Cost: 283.75 | Route: [0, 6, 8, 0]

[Iteration 2] RMP Objective: 9526.06
[Iteration 2] POMO generated 74 negative RC columns.
[Iteration 2] Adding Columns:
  - Vehicle: 4w | RC: -4505.03 | Cost: 3115.27 | Route: [0, 16, 23, 15, 4, 18, 7, 26, 13, 12, 8, 2, 14, 0]
  - Vehicle: 6w | RC: -3955.73 | Cost: 3664.58 | Route: [0, 16, 23, 15, 4, 18, 7, 26, 13, 12, 8, 2, 14, 0]
  - Vehicle: 10w | RC: -2917.30 | Cost: 4703.00 | Route: [0, 16, 23, 15, 4, 18, 7, 26, 13, 12, 8, 2, 14, 0]
  - Vehicle: 4w | RC: -2486.65 | Cost: 1801.46 | Route: [0, 25, 6, 13, 26, 7, 8, 2, 14, 5, 15, 4, 18, 0]
  - Vehicle: 4w | RC: -2444.94 | Cost: 1843.17 | Route: [0, 6, 25, 17, 13, 26, 7, 8, 2, 14, 5, 15, 4, 18, 0]
  - Vehicle: 4w | RC: -2389.60 | Cost: 2176.57 | Route: [0, 24, 25, 6, 13, 26, 18, 8, 2, 14, 5, 15, 4, 0]
  - Vehicle: 40ft | RC: -2344.60 | Cost: 5275.70 | Route: [0, 16, 23, 15, 4, 18, 7, 26, 13, 12, 8, 2, 14, 0]
  - Vehicle: 6w | RC: -2269.64 | Cost: 3032.50 | Route: [0, 23, 25, 6, 13, 26, 7, 18, 8, 2, 14, 5, 19, 0]
  - Vehicle: 6w | RC: -2158.96 | Cost: 2129.15 | Route: [0, 25, 6, 13, 26, 7, 8, 2, 14, 5, 15, 4, 18, 0]
  - Vehicle: 6w | RC: -2108.96 | Cost: 2179.15 | Route: [0, 6, 25, 17, 13, 26, 7, 8, 2, 14, 5, 15, 4, 18, 0]
  - Vehicle: AUV | RC: -2004.11 | Cost: 2077.00 | Route: [0, 16, 25, 6, 7, 18, 8, 0]
  - Vehicle: 6w | RC: -1996.45 | Cost: 2569.72 | Route: [0, 24, 25, 6, 13, 26, 7, 18, 8, 2, 14, 5, 15, 4, 0]
  - Vehicle: 4w | RC: -1629.19 | Cost: 1153.32 | Route: [0, 26, 7, 18, 8, 2, 14, 5, 15, 4, 0]
  - Vehicle: 4w | RC: -1616.29 | Cost: 1166.22 | Route: [0, 13, 26, 7, 18, 8, 2, 14, 5, 15, 4, 0]
  - Vehicle: 10w | RC: -1558.47 | Cost: 2729.64 | Route: [0, 25, 6, 13, 26, 7, 8, 2, 14, 5, 15, 4, 18, 0]
  - Vehicle: 4w | RC: -1551.14 | Cost: 1231.37 | Route: [0, 12, 26, 7, 18, 8, 2, 14, 5, 15, 4, 0]
  - Vehicle: 10w | RC: -1494.57 | Cost: 2793.53 | Route: [0, 6, 25, 17, 13, 26, 7, 8, 2, 14, 5, 15, 4, 18, 0]
  - Vehicle: 4w | RC: -1465.98 | Cost: 1316.52 | Route: [0, 15, 4, 18, 8, 2, 14, 5, 19, 11, 26, 13, 12, 7, 0]
  - Vehicle: 4w | RC: -1450.22 | Cost: 1332.29 | Route: [0, 4, 15, 5, 14, 19, 2, 8, 18, 7, 26, 13, 12, 0]
  - Vehicle: 10w | RC: -1411.40 | Cost: 3890.74 | Route: [0, 23, 25, 6, 13, 26, 7, 18, 8, 2, 14, 5, 19, 0]
  - Vehicle: 6w | RC: -1397.35 | Cost: 1385.15 | Route: [0, 13, 26, 7, 18, 8, 2, 14, 5, 15, 4, 0]
  - Vehicle: 4w | RC: -1388.32 | Cost: 1394.19 | Route: [0, 9, 12, 26, 7, 18, 8, 2, 14, 5, 15, 4, 0]
  - Vehicle: 6w | RC: -1321.23 | Cost: 1461.28 | Route: [0, 12, 26, 7, 18, 8, 2, 14, 5, 15, 4, 0]
  - Vehicle: 4w | RC: -1317.39 | Cost: 1465.12 | Route: [0, 22, 9, 12, 26, 7, 18, 8, 2, 14, 5, 15, 4, 0]
  - Vehicle: 10w | RC: -1270.48 | Cost: 3295.69 | Route: [0, 24, 25, 6, 13, 26, 7, 18, 8, 2, 14, 5, 15, 4, 0]
  - Vehicle: 4w | RC: -1241.61 | Cost: 1540.90 | Route: [0, 11, 2, 8, 5, 14, 19, 21, 26, 7, 18, 15, 4, 13, 0]
  - Vehicle: 6w | RC: -1220.07 | Cost: 1562.44 | Route: [0, 15, 4, 18, 8, 2, 14, 5, 19, 11, 26, 13, 12, 7, 0]
  - Vehicle: 6w | RC: -1212.88 | Cost: 1569.62 | Route: [0, 4, 15, 18, 8, 2, 14, 5, 19, 11, 26, 13, 12, 7, 0]
  - Vehicle: 6w | RC: -1163.22 | Cost: 1619.28 | Route: [0, 26, 7, 18, 8, 2, 14, 5, 15, 4, 13, 12, 0]
  - Vehicle: 6w | RC: -1130.39 | Cost: 1652.12 | Route: [0, 9, 12, 26, 7, 18, 8, 2, 14, 5, 15, 4, 0]
  - Vehicle: 10w | RC: -1008.61 | Cost: 1773.90 | Route: [0, 13, 26, 7, 18, 8, 2, 14, 5, 15, 4, 0]
  - Vehicle: 6w | RC: -1008.00 | Cost: 1774.51 | Route: [0, 22, 9, 12, 26, 7, 18, 8, 2, 14, 5, 15, 4, 1, 0]
  - Vehicle: 6w | RC: -957.29 | Cost: 1825.22 | Route: [0, 11, 2, 8, 5, 14, 19, 21, 26, 7, 18, 15, 4, 13, 0]
  - Vehicle: 4w | RC: -910.78 | Cost: 1473.61 | Route: [0, 23, 0]
  - Vehicle: 10w | RC: -910.77 | Cost: 1871.74 | Route: [0, 12, 26, 7, 18, 8, 2, 14, 5, 15, 4, 0]
  - Vehicle: AUV | RC: -909.44 | Cost: 596.16 | Route: [0, 25, 6, 0]
  - Vehicle: 40ft | RC: -892.39 | Cost: 4287.65 | Route: [0, 23, 25, 6, 13, 26, 7, 18, 8, 2, 14, 19, 0]
  - Vehicle: 40ft | RC: -844.90 | Cost: 3120.88 | Route: [0, 6, 25, 17, 13, 26, 7, 8, 2, 14, 19, 11, 18, 15, 0]
  - Vehicle: AUV | RC: -795.86 | Cost: 987.80 | Route: [0, 6, 25, 24, 12, 0]
  - Vehicle: 10w | RC: -781.22 | Cost: 2001.28 | Route: [0, 15, 4, 18, 8, 2, 14, 5, 19, 11, 26, 13, 12, 7, 0]
  - Vehicle: 10w | RC: -771.99 | Cost: 2010.52 | Route: [0, 4, 15, 18, 8, 2, 14, 5, 19, 11, 26, 13, 12, 7, 0]
  - Vehicle: 40ft | RC: -742.08 | Cost: 3701.98 | Route: [0, 24, 25, 6, 13, 26, 7, 18, 8, 2, 14, 19, 15, 4, 0]
  - Vehicle: AUV | RC: -724.98 | Cost: 1058.68 | Route: [0, 24, 25, 6, 12, 0]
  - Vehicle: 10w | RC: -707.96 | Cost: 2074.55 | Route: [0, 26, 7, 18, 8, 2, 14, 5, 15, 4, 13, 12, 0]
  - Vehicle: 10w | RC: -665.66 | Cost: 2116.85 | Route: [0, 9, 12, 26, 7, 18, 8, 2, 14, 5, 15, 4, 0]
  - Vehicle: 40ft | RC: -617.68 | Cost: 2042.73 | Route: [0, 15, 4, 18, 8, 2, 14, 19, 11, 26, 13, 7, 0]
  - Vehicle: 40ft | RC: -607.41 | Cost: 2052.99 | Route: [0, 4, 15, 18, 8, 2, 14, 19, 11, 26, 13, 7, 0]
  - Vehicle: 10w | RC: -509.00 | Cost: 2273.51 | Route: [0, 22, 9, 12, 26, 7, 18, 8, 2, 14, 5, 15, 4, 1, 0]
  - Vehicle: 4w | RC: -471.33 | Cost: 940.82 | Route: [0, 18, 8, 2, 14, 5, 19, 11, 7, 26, 13, 0]
  - Vehicle: 4w | RC: -458.86 | Cost: 953.29 | Route: [0, 1, 18, 8, 2, 14, 5, 19, 11, 7, 26, 13, 0]
  - Vehicle: 10w | RC: -443.66 | Cost: 2338.85 | Route: [0, 11, 2, 8, 5, 14, 19, 21, 26, 7, 18, 15, 4, 13, 0]
  - Vehicle: 4w | RC: -439.63 | Cost: 972.52 | Route: [0, 7, 18, 8, 2, 14, 5, 19, 11, 26, 13, 0]
  - Vehicle: 4w | RC: -398.18 | Cost: 1013.98 | Route: [0, 14, 5, 2, 8, 18, 7, 26, 13, 12, 0]
  - Vehicle: 4w | RC: -367.93 | Cost: 1044.22 | Route: [0, 3, 14, 5, 2, 8, 18, 7, 26, 13, 12, 0]
  - Vehicle: 4w | RC: -364.13 | Cost: 1048.02 | Route: [0, 8, 2, 5, 14, 19, 11, 18, 7, 26, 13, 0]
  - Vehicle: 4w | RC: -362.87 | Cost: 1049.29 | Route: [0, 20, 14, 5, 2, 8, 18, 7, 26, 13, 12, 0]
  - Vehicle: 4w | RC: -357.34 | Cost: 1054.81 | Route: [0, 19, 14, 5, 8, 2, 18, 7, 26, 13, 12, 0]
  - Vehicle: 4w | RC: -348.34 | Cost: 1063.81 | Route: [0, 2, 8, 5, 14, 19, 11, 18, 7, 26, 13, 0]
  - Vehicle: 4w | RC: -332.07 | Cost: 1080.09 | Route: [0, 5, 14, 19, 2, 8, 18, 7, 26, 13, 12, 0]
  - Vehicle: 4w | RC: -311.78 | Cost: 1100.37 | Route: [0, 21, 14, 5, 8, 2, 18, 7, 26, 13, 12, 0]
  - Vehicle: 6w | RC: -274.79 | Cost: 1137.37 | Route: [0, 1, 18, 8, 2, 14, 5, 19, 11, 7, 26, 13, 0]
  - Vehicle: 6w | RC: -253.91 | Cost: 1158.24 | Route: [0, 7, 18, 8, 2, 14, 5, 19, 11, 26, 13, 0]
  - Vehicle: 40ft | RC: -213.08 | Cost: 2582.57 | Route: [0, 25, 6, 13, 26, 7, 8, 2, 14, 19, 11, 0]
  - Vehicle: 4w | RC: -207.56 | Cost: 1204.60 | Route: [0, 17, 13, 26, 7, 18, 8, 2, 14, 5, 19, 11, 0]
  - Vehicle: 6w | RC: -207.12 | Cost: 1205.04 | Route: [0, 14, 5, 2, 8, 18, 7, 26, 13, 12, 0]
  - Vehicle: 6w | RC: -200.93 | Cost: 1211.23 | Route: [0, 18, 8, 2, 14, 5, 19, 11, 7, 26, 13, 12, 0]
  - Vehicle: 6w | RC: -170.93 | Cost: 1241.23 | Route: [0, 3, 14, 5, 2, 8, 18, 7, 26, 13, 12, 0]
  - Vehicle: 6w | RC: -165.34 | Cost: 1246.82 | Route: [0, 20, 14, 5, 2, 8, 18, 7, 26, 13, 12, 0]
  - Vehicle: 6w | RC: -158.20 | Cost: 1253.95 | Route: [0, 19, 14, 5, 8, 2, 18, 7, 26, 13, 12, 0]
  - Vehicle: 4w | RC: -147.63 | Cost: 1264.52 | Route: [0, 10, 14, 5, 2, 8, 18, 7, 26, 13, 12, 0]
  - Vehicle: 6w | RC: -128.74 | Cost: 1283.41 | Route: [0, 5, 14, 19, 2, 8, 18, 7, 26, 13, 12, 0]
  - Vehicle: 6w | RC: -104.86 | Cost: 1307.30 | Route: [0, 21, 14, 5, 8, 2, 18, 7, 26, 13, 12, 0]
  - Vehicle: 6w | RC: -75.65 | Cost: 1336.50 | Route: [0, 8, 2, 5, 14, 19, 11, 18, 7, 26, 13, 12, 0]
  - Vehicle: 6w | RC: -57.21 | Cost: 1354.95 | Route: [0, 2, 8, 5, 14, 19, 11, 18, 7, 26, 13, 12, 0]

[Iteration 3] RMP Objective: 6599.37
[Iteration 3] POMO generated 107 negative RC columns.
[Iteration 3] Adding Columns:
  - Vehicle: 4w | RC: -2504.40 | Cost: 2923.40 | Route: [0, 16, 23, 17, 1, 18, 7, 26, 13, 3, 10, 0]
  - Vehicle: 6w | RC: -1988.24 | Cost: 3439.57 | Route: [0, 16, 23, 17, 1, 18, 7, 26, 13, 3, 10, 0]
  - Vehicle: 4w | RC: -1582.22 | Cost: 2182.42 | Route: [0, 25, 24, 17, 13, 26, 8, 3, 10, 14, 19, 2, 1, 0]
  - Vehicle: 4w | RC: -1572.33 | Cost: 2192.31 | Route: [0, 24, 17, 13, 26, 8, 3, 10, 14, 19, 2, 1, 18, 0]
  - Vehicle: 4w | RC: -1499.40 | Cost: 2640.54 | Route: [0, 23, 6, 17, 13, 26, 8, 3, 10, 14, 19, 2, 1, 0]
  - Vehicle: 4w | RC: -1489.93 | Cost: 1429.92 | Route: [0, 1, 18, 8, 3, 10, 14, 19, 2, 7, 26, 17, 0]
  - Vehicle: 4w | RC: -1447.53 | Cost: 1472.32 | Route: [0, 17, 13, 26, 8, 3, 10, 14, 19, 2, 18, 1, 0]
  - Vehicle: 4w | RC: -1378.23 | Cost: 1541.62 | Route: [0, 7, 8, 3, 10, 14, 19, 2, 18, 1, 26, 17, 0]
  - Vehicle: 4w | RC: -1329.00 | Cost: 1590.85 | Route: [0, 13, 26, 8, 3, 10, 14, 19, 2, 18, 7, 1, 17, 0]
  - Vehicle: 4w | RC: -1317.49 | Cost: 1602.36 | Route: [0, 6, 17, 13, 26, 8, 3, 10, 14, 19, 2, 1, 18, 0]
  - Vehicle: 4w | RC: -1229.87 | Cost: 1689.98 | Route: [0, 15, 10, 3, 14, 19, 2, 8, 18, 1, 7, 17, 13, 0]
  - Vehicle: 6w | RC: -1224.44 | Cost: 1695.40 | Route: [0, 1, 18, 8, 3, 10, 14, 19, 2, 7, 26, 17, 0]
  - Vehicle: 4w | RC: -1219.09 | Cost: 1700.75 | Route: [0, 4, 10, 3, 14, 19, 2, 8, 18, 1, 7, 17, 13, 0]
  - Vehicle: 6w | RC: -1188.82 | Cost: 2575.82 | Route: [0, 25, 24, 17, 13, 26, 8, 3, 10, 14, 19, 2, 1, 0]
  - Vehicle: 6w | RC: -1180.05 | Cost: 1739.80 | Route: [0, 14, 3, 10, 5, 2, 8, 18, 1, 7, 26, 13, 17, 0]
  - Vehicle: 6w | RC: -1178.07 | Cost: 2586.57 | Route: [0, 24, 17, 13, 26, 8, 3, 10, 14, 19, 2, 1, 18, 0]
  - Vehicle: 6w | RC: -1164.80 | Cost: 1755.05 | Route: [0, 10, 3, 14, 19, 2, 8, 18, 1, 7, 26, 13, 17, 0]
  - Vehicle: 4w | RC: -1141.19 | Cost: 2254.52 | Route: [0, 9, 24, 17, 13, 26, 8, 3, 10, 14, 19, 2, 0]
  - Vehicle: 6w | RC: -1125.01 | Cost: 1794.84 | Route: [0, 17, 13, 26, 8, 3, 10, 14, 19, 2, 1, 18, 0]
  - Vehicle: 4w | RC: -1123.97 | Cost: 1426.95 | Route: [0, 18, 8, 3, 10, 14, 19, 2, 7, 26, 13, 17, 0]
  - Vehicle: 4w | RC: -1123.22 | Cost: 1450.82 | Route: [0, 20, 14, 3, 10, 5, 2, 8, 18, 7, 26, 13, 12, 17, 0]
  - Vehicle: 4w | RC: -1122.35 | Cost: 1428.58 | Route: [0, 10, 3, 14, 19, 2, 8, 18, 7, 26, 13, 12, 17, 0]
  - Vehicle: 6w | RC: -1104.51 | Cost: 1815.34 | Route: [0, 13, 26, 8, 3, 10, 14, 19, 2, 18, 1, 17, 0]
  - Vehicle: 6w | RC: -1104.30 | Cost: 1815.54 | Route: [0, 3, 10, 14, 19, 2, 8, 18, 1, 7, 26, 13, 17, 0]
  - Vehicle: 6w | RC: -1093.82 | Cost: 1826.02 | Route: [0, 7, 8, 3, 10, 14, 19, 2, 18, 1, 26, 17, 0]
  - Vehicle: 6w | RC: -1090.39 | Cost: 1829.46 | Route: [0, 5, 10, 3, 14, 19, 2, 8, 18, 1, 7, 26, 17, 0]
  - Vehicle: 4w | RC: -1086.88 | Cost: 1464.04 | Route: [0, 5, 10, 3, 14, 19, 2, 8, 18, 7, 26, 13, 17, 0]
  - Vehicle: 6w | RC: -1084.68 | Cost: 1835.17 | Route: [0, 8, 3, 10, 14, 19, 2, 18, 1, 7, 26, 17, 0]
  - Vehicle: 4w | RC: -1084.56 | Cost: 2311.15 | Route: [0, 22, 24, 17, 13, 26, 8, 3, 10, 14, 19, 2, 0]
  - Vehicle: 4w | RC: -1081.90 | Cost: 1469.02 | Route: [0, 8, 3, 10, 14, 19, 2, 18, 7, 26, 13, 17, 0]
  - Vehicle: 4w | RC: -1070.95 | Cost: 1479.98 | Route: [0, 3, 10, 14, 19, 2, 8, 18, 7, 26, 13, 12, 17, 0]
  - Vehicle: 6w | RC: -1069.76 | Cost: 1850.09 | Route: [0, 2, 3, 10, 14, 19, 8, 18, 1, 7, 26, 17, 0]
  - Vehicle: 4w | RC: -1069.12 | Cost: 1481.80 | Route: [0, 2, 3, 10, 14, 19, 8, 18, 7, 26, 13, 17, 0]
  - Vehicle: 4w | RC: -1055.48 | Cost: 1495.44 | Route: [0, 11, 3, 10, 14, 19, 2, 8, 18, 7, 26, 13, 17, 0]
  - Vehicle: 6w | RC: -1053.19 | Cost: 1866.66 | Route: [0, 11, 3, 10, 14, 19, 2, 8, 18, 1, 7, 26, 17, 0]
  - Vehicle: 6w | RC: -1049.37 | Cost: 1893.59 | Route: [0, 20, 14, 3, 10, 5, 2, 8, 18, 1, 7, 26, 17, 13, 0]
  - Vehicle: 6w | RC: -1043.58 | Cost: 1876.26 | Route: [0, 26, 8, 3, 10, 14, 19, 2, 18, 1, 7, 17, 0]
  - Vehicle: 4w | RC: -1031.69 | Cost: 1519.23 | Route: [0, 26, 8, 3, 10, 14, 19, 2, 18, 7, 13, 17, 0]
  - Vehicle: 6w | RC: -1022.78 | Cost: 1897.06 | Route: [0, 6, 17, 13, 26, 8, 3, 10, 14, 19, 2, 1, 18, 0]
  - Vehicle: 10w | RC: -1013.77 | Cost: 4414.03 | Route: [0, 16, 23, 17, 1, 18, 7, 26, 13, 3, 10, 0]
  - Vehicle: 4w | RC: -1012.57 | Cost: 1538.36 | Route: [0, 21, 3, 10, 14, 19, 2, 8, 18, 7, 26, 13, 17, 0]
  - Vehicle: 4w | RC: -1012.03 | Cost: 1538.89 | Route: [0, 19, 3, 10, 14, 5, 2, 8, 18, 7, 26, 13, 17, 0]
  - Vehicle: 4w | RC: -953.65 | Cost: 1597.28 | Route: [0, 12, 26, 8, 3, 10, 14, 19, 2, 18, 7, 13, 17, 0]
  - Vehicle: 6w | RC: -951.78 | Cost: 1968.07 | Route: [0, 12, 26, 8, 3, 10, 14, 19, 2, 18, 1, 7, 17, 0]
  - Vehicle: 6w | RC: -919.72 | Cost: 2000.13 | Route: [0, 15, 10, 3, 14, 19, 2, 8, 18, 1, 7, 17, 13, 0]
  - Vehicle: 6w | RC: -907.42 | Cost: 2012.43 | Route: [0, 4, 10, 3, 14, 19, 2, 8, 18, 1, 7, 17, 13, 0]
  - Vehicle: 6w | RC: -879.59 | Cost: 2040.26 | Route: [0, 21, 3, 10, 14, 19, 2, 8, 18, 1, 7, 26, 17, 13, 0]
  - Vehicle: 6w | RC: -867.20 | Cost: 2052.65 | Route: [0, 19, 3, 10, 14, 21, 2, 8, 18, 1, 7, 26, 17, 13, 0]
  - Vehicle: 6w | RC: -860.10 | Cost: 1690.82 | Route: [0, 18, 8, 3, 10, 14, 19, 2, 7, 26, 13, 17, 0]
  - Vehicle: 10w | RC: -747.81 | Cost: 2172.04 | Route: [0, 1, 18, 8, 3, 10, 14, 19, 2, 7, 26, 17, 0]
  - Vehicle: 4w | RC: -742.27 | Cost: 1238.71 | Route: [0, 14, 3, 10, 5, 2, 8, 18, 7, 26, 13, 12, 0]
  - Vehicle: 6w | RC: -736.64 | Cost: 2659.07 | Route: [0, 9, 24, 17, 13, 26, 8, 3, 10, 14, 19, 2, 0]
  - Vehicle: 10w | RC: -690.57 | Cost: 2229.28 | Route: [0, 14, 3, 10, 5, 2, 8, 18, 1, 7, 26, 13, 17, 0]
  - Vehicle: 6w | RC: -673.38 | Cost: 3097.64 | Route: [0, 23, 17, 13, 26, 7, 8, 3, 10, 14, 19, 2, 18, 0]
  - Vehicle: 10w | RC: -670.96 | Cost: 2248.89 | Route: [0, 10, 3, 14, 19, 2, 8, 18, 1, 7, 26, 13, 17, 0]
  - Vehicle: 6w | RC: -670.32 | Cost: 2725.39 | Route: [0, 22, 24, 17, 13, 26, 8, 3, 10, 14, 19, 2, 0]
  - Vehicle: AUV | RC: -658.53 | Cost: 2738.64 | Route: [0, 16, 24, 12, 7, 18, 10, 8, 0]
  - Vehicle: 10w | RC: -619.89 | Cost: 2299.96 | Route: [0, 17, 13, 26, 8, 3, 10, 14, 19, 2, 1, 18, 0]
  - Vehicle: 10w | RC: -610.91 | Cost: 2308.93 | Route: [0, 26, 7, 8, 3, 10, 14, 19, 2, 18, 1, 17, 0]
  - Vehicle: 10w | RC: -593.63 | Cost: 2326.21 | Route: [0, 13, 26, 8, 3, 10, 14, 19, 2, 18, 1, 17, 0]
  - Vehicle: 10w | RC: -593.33 | Cost: 2326.51 | Route: [0, 3, 10, 14, 19, 2, 8, 18, 1, 7, 26, 13, 17, 0]
  - Vehicle: 10w | RC: -579.95 | Cost: 2339.90 | Route: [0, 7, 8, 3, 10, 14, 19, 2, 18, 1, 26, 17, 0]
  - Vehicle: 10w | RC: -575.51 | Cost: 2344.34 | Route: [0, 5, 10, 3, 14, 19, 2, 8, 18, 1, 7, 26, 17, 0]
  - Vehicle: 10w | RC: -568.14 | Cost: 2351.71 | Route: [0, 8, 3, 10, 14, 19, 2, 18, 1, 7, 26, 17, 0]
  - Vehicle: 10w | RC: -548.96 | Cost: 2370.88 | Route: [0, 2, 3, 10, 14, 19, 8, 18, 1, 7, 26, 17, 0]
  - Vehicle: 10w | RC: -527.85 | Cost: 2392.00 | Route: [0, 11, 3, 10, 14, 19, 2, 8, 18, 1, 7, 26, 17, 0]
  - Vehicle: 10w | RC: -516.23 | Cost: 2426.73 | Route: [0, 20, 14, 3, 10, 5, 2, 8, 18, 1, 7, 26, 17, 13, 0]
  - Vehicle: 10w | RC: -488.66 | Cost: 2431.18 | Route: [0, 6, 17, 13, 26, 8, 3, 10, 14, 19, 2, 1, 18, 0]
  - Vehicle: 10w | RC: -461.34 | Cost: 3303.29 | Route: [0, 25, 24, 17, 13, 26, 8, 3, 10, 14, 19, 2, 1, 0]
  - Vehicle: 40ft | RC: -460.88 | Cost: 2458.97 | Route: [0, 1, 18, 8, 3, 10, 14, 19, 2, 7, 26, 17, 0]
  - Vehicle: 40ft | RC: -451.08 | Cost: 2491.88 | Route: [0, 20, 14, 3, 10, 2, 8, 18, 1, 7, 26, 13, 17, 0]
  - Vehicle: 10w | RC: -447.30 | Cost: 3317.34 | Route: [0, 24, 17, 13, 26, 8, 3, 10, 14, 19, 2, 1, 18, 0]
  - Vehicle: AUV | RC: -438.42 | Cost: 1367.24 | Route: [0, 24, 12, 7, 8, 10, 0]
  - Vehicle: 40ft | RC: -424.65 | Cost: 2495.20 | Route: [0, 14, 3, 10, 2, 8, 18, 1, 7, 26, 13, 12, 17, 0]
  - Vehicle: AUV | RC: -402.43 | Cost: 1403.23 | Route: [0, 6, 24, 12, 7, 8, 10, 0]
  - Vehicle: 10w | RC: -397.56 | Cost: 2522.28 | Route: [0, 12, 26, 8, 3, 10, 14, 19, 2, 18, 1, 7, 17, 0]
  - Vehicle: 10w | RC: -384.45 | Cost: 2166.47 | Route: [0, 18, 8, 3, 10, 14, 19, 2, 7, 26, 13, 17, 0]
  - Vehicle: 40ft | RC: -383.35 | Cost: 5348.11 | Route: [0, 16, 23, 17, 1, 18, 7, 26, 3, 10, 14, 0]
  - Vehicle: 40ft | RC: -376.34 | Cost: 2543.51 | Route: [0, 10, 3, 14, 19, 2, 8, 18, 1, 7, 26, 13, 17, 0]
  - Vehicle: 10w | RC: -356.39 | Cost: 2563.45 | Route: [0, 15, 10, 3, 14, 19, 2, 8, 18, 1, 7, 17, 13, 0]
  - Vehicle: AUV | RC: -342.33 | Cost: 618.53 | Route: [0, 8, 10, 0]
  - Vehicle: 10w | RC: -340.50 | Cost: 2579.34 | Route: [0, 4, 10, 3, 14, 19, 2, 8, 18, 1, 7, 17, 13, 0]
  - Vehicle: AUV | RC: -339.49 | Cost: 621.38 | Route: [0, 18, 8, 10, 0]
  - Vehicle: AUV | RC: -336.76 | Cost: 624.11 | Route: [0, 7, 8, 10, 0]
  - Vehicle: 40ft | RC: -319.13 | Cost: 2600.72 | Route: [0, 17, 13, 26, 8, 3, 10, 14, 19, 2, 1, 18, 0]
  - Vehicle: AUV | RC: -316.09 | Cost: 644.77 | Route: [0, 10, 8, 18, 0]
  - Vehicle: 40ft | RC: -308.55 | Cost: 2611.30 | Route: [0, 26, 7, 8, 3, 10, 14, 19, 2, 18, 1, 17, 0]
  - Vehicle: 10w | RC: -304.88 | Cost: 2614.96 | Route: [0, 21, 3, 10, 14, 19, 2, 8, 18, 1, 7, 26, 17, 13, 0]
  - Vehicle: 40ft | RC: -289.42 | Cost: 2630.43 | Route: [0, 13, 26, 8, 3, 10, 14, 19, 2, 18, 1, 17, 0]
  - Vehicle: 40ft | RC: -289.27 | Cost: 2630.58 | Route: [0, 3, 10, 14, 19, 2, 8, 18, 1, 7, 26, 13, 17, 0]
  - Vehicle: 10w | RC: -288.97 | Cost: 2630.88 | Route: [0, 19, 3, 10, 14, 21, 2, 8, 18, 1, 7, 26, 17, 13, 0]
  - Vehicle: 40ft | RC: -273.90 | Cost: 2645.95 | Route: [0, 7, 8, 3, 10, 14, 19, 2, 18, 1, 26, 17, 0]
  - Vehicle: AUV | RC: -273.23 | Cost: 1532.43 | Route: [0, 25, 24, 6, 12, 7, 8, 10, 0]
  - Vehicle: 40ft | RC: -261.06 | Cost: 2658.79 | Route: [0, 8, 3, 10, 14, 19, 2, 18, 1, 7, 26, 17, 0]
  - Vehicle: 40ft | RC: -239.74 | Cost: 2680.11 | Route: [0, 2, 3, 10, 14, 19, 8, 18, 1, 7, 26, 17, 0]
  - Vehicle: AUV | RC: -227.70 | Cost: 733.17 | Route: [0, 12, 7, 8, 10, 0]
  - Vehicle: AUV | RC: -214.72 | Cost: 746.15 | Route: [0, 21, 8, 10, 0]
  - Vehicle: 40ft | RC: -180.52 | Cost: 2739.33 | Route: [0, 12, 26, 8, 3, 10, 14, 19, 2, 18, 1, 17, 0]
  - Vehicle: 40ft | RC: -172.20 | Cost: 2747.64 | Route: [0, 6, 17, 13, 26, 8, 3, 10, 14, 19, 2, 1, 18, 0]
  - Vehicle: AUV | RC: -137.10 | Cost: 846.88 | Route: [0, 20, 10, 8, 18, 0]
  - Vehicle: 40ft | RC: -99.89 | Cost: 2451.04 | Route: [0, 18, 8, 3, 10, 14, 19, 2, 7, 26, 13, 17, 0]
  - Vehicle: 40ft | RC: -82.47 | Cost: 2837.38 | Route: [0, 11, 3, 10, 14, 19, 2, 8, 18, 1, 7, 17, 13, 0]
  - Vehicle: 40ft | RC: -44.83 | Cost: 3719.81 | Route: [0, 25, 24, 17, 13, 26, 8, 3, 10, 14, 19, 2, 1, 0]
  - Vehicle: 40ft | RC: -30.46 | Cost: 3734.17 | Route: [0, 24, 17, 13, 26, 8, 3, 10, 14, 19, 2, 1, 18, 0]
  - Vehicle: 40ft | RC: -23.92 | Cost: 2895.93 | Route: [0, 15, 10, 3, 14, 19, 2, 8, 18, 1, 7, 17, 13, 0]
  - Vehicle: 40ft | RC: -11.27 | Cost: 2908.58 | Route: [0, 21, 3, 10, 14, 19, 2, 8, 18, 1, 7, 17, 13, 0]
  - Vehicle: 40ft | RC: -6.69 | Cost: 2913.16 | Route: [0, 4, 10, 3, 14, 19, 2, 8, 18, 1, 7, 17, 13, 0]

[Iteration 4] RMP Objective: 5891.24
[Iteration 4] POMO generated 9 negative RC columns.
[Iteration 4] Adding Columns:
  - Vehicle: 4w | RC: -334.96 | Cost: 1466.97 | Route: [0, 10, 20, 14, 19, 11, 2, 8, 18, 7, 26, 13, 9, 12, 0]
  - Vehicle: 4w | RC: -155.23 | Cost: 1234.79 | Route: [0, 14, 20, 19, 11, 2, 8, 18, 7, 26, 13, 9, 12, 0]
  - Vehicle: 4w | RC: -152.89 | Cost: 1237.13 | Route: [0, 20, 14, 19, 11, 2, 8, 18, 7, 26, 13, 9, 12, 0]
  - Vehicle: 4w | RC: -143.36 | Cost: 1246.67 | Route: [0, 3, 20, 14, 19, 11, 2, 8, 18, 7, 26, 13, 9, 12, 0]
  - Vehicle: 4w | RC: -79.29 | Cost: 877.06 | Route: [0, 15, 4, 18, 8, 11, 19, 2, 7, 26, 13, 0]
  - Vehicle: 4w | RC: -73.14 | Cost: 883.21 | Route: [0, 4, 15, 18, 8, 11, 19, 2, 7, 26, 13, 0]
  - Vehicle: 6w | RC: -64.35 | Cost: 1737.58 | Route: [0, 10, 20, 14, 19, 11, 2, 8, 18, 7, 26, 13, 9, 12, 0]
  - Vehicle: 4w | RC: -61.88 | Cost: 1638.66 | Route: [0, 24, 25, 6, 17, 13, 26, 11, 19, 2, 8, 18, 7, 0]
  - Vehicle: 4w | RC: -21.35 | Cost: 1514.16 | Route: [0, 25, 24, 9, 11, 19, 2, 8, 18, 7, 26, 0]

[Iteration 5] RMP Objective: 5891.24
[Iteration 5] POMO generated 63 negative RC columns.
[Iteration 5] Adding Columns:
  - Vehicle: 4w | RC: -1424.24 | Cost: 3132.16 | Route: [0, 16, 23, 17, 6, 22, 19, 14, 20, 11, 15, 0]
  - Vehicle: 4w | RC: -1342.15 | Cost: 2239.66 | Route: [0, 15, 4, 10, 20, 14, 19, 11, 22, 12, 17, 6, 24, 0]
  - Vehicle: 4w | RC: -1339.43 | Cost: 2242.38 | Route: [0, 4, 15, 10, 20, 14, 19, 11, 22, 12, 17, 6, 24, 0]
  - Vehicle: 4w | RC: -1281.71 | Cost: 1699.61 | Route: [0, 13, 22, 11, 19, 14, 20, 10, 15, 4, 17, 6, 0]
  - Vehicle: 4w | RC: -1275.57 | Cost: 2306.24 | Route: [0, 9, 22, 11, 19, 14, 20, 10, 15, 4, 17, 6, 24, 0]
  - Vehicle: 4w | RC: -1275.22 | Cost: 1706.10 | Route: [0, 12, 22, 11, 19, 14, 20, 10, 15, 4, 17, 6, 0]
  - Vehicle: 4w | RC: -1207.48 | Cost: 1773.85 | Route: [0, 6, 17, 13, 22, 11, 19, 14, 20, 10, 15, 4, 18, 7, 0]
  - Vehicle: 4w | RC: -1199.12 | Cost: 1782.21 | Route: [0, 17, 6, 13, 22, 11, 19, 14, 20, 10, 15, 4, 18, 1, 0]
  - Vehicle: 4w | RC: -1194.36 | Cost: 2387.45 | Route: [0, 22, 11, 19, 14, 20, 10, 15, 4, 18, 17, 6, 24, 0]
  - Vehicle: 4w | RC: -1139.74 | Cost: 2364.07 | Route: [0, 24, 25, 6, 17, 13, 22, 11, 19, 14, 20, 10, 15, 0]
  - Vehicle: 4w | RC: -1047.98 | Cost: 2786.26 | Route: [0, 23, 6, 17, 13, 22, 11, 19, 14, 20, 10, 15, 0]
  - Vehicle: 4w | RC: -1045.43 | Cost: 1547.54 | Route: [0, 1, 18, 11, 19, 14, 20, 10, 15, 4, 17, 6, 0]
  - Vehicle: 6w | RC: -970.86 | Cost: 2010.46 | Route: [0, 13, 22, 11, 19, 14, 20, 10, 15, 4, 17, 6, 0]
  - Vehicle: 6w | RC: -963.41 | Cost: 2017.91 | Route: [0, 12, 22, 11, 19, 14, 20, 10, 15, 4, 17, 6, 0]
  - Vehicle: 6w | RC: -938.96 | Cost: 2642.85 | Route: [0, 15, 4, 10, 20, 14, 19, 11, 22, 12, 17, 6, 24, 0]
  - Vehicle: 6w | RC: -935.80 | Cost: 2646.01 | Route: [0, 4, 15, 10, 20, 14, 19, 11, 22, 12, 17, 6, 24, 0]
  - Vehicle: 4w | RC: -927.43 | Cost: 1486.01 | Route: [0, 10, 20, 14, 19, 11, 22, 12, 17, 6, 0]
  - Vehicle: 4w | RC: -907.43 | Cost: 2228.71 | Route: [0, 25, 24, 6, 17, 13, 22, 11, 19, 14, 20, 10, 5, 0]
  - Vehicle: 6w | RC: -883.19 | Cost: 2098.13 | Route: [0, 6, 17, 13, 22, 11, 19, 14, 20, 10, 15, 4, 18, 7, 0]
  - Vehicle: 6w | RC: -872.80 | Cost: 3683.61 | Route: [0, 16, 23, 17, 6, 22, 19, 14, 20, 11, 15, 0]
  - Vehicle: 6w | RC: -872.43 | Cost: 2108.90 | Route: [0, 17, 6, 13, 22, 11, 19, 14, 20, 10, 15, 4, 18, 1, 0]
  - Vehicle: 6w | RC: -861.07 | Cost: 2720.74 | Route: [0, 9, 22, 11, 19, 14, 20, 10, 15, 4, 17, 6, 24, 0]
  - Vehicle: 4w | RC: -807.68 | Cost: 1761.73 | Route: [0, 3, 20, 14, 19, 11, 22, 12, 17, 6, 13, 26, 18, 15, 4, 0]
  - Vehicle: 4w | RC: -787.68 | Cost: 1781.73 | Route: [0, 14, 20, 19, 11, 22, 12, 17, 6, 13, 26, 18, 15, 4, 1, 0]
  - Vehicle: 4w | RC: -785.34 | Cost: 1784.07 | Route: [0, 20, 14, 19, 11, 22, 12, 17, 6, 13, 26, 18, 15, 4, 1, 0]
  - Vehicle: 6w | RC: -766.12 | Cost: 2815.69 | Route: [0, 22, 11, 19, 14, 20, 10, 15, 4, 18, 17, 6, 24, 0]
  - Vehicle: 6w | RC: -759.56 | Cost: 1833.41 | Route: [0, 1, 18, 11, 19, 14, 20, 10, 15, 4, 17, 6, 0]
  - Vehicle: 4w | RC: -754.20 | Cost: 2238.23 | Route: [0, 19, 14, 20, 10, 15, 4, 18, 11, 22, 24, 0]
  - Vehicle: 4w | RC: -748.74 | Cost: 1820.68 | Route: [0, 5, 20, 14, 19, 11, 22, 12, 17, 6, 13, 26, 18, 15, 4, 0]
  - Vehicle: 4w | RC: -745.84 | Cost: 2246.60 | Route: [0, 11, 19, 14, 20, 10, 15, 4, 18, 22, 24, 0]
  - Vehicle: 4w | RC: -743.82 | Cost: 2248.62 | Route: [0, 7, 11, 19, 14, 20, 10, 15, 4, 18, 22, 24, 0]
  - Vehicle: 4w | RC: -737.38 | Cost: 2255.06 | Route: [0, 2, 19, 14, 20, 10, 15, 4, 18, 11, 22, 24, 0]
  - Vehicle: 4w | RC: -726.69 | Cost: 2265.74 | Route: [0, 8, 19, 14, 20, 10, 15, 4, 18, 11, 22, 24, 0]
  - Vehicle: 4w | RC: -719.27 | Cost: 2273.16 | Route: [0, 18, 11, 19, 14, 20, 10, 15, 4, 8, 22, 24, 0]
  - Vehicle: 6w | RC: -716.37 | Cost: 2787.44 | Route: [0, 24, 25, 6, 17, 13, 22, 11, 19, 14, 20, 10, 15, 0]
  - Vehicle: 4w | RC: -690.61 | Cost: 2301.83 | Route: [0, 26, 11, 19, 14, 20, 10, 15, 4, 18, 22, 24, 0]
  - Vehicle: 4w | RC: -673.13 | Cost: 2319.31 | Route: [0, 21, 11, 19, 14, 20, 10, 15, 4, 18, 22, 24, 0]
  - Vehicle: 6w | RC: -655.50 | Cost: 1757.94 | Route: [0, 10, 20, 14, 19, 11, 22, 12, 17, 6, 0]
  - Vehicle: 6w | RC: -554.16 | Cost: 3280.08 | Route: [0, 23, 6, 17, 13, 22, 11, 19, 14, 20, 10, 15, 0]
  - Vehicle: 6w | RC: -506.79 | Cost: 2629.35 | Route: [0, 25, 24, 6, 17, 13, 22, 11, 19, 14, 20, 10, 5, 0]
  - Vehicle: 6w | RC: -497.88 | Cost: 2071.53 | Route: [0, 14, 20, 19, 11, 22, 12, 17, 6, 13, 26, 7, 18, 15, 4, 0]
  - Vehicle: 6w | RC: -485.44 | Cost: 2083.97 | Route: [0, 3, 20, 14, 19, 11, 22, 12, 17, 6, 13, 26, 18, 15, 4, 0]
  - Vehicle: 6w | RC: -458.67 | Cost: 2110.75 | Route: [0, 20, 14, 19, 11, 22, 12, 17, 6, 13, 26, 18, 15, 4, 1, 0]
  - Vehicle: 6w | RC: -416.24 | Cost: 2153.17 | Route: [0, 5, 20, 14, 19, 11, 22, 12, 17, 6, 13, 26, 18, 15, 4, 0]
  - Vehicle: 10w | RC: -404.32 | Cost: 2577.00 | Route: [0, 13, 22, 11, 19, 14, 20, 10, 15, 4, 17, 6, 0]
  - Vehicle: 10w | RC: -394.71 | Cost: 2586.61 | Route: [0, 12, 22, 11, 19, 14, 20, 10, 15, 4, 17, 6, 0]
  - Vehicle: 6w | RC: -352.52 | Cost: 2639.92 | Route: [0, 19, 14, 20, 10, 15, 4, 18, 11, 22, 24, 0]
  - Vehicle: 6w | RC: -342.57 | Cost: 2649.87 | Route: [0, 11, 19, 14, 20, 10, 15, 4, 18, 22, 24, 0]
  - Vehicle: 6w | RC: -339.20 | Cost: 2653.24 | Route: [0, 7, 11, 19, 14, 20, 10, 15, 4, 18, 22, 24, 0]
  - Vehicle: 6w | RC: -332.08 | Cost: 2660.36 | Route: [0, 2, 19, 14, 20, 10, 15, 4, 18, 11, 22, 24, 0]
  - Vehicle: 6w | RC: -325.54 | Cost: 2666.89 | Route: [0, 18, 11, 19, 14, 20, 10, 15, 4, 7, 22, 24, 0]
  - Vehicle: 6w | RC: -319.52 | Cost: 2672.92 | Route: [0, 8, 19, 14, 20, 10, 15, 4, 18, 11, 22, 24, 0]
  - Vehicle: 10w | RC: -291.91 | Cost: 2689.42 | Route: [0, 6, 17, 13, 22, 11, 19, 14, 20, 10, 15, 4, 18, 7, 0]
  - Vehicle: 10w | RC: -278.36 | Cost: 2702.96 | Route: [0, 17, 6, 13, 22, 11, 19, 14, 20, 10, 15, 4, 18, 1, 0]
  - Vehicle: 6w | RC: -277.13 | Cost: 2715.31 | Route: [0, 26, 11, 19, 14, 20, 10, 15, 4, 18, 22, 24, 0]
  - Vehicle: 6w | RC: -257.07 | Cost: 2735.36 | Route: [0, 21, 11, 19, 14, 20, 10, 15, 4, 18, 22, 24, 0]
  - Vehicle: 10w | RC: -243.71 | Cost: 2349.25 | Route: [0, 1, 18, 11, 19, 14, 20, 10, 15, 4, 17, 6, 0]
  - Vehicle: 10w | RC: -192.40 | Cost: 3389.41 | Route: [0, 15, 4, 10, 20, 14, 19, 11, 22, 12, 17, 6, 24, 0]
  - Vehicle: 10w | RC: -188.34 | Cost: 3393.47 | Route: [0, 4, 15, 10, 20, 14, 19, 11, 22, 12, 17, 6, 24, 0]
  - Vehicle: 10w | RC: -160.16 | Cost: 2253.27 | Route: [0, 10, 20, 14, 19, 11, 22, 12, 17, 6, 0]
  - Vehicle: 10w | RC: -118.16 | Cost: 3463.65 | Route: [0, 24, 6, 17, 13, 22, 11, 19, 14, 20, 10, 15, 4, 0]
  - Vehicle: 10w | RC: -92.33 | Cost: 3489.48 | Route: [0, 9, 22, 11, 19, 14, 20, 10, 15, 4, 17, 6, 24, 0]
  - Vehicle: 40ft | RC: -61.26 | Cost: 2920.06 | Route: [0, 12, 22, 11, 19, 14, 20, 10, 15, 4, 17, 6, 0]

[Iteration 6] RMP Objective: 5736.42
[Iteration 6] POMO generated 13 negative RC columns.
[Iteration 6] Adding Columns:
  - Vehicle: 4w | RC: -518.63 | Cost: 2713.82 | Route: [0, 16, 23, 4, 15, 1, 18, 7, 26, 13, 17, 0]
  - Vehicle: 4w | RC: -294.59 | Cost: 1126.71 | Route: [0, 15, 4, 18, 8, 2, 21, 5, 19, 11, 9, 12, 0]
  - Vehicle: 4w | RC: -288.44 | Cost: 1132.86 | Route: [0, 4, 15, 18, 8, 2, 21, 5, 19, 11, 9, 12, 0]
  - Vehicle: 4w | RC: -246.97 | Cost: 1473.61 | Route: [0, 23, 0]
  - Vehicle: 6w | RC: -235.44 | Cost: 3379.91 | Route: [0, 16, 23, 17, 13, 26, 7, 18, 1, 4, 15, 5, 0]
  - Vehicle: AUV | RC: -109.88 | Cost: 1110.39 | Route: [0, 25, 24, 12, 21, 0]
  - Vehicle: 4w | RC: -102.70 | Cost: 1741.33 | Route: [0, 25, 24, 9, 21, 2, 8, 5, 19, 11, 18, 7, 26, 0]
  - Vehicle: 6w | RC: -82.43 | Cost: 1338.87 | Route: [0, 15, 4, 18, 8, 2, 21, 5, 19, 11, 9, 12, 0]
  - Vehicle: 4w | RC: -50.65 | Cost: 716.72 | Route: [0, 1, 18, 8, 2, 21, 11, 5, 19, 0]
  - Vehicle: 6w | RC: -45.10 | Cost: 1376.20 | Route: [0, 4, 15, 18, 8, 2, 21, 5, 19, 11, 9, 12, 26, 0]
  - Vehicle: 4w | RC: -20.59 | Cost: 1993.99 | Route: [0, 24, 25, 17, 13, 26, 7, 8, 21, 2, 5, 19, 11, 9, 12, 0]
  - Vehicle: 4w | RC: -13.08 | Cost: 1006.22 | Route: [0, 14, 20, 5, 21, 11, 2, 8, 18, 7, 26, 0]
  - Vehicle: 4w | RC: -5.49 | Cost: 1013.81 | Route: [0, 20, 14, 5, 21, 11, 2, 8, 18, 7, 26, 0]

[Iteration 7] RMP Objective: 5600.92
[Iteration 7] POMO generated 18 negative RC columns.
[Iteration 7] Adding Columns:
  - Vehicle: 4w | RC: -523.82 | Cost: 2822.26 | Route: [0, 16, 23, 4, 15, 18, 9, 21, 8, 7, 26, 13, 0]
  - Vehicle: 4w | RC: -398.00 | Cost: 1668.37 | Route: [0, 15, 4, 10, 5, 14, 21, 11, 2, 8, 18, 26, 9, 12, 0]
  - Vehicle: 4w | RC: -356.60 | Cost: 1406.47 | Route: [0, 12, 9, 21, 2, 8, 5, 10, 14, 19, 11, 0]
  - Vehicle: 4w | RC: -271.80 | Cost: 1529.01 | Route: [0, 22, 9, 21, 2, 8, 5, 10, 14, 19, 11, 26, 13, 0]
  - Vehicle: 4w | RC: -263.85 | Cost: 1499.22 | Route: [0, 5, 10, 14, 21, 11, 2, 8, 18, 7, 26, 9, 12, 0]
  - Vehicle: 4w | RC: -222.78 | Cost: 1540.30 | Route: [0, 10, 5, 14, 21, 11, 2, 8, 18, 7, 26, 9, 0]
  - Vehicle: 4w | RC: -162.83 | Cost: 1399.41 | Route: [0, 4, 10, 5, 21, 11, 2, 8, 18, 7, 26, 9, 0]
  - Vehicle: 6w | RC: -97.09 | Cost: 1665.99 | Route: [0, 12, 9, 21, 2, 8, 5, 10, 14, 19, 11, 0]
  - Vehicle: 6w | RC: -90.89 | Cost: 1975.48 | Route: [0, 15, 4, 10, 5, 14, 21, 11, 2, 8, 18, 26, 9, 12, 13, 0]
  - Vehicle: 4w | RC: -82.89 | Cost: 1265.80 | Route: [0, 20, 14, 5, 21, 11, 2, 8, 18, 7, 26, 9, 12, 0]
  - Vehicle: 4w | RC: -82.57 | Cost: 1456.62 | Route: [0, 25, 24, 9, 21, 2, 8, 18, 7, 26, 0]
  - Vehicle: 4w | RC: -72.41 | Cost: 1314.02 | Route: [0, 14, 20, 5, 21, 11, 2, 8, 18, 7, 26, 9, 22, 0]
  - Vehicle: 4w | RC: -52.40 | Cost: 1473.61 | Route: [0, 23, 0]
  - Vehicle: 4w | RC: -33.59 | Cost: 650.53 | Route: [0, 1, 18, 8, 2, 21, 11, 9, 12, 0]
  - Vehicle: 6w | RC: -25.23 | Cost: 3320.85 | Route: [0, 16, 23, 4, 15, 18, 9, 21, 8, 7, 26, 13, 0]
  - Vehicle: 4w | RC: -20.33 | Cost: 638.06 | Route: [0, 18, 8, 2, 21, 11, 9, 12, 0]
  - Vehicle: AUV | RC: -17.39 | Cost: 725.08 | Route: [0, 10, 21, 8, 0]
  - Vehicle: 4w | RC: -13.80 | Cost: 644.59 | Route: [0, 7, 18, 8, 2, 21, 9, 12, 0]

[Iteration 8] RMP Objective: 5527.34
[Iteration 8] POMO generated 9 negative RC columns.
[Iteration 8] Adding Columns:
  - Vehicle: 4w | RC: -362.20 | Cost: 2972.02 | Route: [0, 16, 23, 4, 2, 18, 7, 26, 13, 12, 9, 22, 21, 0]
  - Vehicle: 4w | RC: -219.60 | Cost: 1445.34 | Route: [0, 25, 24, 9, 22, 21, 2, 8, 18, 7, 0]
  - Vehicle: 4w | RC: -122.04 | Cost: 1176.57 | Route: [0, 10, 20, 5, 2, 8, 18, 7, 26, 0]
  - Vehicle: 4w | RC: -84.44 | Cost: 1269.59 | Route: [0, 5, 10, 20, 3, 2, 8, 18, 7, 26, 13, 0]
  - Vehicle: 4w | RC: -36.85 | Cost: 1317.18 | Route: [0, 19, 5, 10, 20, 3, 2, 8, 18, 7, 26, 0]
  - Vehicle: 4w | RC: -16.78 | Cost: 720.84 | Route: [0, 9, 22, 12, 26, 7, 2, 8, 18, 0]
  - Vehicle: 4w | RC: -12.86 | Cost: 966.24 | Route: [0, 14, 20, 3, 5, 2, 8, 18, 7, 26, 13, 0]
  - Vehicle: 4w | RC: -6.80 | Cost: 673.55 | Route: [0, 15, 4, 18, 2, 8, 7, 26, 0]
  - Vehicle: 4w | RC: -0.78 | Cost: 420.17 | Route: [0, 1, 18, 2, 8, 7, 26, 0]

[Iteration 9] RMP Objective: 5500.09
[Iteration 9] POMO generated 31 negative RC columns.
[Iteration 9] Adding Columns:
  - Vehicle: 4w | RC: -584.68 | Cost: 2165.01 | Route: [0, 25, 24, 9, 21, 11, 2, 8, 19, 5, 3, 20, 14, 10, 0]
  - Vehicle: 4w | RC: -385.42 | Cost: 2282.51 | Route: [0, 24, 25, 6, 13, 26, 2, 11, 21, 19, 5, 3, 20, 14, 10, 0]
  - Vehicle: 4w | RC: -316.24 | Cost: 1363.89 | Route: [0, 10, 5, 3, 20, 14, 19, 2, 11, 21, 8, 18, 7, 0]
  - Vehicle: 4w | RC: -274.50 | Cost: 1284.48 | Route: [0, 15, 4, 10, 5, 3, 19, 2, 11, 21, 0]
  - Vehicle: 4w | RC: -271.78 | Cost: 1287.20 | Route: [0, 4, 15, 10, 5, 3, 19, 2, 11, 21, 0]
  - Vehicle: 4w | RC: -269.39 | Cost: 1024.42 | Route: [0, 1, 18, 2, 11, 21, 19, 5, 3, 20, 14, 0]
  - Vehicle: 4w | RC: -218.32 | Cost: 1011.95 | Route: [0, 18, 2, 11, 21, 19, 5, 3, 20, 14, 0]
  - Vehicle: 4w | RC: -216.86 | Cost: 1013.41 | Route: [0, 2, 11, 21, 19, 5, 3, 20, 14, 0]
  - Vehicle: 4w | RC: -209.24 | Cost: 1021.03 | Route: [0, 8, 2, 11, 21, 19, 5, 3, 20, 14, 0]
  - Vehicle: 6w | RC: -207.82 | Cost: 3489.76 | Route: [0, 23, 25, 24, 9, 21, 2, 11, 19, 5, 3, 10, 0]
  - Vehicle: 6w | RC: -194.70 | Cost: 2554.99 | Route: [0, 25, 24, 9, 21, 11, 2, 8, 19, 5, 3, 20, 14, 10, 0]
  - Vehicle: 4w | RC: -175.24 | Cost: 2900.58 | Route: [0, 16, 23, 4, 15, 2, 18, 7, 26, 13, 12, 11, 21, 0]
  - Vehicle: 4w | RC: -170.98 | Cost: 1059.29 | Route: [0, 7, 18, 2, 11, 21, 19, 5, 3, 20, 14, 0]
  - Vehicle: 4w | RC: -170.77 | Cost: 1059.50 | Route: [0, 14, 20, 3, 5, 19, 2, 11, 21, 8, 18, 7, 0]
  - Vehicle: 4w | RC: -167.86 | Cost: 1062.41 | Route: [0, 19, 5, 3, 20, 14, 21, 11, 2, 8, 18, 7, 0]
  - Vehicle: 4w | RC: -163.18 | Cost: 1067.09 | Route: [0, 20, 14, 3, 5, 19, 2, 11, 21, 8, 18, 7, 0]
  - Vehicle: 4w | RC: -163.14 | Cost: 1067.14 | Route: [0, 21, 11, 2, 19, 5, 3, 20, 14, 0]
  - Vehicle: 4w | RC: -159.70 | Cost: 1070.58 | Route: [0, 26, 7, 2, 11, 21, 19, 5, 3, 20, 14, 0]
  - Vehicle: 4w | RC: -153.92 | Cost: 1165.39 | Route: [0, 9, 21, 11, 2, 19, 5, 3, 20, 14, 0]
  - Vehicle: 4w | RC: -146.80 | Cost: 1083.48 | Route: [0, 13, 26, 7, 2, 11, 21, 19, 5, 3, 20, 14, 0]
  - Vehicle: 4w | RC: -131.52 | Cost: 1098.76 | Route: [0, 5, 3, 20, 14, 19, 2, 11, 21, 8, 18, 7, 0]
  - Vehicle: 4w | RC: -112.29 | Cost: 1236.32 | Route: [0, 22, 9, 21, 11, 2, 19, 5, 3, 20, 14, 0]
  - Vehicle: 4w | RC: -106.31 | Cost: 1026.76 | Route: [0, 3, 20, 14, 19, 2, 11, 21, 8, 18, 7, 0]
  - Vehicle: 4w | RC: -81.65 | Cost: 1148.62 | Route: [0, 12, 26, 7, 2, 11, 21, 19, 5, 3, 20, 14, 0]
  - Vehicle: 6w | RC: -73.83 | Cost: 1219.98 | Route: [0, 1, 18, 2, 11, 21, 19, 5, 3, 20, 14, 0]
  - Vehicle: 6w | RC: -36.44 | Cost: 1522.55 | Route: [0, 15, 4, 10, 5, 3, 19, 2, 11, 21, 0]
  - Vehicle: 6w | RC: -33.27 | Cost: 1525.71 | Route: [0, 4, 15, 10, 5, 3, 19, 2, 11, 21, 0]
  - Vehicle: 6w | RC: -26.52 | Cost: 1203.75 | Route: [0, 18, 2, 11, 21, 19, 5, 3, 20, 14, 0]
  - Vehicle: 6w | RC: -25.61 | Cost: 1204.66 | Route: [0, 2, 11, 21, 19, 5, 3, 20, 14, 0]
  - Vehicle: 6w | RC: -16.13 | Cost: 1214.14 | Route: [0, 8, 2, 11, 21, 19, 5, 3, 20, 14, 0]
  - Vehicle: 6w | RC: -6.59 | Cost: 1673.54 | Route: [0, 10, 5, 3, 20, 14, 19, 2, 11, 21, 8, 18, 7, 26, 0]

[Iteration 10] RMP Objective: 5373.23
[Iteration 10] POMO generated 11 negative RC columns.
[Iteration 10] Adding Columns:
  - Vehicle: 4w | RC: -315.15 | Cost: 2779.87 | Route: [0, 16, 23, 6, 13, 26, 1, 18, 7, 2, 21, 5, 19, 0]
  - Vehicle: 4w | RC: -276.48 | Cost: 1531.34 | Route: [0, 15, 4, 10, 5, 2, 21, 22, 9, 12, 26, 7, 18, 1, 8, 0]
  - Vehicle: 4w | RC: -273.76 | Cost: 1534.06 | Route: [0, 4, 15, 10, 5, 2, 21, 22, 9, 12, 26, 7, 18, 1, 8, 0]
  - Vehicle: 4w | RC: -150.26 | Cost: 1630.92 | Route: [0, 19, 21, 2, 8, 5, 10, 3, 20, 22, 9, 12, 26, 13, 7, 1, 0]
  - Vehicle: 4w | RC: -101.20 | Cost: 2137.03 | Route: [0, 23, 6, 13, 26, 7, 2, 21, 22, 9, 0]
  - Vehicle: 4w | RC: -94.23 | Cost: 701.63 | Route: [0, 1, 18, 2, 8, 21, 22, 9, 12, 26, 0]
  - Vehicle: 4w | RC: -85.10 | Cost: 1473.63 | Route: [0, 21, 2, 8, 5, 10, 3, 19, 22, 9, 12, 26, 7, 18, 1, 0]
  - Vehicle: 4w | RC: -77.28 | Cost: 2232.75 | Route: [0, 25, 24, 9, 22, 21, 2, 8, 5, 10, 20, 3, 19, 0]
  - Vehicle: 4w | RC: -62.33 | Cost: 1297.18 | Route: [0, 12, 9, 22, 21, 2, 8, 5, 10, 3, 19, 0]
  - Vehicle: 4w | RC: -46.51 | Cost: 1313.01 | Route: [0, 9, 22, 21, 2, 8, 5, 10, 3, 19, 11, 0]
  - Vehicle: 6w | RC: -6.20 | Cost: 3181.52 | Route: [0, 16, 23, 6, 1, 18, 7, 26, 13, 12, 22, 9, 21, 0]

[Iteration 11] RMP Objective: 5351.23
[Iteration 11] POMO generated 6 negative RC columns.
[Iteration 11] Adding Columns:
  - Vehicle: 4w | RC: -94.31 | Cost: 655.07 | Route: [0, 1, 8, 2, 11, 21, 22, 9, 12, 26, 0]
  - Vehicle: 4w | RC: -57.85 | Cost: 911.36 | Route: [0, 15, 4, 8, 2, 11, 21, 22, 9, 12, 26, 0]
  - Vehicle: 4w | RC: -55.58 | Cost: 1215.30 | Route: [0, 14, 3, 5, 2, 8, 11, 21, 22, 9, 12, 26, 7, 18, 0]
  - Vehicle: 4w | RC: -39.56 | Cost: 910.04 | Route: [0, 4, 8, 2, 11, 21, 22, 9, 12, 26, 0]
  - Vehicle: 4w | RC: -20.27 | Cost: 1250.61 | Route: [0, 20, 14, 3, 5, 2, 8, 11, 21, 22, 9, 12, 26, 7, 18, 0]
  - Vehicle: 4w | RC: -12.51 | Cost: 1300.49 | Route: [0, 10, 3, 5, 2, 8, 11, 21, 22, 9, 12, 26, 7, 18, 0]

[Iteration 12] RMP Objective: 5351.23
[Iteration 12] POMO generated 2 negative RC columns.
[Iteration 12] Adding Columns:
  - Vehicle: 4w | RC: -66.89 | Cost: 2901.07 | Route: [0, 16, 23, 6, 13, 26, 18, 4, 1, 7, 8, 21, 0]
  - Vehicle: 4w | RC: -13.72 | Cost: 2035.35 | Route: [0, 25, 24, 22, 21, 8, 2, 5, 3, 14, 20, 19, 11, 18, 0]

[Iteration 13] RMP Objective: 5351.23
[Iteration 13] POMO generated 15 negative RC columns.
[Iteration 13] Adding Columns:
  - Vehicle: 4w | RC: -330.32 | Cost: 1482.14 | Route: [0, 15, 4, 8, 2, 5, 3, 14, 20, 19, 21, 22, 9, 12, 13, 1, 0]
  - Vehicle: 4w | RC: -216.87 | Cost: 2750.94 | Route: [0, 16, 23, 6, 13, 26, 8, 2, 18, 4, 1, 7, 0]
  - Vehicle: 4w | RC: -174.79 | Cost: 2241.74 | Route: [0, 25, 24, 22, 9, 12, 26, 8, 2, 5, 3, 14, 20, 10, 0]
  - Vehicle: 4w | RC: -150.50 | Cost: 1261.65 | Route: [0, 1, 8, 2, 5, 3, 14, 20, 19, 21, 22, 9, 12, 13, 26, 18, 0]
  - Vehicle: 4w | RC: -120.61 | Cost: 1291.55 | Route: [0, 8, 2, 5, 3, 14, 20, 19, 21, 22, 9, 12, 13, 26, 7, 18, 1, 0]
  - Vehicle: 4w | RC: -104.82 | Cost: 1307.34 | Route: [0, 2, 8, 5, 3, 14, 20, 19, 21, 22, 9, 12, 13, 26, 7, 18, 1, 0]
  - Vehicle: 4w | RC: -84.50 | Cost: 1200.03 | Route: [0, 18, 8, 2, 5, 3, 14, 20, 19, 21, 22, 9, 12, 13, 26, 0]
  - Vehicle: 4w | RC: -81.17 | Cost: 1203.36 | Route: [0, 7, 8, 2, 5, 3, 14, 20, 19, 21, 22, 9, 12, 13, 26, 0]
  - Vehicle: 4w | RC: -69.05 | Cost: 1215.48 | Route: [0, 13, 26, 8, 2, 5, 3, 14, 20, 19, 22, 9, 12, 0]
  - Vehicle: 4w | RC: -64.00 | Cost: 1220.53 | Route: [0, 26, 8, 2, 5, 3, 14, 20, 19, 21, 22, 9, 12, 13, 0]
  - Vehicle: 4w | RC: -50.27 | Cost: 1278.17 | Route: [0, 4, 15, 10, 5, 3, 2, 8, 18, 7, 26, 13, 0]
  - Vehicle: 4w | RC: -37.44 | Cost: 1247.09 | Route: [0, 11, 2, 8, 5, 3, 14, 20, 19, 22, 9, 12, 13, 26, 0]
  - Vehicle: 4w | RC: -35.92 | Cost: 1243.49 | Route: [0, 9, 22, 21, 2, 8, 5, 3, 14, 20, 19, 11, 0]
  - Vehicle: 6w | RC: -27.07 | Cost: 1785.40 | Route: [0, 15, 4, 8, 2, 5, 3, 14, 20, 19, 21, 22, 9, 12, 13, 26, 1, 0]
  - Vehicle: 4w | RC: -21.88 | Cost: 2210.68 | Route: [0, 24, 25, 6, 13, 26, 8, 2, 5, 3, 14, 20, 19, 22, 0]

[Iteration 14] RMP Objective: 5272.40
[Iteration 14] POMO generated 3 negative RC columns.
[Iteration 14] Adding Columns:
  - Vehicle: 4w | RC: -246.03 | Cost: 2714.02 | Route: [0, 16, 23, 6, 13, 18, 7, 26, 11, 21, 22, 9, 12, 0]
  - Vehicle: 4w | RC: -58.47 | Cost: 652.11 | Route: [0, 1, 18, 8, 11, 21, 22, 9, 12, 0]
  - Vehicle: 4w | RC: -36.06 | Cost: 930.80 | Route: [0, 15, 4, 18, 8, 11, 21, 22, 9, 12, 26, 0]

[Iteration 15] RMP Objective: 5252.84
[Iteration 15] POMO generated 8 negative RC columns.
[Iteration 15] Adding Columns:
  - Vehicle: 4w | RC: -221.48 | Cost: 1531.81 | Route: [0, 7, 18, 8, 2, 21, 19, 3, 14, 5, 10, 4, 15, 1, 0]
  - Vehicle: 4w | RC: -196.51 | Cost: 1556.78 | Route: [0, 1, 18, 8, 2, 21, 19, 3, 14, 5, 10, 4, 15, 7, 0]
  - Vehicle: 4w | RC: -138.28 | Cost: 1615.01 | Route: [0, 18, 8, 2, 21, 19, 3, 14, 5, 10, 4, 15, 7, 26, 13, 0]
  - Vehicle: 4w | RC: -107.70 | Cost: 1645.59 | Route: [0, 26, 18, 8, 2, 21, 19, 3, 14, 5, 10, 4, 15, 7, 0]
  - Vehicle: 4w | RC: -67.78 | Cost: 1188.82 | Route: [0, 10, 3, 14, 21, 2, 8, 18, 7, 26, 0]
  - Vehicle: 4w | RC: -47.20 | Cost: 1247.60 | Route: [0, 15, 4, 18, 8, 2, 21, 19, 3, 14, 5, 0]
  - Vehicle: 4w | RC: -41.05 | Cost: 1253.75 | Route: [0, 4, 15, 18, 8, 2, 21, 19, 3, 14, 5, 0]
  - Vehicle: 4w | RC: -9.44 | Cost: 1604.86 | Route: [0, 8, 2, 21, 19, 3, 14, 5, 10, 4, 18, 7, 26, 13, 0]

[Iteration 16] RMP Objective: 5252.84
[Iteration 16] POMO generated 1 negative RC columns.
[Iteration 16] Adding Columns:
  - Vehicle: AUV | RC: -31.15 | Cost: 1666.06 | Route: [0, 16, 6, 0]

[Iteration 17] RMP Objective: 5252.84
[Iteration 17] POMO generated 15 negative RC columns.
[Iteration 17] Adding Columns:
  - Vehicle: 4w | RC: -311.94 | Cost: 2796.36 | Route: [0, 16, 23, 6, 17, 13, 2, 8, 7, 18, 26, 9, 22, 21, 0]
  - Vehicle: 4w | RC: -256.13 | Cost: 1486.55 | Route: [0, 1, 8, 2, 5, 3, 10, 19, 21, 9, 22, 12, 17, 6, 0]
  - Vehicle: 4w | RC: -243.59 | Cost: 1507.00 | Route: [0, 7, 8, 2, 5, 10, 3, 19, 21, 9, 22, 12, 17, 6, 0]
  - Vehicle: 4w | RC: -215.43 | Cost: 1514.28 | Route: [0, 18, 2, 8, 5, 10, 3, 19, 21, 9, 22, 12, 17, 6, 0]
  - Vehicle: 4w | RC: -198.67 | Cost: 2175.99 | Route: [0, 24, 25, 6, 17, 13, 7, 2, 8, 5, 3, 14, 20, 10, 0]
  - Vehicle: 4w | RC: -177.69 | Cost: 1572.90 | Route: [0, 26, 7, 2, 8, 5, 10, 3, 19, 21, 9, 22, 12, 17, 6, 0]
  - Vehicle: 4w | RC: -161.65 | Cost: 1568.05 | Route: [0, 11, 2, 8, 5, 10, 3, 19, 21, 9, 22, 12, 17, 6, 0]
  - Vehicle: 4w | RC: -136.42 | Cost: 1966.83 | Route: [0, 21, 2, 8, 5, 10, 3, 19, 11, 9, 22, 12, 17, 6, 25, 0]
  - Vehicle: 4w | RC: -116.44 | Cost: 1634.15 | Route: [0, 6, 17, 13, 26, 7, 8, 2, 5, 10, 3, 19, 21, 9, 22, 0]
  - Vehicle: 4w | RC: -103.41 | Cost: 1792.29 | Route: [0, 19, 2, 8, 5, 3, 10, 14, 21, 9, 22, 12, 17, 6, 0]
  - Vehicle: 4w | RC: -84.21 | Cost: 1434.16 | Route: [0, 15, 4, 10, 5, 2, 8, 7, 26, 13, 9, 22, 21, 0]
  - Vehicle: 4w | RC: -81.49 | Cost: 1436.87 | Route: [0, 4, 15, 10, 5, 2, 8, 7, 26, 13, 9, 22, 21, 0]
  - Vehicle: 4w | RC: -71.62 | Cost: 1678.97 | Route: [0, 17, 6, 13, 26, 7, 8, 2, 5, 10, 3, 19, 21, 9, 22, 11, 0]
  - Vehicle: 4w | RC: -54.75 | Cost: 1695.83 | Route: [0, 9, 22, 21, 2, 8, 5, 10, 3, 19, 11, 7, 26, 13, 17, 6, 0]
  - Vehicle: 4w | RC: -25.19 | Cost: 1852.98 | Route: [0, 23, 6, 17, 13, 7, 2, 8, 18, 0]

[Iteration 18] RMP Objective: 5243.99
[Iteration 18] POMO generated 3 negative RC columns.
[Iteration 18] Adding Columns:
  - Vehicle: 4w | RC: -55.29 | Cost: 902.42 | Route: [0, 15, 4, 18, 8, 2, 11, 21, 22, 9, 12, 0]
  - Vehicle: 4w | RC: -49.14 | Cost: 908.58 | Route: [0, 4, 15, 18, 8, 2, 11, 21, 22, 9, 12, 0]
  - Vehicle: 4w | RC: -8.72 | Cost: 649.04 | Route: [0, 1, 18, 8, 2, 11, 21, 22, 9, 12, 0]

[Iteration 19] RMP Objective: 5240.97
[Iteration 19] POMO generated 4 negative RC columns.
[Iteration 19] Adding Columns:
  - Vehicle: 4w | RC: -99.06 | Cost: 2774.10 | Route: [0, 16, 23, 6, 17, 13, 8, 18, 7, 26, 11, 22, 9, 0]
  - Vehicle: 4w | RC: -79.26 | Cost: 2230.29 | Route: [0, 25, 24, 22, 9, 11, 8, 2, 5, 3, 20, 10, 19, 0]
  - Vehicle: 4w | RC: -40.04 | Cost: 1330.39 | Route: [0, 15, 4, 10, 5, 3, 19, 11, 8, 2, 18, 7, 26, 0]
  - Vehicle: 4w | RC: -37.32 | Cost: 1333.10 | Route: [0, 4, 15, 10, 5, 3, 19, 11, 8, 2, 18, 7, 26, 0]

[Iteration 20] RMP Objective: 5239.57
[Iteration 20] POMO generated 2 negative RC columns.
[Iteration 20] Adding Columns:
  - Vehicle: AUV | RC: -43.03 | Cost: 2663.32 | Route: [0, 16, 25, 24, 6, 7, 8, 18, 12, 21, 0]
  - Vehicle: 4w | RC: -2.22 | Cost: 1552.51 | Route: [0, 8, 2, 11, 21, 19, 3, 5, 10, 20, 14, 22, 9, 12, 26, 7, 0]

[Iteration 21] RMP Objective: 5239.57
POMO failed 3 strikes → DP fallback (call 1 / 21).
DP solver hit label limit (100000) for AUV.
DP solver hit label limit (100000) for 4w.
DP solver hit label limit (100000) for 6w.
DP solver hit label limit (100000) for 10w.
DP solver hit label limit (100000) for 40ft.
[Iteration 21] POMO generated 28 negative RC columns.
[Iteration 21] Adding Columns:
  - Vehicle: AUV | RC: -344.02 | Cost: 2134.12 | Route: [0, 16, 25, 24, 6, 0]
  - Vehicle: AUV | RC: -329.81 | Cost: 2148.33 | Route: [0, 6, 24, 25, 16, 0]
  - Vehicle: AUV | RC: -264.71 | Cost: 2092.73 | Route: [0, 16, 25, 24, 0]
  - Vehicle: AUV | RC: -247.44 | Cost: 2230.70 | Route: [0, 25, 24, 6, 16, 0]
  - Vehicle: AUV | RC: -245.10 | Cost: 2112.34 | Route: [0, 24, 25, 16, 0]
  - Vehicle: AUV | RC: -242.05 | Cost: 2236.09 | Route: [0, 16, 6, 24, 25, 0]
  - Vehicle: AUV | RC: -238.00 | Cost: 2240.14 | Route: [0, 16, 6, 25, 24, 0]
  - Vehicle: 4w | RC: -235.87 | Cost: 1944.28 | Route: [0, 16, 23, 0]
  - Vehicle: AUV | RC: -232.96 | Cost: 2245.18 | Route: [0, 24, 25, 6, 16, 0]
  - Vehicle: 4w | RC: -212.98 | Cost: 1967.17 | Route: [0, 23, 16, 0]
  - Vehicle: AUV | RC: -167.87 | Cost: 2189.56 | Route: [0, 16, 24, 25, 0]
  - Vehicle: AUV | RC: -119.36 | Cost: 1407.44 | Route: [0, 10, 8, 24, 25, 6, 0]
  - Vehicle: AUV | RC: -112.67 | Cost: 1825.43 | Route: [0, 16, 25, 6, 0]
  - Vehicle: AUV | RC: -112.19 | Cost: 1420.23 | Route: [0, 10, 8, 7, 24, 25, 6, 0]
  - Vehicle: AUV | RC: -97.51 | Cost: 1429.30 | Route: [0, 6, 25, 24, 8, 10, 0]
  - Vehicle: AUV | RC: -95.72 | Cost: 1431.09 | Route: [0, 10, 8, 25, 24, 6, 0]
  - Vehicle: AUV | RC: -94.42 | Cost: 1843.68 | Route: [0, 6, 25, 16, 0]
  - Vehicle: AUV | RC: -83.61 | Cost: 1442.25 | Route: [0, 10, 21, 24, 25, 6, 0]
  - Vehicle: AUV | RC: -82.95 | Cost: 904.85 | Route: [0, 25, 24, 6, 0]
  - Vehicle: AUV | RC: -78.05 | Cost: 1447.82 | Route: [0, 6, 25, 24, 21, 10, 0]
  - Vehicle: AUV | RC: -73.87 | Cost: 913.93 | Route: [0, 6, 24, 25, 0]
  - Vehicle: AUV | RC: -69.82 | Cost: 917.97 | Route: [0, 6, 25, 24, 0]
  - Vehicle: AUV | RC: -68.68 | Cost: 1547.44 | Route: [0, 21, 10, 8, 6, 25, 24, 0]
  - Vehicle: AUV | RC: -68.47 | Cost: 919.33 | Route: [0, 24, 25, 6, 0]
  - Vehicle: AUV | RC: -65.45 | Cost: 1429.97 | Route: [0, 25, 24, 21, 10, 8, 0]
  - Vehicle: AUV | RC: -65.31 | Cost: 1430.11 | Route: [0, 8, 10, 21, 24, 25, 0]
  - Vehicle: AUV | RC: -63.92 | Cost: 1669.92 | Route: [0, 20, 10, 8, 6, 25, 24, 0]
  - Vehicle: 4w | RC: -1.63 | Cost: 956.01 | Route: [0, 14, 20, 3, 10, 0]

[Iteration 22] RMP Objective: 5135.92
[Iteration 22] POMO generated 8 negative RC columns.
[Iteration 22] Adding Columns:
  - Vehicle: 4w | RC: -121.73 | Cost: 1553.80 | Route: [0, 10, 3, 20, 5, 19, 21, 11, 2, 18, 26, 12, 13, 17, 0]
  - Vehicle: 4w | RC: -99.18 | Cost: 1587.01 | Route: [0, 15, 4, 18, 8, 11, 21, 19, 3, 20, 5, 2, 26, 12, 17, 0]
  - Vehicle: 4w | RC: -21.13 | Cost: 1508.96 | Route: [0, 9, 22, 21, 11, 19, 3, 20, 5, 8, 18, 26, 12, 17, 0]
  - Vehicle: 4w | RC: -19.00 | Cost: 1673.00 | Route: [0, 4, 18, 8, 11, 21, 19, 3, 20, 5, 2, 26, 12, 17, 6, 0]
  - Vehicle: 4w | RC: -14.54 | Cost: 2106.20 | Route: [0, 24, 25, 17, 26, 18, 8, 11, 21, 19, 3, 20, 5, 2, 0]
  - Vehicle: 4w | RC: -8.29 | Cost: 2065.12 | Route: [0, 25, 24, 22, 21, 11, 19, 3, 20, 5, 18, 26, 12, 0]
  - Vehicle: 4w | RC: -2.63 | Cost: 1321.16 | Route: [0, 18, 8, 11, 21, 19, 3, 20, 5, 2, 26, 12, 17, 0]
  - Vehicle: 4w | RC: -1.32 | Cost: 2934.68 | Route: [0, 16, 23, 17, 12, 26, 18, 4, 7, 13, 21, 11, 0]

[Iteration 23] RMP Objective: 5135.92
[Iteration 23] POMO generated 3 negative RC columns.
[Iteration 23] Adding Columns:
  - Vehicle: 4w | RC: -341.50 | Cost: 2616.52 | Route: [0, 23, 25, 24, 17, 26, 12, 13, 18, 7, 11, 2, 8, 0]
  - Vehicle: 4w | RC: -65.99 | Cost: 1554.68 | Route: [0, 15, 4, 18, 8, 11, 2, 19, 3, 5, 21, 22, 9, 12, 26, 13, 17, 0]
  - Vehicle: 4w | RC: -65.50 | Cost: 2702.31 | Route: [0, 16, 23, 17, 12, 26, 18, 4, 1, 7, 13, 0]

[Iteration 24] RMP Objective: 5135.92
[Iteration 24] POMO generated 5 negative RC columns.
[Iteration 24] Adding Columns:
  - Vehicle: 4w | RC: -86.98 | Cost: 2709.78 | Route: [0, 16, 23, 17, 12, 26, 18, 4, 15, 1, 7, 13, 0]
  - Vehicle: 4w | RC: -83.55 | Cost: 1530.44 | Route: [0, 18, 8, 2, 11, 21, 19, 3, 5, 10, 20, 14, 22, 9, 12, 26, 0]
  - Vehicle: 4w | RC: -45.72 | Cost: 2682.79 | Route: [0, 23, 25, 24, 17, 26, 18, 7, 12, 21, 11, 2, 0]
  - Vehicle: 4w | RC: -45.41 | Cost: 1612.98 | Route: [0, 2, 11, 21, 19, 3, 5, 10, 20, 14, 22, 9, 12, 26, 18, 1, 0]
  - Vehicle: 4w | RC: -33.54 | Cost: 2075.13 | Route: [0, 14, 20, 3, 5, 19, 21, 11, 2, 18, 26, 12, 22, 9, 24, 25, 0]

[Iteration 25] RMP Objective: 5121.21
[Iteration 25] POMO generated 3 negative RC columns.
[Iteration 25] Adding Columns:
  - Vehicle: 4w | RC: -145.25 | Cost: 2653.86 | Route: [0, 16, 23, 17, 26, 7, 18, 11, 9, 22, 13, 1, 0]
  - Vehicle: 4w | RC: -34.93 | Cost: 1538.88 | Route: [0, 15, 4, 18, 7, 26, 11, 2, 8, 5, 3, 14, 21, 22, 9, 12, 0]
  - Vehicle: 4w | RC: -28.78 | Cost: 1545.03 | Route: [0, 4, 15, 18, 7, 26, 11, 2, 8, 5, 3, 14, 21, 22, 9, 12, 0]

[Iteration 26] RMP Objective: 5114.49
[Iteration 26] POMO generated 4 negative RC columns.
[Iteration 26] Adding Columns:
  - Vehicle: 4w | RC: -166.78 | Cost: 2271.13 | Route: [0, 24, 25, 6, 17, 7, 18, 8, 21, 11, 19, 3, 14, 20, 10, 0]
  - Vehicle: 4w | RC: -111.64 | Cost: 2991.38 | Route: [0, 23, 25, 24, 17, 7, 18, 8, 21, 19, 3, 14, 0]
  - Vehicle: 4w | RC: -30.09 | Cost: 1541.59 | Route: [0, 15, 4, 18, 7, 8, 21, 19, 3, 14, 20, 5, 11, 22, 9, 12, 0]
  - Vehicle: 4w | RC: -23.94 | Cost: 1547.74 | Route: [0, 4, 15, 18, 7, 8, 21, 19, 3, 14, 20, 5, 11, 22, 9, 12, 0]

[Iteration 27] RMP Objective: 5110.48
[Iteration 27] POMO generated 3 negative RC columns.
[Iteration 27] Adding Columns:
  - Vehicle: 4w | RC: -213.71 | Cost: 2577.96 | Route: [0, 23, 25, 24, 22, 9, 21, 2, 8, 18, 7, 26, 1, 0]
  - Vehicle: 4w | RC: -53.77 | Cost: 1568.38 | Route: [0, 4, 15, 10, 3, 19, 21, 2, 8, 7, 26, 13, 12, 22, 9, 11, 0]
  - Vehicle: 4w | RC: -3.14 | Cost: 2707.19 | Route: [0, 16, 23, 17, 26, 7, 18, 13, 12, 22, 9, 21, 2, 8, 0]

[Iteration 28] RMP Objective: 5109.35
[Iteration 28] POMO generated 4 negative RC columns.
[Iteration 28] Adding Columns:
  - Vehicle: 4w | RC: -305.78 | Cost: 1807.70 | Route: [0, 15, 4, 10, 3, 5, 21, 11, 8, 7, 26, 13, 17, 6, 25, 0]
  - Vehicle: 4w | RC: -303.07 | Cost: 1810.42 | Route: [0, 4, 15, 10, 3, 5, 21, 11, 8, 7, 26, 13, 17, 6, 25, 0]
  - Vehicle: 4w | RC: -51.87 | Cost: 1950.19 | Route: [0, 3, 20, 14, 5, 10, 21, 11, 8, 7, 26, 13, 17, 6, 25, 0]
  - Vehicle: 4w | RC: -47.12 | Cost: 2519.94 | Route: [0, 23, 25, 24, 22, 9, 21, 11, 8, 18, 7, 26, 0]

[Iteration 29] RMP Objective: 5107.47
[Iteration 29] POMO generated 3 negative RC columns.
[Iteration 29] Adding Columns:
  - Vehicle: 4w | RC: -17.39 | Cost: 2307.63 | Route: [0, 24, 25, 17, 7, 18, 2, 21, 19, 3, 20, 14, 5, 10, 0]
  - Vehicle: 4w | RC: -14.79 | Cost: 1818.58 | Route: [0, 15, 4, 18, 7, 2, 8, 21, 19, 3, 5, 10, 20, 14, 22, 0]
  - Vehicle: 4w | RC: -8.64 | Cost: 1824.73 | Route: [0, 4, 15, 18, 7, 2, 8, 21, 19, 3, 5, 10, 20, 14, 22, 0]

[Iteration 30] RMP Objective: 5106.64
[Iteration 30] POMO generated 1 negative RC columns.
[Iteration 30] Adding Columns:
  - Vehicle: 4w | RC: -1.80 | Cost: 1571.72 | Route: [0, 18, 7, 2, 8, 11, 21, 19, 3, 5, 10, 20, 14, 22, 9, 26, 0]

[Iteration 31] RMP Objective: 5106.57
[Iteration 31] POMO generated 1 negative RC columns.
[Iteration 31] Adding Columns:
  - Vehicle: 4w | RC: -46.79 | Cost: 2027.49 | Route: [0, 25, 24, 22, 14, 3, 10, 5, 19, 11, 2, 7, 26, 0]

[Iteration 32] RMP Objective: 5106.33
[Iteration 32] POMO generated 1 negative RC columns.
[Iteration 32] Adding Columns:
  - Vehicle: 4w | RC: -32.16 | Cost: 2666.32 | Route: [0, 16, 23, 17, 7, 18, 26, 13, 12, 22, 21, 2, 8, 1, 0]

[Iteration 33] RMP Objective: 5105.62
[Iteration 33] POMO generated 3 negative RC columns.
[Iteration 33] Adding Columns:
  - Vehicle: 4w | RC: -41.97 | Cost: 2662.06 | Route: [0, 16, 23, 17, 7, 18, 26, 13, 12, 22, 21, 11, 2, 1, 0]
  - Vehicle: 4w | RC: -12.95 | Cost: 939.25 | Route: [0, 15, 4, 18, 7, 8, 2, 11, 21, 22, 9, 12, 0]
  - Vehicle: 4w | RC: -6.79 | Cost: 945.41 | Route: [0, 4, 15, 18, 7, 8, 2, 11, 21, 22, 9, 12, 0]

[Iteration 34] RMP Objective: 5102.37
[Iteration 34] POMO generated 2 negative RC columns.
[Iteration 34] Adding Columns:
  - Vehicle: 4w | RC: -58.46 | Cost: 1595.70 | Route: [0, 11, 21, 19, 3, 5, 10, 20, 14, 22, 9, 12, 7, 18, 1, 0]
  - Vehicle: 4w | RC: -2.96 | Cost: 2663.72 | Route: [0, 16, 23, 17, 7, 18, 26, 13, 12, 22, 21, 11, 8, 1, 0]

[Iteration 35] RMP Objective: 5101.61
[Iteration 35] POMO generated 2 negative RC columns.
[Iteration 35] Adding Columns:
  - Vehicle: 4w | RC: -49.02 | Cost: 1793.66 | Route: [0, 15, 4, 18, 7, 8, 2, 21, 19, 3, 10, 20, 14, 5, 11, 22, 0]
  - Vehicle: 4w | RC: -42.86 | Cost: 1799.81 | Route: [0, 4, 15, 18, 7, 8, 2, 21, 19, 3, 10, 20, 14, 5, 11, 22, 0]

[Iteration 36] RMP Objective: 5097.61
[Iteration 36] POMO generated 2 negative RC columns.
[Iteration 36] Adding Columns:
  - Vehicle: 4w | RC: -46.54 | Cost: 2219.88 | Route: [0, 24, 25, 17, 26, 7, 18, 2, 21, 19, 3, 20, 14, 10, 0]
  - Vehicle: 4w | RC: -27.56 | Cost: 1210.37 | Route: [0, 4, 15, 10, 3, 19, 21, 2, 8, 7, 26, 13, 0]

[Iteration 37] RMP Objective: 5097.11
[Iteration 37] POMO generated 2 negative RC columns.
[Iteration 37] Adding Columns:
  - Vehicle: 4w | RC: -98.24 | Cost: 1565.85 | Route: [0, 4, 15, 10, 3, 5, 2, 21, 22, 9, 12, 26, 7, 18, 13, 1, 0]
  - Vehicle: 4w | RC: -96.04 | Cost: 2672.75 | Route: [0, 16, 23, 17, 7, 18, 26, 13, 12, 9, 22, 21, 2, 1, 0]

[Iteration 38] RMP Objective: 5090.86
[Iteration 38] POMO generated 3 negative RC columns.
[Iteration 38] Adding Columns:
  - Vehicle: 4w | RC: -108.94 | Cost: 2040.69 | Route: [0, 4, 15, 10, 3, 5, 19, 8, 2, 11, 21, 22, 9, 24, 0]
  - Vehicle: 4w | RC: -48.63 | Cost: 2259.54 | Route: [0, 24, 25, 17, 26, 7, 8, 2, 11, 19, 3, 20, 14, 5, 10, 0]
  - Vehicle: 4w | RC: -4.29 | Cost: 1516.07 | Route: [0, 1, 8, 2, 11, 19, 3, 5, 10, 20, 21, 22, 9, 26, 0]

[Iteration 39] RMP Objective: 5081.97
[Iteration 39] POMO generated 5 negative RC columns.
[Iteration 39] Adding Columns:
  - Vehicle: 4w | RC: -38.76 | Cost: 1533.55 | Route: [0, 7, 18, 8, 2, 19, 3, 20, 14, 5, 10, 11, 22, 9, 12, 13, 0]
  - Vehicle: 4w | RC: -35.64 | Cost: 1542.09 | Route: [0, 1, 18, 7, 8, 2, 19, 3, 20, 14, 5, 10, 11, 22, 9, 0]
  - Vehicle: 4w | RC: -15.01 | Cost: 2227.02 | Route: [0, 25, 24, 9, 22, 12, 7, 18, 8, 2, 19, 3, 20, 10, 0]
  - Vehicle: 4w | RC: -13.76 | Cost: 1547.73 | Route: [0, 18, 7, 8, 2, 19, 3, 20, 14, 5, 10, 11, 22, 9, 12, 26, 0]
  - Vehicle: 4w | RC: -0.10 | Cost: 1771.76 | Route: [0, 15, 4, 18, 7, 8, 2, 19, 3, 20, 14, 5, 10, 11, 22, 0]

[Iteration 40] RMP Objective: 5080.98
POMO failed 3 strikes → DP fallback (call 2 / 40).
DP solver hit label limit (100000) for AUV.
DP solver hit label limit (100000) for 4w.
DP solver hit label limit (100000) for 6w.
DP solver hit label limit (100000) for 10w.
DP solver hit label limit (100000) for 40ft.
[Iteration 40] POMO generated 7 negative RC columns.
[Iteration 40] Adding Columns:
  - Vehicle: AUV | RC: -22.00 | Cost: 1375.72 | Route: [0, 25, 24, 7, 8, 10, 0]
  - Vehicle: AUV | RC: -18.88 | Cost: 863.46 | Route: [0, 25, 24, 0]
  - Vehicle: AUV | RC: -18.88 | Cost: 1378.84 | Route: [0, 10, 8, 7, 24, 25, 0]
  - Vehicle: AUV | RC: -4.41 | Cost: 877.94 | Route: [0, 24, 25, 0]
  - Vehicle: AUV | RC: -2.93 | Cost: 922.76 | Route: [0, 7, 24, 25, 0]
  - Vehicle: AUV | RC: -0.58 | Cost: 948.32 | Route: [0, 7, 12, 24, 25, 0]
  - Vehicle: 4w | RC: -0.00 | Cost: 432.00 | Route: [0, 1, 4, 0]

[Iteration 41] RMP Objective: 5077.49
POMO failed 3 strikes → DP fallback (call 3 / 41).
DP solver hit label limit (100000) for AUV.
DP solver hit label limit (100000) for 4w.
DP solver hit label limit (100000) for 6w.
DP solver hit label limit (100000) for 10w.
DP solver hit label limit (100000) for 40ft.
[Iteration 41] POMO generated 0 negative RC columns.

============================================================
ROOT NODE INFERENCE COMPLETE
============================================================
Final Root Node LP Objective : 5077.4870
Total CG Iterations          : 41
Total Columns in Pool        : 474
Total Execution Time         : 107.33 seconds
Results folder created        : D:\Uni Material\Code_Odyssey\Code\DQN\SOS-DQN-POMO-CG\results\2522_2023-05-17_260512_2205_cg
Markdown report saved         : 2522_2023-05-17_260512_2205_cg.md
